python -u run.py           --task_name Exp_DUET           --is_training 1           --root_path ./dataset/electricity/           --data_path electricity.csv           --model_id ECL_320_720_128_256__e1_h2_Duet           --model Duet           --data custom           --features M           --seq_len 320           --pred_len 720           --e_layers 1           --d_layers 1           --factor 3           --enc_in 321           --dec_in 321           --c_out 321           --des Exp           --n_heads 2           --d_model 128           --d_ff 256           --batch_size 16           --itr 1
python -u run.py           --task_name long_term_forecast           --is_training 1           --root_path ./dataset/electricity/           --data_path electricity.csv           --model_id ECL_320_336_128_256__e1_h2_DLinear           --model DLinear           --data custom           --features M           --seq_len 320           --pred_len 336           --e_layers 1           --d_layers 1           --factor 3           --enc_in 321           --dec_in 321           --c_out 321           --des Exp           --n_heads 2           --d_model 128           --d_ff 256           --batch_size 16           --itr 1
python -u run.py           --task_name long_term_forecast           --is_training 1           --root_path ./dataset/electricity/           --data_path electricity.csv           --model_id ECL_320_720_128_256__e1_h2_FreTS           --model FreTS           --data custom           --features M           --seq_len 320           --pred_len 720           --e_layers 1           --d_layers 1           --factor 3           --enc_in 321           --dec_in 321           --c_out 321           --des Exp           --n_heads 2           --d_model 128           --d_ff 256           --batch_size 16           --itr 1
python -u run.py           --task_name long_term_forecast           --is_training 1           --root_path ./dataset/electricity/           --data_path electricity.csv           --model_id ECL_320_720_128_256__e1_h2_DLinear           --model DLinear           --data custom           --features M           --seq_len 320           --pred_len 720           --e_layers 1           --d_layers 1           --factor 3           --enc_in 321           --dec_in 321           --c_out 321           --des Exp           --n_heads 2           --d_model 128           --d_ff 256           --batch_size 16           --itr 1
