	speed: 0.1054s/iter; left time: 33.6217s
	iters: 900, epoch: 10 | loss: 0.2282764
	speed: 0.1047s/iter; left time: 22.9272s
	iters: 1000, epoch: 10 | loss: 0.2656868
	speed: 0.1039s/iter; left time: 12.3680s
	iters: 1100, epoch: 10 | loss: 0.2498390
	speed: 0.1055s/iter; left time: 2.0036s
Epoch: 10 cost time: 117.79755806922913
Epoch: 10, Steps: 1118 | Train Loss: 0.2519544 Vali Loss: 0.1552913 Test Loss: 0.1794232
Validation loss decreased (0.155396 --> 0.155291).  Saving model ...
Updating learning rate to 1.953125e-07
>>>>>>>testing : AGPT_loss_ECL_192_336_AGPT_loss_G_2048_fixedFalse_0.0001_0.001<<<<<<<<<<<<<<<<<<<<<<<<<<<<<<<<<
test 4925
test shape: (4925, 336, 321) (4925, 336, 321)
test shape: (4925, 336, 321) (4925, 336, 321)
mse:0.1793237030506134, mae:0.2779597043991089
Running model with seq_len=192, pred_len=720...
Using GPU
Args in experiment:
[1mBasic Config[0m
  Task Name:          AGPT_loss           Is Training:        1                   
  Model ID:           ECL_192_720         Model:              AGPT_loss_G         

[1mData Loader[0m
  Data:               custom              Root Path:          ./dataset/electricity/
  Data Path:          electricity.csv     Features:           M                   
  Target:             OT                  Freq:               h                   
  Checkpoints:        ./checkpoints/      

[1mModel Parameters[0m
  Num Kernels:        6                   
  Enc In:             321                 Dec In:             321                 
  C Out:              321                 d model:            512                 
  n heads:            8                   e layers:           2                   
  d layers:           1                   d FF:               2048                
  Moving Avg:         25                  Factor:             3                   
  Distil:             1                   Dropout:            0.1                 
  Embed:              timeF               Activation:         gelu                

[1mRun Parameters[0m
  Num Workers:        10                  Itr:                1                   
  Train Epochs:       10                  Batch Size:         16                  
  Patience:           3                   Learning Rate:      0.0001              
  Des:                Exp                 Loss:               MSE                 
  Lradj:              type1               Use Amp:            0                   

[1mGPU[0m
  Use GPU:            1                   GPU:                0                   
  Use Multi GPU:      1                   Devices:            0,1,2,3             

[1mDe-stationary Projector Params[0m
  P Hidden Dims:      128, 128            P Hidden Layers:    2                   

Use GPU: cuda:0
>>>>>>>start training : AGPT_loss_ECL_192_720_AGPT_loss_G_2048_fixedFalse_0.0001_0.001>>>>>>>>>>>>>>>>>>>>>>>>>>
train 17501
val 1913
test 4541
ts38-master-0:631213:631213 [0] NCCL INFO cudaDriverVersion 12020
ts38-master-0:631213:631213 [0] NCCL INFO Bootstrap : Using eth0:10.211.71.213<0>
ts38-master-0:631213:631213 [0] NCCL INFO NET/Plugin : dlerror=libnccl-net.so: cannot open shared object file: No such file or directory No plugin found (libnccl-net.so), using internal implementation
NCCL version 2.20.5+cuda12.4
ts38-master-0:631213:632095 [0] NCCL INFO NCCL_IB_DISABLE set by environment to 0.
ts38-master-0:631213:632095 [0] NCCL INFO NET/IB : No device found.
ts38-master-0:631213:632095 [0] NCCL INFO NET/Socket : Using [0]eth0:10.211.71.213<0>
ts38-master-0:631213:632095 [0] NCCL INFO Using non-device net plugin version 0
ts38-master-0:631213:632095 [0] NCCL INFO Using network Socket
ts38-master-0:631213:632097 [2] NCCL INFO Using non-device net plugin version 0
ts38-master-0:631213:632097 [2] NCCL INFO Using network Socket
ts38-master-0:631213:632096 [1] NCCL INFO Using non-device net plugin version 0
ts38-master-0:631213:632096 [1] NCCL INFO Using network Socket
ts38-master-0:631213:632098 [3] NCCL INFO Using non-device net plugin version 0
ts38-master-0:631213:632098 [3] NCCL INFO Using network Socket
ts38-master-0:631213:632097 [2] NCCL INFO comm 0xd4104a0 rank 2 nranks 4 cudaDev 2 nvmlDev 2 busId 65000 commId 0x533ad605604658cb - Init START
ts38-master-0:631213:632096 [1] NCCL INFO comm 0xd40b790 rank 1 nranks 4 cudaDev 1 nvmlDev 1 busId 63000 commId 0x533ad605604658cb - Init START
ts38-master-0:631213:632095 [0] NCCL INFO comm 0xd404f40 rank 0 nranks 4 cudaDev 0 nvmlDev 0 busId 61000 commId 0x533ad605604658cb - Init START
ts38-master-0:631213:632098 [3] NCCL INFO comm 0xd4151b0 rank 3 nranks 4 cudaDev 3 nvmlDev 3 busId 67000 commId 0x533ad605604658cb - Init START
ts38-master-0:631213:632098 [3] NCCL INFO Setting affinity for GPU 3 to 03ffffff,ffffffff
ts38-master-0:631213:632098 [3] NCCL INFO NVLS multicast support is not available on dev 3
ts38-master-0:631213:632097 [2] NCCL INFO Setting affinity for GPU 2 to 03ffffff,ffffffff
ts38-master-0:631213:632097 [2] NCCL INFO NVLS multicast support is not available on dev 2
ts38-master-0:631213:632096 [1] NCCL INFO Setting affinity for GPU 1 to 03ffffff,ffffffff
ts38-master-0:631213:632096 [1] NCCL INFO NVLS multicast support is not available on dev 1
ts38-master-0:631213:632095 [0] NCCL INFO Setting affinity for GPU 0 to 03ffffff,ffffffff
ts38-master-0:631213:632095 [0] NCCL INFO NVLS multicast support is not available on dev 0
ts38-master-0:631213:632096 [1] NCCL INFO comm 0xd40b790 rank 1 nRanks 4 nNodes 1 localRanks 4 localRank 1 MNNVL 0
ts38-master-0:631213:632098 [3] NCCL INFO comm 0xd4151b0 rank 3 nRanks 4 nNodes 1 localRanks 4 localRank 3 MNNVL 0
ts38-master-0:631213:632097 [2] NCCL INFO comm 0xd4104a0 rank 2 nRanks 4 nNodes 1 localRanks 4 localRank 2 MNNVL 0
ts38-master-0:631213:632095 [0] NCCL INFO comm 0xd404f40 rank 0 nRanks 4 nNodes 1 localRanks 4 localRank 0 MNNVL 0
ts38-master-0:631213:632096 [1] NCCL INFO Trees [0] 2/-1/-1->1->0 [1] 2/-1/-1->1->0 [2] 2/-1/-1->1->0 [3] 2/-1/-1->1->0 [4] 2/-1/-1->1->0 [5] 2/-1/-1->1->0 [6] 2/-1/-1->1->0 [7] 2/-1/-1->1->0 [8] 2/-1/-1->1->0 [9] 2/-1/-1->1->0 [10] 2/-1/-1->1->0 [11] 2/-1/-1->1->0 [12] 2/-1/-1->1->0 [13] 2/-1/-1->1->0 [14] 2/-1/-1->1->0 [15] 2/-1/-1->1->0 [16] 2/-1/-1->1->0 [17] 2/-1/-1->1->0 [18] 2/-1/-1->1->0 [19] 2/-1/-1->1->0 [20] 2/-1/-1->1->0 [21] 2/-1/-1->1->0 [22] 2/-1/-1->1->0 [23] 2/-1/-1->1->0
ts38-master-0:631213:632098 [3] NCCL INFO Trees [0] -1/-1/-1->3->2 [1] -1/-1/-1->3->2 [2] -1/-1/-1->3->2 [3] -1/-1/-1->3->2 [4] -1/-1/-1->3->2 [5] -1/-1/-1->3->2 [6] -1/-1/-1->3->2 [7] -1/-1/-1->3->2 [8] -1/-1/-1->3->2 [9] -1/-1/-1->3->2 [10] -1/-1/-1->3->2 [11] -1/-1/-1->3->2 [12] -1/-1/-1->3->2 [13] -1/-1/-1->3->2 [14] -1/-1/-1->3->2 [15] -1/-1/-1->3->2 [16] -1/-1/-1->3->2 [17] -1/-1/-1->3->2 [18] -1/-1/-1->3->2 [19] -1/-1/-1->3->2 [20] -1/-1/-1->3->2 [21] -1/-1/-1->3->2 [22] -1/-1/-1->3->2 [23] -1/-1/-1->3->2
ts38-master-0:631213:632095 [0] NCCL INFO Channel 00/24 :    0   1   2   3
ts38-master-0:631213:632096 [1] NCCL INFO P2P Chunksize set to 524288
ts38-master-0:631213:632097 [2] NCCL INFO Trees [0] 3/-1/-1->2->1 [1] 3/-1/-1->2->1 [2] 3/-1/-1->2->1 [3] 3/-1/-1->2->1 [4] 3/-1/-1->2->1 [5] 3/-1/-1->2->1 [6] 3/-1/-1->2->1 [7] 3/-1/-1->2->1 [8] 3/-1/-1->2->1 [9] 3/-1/-1->2->1 [10] 3/-1/-1->2->1 [11] 3/-1/-1->2->1 [12] 3/-1/-1->2->1 [13] 3/-1/-1->2->1 [14] 3/-1/-1->2->1 [15] 3/-1/-1->2->1 [16] 3/-1/-1->2->1 [17] 3/-1/-1->2->1 [18] 3/-1/-1->2->1 [19] 3/-1/-1->2->1 [20] 3/-1/-1->2->1 [21] 3/-1/-1->2->1 [22] 3/-1/-1->2->1 [23] 3/-1/-1->2->1
ts38-master-0:631213:632098 [3] NCCL INFO P2P Chunksize set to 524288
ts38-master-0:631213:632095 [0] NCCL INFO Channel 01/24 :    0   1   2   3
ts38-master-0:631213:632095 [0] NCCL INFO Channel 02/24 :    0   1   2   3
ts38-master-0:631213:632095 [0] NCCL INFO Channel 03/24 :    0   1   2   3
ts38-master-0:631213:632095 [0] NCCL INFO Channel 04/24 :    0   1   2   3
ts38-master-0:631213:632095 [0] NCCL INFO Channel 05/24 :    0   1   2   3
ts38-master-0:631213:632097 [2] NCCL INFO P2P Chunksize set to 524288
ts38-master-0:631213:632095 [0] NCCL INFO Channel 06/24 :    0   1   2   3
ts38-master-0:631213:632095 [0] NCCL INFO Channel 07/24 :    0   1   2   3
ts38-master-0:631213:632095 [0] NCCL INFO Channel 08/24 :    0   1   2   3
ts38-master-0:631213:632095 [0] NCCL INFO Channel 09/24 :    0   1   2   3
ts38-master-0:631213:632095 [0] NCCL INFO Channel 10/24 :    0   1   2   3
ts38-master-0:631213:632095 [0] NCCL INFO Channel 11/24 :    0   1   2   3
ts38-master-0:631213:632095 [0] NCCL INFO Channel 12/24 :    0   1   2   3
ts38-master-0:631213:632095 [0] NCCL INFO Channel 13/24 :    0   1   2   3
ts38-master-0:631213:632095 [0] NCCL INFO Channel 14/24 :    0   1   2   3
ts38-master-0:631213:632095 [0] NCCL INFO Channel 15/24 :    0   1   2   3
ts38-master-0:631213:632095 [0] NCCL INFO Channel 16/24 :    0   1   2   3
ts38-master-0:631213:632095 [0] NCCL INFO Channel 17/24 :    0   1   2   3
ts38-master-0:631213:632095 [0] NCCL INFO Channel 18/24 :    0   1   2   3
ts38-master-0:631213:632095 [0] NCCL INFO Channel 19/24 :    0   1   2   3
ts38-master-0:631213:632095 [0] NCCL INFO Channel 20/24 :    0   1   2   3
ts38-master-0:631213:632095 [0] NCCL INFO Channel 21/24 :    0   1   2   3
ts38-master-0:631213:632095 [0] NCCL INFO Channel 22/24 :    0   1   2   3
ts38-master-0:631213:632095 [0] NCCL INFO Channel 23/24 :    0   1   2   3
ts38-master-0:631213:632095 [0] NCCL INFO Trees [0] 1/-1/-1->0->-1 [1] 1/-1/-1->0->-1 [2] 1/-1/-1->0->-1 [3] 1/-1/-1->0->-1 [4] 1/-1/-1->0->-1 [5] 1/-1/-1->0->-1 [6] 1/-1/-1->0->-1 [7] 1/-1/-1->0->-1 [8] 1/-1/-1->0->-1 [9] 1/-1/-1->0->-1 [10] 1/-1/-1->0->-1 [11] 1/-1/-1->0->-1 [12] 1/-1/-1->0->-1 [13] 1/-1/-1->0->-1 [14] 1/-1/-1->0->-1 [15] 1/-1/-1->0->-1 [16] 1/-1/-1->0->-1 [17] 1/-1/-1->0->-1 [18] 1/-1/-1->0->-1 [19] 1/-1/-1->0->-1 [20] 1/-1/-1->0->-1 [21] 1/-1/-1->0->-1 [22] 1/-1/-1->0->-1 [23] 1/-1/-1->0->-1
ts38-master-0:631213:632095 [0] NCCL INFO P2P Chunksize set to 524288
ts38-master-0:631213:632095 [0] NCCL INFO Channel 00/0 : 0[0] -> 1[1] via P2P/direct pointer/read
ts38-master-0:631213:632096 [1] NCCL INFO Channel 00/0 : 1[1] -> 2[2] via P2P/direct pointer/read
ts38-master-0:631213:632095 [0] NCCL INFO Channel 01/0 : 0[0] -> 1[1] via P2P/direct pointer/read
ts38-master-0:631213:632096 [1] NCCL INFO Channel 01/0 : 1[1] -> 2[2] via P2P/direct pointer/read
ts38-master-0:631213:632095 [0] NCCL INFO Channel 02/0 : 0[0] -> 1[1] via P2P/direct pointer/read
ts38-master-0:631213:632096 [1] NCCL INFO Channel 02/0 : 1[1] -> 2[2] via P2P/direct pointer/read
ts38-master-0:631213:632095 [0] NCCL INFO Channel 03/0 : 0[0] -> 1[1] via P2P/direct pointer/read
ts38-master-0:631213:632096 [1] NCCL INFO Channel 03/0 : 1[1] -> 2[2] via P2P/direct pointer/read
ts38-master-0:631213:632095 [0] NCCL INFO Channel 04/0 : 0[0] -> 1[1] via P2P/direct pointer/read
ts38-master-0:631213:632096 [1] NCCL INFO Channel 04/0 : 1[1] -> 2[2] via P2P/direct pointer/read
ts38-master-0:631213:632095 [0] NCCL INFO Channel 05/0 : 0[0] -> 1[1] via P2P/direct pointer/read
ts38-master-0:631213:632096 [1] NCCL INFO Channel 05/0 : 1[1] -> 2[2] via P2P/direct pointer/read
ts38-master-0:631213:632095 [0] NCCL INFO Channel 06/0 : 0[0] -> 1[1] via P2P/direct pointer/read
ts38-master-0:631213:632097 [2] NCCL INFO Channel 00/0 : 2[2] -> 3[3] via P2P/direct pointer/read
ts38-master-0:631213:632096 [1] NCCL INFO Channel 06/0 : 1[1] -> 2[2] via P2P/direct pointer/read
ts38-master-0:631213:632095 [0] NCCL INFO Channel 07/0 : 0[0] -> 1[1] via P2P/direct pointer/read
ts38-master-0:631213:632097 [2] NCCL INFO Channel 01/0 : 2[2] -> 3[3] via P2P/direct pointer/read
ts38-master-0:631213:632095 [0] NCCL INFO Channel 08/0 : 0[0] -> 1[1] via P2P/direct pointer/read
ts38-master-0:631213:632096 [1] NCCL INFO Channel 07/0 : 1[1] -> 2[2] via P2P/direct pointer/read
ts38-master-0:631213:632097 [2] NCCL INFO Channel 02/0 : 2[2] -> 3[3] via P2P/direct pointer/read
ts38-master-0:631213:632095 [0] NCCL INFO Channel 09/0 : 0[0] -> 1[1] via P2P/direct pointer/read
ts38-master-0:631213:632096 [1] NCCL INFO Channel 08/0 : 1[1] -> 2[2] via P2P/direct pointer/read
ts38-master-0:631213:632097 [2] NCCL INFO Channel 03/0 : 2[2] -> 3[3] via P2P/direct pointer/read
ts38-master-0:631213:632095 [0] NCCL INFO Channel 10/0 : 0[0] -> 1[1] via P2P/direct pointer/read
ts38-master-0:631213:632096 [1] NCCL INFO Channel 09/0 : 1[1] -> 2[2] via P2P/direct pointer/read
ts38-master-0:631213:632097 [2] NCCL INFO Channel 04/0 : 2[2] -> 3[3] via P2P/direct pointer/read
ts38-master-0:631213:632095 [0] NCCL INFO Channel 11/0 : 0[0] -> 1[1] via P2P/direct pointer/read
ts38-master-0:631213:632096 [1] NCCL INFO Channel 10/0 : 1[1] -> 2[2] via P2P/direct pointer/read
ts38-master-0:631213:632097 [2] NCCL INFO Channel 05/0 : 2[2] -> 3[3] via P2P/direct pointer/read
ts38-master-0:631213:632095 [0] NCCL INFO Channel 12/0 : 0[0] -> 1[1] via P2P/direct pointer/read
ts38-master-0:631213:632096 [1] NCCL INFO Channel 11/0 : 1[1] -> 2[2] via P2P/direct pointer/read
ts38-master-0:631213:632097 [2] NCCL INFO Channel 06/0 : 2[2] -> 3[3] via P2P/direct pointer/read
ts38-master-0:631213:632095 [0] NCCL INFO Channel 13/0 : 0[0] -> 1[1] via P2P/direct pointer/read
ts38-master-0:631213:632096 [1] NCCL INFO Channel 12/0 : 1[1] -> 2[2] via P2P/direct pointer/read
ts38-master-0:631213:632097 [2] NCCL INFO Channel 07/0 : 2[2] -> 3[3] via P2P/direct pointer/read
ts38-master-0:631213:632095 [0] NCCL INFO Channel 14/0 : 0[0] -> 1[1] via P2P/direct pointer/read
ts38-master-0:631213:632098 [3] NCCL INFO Channel 00/0 : 3[3] -> 0[0] via P2P/direct pointer/read
ts38-master-0:631213:632096 [1] NCCL INFO Channel 13/0 : 1[1] -> 2[2] via P2P/direct pointer/read
ts38-master-0:631213:632097 [2] NCCL INFO Channel 08/0 : 2[2] -> 3[3] via P2P/direct pointer/read
ts38-master-0:631213:632095 [0] NCCL INFO Channel 15/0 : 0[0] -> 1[1] via P2P/direct pointer/read
ts38-master-0:631213:632098 [3] NCCL INFO Channel 01/0 : 3[3] -> 0[0] via P2P/direct pointer/read
ts38-master-0:631213:632096 [1] NCCL INFO Channel 14/0 : 1[1] -> 2[2] via P2P/direct pointer/read
ts38-master-0:631213:632097 [2] NCCL INFO Channel 09/0 : 2[2] -> 3[3] via P2P/direct pointer/read
ts38-master-0:631213:632095 [0] NCCL INFO Channel 16/0 : 0[0] -> 1[1] via P2P/direct pointer/read
ts38-master-0:631213:632098 [3] NCCL INFO Channel 02/0 : 3[3] -> 0[0] via P2P/direct pointer/read
ts38-master-0:631213:632096 [1] NCCL INFO Channel 15/0 : 1[1] -> 2[2] via P2P/direct pointer/read
ts38-master-0:631213:632097 [2] NCCL INFO Channel 10/0 : 2[2] -> 3[3] via P2P/direct pointer/read
ts38-master-0:631213:632098 [3] NCCL INFO Channel 03/0 : 3[3] -> 0[0] via P2P/direct pointer/read
ts38-master-0:631213:632095 [0] NCCL INFO Channel 17/0 : 0[0] -> 1[1] via P2P/direct pointer/read
ts38-master-0:631213:632096 [1] NCCL INFO Channel 16/0 : 1[1] -> 2[2] via P2P/direct pointer/read
ts38-master-0:631213:632097 [2] NCCL INFO Channel 11/0 : 2[2] -> 3[3] via P2P/direct pointer/read
ts38-master-0:631213:632098 [3] NCCL INFO Channel 04/0 : 3[3] -> 0[0] via P2P/direct pointer/read
ts38-master-0:631213:632095 [0] NCCL INFO Channel 18/0 : 0[0] -> 1[1] via P2P/direct pointer/read
ts38-master-0:631213:632096 [1] NCCL INFO Channel 17/0 : 1[1] -> 2[2] via P2P/direct pointer/read
ts38-master-0:631213:632097 [2] NCCL INFO Channel 12/0 : 2[2] -> 3[3] via P2P/direct pointer/read
ts38-master-0:631213:632098 [3] NCCL INFO Channel 05/0 : 3[3] -> 0[0] via P2P/direct pointer/read
ts38-master-0:631213:632095 [0] NCCL INFO Channel 19/0 : 0[0] -> 1[1] via P2P/direct pointer/read
ts38-master-0:631213:632096 [1] NCCL INFO Channel 18/0 : 1[1] -> 2[2] via P2P/direct pointer/read
ts38-master-0:631213:632097 [2] NCCL INFO Channel 13/0 : 2[2] -> 3[3] via P2P/direct pointer/read
ts38-master-0:631213:632098 [3] NCCL INFO Channel 06/0 : 3[3] -> 0[0] via P2P/direct pointer/read
ts38-master-0:631213:632095 [0] NCCL INFO Channel 20/0 : 0[0] -> 1[1] via P2P/direct pointer/read
ts38-master-0:631213:632096 [1] NCCL INFO Channel 19/0 : 1[1] -> 2[2] via P2P/direct pointer/read
ts38-master-0:631213:632097 [2] NCCL INFO Channel 14/0 : 2[2] -> 3[3] via P2P/direct pointer/read
ts38-master-0:631213:632098 [3] NCCL INFO Channel 07/0 : 3[3] -> 0[0] via P2P/direct pointer/read
ts38-master-0:631213:632095 [0] NCCL INFO Channel 21/0 : 0[0] -> 1[1] via P2P/direct pointer/read
ts38-master-0:631213:632096 [1] NCCL INFO Channel 20/0 : 1[1] -> 2[2] via P2P/direct pointer/read
ts38-master-0:631213:632097 [2] NCCL INFO Channel 15/0 : 2[2] -> 3[3] via P2P/direct pointer/read
ts38-master-0:631213:632098 [3] NCCL INFO Channel 08/0 : 3[3] -> 0[0] via P2P/direct pointer/read
ts38-master-0:631213:632095 [0] NCCL INFO Channel 22/0 : 0[0] -> 1[1] via P2P/direct pointer/read
ts38-master-0:631213:632096 [1] NCCL INFO Channel 21/0 : 1[1] -> 2[2] via P2P/direct pointer/read
ts38-master-0:631213:632097 [2] NCCL INFO Channel 16/0 : 2[2] -> 3[3] via P2P/direct pointer/read
ts38-master-0:631213:632098 [3] NCCL INFO Channel 09/0 : 3[3] -> 0[0] via P2P/direct pointer/read
ts38-master-0:631213:632095 [0] NCCL INFO Channel 23/0 : 0[0] -> 1[1] via P2P/direct pointer/read
ts38-master-0:631213:632096 [1] NCCL INFO Channel 22/0 : 1[1] -> 2[2] via P2P/direct pointer/read
ts38-master-0:631213:632097 [2] NCCL INFO Channel 17/0 : 2[2] -> 3[3] via P2P/direct pointer/read
ts38-master-0:631213:632098 [3] NCCL INFO Channel 10/0 : 3[3] -> 0[0] via P2P/direct pointer/read
ts38-master-0:631213:632096 [1] NCCL INFO Channel 23/0 : 1[1] -> 2[2] via P2P/direct pointer/read
ts38-master-0:631213:632097 [2] NCCL INFO Channel 18/0 : 2[2] -> 3[3] via P2P/direct pointer/read
ts38-master-0:631213:632098 [3] NCCL INFO Channel 11/0 : 3[3] -> 0[0] via P2P/direct pointer/read
ts38-master-0:631213:632097 [2] NCCL INFO Channel 19/0 : 2[2] -> 3[3] via P2P/direct pointer/read
ts38-master-0:631213:632098 [3] NCCL INFO Channel 12/0 : 3[3] -> 0[0] via P2P/direct pointer/read
ts38-master-0:631213:632097 [2] NCCL INFO Channel 20/0 : 2[2] -> 3[3] via P2P/direct pointer/read
ts38-master-0:631213:632098 [3] NCCL INFO Channel 13/0 : 3[3] -> 0[0] via P2P/direct pointer/read
ts38-master-0:631213:632097 [2] NCCL INFO Channel 21/0 : 2[2] -> 3[3] via P2P/direct pointer/read
ts38-master-0:631213:632098 [3] NCCL INFO Channel 14/0 : 3[3] -> 0[0] via P2P/direct pointer/read
ts38-master-0:631213:632097 [2] NCCL INFO Channel 22/0 : 2[2] -> 3[3] via P2P/direct pointer/read
ts38-master-0:631213:632098 [3] NCCL INFO Channel 15/0 : 3[3] -> 0[0] via P2P/direct pointer/read
ts38-master-0:631213:632097 [2] NCCL INFO Channel 23/0 : 2[2] -> 3[3] via P2P/direct pointer/read
ts38-master-0:631213:632098 [3] NCCL INFO Channel 16/0 : 3[3] -> 0[0] via P2P/direct pointer/read
ts38-master-0:631213:632098 [3] NCCL INFO Channel 17/0 : 3[3] -> 0[0] via P2P/direct pointer/read
ts38-master-0:631213:632098 [3] NCCL INFO Channel 18/0 : 3[3] -> 0[0] via P2P/direct pointer/read
ts38-master-0:631213:632098 [3] NCCL INFO Channel 19/0 : 3[3] -> 0[0] via P2P/direct pointer/read
ts38-master-0:631213:632098 [3] NCCL INFO Channel 20/0 : 3[3] -> 0[0] via P2P/direct pointer/read
ts38-master-0:631213:632098 [3] NCCL INFO Channel 21/0 : 3[3] -> 0[0] via P2P/direct pointer/read
ts38-master-0:631213:632098 [3] NCCL INFO Channel 22/0 : 3[3] -> 0[0] via P2P/direct pointer/read
ts38-master-0:631213:632098 [3] NCCL INFO Channel 23/0 : 3[3] -> 0[0] via P2P/direct pointer/read
ts38-master-0:631213:632096 [1] NCCL INFO Connected all rings
ts38-master-0:631213:632095 [0] NCCL INFO Connected all rings
ts38-master-0:631213:632097 [2] NCCL INFO Connected all rings
ts38-master-0:631213:632098 [3] NCCL INFO Connected all rings
ts38-master-0:631213:632098 [3] NCCL INFO Channel 00/0 : 3[3] -> 2[2] via P2P/direct pointer/read
ts38-master-0:631213:632098 [3] NCCL INFO Channel 01/0 : 3[3] -> 2[2] via P2P/direct pointer/read
ts38-master-0:631213:632098 [3] NCCL INFO Channel 02/0 : 3[3] -> 2[2] via P2P/direct pointer/read
ts38-master-0:631213:632098 [3] NCCL INFO Channel 03/0 : 3[3] -> 2[2] via P2P/direct pointer/read
ts38-master-0:631213:632098 [3] NCCL INFO Channel 04/0 : 3[3] -> 2[2] via P2P/direct pointer/read
ts38-master-0:631213:632098 [3] NCCL INFO Channel 05/0 : 3[3] -> 2[2] via P2P/direct pointer/read
ts38-master-0:631213:632098 [3] NCCL INFO Channel 06/0 : 3[3] -> 2[2] via P2P/direct pointer/read
ts38-master-0:631213:632098 [3] NCCL INFO Channel 07/0 : 3[3] -> 2[2] via P2P/direct pointer/read
ts38-master-0:631213:632098 [3] NCCL INFO Channel 08/0 : 3[3] -> 2[2] via P2P/direct pointer/read
ts38-master-0:631213:632098 [3] NCCL INFO Channel 09/0 : 3[3] -> 2[2] via P2P/direct pointer/read
ts38-master-0:631213:632098 [3] NCCL INFO Channel 10/0 : 3[3] -> 2[2] via P2P/direct pointer/read
ts38-master-0:631213:632098 [3] NCCL INFO Channel 11/0 : 3[3] -> 2[2] via P2P/direct pointer/read
ts38-master-0:631213:632098 [3] NCCL INFO Channel 12/0 : 3[3] -> 2[2] via P2P/direct pointer/read
ts38-master-0:631213:632098 [3] NCCL INFO Channel 13/0 : 3[3] -> 2[2] via P2P/direct pointer/read
ts38-master-0:631213:632098 [3] NCCL INFO Channel 14/0 : 3[3] -> 2[2] via P2P/direct pointer/read
ts38-master-0:631213:632098 [3] NCCL INFO Channel 15/0 : 3[3] -> 2[2] via P2P/direct pointer/read
ts38-master-0:631213:632098 [3] NCCL INFO Channel 16/0 : 3[3] -> 2[2] via P2P/direct pointer/read
ts38-master-0:631213:632098 [3] NCCL INFO Channel 17/0 : 3[3] -> 2[2] via P2P/direct pointer/read
ts38-master-0:631213:632098 [3] NCCL INFO Channel 18/0 : 3[3] -> 2[2] via P2P/direct pointer/read
ts38-master-0:631213:632098 [3] NCCL INFO Channel 19/0 : 3[3] -> 2[2] via P2P/direct pointer/read
ts38-master-0:631213:632098 [3] NCCL INFO Channel 20/0 : 3[3] -> 2[2] via P2P/direct pointer/read
ts38-master-0:631213:632098 [3] NCCL INFO Channel 21/0 : 3[3] -> 2[2] via P2P/direct pointer/read
ts38-master-0:631213:632098 [3] NCCL INFO Channel 22/0 : 3[3] -> 2[2] via P2P/direct pointer/read
ts38-master-0:631213:632096 [1] NCCL INFO Channel 00/0 : 1[1] -> 0[0] via P2P/direct pointer/read
ts38-master-0:631213:632098 [3] NCCL INFO Channel 23/0 : 3[3] -> 2[2] via P2P/direct pointer/read
ts38-master-0:631213:632097 [2] NCCL INFO Channel 00/0 : 2[2] -> 1[1] via P2P/direct pointer/read
ts38-master-0:631213:632096 [1] NCCL INFO Channel 01/0 : 1[1] -> 0[0] via P2P/direct pointer/read
ts38-master-0:631213:632097 [2] NCCL INFO Channel 01/0 : 2[2] -> 1[1] via P2P/direct pointer/read
ts38-master-0:631213:632096 [1] NCCL INFO Channel 02/0 : 1[1] -> 0[0] via P2P/direct pointer/read
ts38-master-0:631213:632097 [2] NCCL INFO Channel 02/0 : 2[2] -> 1[1] via P2P/direct pointer/read
ts38-master-0:631213:632096 [1] NCCL INFO Channel 03/0 : 1[1] -> 0[0] via P2P/direct pointer/read
ts38-master-0:631213:632097 [2] NCCL INFO Channel 03/0 : 2[2] -> 1[1] via P2P/direct pointer/read
ts38-master-0:631213:632096 [1] NCCL INFO Channel 04/0 : 1[1] -> 0[0] via P2P/direct pointer/read
ts38-master-0:631213:632097 [2] NCCL INFO Channel 04/0 : 2[2] -> 1[1] via P2P/direct pointer/read
ts38-master-0:631213:632096 [1] NCCL INFO Channel 05/0 : 1[1] -> 0[0] via P2P/direct pointer/read
ts38-master-0:631213:632097 [2] NCCL INFO Channel 05/0 : 2[2] -> 1[1] via P2P/direct pointer/read
ts38-master-0:631213:632096 [1] NCCL INFO Channel 06/0 : 1[1] -> 0[0] via P2P/direct pointer/read
ts38-master-0:631213:632097 [2] NCCL INFO Channel 06/0 : 2[2] -> 1[1] via P2P/direct pointer/read
ts38-master-0:631213:632096 [1] NCCL INFO Channel 07/0 : 1[1] -> 0[0] via P2P/direct pointer/read
ts38-master-0:631213:632097 [2] NCCL INFO Channel 07/0 : 2[2] -> 1[1] via P2P/direct pointer/read
ts38-master-0:631213:632096 [1] NCCL INFO Channel 08/0 : 1[1] -> 0[0] via P2P/direct pointer/read
ts38-master-0:631213:632097 [2] NCCL INFO Channel 08/0 : 2[2] -> 1[1] via P2P/direct pointer/read
ts38-master-0:631213:632096 [1] NCCL INFO Channel 09/0 : 1[1] -> 0[0] via P2P/direct pointer/read
ts38-master-0:631213:632097 [2] NCCL INFO Channel 09/0 : 2[2] -> 1[1] via P2P/direct pointer/read
ts38-master-0:631213:632096 [1] NCCL INFO Channel 10/0 : 1[1] -> 0[0] via P2P/direct pointer/read
ts38-master-0:631213:632097 [2] NCCL INFO Channel 10/0 : 2[2] -> 1[1] via P2P/direct pointer/read
ts38-master-0:631213:632096 [1] NCCL INFO Channel 11/0 : 1[1] -> 0[0] via P2P/direct pointer/read
ts38-master-0:631213:632097 [2] NCCL INFO Channel 11/0 : 2[2] -> 1[1] via P2P/direct pointer/read
ts38-master-0:631213:632096 [1] NCCL INFO Channel 12/0 : 1[1] -> 0[0] via P2P/direct pointer/read
ts38-master-0:631213:632097 [2] NCCL INFO Channel 12/0 : 2[2] -> 1[1] via P2P/direct pointer/read
ts38-master-0:631213:632096 [1] NCCL INFO Channel 13/0 : 1[1] -> 0[0] via P2P/direct pointer/read
ts38-master-0:631213:632097 [2] NCCL INFO Channel 13/0 : 2[2] -> 1[1] via P2P/direct pointer/read
ts38-master-0:631213:632096 [1] NCCL INFO Channel 14/0 : 1[1] -> 0[0] via P2P/direct pointer/read
ts38-master-0:631213:632097 [2] NCCL INFO Channel 14/0 : 2[2] -> 1[1] via P2P/direct pointer/read
ts38-master-0:631213:632096 [1] NCCL INFO Channel 15/0 : 1[1] -> 0[0] via P2P/direct pointer/read
ts38-master-0:631213:632097 [2] NCCL INFO Channel 15/0 : 2[2] -> 1[1] via P2P/direct pointer/read
ts38-master-0:631213:632096 [1] NCCL INFO Channel 16/0 : 1[1] -> 0[0] via P2P/direct pointer/read
ts38-master-0:631213:632097 [2] NCCL INFO Channel 16/0 : 2[2] -> 1[1] via P2P/direct pointer/read
ts38-master-0:631213:632096 [1] NCCL INFO Channel 17/0 : 1[1] -> 0[0] via P2P/direct pointer/read
ts38-master-0:631213:632097 [2] NCCL INFO Channel 17/0 : 2[2] -> 1[1] via P2P/direct pointer/read
ts38-master-0:631213:632096 [1] NCCL INFO Channel 18/0 : 1[1] -> 0[0] via P2P/direct pointer/read
ts38-master-0:631213:632097 [2] NCCL INFO Channel 18/0 : 2[2] -> 1[1] via P2P/direct pointer/read
ts38-master-0:631213:632096 [1] NCCL INFO Channel 19/0 : 1[1] -> 0[0] via P2P/direct pointer/read
ts38-master-0:631213:632097 [2] NCCL INFO Channel 19/0 : 2[2] -> 1[1] via P2P/direct pointer/read
ts38-master-0:631213:632096 [1] NCCL INFO Channel 20/0 : 1[1] -> 0[0] via P2P/direct pointer/read
ts38-master-0:631213:632097 [2] NCCL INFO Channel 20/0 : 2[2] -> 1[1] via P2P/direct pointer/read
ts38-master-0:631213:632096 [1] NCCL INFO Channel 21/0 : 1[1] -> 0[0] via P2P/direct pointer/read
ts38-master-0:631213:632097 [2] NCCL INFO Channel 21/0 : 2[2] -> 1[1] via P2P/direct pointer/read
ts38-master-0:631213:632096 [1] NCCL INFO Channel 22/0 : 1[1] -> 0[0] via P2P/direct pointer/read
ts38-master-0:631213:632097 [2] NCCL INFO Channel 22/0 : 2[2] -> 1[1] via P2P/direct pointer/read
ts38-master-0:631213:632096 [1] NCCL INFO Channel 23/0 : 1[1] -> 0[0] via P2P/direct pointer/read
ts38-master-0:631213:632097 [2] NCCL INFO Channel 23/0 : 2[2] -> 1[1] via P2P/direct pointer/read
ts38-master-0:631213:632098 [3] NCCL INFO Connected all trees
ts38-master-0:631213:632098 [3] NCCL INFO threadThresholds 8/8/64 | 32/8/64 | 512 | 512
ts38-master-0:631213:632098 [3] NCCL INFO 24 coll channels, 0 collnet channels, 0 nvls channels, 32 p2p channels, 32 p2p channels per peer
ts38-master-0:631213:632095 [0] NCCL INFO Connected all trees
ts38-master-0:631213:632097 [2] NCCL INFO Connected all trees
ts38-master-0:631213:632096 [1] NCCL INFO Connected all trees
ts38-master-0:631213:632095 [0] NCCL INFO threadThresholds 8/8/64 | 32/8/64 | 512 | 512
ts38-master-0:631213:632095 [0] NCCL INFO 24 coll channels, 0 collnet channels, 0 nvls channels, 32 p2p channels, 32 p2p channels per peer
ts38-master-0:631213:632097 [2] NCCL INFO threadThresholds 8/8/64 | 32/8/64 | 512 | 512
ts38-master-0:631213:632097 [2] NCCL INFO 24 coll channels, 0 collnet channels, 0 nvls channels, 32 p2p channels, 32 p2p channels per peer
ts38-master-0:631213:632096 [1] NCCL INFO threadThresholds 8/8/64 | 32/8/64 | 512 | 512
ts38-master-0:631213:632096 [1] NCCL INFO 24 coll channels, 0 collnet channels, 0 nvls channels, 32 p2p channels, 32 p2p channels per peer
ts38-master-0:631213:632097 [2] NCCL INFO comm 0xd4104a0 rank 2 nranks 4 cudaDev 2 nvmlDev 2 busId 65000 commId 0x533ad605604658cb - Init COMPLETE
ts38-master-0:631213:632098 [3] NCCL INFO comm 0xd4151b0 rank 3 nranks 4 cudaDev 3 nvmlDev 3 busId 67000 commId 0x533ad605604658cb - Init COMPLETE
ts38-master-0:631213:632095 [0] NCCL INFO comm 0xd404f40 rank 0 nranks 4 cudaDev 0 nvmlDev 0 busId 61000 commId 0x533ad605604658cb - Init COMPLETE
ts38-master-0:631213:632096 [1] NCCL INFO comm 0xd40b790 rank 1 nranks 4 cudaDev 1 nvmlDev 1 busId 63000 commId 0x533ad605604658cb - Init COMPLETE
	iters: 100, epoch: 1 | loss: 0.4121757
	speed: 0.1377s/iter; left time: 1492.5275s
	iters: 200, epoch: 1 | loss: 0.3260789
	speed: 0.1082s/iter; left time: 1162.7041s
	iters: 300, epoch: 1 | loss: 0.3500984
	speed: 0.1073s/iter; left time: 1141.8027s
	iters: 400, epoch: 1 | loss: 0.3562263
	speed: 0.1081s/iter; left time: 1139.5444s
	iters: 500, epoch: 1 | loss: 0.3054414
	speed: 0.1100s/iter; left time: 1148.5816s
	iters: 600, epoch: 1 | loss: 0.3729839
	speed: 0.1086s/iter; left time: 1123.4174s
	iters: 700, epoch: 1 | loss: 0.3509267
	speed: 0.1087s/iter; left time: 1113.5823s
	iters: 800, epoch: 1 | loss: 0.2937102
	speed: 0.1092s/iter; left time: 1106.9148s
	iters: 900, epoch: 1 | loss: 0.2864791
	speed: 0.1087s/iter; left time: 1091.3837s
	iters: 1000, epoch: 1 | loss: 0.3029812
	speed: 0.1084s/iter; left time: 1077.6988s
Epoch: 1 cost time: 121.72383332252502
ts38-master-0:631213:638138 [2] NCCL INFO Using non-device net plugin version 0
ts38-master-0:631213:638138 [2] NCCL INFO Using network Socket
ts38-master-0:631213:638137 [1] NCCL INFO Using non-device net plugin version 0
ts38-master-0:631213:638137 [1] NCCL INFO Using network Socket
ts38-master-0:631213:638136 [0] NCCL INFO Using non-device net plugin version 0
ts38-master-0:631213:638136 [0] NCCL INFO Using network Socket
ts38-master-0:631213:638137 [1] NCCL INFO comm 0xd484d00 rank 1 nranks 3 cudaDev 1 nvmlDev 1 busId 63000 commId 0xb7cd7a586dd937eb - Init START
ts38-master-0:631213:638138 [2] NCCL INFO comm 0x1172d770 rank 2 nranks 3 cudaDev 2 nvmlDev 2 busId 65000 commId 0xb7cd7a586dd937eb - Init START
ts38-master-0:631213:638136 [0] NCCL INFO comm 0x117222f0 rank 0 nranks 3 cudaDev 0 nvmlDev 0 busId 61000 commId 0xb7cd7a586dd937eb - Init START
ts38-master-0:631213:638138 [2] NCCL INFO Setting affinity for GPU 2 to 03ffffff,ffffffff
ts38-master-0:631213:638138 [2] NCCL INFO NVLS multicast support is not available on dev 2
ts38-master-0:631213:638136 [0] NCCL INFO Setting affinity for GPU 0 to 03ffffff,ffffffff
ts38-master-0:631213:638136 [0] NCCL INFO NVLS multicast support is not available on dev 0
ts38-master-0:631213:638137 [1] NCCL INFO Setting affinity for GPU 1 to 03ffffff,ffffffff
ts38-master-0:631213:638137 [1] NCCL INFO NVLS multicast support is not available on dev 1
ts38-master-0:631213:638137 [1] NCCL INFO comm 0xd484d00 rank 1 nRanks 3 nNodes 1 localRanks 3 localRank 1 MNNVL 0
ts38-master-0:631213:638136 [0] NCCL INFO comm 0x117222f0 rank 0 nRanks 3 nNodes 1 localRanks 3 localRank 0 MNNVL 0
ts38-master-0:631213:638138 [2] NCCL INFO comm 0x1172d770 rank 2 nRanks 3 nNodes 1 localRanks 3 localRank 2 MNNVL 0
ts38-master-0:631213:638137 [1] NCCL INFO Trees [0] 2/-1/-1->1->0 [1] 2/-1/-1->1->0 [2] 2/-1/-1->1->0 [3] 2/-1/-1->1->0 [4] 2/-1/-1->1->0 [5] 2/-1/-1->1->0 [6] 2/-1/-1->1->0 [7] 2/-1/-1->1->0 [8] 2/-1/-1->1->0 [9] 2/-1/-1->1->0 [10] 2/-1/-1->1->0 [11] 2/-1/-1->1->0 [12] 2/-1/-1->1->0 [13] 2/-1/-1->1->0 [14] 2/-1/-1->1->0 [15] 2/-1/-1->1->0 [16] 2/-1/-1->1->0 [17] 2/-1/-1->1->0 [18] 2/-1/-1->1->0 [19] 2/-1/-1->1->0 [20] 2/-1/-1->1->0 [21] 2/-1/-1->1->0 [22] 2/-1/-1->1->0 [23] 2/-1/-1->1->0
ts38-master-0:631213:638137 [1] NCCL INFO P2P Chunksize set to 524288
ts38-master-0:631213:638136 [0] NCCL INFO Channel 00/24 :    0   1   2
ts38-master-0:631213:638136 [0] NCCL INFO Channel 01/24 :    0   1   2
ts38-master-0:631213:638138 [2] NCCL INFO Trees [0] -1/-1/-1->2->1 [1] -1/-1/-1->2->1 [2] -1/-1/-1->2->1 [3] -1/-1/-1->2->1 [4] -1/-1/-1->2->1 [5] -1/-1/-1->2->1 [6] -1/-1/-1->2->1 [7] -1/-1/-1->2->1 [8] -1/-1/-1->2->1 [9] -1/-1/-1->2->1 [10] -1/-1/-1->2->1 [11] -1/-1/-1->2->1 [12] -1/-1/-1->2->1 [13] -1/-1/-1->2->1 [14] -1/-1/-1->2->1 [15] -1/-1/-1->2->1 [16] -1/-1/-1->2->1 [17] -1/-1/-1->2->1 [18] -1/-1/-1->2->1 [19] -1/-1/-1->2->1 [20] -1/-1/-1->2->1 [21] -1/-1/-1->2->1 [22] -1/-1/-1->2->1 [23] -1/-1/-1->2->1
ts38-master-0:631213:638136 [0] NCCL INFO Channel 02/24 :    0   1   2
ts38-master-0:631213:638136 [0] NCCL INFO Channel 03/24 :    0   1   2
ts38-master-0:631213:638138 [2] NCCL INFO P2P Chunksize set to 524288
ts38-master-0:631213:638136 [0] NCCL INFO Channel 04/24 :    0   1   2
ts38-master-0:631213:638136 [0] NCCL INFO Channel 05/24 :    0   1   2
ts38-master-0:631213:638136 [0] NCCL INFO Channel 06/24 :    0   1   2
ts38-master-0:631213:638136 [0] NCCL INFO Channel 07/24 :    0   1   2
ts38-master-0:631213:638136 [0] NCCL INFO Channel 08/24 :    0   1   2
ts38-master-0:631213:638136 [0] NCCL INFO Channel 09/24 :    0   1   2
ts38-master-0:631213:638136 [0] NCCL INFO Channel 10/24 :    0   1   2
ts38-master-0:631213:638136 [0] NCCL INFO Channel 11/24 :    0   1   2
ts38-master-0:631213:638136 [0] NCCL INFO Channel 12/24 :    0   1   2
ts38-master-0:631213:638136 [0] NCCL INFO Channel 13/24 :    0   1   2
ts38-master-0:631213:638136 [0] NCCL INFO Channel 14/24 :    0   1   2
ts38-master-0:631213:638136 [0] NCCL INFO Channel 15/24 :    0   1   2
ts38-master-0:631213:638136 [0] NCCL INFO Channel 16/24 :    0   1   2
ts38-master-0:631213:638136 [0] NCCL INFO Channel 17/24 :    0   1   2
ts38-master-0:631213:638136 [0] NCCL INFO Channel 18/24 :    0   1   2
ts38-master-0:631213:638136 [0] NCCL INFO Channel 19/24 :    0   1   2
ts38-master-0:631213:638136 [0] NCCL INFO Channel 20/24 :    0   1   2
ts38-master-0:631213:638136 [0] NCCL INFO Channel 21/24 :    0   1   2
ts38-master-0:631213:638136 [0] NCCL INFO Channel 22/24 :    0   1   2
ts38-master-0:631213:638136 [0] NCCL INFO Channel 23/24 :    0   1   2
ts38-master-0:631213:638136 [0] NCCL INFO Trees [0] 1/-1/-1->0->-1 [1] 1/-1/-1->0->-1 [2] 1/-1/-1->0->-1 [3] 1/-1/-1->0->-1 [4] 1/-1/-1->0->-1 [5] 1/-1/-1->0->-1 [6] 1/-1/-1->0->-1 [7] 1/-1/-1->0->-1 [8] 1/-1/-1->0->-1 [9] 1/-1/-1->0->-1 [10] 1/-1/-1->0->-1 [11] 1/-1/-1->0->-1 [12] 1/-1/-1->0->-1 [13] 1/-1/-1->0->-1 [14] 1/-1/-1->0->-1 [15] 1/-1/-1->0->-1 [16] 1/-1/-1->0->-1 [17] 1/-1/-1->0->-1 [18] 1/-1/-1->0->-1 [19] 1/-1/-1->0->-1 [20] 1/-1/-1->0->-1 [21] 1/-1/-1->0->-1 [22] 1/-1/-1->0->-1 [23] 1/-1/-1->0->-1
ts38-master-0:631213:638136 [0] NCCL INFO P2P Chunksize set to 524288
ts38-master-0:631213:638138 [2] NCCL INFO Channel 00/0 : 2[2] -> 0[0] via P2P/direct pointer/read
ts38-master-0:631213:638138 [2] NCCL INFO Channel 01/0 : 2[2] -> 0[0] via P2P/direct pointer/read
ts38-master-0:631213:638136 [0] NCCL INFO Channel 00/0 : 0[0] -> 1[1] via P2P/direct pointer/read
ts38-master-0:631213:638138 [2] NCCL INFO Channel 02/0 : 2[2] -> 0[0] via P2P/direct pointer/read
ts38-master-0:631213:638136 [0] NCCL INFO Channel 01/0 : 0[0] -> 1[1] via P2P/direct pointer/read
ts38-master-0:631213:638138 [2] NCCL INFO Channel 03/0 : 2[2] -> 0[0] via P2P/direct pointer/read
ts38-master-0:631213:638136 [0] NCCL INFO Channel 02/0 : 0[0] -> 1[1] via P2P/direct pointer/read
ts38-master-0:631213:638138 [2] NCCL INFO Channel 04/0 : 2[2] -> 0[0] via P2P/direct pointer/read
ts38-master-0:631213:638136 [0] NCCL INFO Channel 03/0 : 0[0] -> 1[1] via P2P/direct pointer/read
ts38-master-0:631213:638138 [2] NCCL INFO Channel 05/0 : 2[2] -> 0[0] via P2P/direct pointer/read
ts38-master-0:631213:638136 [0] NCCL INFO Channel 04/0 : 0[0] -> 1[1] via P2P/direct pointer/read
ts38-master-0:631213:638138 [2] NCCL INFO Channel 06/0 : 2[2] -> 0[0] via P2P/direct pointer/read
ts38-master-0:631213:638136 [0] NCCL INFO Channel 05/0 : 0[0] -> 1[1] via P2P/direct pointer/read
ts38-master-0:631213:638138 [2] NCCL INFO Channel 07/0 : 2[2] -> 0[0] via P2P/direct pointer/read
ts38-master-0:631213:638136 [0] NCCL INFO Channel 06/0 : 0[0] -> 1[1] via P2P/direct pointer/read
ts38-master-0:631213:638138 [2] NCCL INFO Channel 08/0 : 2[2] -> 0[0] via P2P/direct pointer/read
ts38-master-0:631213:638136 [0] NCCL INFO Channel 07/0 : 0[0] -> 1[1] via P2P/direct pointer/read
ts38-master-0:631213:638138 [2] NCCL INFO Channel 09/0 : 2[2] -> 0[0] via P2P/direct pointer/read
ts38-master-0:631213:638136 [0] NCCL INFO Channel 08/0 : 0[0] -> 1[1] via P2P/direct pointer/read
ts38-master-0:631213:638138 [2] NCCL INFO Channel 10/0 : 2[2] -> 0[0] via P2P/direct pointer/read
ts38-master-0:631213:638136 [0] NCCL INFO Channel 09/0 : 0[0] -> 1[1] via P2P/direct pointer/read
ts38-master-0:631213:638138 [2] NCCL INFO Channel 11/0 : 2[2] -> 0[0] via P2P/direct pointer/read
ts38-master-0:631213:638136 [0] NCCL INFO Channel 10/0 : 0[0] -> 1[1] via P2P/direct pointer/read
ts38-master-0:631213:638138 [2] NCCL INFO Channel 12/0 : 2[2] -> 0[0] via P2P/direct pointer/read
ts38-master-0:631213:638136 [0] NCCL INFO Channel 11/0 : 0[0] -> 1[1] via P2P/direct pointer/read
ts38-master-0:631213:638138 [2] NCCL INFO Channel 13/0 : 2[2] -> 0[0] via P2P/direct pointer/read
ts38-master-0:631213:638136 [0] NCCL INFO Channel 12/0 : 0[0] -> 1[1] via P2P/direct pointer/read
ts38-master-0:631213:638138 [2] NCCL INFO Channel 14/0 : 2[2] -> 0[0] via P2P/direct pointer/read
ts38-master-0:631213:638136 [0] NCCL INFO Channel 13/0 : 0[0] -> 1[1] via P2P/direct pointer/read
ts38-master-0:631213:638138 [2] NCCL INFO Channel 15/0 : 2[2] -> 0[0] via P2P/direct pointer/read
ts38-master-0:631213:638136 [0] NCCL INFO Channel 14/0 : 0[0] -> 1[1] via P2P/direct pointer/read
ts38-master-0:631213:638138 [2] NCCL INFO Channel 16/0 : 2[2] -> 0[0] via P2P/direct pointer/read
ts38-master-0:631213:638136 [0] NCCL INFO Channel 15/0 : 0[0] -> 1[1] via P2P/direct pointer/read
ts38-master-0:631213:638138 [2] NCCL INFO Channel 17/0 : 2[2] -> 0[0] via P2P/direct pointer/read
ts38-master-0:631213:638136 [0] NCCL INFO Channel 16/0 : 0[0] -> 1[1] via P2P/direct pointer/read
ts38-master-0:631213:638138 [2] NCCL INFO Channel 18/0 : 2[2] -> 0[0] via P2P/direct pointer/read
ts38-master-0:631213:638136 [0] NCCL INFO Channel 17/0 : 0[0] -> 1[1] via P2P/direct pointer/read
ts38-master-0:631213:638138 [2] NCCL INFO Channel 19/0 : 2[2] -> 0[0] via P2P/direct pointer/read
ts38-master-0:631213:638136 [0] NCCL INFO Channel 18/0 : 0[0] -> 1[1] via P2P/direct pointer/read
ts38-master-0:631213:638138 [2] NCCL INFO Channel 20/0 : 2[2] -> 0[0] via P2P/direct pointer/read
ts38-master-0:631213:638136 [0] NCCL INFO Channel 19/0 : 0[0] -> 1[1] via P2P/direct pointer/read
ts38-master-0:631213:638138 [2] NCCL INFO Channel 21/0 : 2[2] -> 0[0] via P2P/direct pointer/read
ts38-master-0:631213:638136 [0] NCCL INFO Channel 20/0 : 0[0] -> 1[1] via P2P/direct pointer/read
ts38-master-0:631213:638138 [2] NCCL INFO Channel 22/0 : 2[2] -> 0[0] via P2P/direct pointer/read
ts38-master-0:631213:638136 [0] NCCL INFO Channel 21/0 : 0[0] -> 1[1] via P2P/direct pointer/read
ts38-master-0:631213:638138 [2] NCCL INFO Channel 23/0 : 2[2] -> 0[0] via P2P/direct pointer/read
ts38-master-0:631213:638136 [0] NCCL INFO Channel 22/0 : 0[0] -> 1[1] via P2P/direct pointer/read
ts38-master-0:631213:638136 [0] NCCL INFO Channel 23/0 : 0[0] -> 1[1] via P2P/direct pointer/read
ts38-master-0:631213:638137 [1] NCCL INFO Channel 00/0 : 1[1] -> 2[2] via P2P/direct pointer/read
ts38-master-0:631213:638137 [1] NCCL INFO Channel 01/0 : 1[1] -> 2[2] via P2P/direct pointer/read
ts38-master-0:631213:638137 [1] NCCL INFO Channel 02/0 : 1[1] -> 2[2] via P2P/direct pointer/read
ts38-master-0:631213:638137 [1] NCCL INFO Channel 03/0 : 1[1] -> 2[2] via P2P/direct pointer/read
ts38-master-0:631213:638137 [1] NCCL INFO Channel 04/0 : 1[1] -> 2[2] via P2P/direct pointer/read
ts38-master-0:631213:638137 [1] NCCL INFO Channel 05/0 : 1[1] -> 2[2] via P2P/direct pointer/read
ts38-master-0:631213:638137 [1] NCCL INFO Channel 06/0 : 1[1] -> 2[2] via P2P/direct pointer/read
ts38-master-0:631213:638137 [1] NCCL INFO Channel 07/0 : 1[1] -> 2[2] via P2P/direct pointer/read
ts38-master-0:631213:638137 [1] NCCL INFO Channel 08/0 : 1[1] -> 2[2] via P2P/direct pointer/read
ts38-master-0:631213:638137 [1] NCCL INFO Channel 09/0 : 1[1] -> 2[2] via P2P/direct pointer/read
ts38-master-0:631213:638137 [1] NCCL INFO Channel 10/0 : 1[1] -> 2[2] via P2P/direct pointer/read
ts38-master-0:631213:638137 [1] NCCL INFO Channel 11/0 : 1[1] -> 2[2] via P2P/direct pointer/read
ts38-master-0:631213:638137 [1] NCCL INFO Channel 12/0 : 1[1] -> 2[2] via P2P/direct pointer/read
ts38-master-0:631213:638137 [1] NCCL INFO Channel 13/0 : 1[1] -> 2[2] via P2P/direct pointer/read
ts38-master-0:631213:638137 [1] NCCL INFO Channel 14/0 : 1[1] -> 2[2] via P2P/direct pointer/read
ts38-master-0:631213:638137 [1] NCCL INFO Channel 15/0 : 1[1] -> 2[2] via P2P/direct pointer/read
ts38-master-0:631213:638137 [1] NCCL INFO Channel 16/0 : 1[1] -> 2[2] via P2P/direct pointer/read
ts38-master-0:631213:638137 [1] NCCL INFO Channel 17/0 : 1[1] -> 2[2] via P2P/direct pointer/read
ts38-master-0:631213:638137 [1] NCCL INFO Channel 18/0 : 1[1] -> 2[2] via P2P/direct pointer/read
ts38-master-0:631213:638137 [1] NCCL INFO Channel 19/0 : 1[1] -> 2[2] via P2P/direct pointer/read
ts38-master-0:631213:638137 [1] NCCL INFO Channel 20/0 : 1[1] -> 2[2] via P2P/direct pointer/read
ts38-master-0:631213:638137 [1] NCCL INFO Channel 21/0 : 1[1] -> 2[2] via P2P/direct pointer/read
ts38-master-0:631213:638137 [1] NCCL INFO Channel 22/0 : 1[1] -> 2[2] via P2P/direct pointer/read
ts38-master-0:631213:638137 [1] NCCL INFO Channel 23/0 : 1[1] -> 2[2] via P2P/direct pointer/read
ts38-master-0:631213:638137 [1] NCCL INFO Connected all rings
ts38-master-0:631213:638138 [2] NCCL INFO Connected all rings
ts38-master-0:631213:638136 [0] NCCL INFO Connected all rings
ts38-master-0:631213:638138 [2] NCCL INFO Channel 00/0 : 2[2] -> 1[1] via P2P/direct pointer/read
ts38-master-0:631213:638138 [2] NCCL INFO Channel 01/0 : 2[2] -> 1[1] via P2P/direct pointer/read
ts38-master-0:631213:638138 [2] NCCL INFO Channel 02/0 : 2[2] -> 1[1] via P2P/direct pointer/read
ts38-master-0:631213:638138 [2] NCCL INFO Channel 03/0 : 2[2] -> 1[1] via P2P/direct pointer/read
ts38-master-0:631213:638138 [2] NCCL INFO Channel 04/0 : 2[2] -> 1[1] via P2P/direct pointer/read
ts38-master-0:631213:638138 [2] NCCL INFO Channel 05/0 : 2[2] -> 1[1] via P2P/direct pointer/read
ts38-master-0:631213:638138 [2] NCCL INFO Channel 06/0 : 2[2] -> 1[1] via P2P/direct pointer/read
ts38-master-0:631213:638138 [2] NCCL INFO Channel 07/0 : 2[2] -> 1[1] via P2P/direct pointer/read
ts38-master-0:631213:638138 [2] NCCL INFO Channel 08/0 : 2[2] -> 1[1] via P2P/direct pointer/read
ts38-master-0:631213:638138 [2] NCCL INFO Channel 09/0 : 2[2] -> 1[1] via P2P/direct pointer/read
ts38-master-0:631213:638138 [2] NCCL INFO Channel 10/0 : 2[2] -> 1[1] via P2P/direct pointer/read
ts38-master-0:631213:638138 [2] NCCL INFO Channel 11/0 : 2[2] -> 1[1] via P2P/direct pointer/read
ts38-master-0:631213:638138 [2] NCCL INFO Channel 12/0 : 2[2] -> 1[1] via P2P/direct pointer/read
ts38-master-0:631213:638138 [2] NCCL INFO Channel 13/0 : 2[2] -> 1[1] via P2P/direct pointer/read
ts38-master-0:631213:638138 [2] NCCL INFO Channel 14/0 : 2[2] -> 1[1] via P2P/direct pointer/read
ts38-master-0:631213:638138 [2] NCCL INFO Channel 15/0 : 2[2] -> 1[1] via P2P/direct pointer/read
ts38-master-0:631213:638138 [2] NCCL INFO Channel 16/0 : 2[2] -> 1[1] via P2P/direct pointer/read
ts38-master-0:631213:638138 [2] NCCL INFO Channel 17/0 : 2[2] -> 1[1] via P2P/direct pointer/read
ts38-master-0:631213:638138 [2] NCCL INFO Channel 18/0 : 2[2] -> 1[1] via P2P/direct pointer/read
ts38-master-0:631213:638138 [2] NCCL INFO Channel 19/0 : 2[2] -> 1[1] via P2P/direct pointer/read
ts38-master-0:631213:638138 [2] NCCL INFO Channel 20/0 : 2[2] -> 1[1] via P2P/direct pointer/read
ts38-master-0:631213:638138 [2] NCCL INFO Channel 21/0 : 2[2] -> 1[1] via P2P/direct pointer/read
ts38-master-0:631213:638138 [2] NCCL INFO Channel 22/0 : 2[2] -> 1[1] via P2P/direct pointer/read
ts38-master-0:631213:638137 [1] NCCL INFO Channel 00/0 : 1[1] -> 0[0] via P2P/direct pointer/read
ts38-master-0:631213:638138 [2] NCCL INFO Channel 23/0 : 2[2] -> 1[1] via P2P/direct pointer/read
ts38-master-0:631213:638137 [1] NCCL INFO Channel 01/0 : 1[1] -> 0[0] via P2P/direct pointer/read
ts38-master-0:631213:638137 [1] NCCL INFO Channel 02/0 : 1[1] -> 0[0] via P2P/direct pointer/read
ts38-master-0:631213:638137 [1] NCCL INFO Channel 03/0 : 1[1] -> 0[0] via P2P/direct pointer/read
ts38-master-0:631213:638137 [1] NCCL INFO Channel 04/0 : 1[1] -> 0[0] via P2P/direct pointer/read
ts38-master-0:631213:638137 [1] NCCL INFO Channel 05/0 : 1[1] -> 0[0] via P2P/direct pointer/read
ts38-master-0:631213:638137 [1] NCCL INFO Channel 06/0 : 1[1] -> 0[0] via P2P/direct pointer/read
ts38-master-0:631213:638137 [1] NCCL INFO Channel 07/0 : 1[1] -> 0[0] via P2P/direct pointer/read
ts38-master-0:631213:638137 [1] NCCL INFO Channel 08/0 : 1[1] -> 0[0] via P2P/direct pointer/read
ts38-master-0:631213:638137 [1] NCCL INFO Channel 09/0 : 1[1] -> 0[0] via P2P/direct pointer/read
ts38-master-0:631213:638137 [1] NCCL INFO Channel 10/0 : 1[1] -> 0[0] via P2P/direct pointer/read
ts38-master-0:631213:638137 [1] NCCL INFO Channel 11/0 : 1[1] -> 0[0] via P2P/direct pointer/read
ts38-master-0:631213:638137 [1] NCCL INFO Channel 12/0 : 1[1] -> 0[0] via P2P/direct pointer/read
ts38-master-0:631213:638137 [1] NCCL INFO Channel 13/0 : 1[1] -> 0[0] via P2P/direct pointer/read
ts38-master-0:631213:638137 [1] NCCL INFO Channel 14/0 : 1[1] -> 0[0] via P2P/direct pointer/read
ts38-master-0:631213:638137 [1] NCCL INFO Channel 15/0 : 1[1] -> 0[0] via P2P/direct pointer/read
ts38-master-0:631213:638137 [1] NCCL INFO Channel 16/0 : 1[1] -> 0[0] via P2P/direct pointer/read
ts38-master-0:631213:638137 [1] NCCL INFO Channel 17/0 : 1[1] -> 0[0] via P2P/direct pointer/read
ts38-master-0:631213:638137 [1] NCCL INFO Channel 18/0 : 1[1] -> 0[0] via P2P/direct pointer/read
ts38-master-0:631213:638137 [1] NCCL INFO Channel 19/0 : 1[1] -> 0[0] via P2P/direct pointer/read
ts38-master-0:631213:638137 [1] NCCL INFO Channel 20/0 : 1[1] -> 0[0] via P2P/direct pointer/read
ts38-master-0:631213:638137 [1] NCCL INFO Channel 21/0 : 1[1] -> 0[0] via P2P/direct pointer/read
ts38-master-0:631213:638137 [1] NCCL INFO Channel 22/0 : 1[1] -> 0[0] via P2P/direct pointer/read
ts38-master-0:631213:638137 [1] NCCL INFO Channel 23/0 : 1[1] -> 0[0] via P2P/direct pointer/read
ts38-master-0:631213:638136 [0] NCCL INFO Connected all trees
ts38-master-0:631213:638138 [2] NCCL INFO Connected all trees
ts38-master-0:631213:638137 [1] NCCL INFO Connected all trees
ts38-master-0:631213:638136 [0] NCCL INFO threadThresholds 8/8/64 | 24/8/64 | 512 | 512
ts38-master-0:631213:638136 [0] NCCL INFO 24 coll channels, 0 collnet channels, 0 nvls channels, 32 p2p channels, 32 p2p channels per peer
ts38-master-0:631213:638138 [2] NCCL INFO threadThresholds 8/8/64 | 24/8/64 | 512 | 512
ts38-master-0:631213:638137 [1] NCCL INFO threadThresholds 8/8/64 | 24/8/64 | 512 | 512
ts38-master-0:631213:638137 [1] NCCL INFO 24 coll channels, 0 collnet channels, 0 nvls channels, 32 p2p channels, 32 p2p channels per peer
ts38-master-0:631213:638138 [2] NCCL INFO 24 coll channels, 0 collnet channels, 0 nvls channels, 32 p2p channels, 32 p2p channels per peer
ts38-master-0:631213:638136 [0] NCCL INFO comm 0x117222f0 rank 0 nranks 3 cudaDev 0 nvmlDev 0 busId 61000 commId 0xb7cd7a586dd937eb - Init COMPLETE
ts38-master-0:631213:638137 [1] NCCL INFO comm 0xd484d00 rank 1 nranks 3 cudaDev 1 nvmlDev 1 busId 63000 commId 0xb7cd7a586dd937eb - Init COMPLETE
ts38-master-0:631213:638138 [2] NCCL INFO comm 0x1172d770 rank 2 nranks 3 cudaDev 2 nvmlDev 2 busId 65000 commId 0xb7cd7a586dd937eb - Init COMPLETE
Epoch: 1, Steps: 1094 | Train Loss: 0.3366909 Vali Loss: 0.1982820 Test Loss: 0.2399892
Validation loss decreased (inf --> 0.198282).  Saving model ...
Updating learning rate to 0.0001
	iters: 100, epoch: 2 | loss: 0.3184967
	speed: 0.5004s/iter; left time: 4877.5241s
	iters: 200, epoch: 2 | loss: 0.2981832
	speed: 0.1105s/iter; left time: 1066.0773s
	iters: 300, epoch: 2 | loss: 0.3332270
	speed: 0.1080s/iter; left time: 1031.1460s
	iters: 400, epoch: 2 | loss: 0.3443832
	speed: 0.1075s/iter; left time: 1015.6209s
	iters: 500, epoch: 2 | loss: 0.3048444
	speed: 0.1081s/iter; left time: 1009.9747s
	iters: 600, epoch: 2 | loss: 0.3532059
	speed: 0.1076s/iter; left time: 994.9710s
	iters: 700, epoch: 2 | loss: 0.3172972
	speed: 0.1085s/iter; left time: 991.9928s
	iters: 800, epoch: 2 | loss: 0.2943307
	speed: 0.1092s/iter; left time: 987.6816s
	iters: 900, epoch: 2 | loss: 0.3150824
	speed: 0.1078s/iter; left time: 964.4178s
	iters: 1000, epoch: 2 | loss: 0.3108523
	speed: 0.1083s/iter; left time: 958.3424s
Epoch: 2 cost time: 119.66665887832642
Epoch: 2, Steps: 1094 | Train Loss: 0.3140845 Vali Loss: 0.1938551 Test Loss: 0.2290639
Validation loss decreased (0.198282 --> 0.193855).  Saving model ...
Updating learning rate to 5e-05
	iters: 100, epoch: 3 | loss: 0.3272544
	speed: 0.5274s/iter; left time: 4563.5940s
	iters: 200, epoch: 3 | loss: 0.2851882
	speed: 0.1084s/iter; left time: 927.5408s
	iters: 300, epoch: 3 | loss: 0.3212934
	speed: 0.1095s/iter; left time: 925.4966s
	iters: 400, epoch: 3 | loss: 0.2865933
	speed: 0.1090s/iter; left time: 910.5021s
	iters: 500, epoch: 3 | loss: 0.3108489
	speed: 0.1088s/iter; left time: 898.0289s
	iters: 600, epoch: 3 | loss: 0.2986031
	speed: 0.1091s/iter; left time: 889.4041s
	iters: 700, epoch: 3 | loss: 0.3012227
	speed: 0.1076s/iter; left time: 866.8983s
	iters: 800, epoch: 3 | loss: 0.2786137
	speed: 0.1095s/iter; left time: 871.2350s
	iters: 900, epoch: 3 | loss: 0.2620728
	speed: 0.1085s/iter; left time: 852.3848s
	iters: 1000, epoch: 3 | loss: 0.2907993
	speed: 0.1084s/iter; left time: 840.4612s
Epoch: 3 cost time: 119.8149139881134
Epoch: 3, Steps: 1094 | Train Loss: 0.3044922 Vali Loss: 0.1902177 Test Loss: 0.2210750
