Running model with seq_len=96, pred_len=96...
Using GPU
Args in experiment:
[1mBasic Config[0m
  Task Name:          AGPT_loss           Is Training:        1                   
  Model ID:           ECL_96_96           Model:              AGPT_loss_G         

[1mData Loader[0m
  Data:               custom              Root Path:          ./dataset/electricity/
  Data Path:          electricity.csv     Features:           M                   
  Target:             OT                  Freq:               h                   
  Checkpoints:        ./checkpoints/      

[1mModel Parameters[0m
  Num Kernels:        6                   
  Enc In:             321                 Dec In:             321                 
  C Out:              321                 d model:            512                 
  n heads:            8                   e layers:           2                   
  d layers:           1                   d FF:               2048                
  Moving Avg:         25                  Factor:             3                   
  Distil:             1                   Dropout:            0.1                 
  Embed:              timeF               Activation:         gelu                

[1mRun Parameters[0m
  Num Workers:        10                  Itr:                1                   
  Train Epochs:       10                  Batch Size:         16                  
  Patience:           3                   Learning Rate:      0.0001              
  Des:                Exp                 Loss:               MSE                 
  Lradj:              type1               Use Amp:            0                   

[1mGPU[0m
  Use GPU:            1                   GPU:                0                   
  Use Multi GPU:      1                   Devices:            0,1,2,3             

[1mDe-stationary Projector Params[0m
  P Hidden Dims:      128, 128            P Hidden Layers:    2                   

Use GPU: cuda:0
>>>>>>>start training : AGPT_loss_ECL_96_96_AGPT_loss_G_2048_fixedFalse_0.0001_0.001>>>>>>>>>>>>>>>>>>>>>>>>>>
train 18221
val 2537
test 5165
ts38-master-0:24:24 [0] NCCL INFO cudaDriverVersion 12020
ts38-master-0:24:24 [0] NCCL INFO Bootstrap : Using eth0:10.211.71.213<0>
ts38-master-0:24:24 [0] NCCL INFO NET/Plugin : dlerror=libnccl-net.so: cannot open shared object file: No such file or directory No plugin found (libnccl-net.so), using internal implementation
NCCL version 2.20.5+cuda12.4
ts38-master-0:24:928 [0] NCCL INFO NCCL_IB_DISABLE set by environment to 0.
ts38-master-0:24:928 [0] NCCL INFO NET/IB : No device found.
ts38-master-0:24:928 [0] NCCL INFO NET/Socket : Using [0]eth0:10.211.71.213<0>
ts38-master-0:24:928 [0] NCCL INFO Using non-device net plugin version 0
ts38-master-0:24:928 [0] NCCL INFO Using network Socket
ts38-master-0:24:931 [3] NCCL INFO Using non-device net plugin version 0
ts38-master-0:24:931 [3] NCCL INFO Using network Socket
ts38-master-0:24:930 [2] NCCL INFO Using non-device net plugin version 0
ts38-master-0:24:930 [2] NCCL INFO Using network Socket
ts38-master-0:24:929 [1] NCCL INFO Using non-device net plugin version 0
ts38-master-0:24:929 [1] NCCL INFO Using network Socket
ts38-master-0:24:928 [0] NCCL INFO comm 0xf85eb50 rank 0 nranks 4 cudaDev 0 nvmlDev 0 busId 61000 commId 0x59713a5d8490d3e - Init START
ts38-master-0:24:930 [2] NCCL INFO comm 0xf86a2f0 rank 2 nranks 4 cudaDev 2 nvmlDev 2 busId 65000 commId 0x59713a5d8490d3e - Init START
ts38-master-0:24:931 [3] NCCL INFO comm 0xf86f000 rank 3 nranks 4 cudaDev 3 nvmlDev 3 busId 67000 commId 0x59713a5d8490d3e - Init START
ts38-master-0:24:929 [1] NCCL INFO comm 0xf8655e0 rank 1 nranks 4 cudaDev 1 nvmlDev 1 busId 63000 commId 0x59713a5d8490d3e - Init START
ts38-master-0:24:930 [2] NCCL INFO Setting affinity for GPU 2 to 03ffffff,ffffffff
ts38-master-0:24:930 [2] NCCL INFO NVLS multicast support is not available on dev 2
ts38-master-0:24:931 [3] NCCL INFO Setting affinity for GPU 3 to 03ffffff,ffffffff
ts38-master-0:24:931 [3] NCCL INFO NVLS multicast support is not available on dev 3
ts38-master-0:24:928 [0] NCCL INFO Setting affinity for GPU 0 to 03ffffff,ffffffff
ts38-master-0:24:928 [0] NCCL INFO NVLS multicast support is not available on dev 0
ts38-master-0:24:929 [1] NCCL INFO Setting affinity for GPU 1 to 03ffffff,ffffffff
ts38-master-0:24:929 [1] NCCL INFO NVLS multicast support is not available on dev 1
ts38-master-0:24:929 [1] NCCL INFO comm 0xf8655e0 rank 1 nRanks 4 nNodes 1 localRanks 4 localRank 1 MNNVL 0
ts38-master-0:24:931 [3] NCCL INFO comm 0xf86f000 rank 3 nRanks 4 nNodes 1 localRanks 4 localRank 3 MNNVL 0
ts38-master-0:24:930 [2] NCCL INFO comm 0xf86a2f0 rank 2 nRanks 4 nNodes 1 localRanks 4 localRank 2 MNNVL 0
ts38-master-0:24:928 [0] NCCL INFO comm 0xf85eb50 rank 0 nRanks 4 nNodes 1 localRanks 4 localRank 0 MNNVL 0
ts38-master-0:24:928 [0] NCCL INFO Channel 00/24 :    0   1   2   3
ts38-master-0:24:928 [0] NCCL INFO Channel 01/24 :    0   1   2   3
ts38-master-0:24:928 [0] NCCL INFO Channel 02/24 :    0   1   2   3
ts38-master-0:24:931 [3] NCCL INFO Trees [0] -1/-1/-1->3->2 [1] -1/-1/-1->3->2 [2] -1/-1/-1->3->2 [3] -1/-1/-1->3->2 [4] -1/-1/-1->3->2 [5] -1/-1/-1->3->2 [6] -1/-1/-1->3->2 [7] -1/-1/-1->3->2 [8] -1/-1/-1->3->2 [9] -1/-1/-1->3->2 [10] -1/-1/-1->3->2 [11] -1/-1/-1->3->2 [12] -1/-1/-1->3->2 [13] -1/-1/-1->3->2 [14] -1/-1/-1->3->2 [15] -1/-1/-1->3->2 [16] -1/-1/-1->3->2 [17] -1/-1/-1->3->2 [18] -1/-1/-1->3->2 [19] -1/-1/-1->3->2 [20] -1/-1/-1->3->2 [21] -1/-1/-1->3->2 [22] -1/-1/-1->3->2 [23] -1/-1/-1->3->2
ts38-master-0:24:929 [1] NCCL INFO Trees [0] 2/-1/-1->1->0 [1] 2/-1/-1->1->0 [2] 2/-1/-1->1->0 [3] 2/-1/-1->1->0 [4] 2/-1/-1->1->0 [5] 2/-1/-1->1->0 [6] 2/-1/-1->1->0 [7] 2/-1/-1->1->0 [8] 2/-1/-1->1->0 [9] 2/-1/-1->1->0 [10] 2/-1/-1->1->0 [11] 2/-1/-1->1->0 [12] 2/-1/-1->1->0 [13] 2/-1/-1->1->0 [14] 2/-1/-1->1->0 [15] 2/-1/-1->1->0 [16] 2/-1/-1->1->0 [17] 2/-1/-1->1->0 [18] 2/-1/-1->1->0 [19] 2/-1/-1->1->0 [20] 2/-1/-1->1->0 [21] 2/-1/-1->1->0 [22] 2/-1/-1->1->0 [23] 2/-1/-1->1->0
ts38-master-0:24:931 [3] NCCL INFO P2P Chunksize set to 524288
ts38-master-0:24:930 [2] NCCL INFO Trees [0] 3/-1/-1->2->1 [1] 3/-1/-1->2->1 [2] 3/-1/-1->2->1 [3] 3/-1/-1->2->1 [4] 3/-1/-1->2->1 [5] 3/-1/-1->2->1 [6] 3/-1/-1->2->1 [7] 3/-1/-1->2->1 [8] 3/-1/-1->2->1 [9] 3/-1/-1->2->1 [10] 3/-1/-1->2->1 [11] 3/-1/-1->2->1 [12] 3/-1/-1->2->1 [13] 3/-1/-1->2->1 [14] 3/-1/-1->2->1 [15] 3/-1/-1->2->1 [16] 3/-1/-1->2->1 [17] 3/-1/-1->2->1 [18] 3/-1/-1->2->1 [19] 3/-1/-1->2->1 [20] 3/-1/-1->2->1 [21] 3/-1/-1->2->1 [22] 3/-1/-1->2->1 [23] 3/-1/-1->2->1
ts38-master-0:24:930 [2] NCCL INFO P2P Chunksize set to 524288
ts38-master-0:24:928 [0] NCCL INFO Channel 03/24 :    0   1   2   3
ts38-master-0:24:928 [0] NCCL INFO Channel 04/24 :    0   1   2   3
ts38-master-0:24:928 [0] NCCL INFO Channel 05/24 :    0   1   2   3
ts38-master-0:24:928 [0] NCCL INFO Channel 06/24 :    0   1   2   3
ts38-master-0:24:928 [0] NCCL INFO Channel 07/24 :    0   1   2   3
ts38-master-0:24:928 [0] NCCL INFO Channel 08/24 :    0   1   2   3
ts38-master-0:24:928 [0] NCCL INFO Channel 09/24 :    0   1   2   3
ts38-master-0:24:928 [0] NCCL INFO Channel 10/24 :    0   1   2   3
ts38-master-0:24:928 [0] NCCL INFO Channel 11/24 :    0   1   2   3
ts38-master-0:24:928 [0] NCCL INFO Channel 12/24 :    0   1   2   3
ts38-master-0:24:928 [0] NCCL INFO Channel 13/24 :    0   1   2   3
ts38-master-0:24:928 [0] NCCL INFO Channel 14/24 :    0   1   2   3
ts38-master-0:24:928 [0] NCCL INFO Channel 15/24 :    0   1   2   3
ts38-master-0:24:928 [0] NCCL INFO Channel 16/24 :    0   1   2   3
ts38-master-0:24:928 [0] NCCL INFO Channel 17/24 :    0   1   2   3
ts38-master-0:24:928 [0] NCCL INFO Channel 18/24 :    0   1   2   3
ts38-master-0:24:928 [0] NCCL INFO Channel 19/24 :    0   1   2   3
ts38-master-0:24:928 [0] NCCL INFO Channel 20/24 :    0   1   2   3
ts38-master-0:24:928 [0] NCCL INFO Channel 21/24 :    0   1   2   3
ts38-master-0:24:928 [0] NCCL INFO Channel 22/24 :    0   1   2   3
ts38-master-0:24:928 [0] NCCL INFO Channel 23/24 :    0   1   2   3
ts38-master-0:24:929 [1] NCCL INFO P2P Chunksize set to 524288
ts38-master-0:24:928 [0] NCCL INFO Trees [0] 1/-1/-1->0->-1 [1] 1/-1/-1->0->-1 [2] 1/-1/-1->0->-1 [3] 1/-1/-1->0->-1 [4] 1/-1/-1->0->-1 [5] 1/-1/-1->0->-1 [6] 1/-1/-1->0->-1 [7] 1/-1/-1->0->-1 [8] 1/-1/-1->0->-1 [9] 1/-1/-1->0->-1 [10] 1/-1/-1->0->-1 [11] 1/-1/-1->0->-1 [12] 1/-1/-1->0->-1 [13] 1/-1/-1->0->-1 [14] 1/-1/-1->0->-1 [15] 1/-1/-1->0->-1 [16] 1/-1/-1->0->-1 [17] 1/-1/-1->0->-1 [18] 1/-1/-1->0->-1 [19] 1/-1/-1->0->-1 [20] 1/-1/-1->0->-1 [21] 1/-1/-1->0->-1 [22] 1/-1/-1->0->-1 [23] 1/-1/-1->0->-1
ts38-master-0:24:928 [0] NCCL INFO P2P Chunksize set to 524288
ts38-master-0:24:930 [2] NCCL INFO Channel 00/0 : 2[2] -> 3[3] via P2P/direct pointer/read
ts38-master-0:24:930 [2] NCCL INFO Channel 01/0 : 2[2] -> 3[3] via P2P/direct pointer/read
ts38-master-0:24:930 [2] NCCL INFO Channel 02/0 : 2[2] -> 3[3] via P2P/direct pointer/read
ts38-master-0:24:930 [2] NCCL INFO Channel 03/0 : 2[2] -> 3[3] via P2P/direct pointer/read
ts38-master-0:24:930 [2] NCCL INFO Channel 04/0 : 2[2] -> 3[3] via P2P/direct pointer/read
ts38-master-0:24:930 [2] NCCL INFO Channel 05/0 : 2[2] -> 3[3] via P2P/direct pointer/read
ts38-master-0:24:931 [3] NCCL INFO Channel 00/0 : 3[3] -> 0[0] via P2P/direct pointer/read
ts38-master-0:24:930 [2] NCCL INFO Channel 06/0 : 2[2] -> 3[3] via P2P/direct pointer/read
ts38-master-0:24:929 [1] NCCL INFO Channel 00/0 : 1[1] -> 2[2] via P2P/direct pointer/read
ts38-master-0:24:928 [0] NCCL INFO Channel 00/0 : 0[0] -> 1[1] via P2P/direct pointer/read
ts38-master-0:24:931 [3] NCCL INFO Channel 01/0 : 3[3] -> 0[0] via P2P/direct pointer/read
ts38-master-0:24:930 [2] NCCL INFO Channel 07/0 : 2[2] -> 3[3] via P2P/direct pointer/read
ts38-master-0:24:929 [1] NCCL INFO Channel 01/0 : 1[1] -> 2[2] via P2P/direct pointer/read
ts38-master-0:24:928 [0] NCCL INFO Channel 01/0 : 0[0] -> 1[1] via P2P/direct pointer/read
ts38-master-0:24:930 [2] NCCL INFO Channel 08/0 : 2[2] -> 3[3] via P2P/direct pointer/read
ts38-master-0:24:931 [3] NCCL INFO Channel 02/0 : 3[3] -> 0[0] via P2P/direct pointer/read
ts38-master-0:24:929 [1] NCCL INFO Channel 02/0 : 1[1] -> 2[2] via P2P/direct pointer/read
ts38-master-0:24:928 [0] NCCL INFO Channel 02/0 : 0[0] -> 1[1] via P2P/direct pointer/read
ts38-master-0:24:930 [2] NCCL INFO Channel 09/0 : 2[2] -> 3[3] via P2P/direct pointer/read
ts38-master-0:24:931 [3] NCCL INFO Channel 03/0 : 3[3] -> 0[0] via P2P/direct pointer/read
ts38-master-0:24:929 [1] NCCL INFO Channel 03/0 : 1[1] -> 2[2] via P2P/direct pointer/read
ts38-master-0:24:928 [0] NCCL INFO Channel 03/0 : 0[0] -> 1[1] via P2P/direct pointer/read
ts38-master-0:24:930 [2] NCCL INFO Channel 10/0 : 2[2] -> 3[3] via P2P/direct pointer/read
ts38-master-0:24:931 [3] NCCL INFO Channel 04/0 : 3[3] -> 0[0] via P2P/direct pointer/read
ts38-master-0:24:929 [1] NCCL INFO Channel 04/0 : 1[1] -> 2[2] via P2P/direct pointer/read
ts38-master-0:24:928 [0] NCCL INFO Channel 04/0 : 0[0] -> 1[1] via P2P/direct pointer/read
ts38-master-0:24:931 [3] NCCL INFO Channel 05/0 : 3[3] -> 0[0] via P2P/direct pointer/read
ts38-master-0:24:930 [2] NCCL INFO Channel 11/0 : 2[2] -> 3[3] via P2P/direct pointer/read
ts38-master-0:24:929 [1] NCCL INFO Channel 05/0 : 1[1] -> 2[2] via P2P/direct pointer/read
ts38-master-0:24:928 [0] NCCL INFO Channel 05/0 : 0[0] -> 1[1] via P2P/direct pointer/read
ts38-master-0:24:931 [3] NCCL INFO Channel 06/0 : 3[3] -> 0[0] via P2P/direct pointer/read
ts38-master-0:24:930 [2] NCCL INFO Channel 12/0 : 2[2] -> 3[3] via P2P/direct pointer/read
ts38-master-0:24:929 [1] NCCL INFO Channel 06/0 : 1[1] -> 2[2] via P2P/direct pointer/read
ts38-master-0:24:928 [0] NCCL INFO Channel 06/0 : 0[0] -> 1[1] via P2P/direct pointer/read
ts38-master-0:24:931 [3] NCCL INFO Channel 07/0 : 3[3] -> 0[0] via P2P/direct pointer/read
ts38-master-0:24:929 [1] NCCL INFO Channel 07/0 : 1[1] -> 2[2] via P2P/direct pointer/read
ts38-master-0:24:930 [2] NCCL INFO Channel 13/0 : 2[2] -> 3[3] via P2P/direct pointer/read
ts38-master-0:24:928 [0] NCCL INFO Channel 07/0 : 0[0] -> 1[1] via P2P/direct pointer/read
ts38-master-0:24:931 [3] NCCL INFO Channel 08/0 : 3[3] -> 0[0] via P2P/direct pointer/read
ts38-master-0:24:930 [2] NCCL INFO Channel 14/0 : 2[2] -> 3[3] via P2P/direct pointer/read
ts38-master-0:24:929 [1] NCCL INFO Channel 08/0 : 1[1] -> 2[2] via P2P/direct pointer/read
ts38-master-0:24:928 [0] NCCL INFO Channel 08/0 : 0[0] -> 1[1] via P2P/direct pointer/read
ts38-master-0:24:931 [3] NCCL INFO Channel 09/0 : 3[3] -> 0[0] via P2P/direct pointer/read
ts38-master-0:24:929 [1] NCCL INFO Channel 09/0 : 1[1] -> 2[2] via P2P/direct pointer/read
ts38-master-0:24:930 [2] NCCL INFO Channel 15/0 : 2[2] -> 3[3] via P2P/direct pointer/read
ts38-master-0:24:928 [0] NCCL INFO Channel 09/0 : 0[0] -> 1[1] via P2P/direct pointer/read
ts38-master-0:24:931 [3] NCCL INFO Channel 10/0 : 3[3] -> 0[0] via P2P/direct pointer/read
ts38-master-0:24:929 [1] NCCL INFO Channel 10/0 : 1[1] -> 2[2] via P2P/direct pointer/read
ts38-master-0:24:930 [2] NCCL INFO Channel 16/0 : 2[2] -> 3[3] via P2P/direct pointer/read
ts38-master-0:24:928 [0] NCCL INFO Channel 10/0 : 0[0] -> 1[1] via P2P/direct pointer/read
ts38-master-0:24:931 [3] NCCL INFO Channel 11/0 : 3[3] -> 0[0] via P2P/direct pointer/read
ts38-master-0:24:929 [1] NCCL INFO Channel 11/0 : 1[1] -> 2[2] via P2P/direct pointer/read
ts38-master-0:24:930 [2] NCCL INFO Channel 17/0 : 2[2] -> 3[3] via P2P/direct pointer/read
ts38-master-0:24:928 [0] NCCL INFO Channel 11/0 : 0[0] -> 1[1] via P2P/direct pointer/read
ts38-master-0:24:931 [3] NCCL INFO Channel 12/0 : 3[3] -> 0[0] via P2P/direct pointer/read
ts38-master-0:24:929 [1] NCCL INFO Channel 12/0 : 1[1] -> 2[2] via P2P/direct pointer/read
ts38-master-0:24:930 [2] NCCL INFO Channel 18/0 : 2[2] -> 3[3] via P2P/direct pointer/read
ts38-master-0:24:928 [0] NCCL INFO Channel 12/0 : 0[0] -> 1[1] via P2P/direct pointer/read
ts38-master-0:24:931 [3] NCCL INFO Channel 13/0 : 3[3] -> 0[0] via P2P/direct pointer/read
ts38-master-0:24:929 [1] NCCL INFO Channel 13/0 : 1[1] -> 2[2] via P2P/direct pointer/read
ts38-master-0:24:930 [2] NCCL INFO Channel 19/0 : 2[2] -> 3[3] via P2P/direct pointer/read
ts38-master-0:24:928 [0] NCCL INFO Channel 13/0 : 0[0] -> 1[1] via P2P/direct pointer/read
ts38-master-0:24:931 [3] NCCL INFO Channel 14/0 : 3[3] -> 0[0] via P2P/direct pointer/read
ts38-master-0:24:929 [1] NCCL INFO Channel 14/0 : 1[1] -> 2[2] via P2P/direct pointer/read
ts38-master-0:24:930 [2] NCCL INFO Channel 20/0 : 2[2] -> 3[3] via P2P/direct pointer/read
ts38-master-0:24:928 [0] NCCL INFO Channel 14/0 : 0[0] -> 1[1] via P2P/direct pointer/read
ts38-master-0:24:929 [1] NCCL INFO Channel 15/0 : 1[1] -> 2[2] via P2P/direct pointer/read
ts38-master-0:24:931 [3] NCCL INFO Channel 15/0 : 3[3] -> 0[0] via P2P/direct pointer/read
ts38-master-0:24:930 [2] NCCL INFO Channel 21/0 : 2[2] -> 3[3] via P2P/direct pointer/read
ts38-master-0:24:928 [0] NCCL INFO Channel 15/0 : 0[0] -> 1[1] via P2P/direct pointer/read
ts38-master-0:24:929 [1] NCCL INFO Channel 16/0 : 1[1] -> 2[2] via P2P/direct pointer/read
ts38-master-0:24:931 [3] NCCL INFO Channel 16/0 : 3[3] -> 0[0] via P2P/direct pointer/read
ts38-master-0:24:928 [0] NCCL INFO Channel 16/0 : 0[0] -> 1[1] via P2P/direct pointer/read
ts38-master-0:24:930 [2] NCCL INFO Channel 22/0 : 2[2] -> 3[3] via P2P/direct pointer/read
ts38-master-0:24:929 [1] NCCL INFO Channel 17/0 : 1[1] -> 2[2] via P2P/direct pointer/read
ts38-master-0:24:931 [3] NCCL INFO Channel 17/0 : 3[3] -> 0[0] via P2P/direct pointer/read
ts38-master-0:24:928 [0] NCCL INFO Channel 17/0 : 0[0] -> 1[1] via P2P/direct pointer/read
ts38-master-0:24:930 [2] NCCL INFO Channel 23/0 : 2[2] -> 3[3] via P2P/direct pointer/read
ts38-master-0:24:929 [1] NCCL INFO Channel 18/0 : 1[1] -> 2[2] via P2P/direct pointer/read
ts38-master-0:24:931 [3] NCCL INFO Channel 18/0 : 3[3] -> 0[0] via P2P/direct pointer/read
ts38-master-0:24:928 [0] NCCL INFO Channel 18/0 : 0[0] -> 1[1] via P2P/direct pointer/read
ts38-master-0:24:929 [1] NCCL INFO Channel 19/0 : 1[1] -> 2[2] via P2P/direct pointer/read
ts38-master-0:24:931 [3] NCCL INFO Channel 19/0 : 3[3] -> 0[0] via P2P/direct pointer/read
ts38-master-0:24:928 [0] NCCL INFO Channel 19/0 : 0[0] -> 1[1] via P2P/direct pointer/read
ts38-master-0:24:929 [1] NCCL INFO Channel 20/0 : 1[1] -> 2[2] via P2P/direct pointer/read
ts38-master-0:24:931 [3] NCCL INFO Channel 20/0 : 3[3] -> 0[0] via P2P/direct pointer/read
ts38-master-0:24:928 [0] NCCL INFO Channel 20/0 : 0[0] -> 1[1] via P2P/direct pointer/read
ts38-master-0:24:929 [1] NCCL INFO Channel 21/0 : 1[1] -> 2[2] via P2P/direct pointer/read
ts38-master-0:24:931 [3] NCCL INFO Channel 21/0 : 3[3] -> 0[0] via P2P/direct pointer/read
ts38-master-0:24:928 [0] NCCL INFO Channel 21/0 : 0[0] -> 1[1] via P2P/direct pointer/read
ts38-master-0:24:929 [1] NCCL INFO Channel 22/0 : 1[1] -> 2[2] via P2P/direct pointer/read
ts38-master-0:24:931 [3] NCCL INFO Channel 22/0 : 3[3] -> 0[0] via P2P/direct pointer/read
ts38-master-0:24:928 [0] NCCL INFO Channel 22/0 : 0[0] -> 1[1] via P2P/direct pointer/read
ts38-master-0:24:929 [1] NCCL INFO Channel 23/0 : 1[1] -> 2[2] via P2P/direct pointer/read
ts38-master-0:24:931 [3] NCCL INFO Channel 23/0 : 3[3] -> 0[0] via P2P/direct pointer/read
ts38-master-0:24:928 [0] NCCL INFO Channel 23/0 : 0[0] -> 1[1] via P2P/direct pointer/read
ts38-master-0:24:928 [0] NCCL INFO Connected all rings
ts38-master-0:24:931 [3] NCCL INFO Connected all rings
ts38-master-0:24:931 [3] NCCL INFO Channel 00/0 : 3[3] -> 2[2] via P2P/direct pointer/read
ts38-master-0:24:929 [1] NCCL INFO Connected all rings
ts38-master-0:24:930 [2] NCCL INFO Connected all rings
ts38-master-0:24:931 [3] NCCL INFO Channel 01/0 : 3[3] -> 2[2] via P2P/direct pointer/read
ts38-master-0:24:931 [3] NCCL INFO Channel 02/0 : 3[3] -> 2[2] via P2P/direct pointer/read
ts38-master-0:24:931 [3] NCCL INFO Channel 03/0 : 3[3] -> 2[2] via P2P/direct pointer/read
ts38-master-0:24:931 [3] NCCL INFO Channel 04/0 : 3[3] -> 2[2] via P2P/direct pointer/read
ts38-master-0:24:931 [3] NCCL INFO Channel 05/0 : 3[3] -> 2[2] via P2P/direct pointer/read
ts38-master-0:24:931 [3] NCCL INFO Channel 06/0 : 3[3] -> 2[2] via P2P/direct pointer/read
ts38-master-0:24:931 [3] NCCL INFO Channel 07/0 : 3[3] -> 2[2] via P2P/direct pointer/read
ts38-master-0:24:931 [3] NCCL INFO Channel 08/0 : 3[3] -> 2[2] via P2P/direct pointer/read
ts38-master-0:24:931 [3] NCCL INFO Channel 09/0 : 3[3] -> 2[2] via P2P/direct pointer/read
ts38-master-0:24:931 [3] NCCL INFO Channel 10/0 : 3[3] -> 2[2] via P2P/direct pointer/read
ts38-master-0:24:931 [3] NCCL INFO Channel 11/0 : 3[3] -> 2[2] via P2P/direct pointer/read
ts38-master-0:24:931 [3] NCCL INFO Channel 12/0 : 3[3] -> 2[2] via P2P/direct pointer/read
ts38-master-0:24:931 [3] NCCL INFO Channel 13/0 : 3[3] -> 2[2] via P2P/direct pointer/read
ts38-master-0:24:931 [3] NCCL INFO Channel 14/0 : 3[3] -> 2[2] via P2P/direct pointer/read
ts38-master-0:24:931 [3] NCCL INFO Channel 15/0 : 3[3] -> 2[2] via P2P/direct pointer/read
ts38-master-0:24:931 [3] NCCL INFO Channel 16/0 : 3[3] -> 2[2] via P2P/direct pointer/read
ts38-master-0:24:931 [3] NCCL INFO Channel 17/0 : 3[3] -> 2[2] via P2P/direct pointer/read
ts38-master-0:24:931 [3] NCCL INFO Channel 18/0 : 3[3] -> 2[2] via P2P/direct pointer/read
ts38-master-0:24:931 [3] NCCL INFO Channel 19/0 : 3[3] -> 2[2] via P2P/direct pointer/read
ts38-master-0:24:931 [3] NCCL INFO Channel 20/0 : 3[3] -> 2[2] via P2P/direct pointer/read
ts38-master-0:24:931 [3] NCCL INFO Channel 21/0 : 3[3] -> 2[2] via P2P/direct pointer/read
ts38-master-0:24:931 [3] NCCL INFO Channel 22/0 : 3[3] -> 2[2] via P2P/direct pointer/read
ts38-master-0:24:931 [3] NCCL INFO Channel 23/0 : 3[3] -> 2[2] via P2P/direct pointer/read
ts38-master-0:24:930 [2] NCCL INFO Channel 00/0 : 2[2] -> 1[1] via P2P/direct pointer/read
ts38-master-0:24:930 [2] NCCL INFO Channel 01/0 : 2[2] -> 1[1] via P2P/direct pointer/read
ts38-master-0:24:929 [1] NCCL INFO Channel 00/0 : 1[1] -> 0[0] via P2P/direct pointer/read
ts38-master-0:24:930 [2] NCCL INFO Channel 02/0 : 2[2] -> 1[1] via P2P/direct pointer/read
ts38-master-0:24:929 [1] NCCL INFO Channel 01/0 : 1[1] -> 0[0] via P2P/direct pointer/read
ts38-master-0:24:930 [2] NCCL INFO Channel 03/0 : 2[2] -> 1[1] via P2P/direct pointer/read
ts38-master-0:24:929 [1] NCCL INFO Channel 02/0 : 1[1] -> 0[0] via P2P/direct pointer/read
ts38-master-0:24:930 [2] NCCL INFO Channel 04/0 : 2[2] -> 1[1] via P2P/direct pointer/read
ts38-master-0:24:929 [1] NCCL INFO Channel 03/0 : 1[1] -> 0[0] via P2P/direct pointer/read
ts38-master-0:24:930 [2] NCCL INFO Channel 05/0 : 2[2] -> 1[1] via P2P/direct pointer/read
ts38-master-0:24:929 [1] NCCL INFO Channel 04/0 : 1[1] -> 0[0] via P2P/direct pointer/read
ts38-master-0:24:930 [2] NCCL INFO Channel 06/0 : 2[2] -> 1[1] via P2P/direct pointer/read
ts38-master-0:24:929 [1] NCCL INFO Channel 05/0 : 1[1] -> 0[0] via P2P/direct pointer/read
ts38-master-0:24:930 [2] NCCL INFO Channel 07/0 : 2[2] -> 1[1] via P2P/direct pointer/read
ts38-master-0:24:929 [1] NCCL INFO Channel 06/0 : 1[1] -> 0[0] via P2P/direct pointer/read
ts38-master-0:24:930 [2] NCCL INFO Channel 08/0 : 2[2] -> 1[1] via P2P/direct pointer/read
ts38-master-0:24:929 [1] NCCL INFO Channel 07/0 : 1[1] -> 0[0] via P2P/direct pointer/read
ts38-master-0:24:930 [2] NCCL INFO Channel 09/0 : 2[2] -> 1[1] via P2P/direct pointer/read
ts38-master-0:24:929 [1] NCCL INFO Channel 08/0 : 1[1] -> 0[0] via P2P/direct pointer/read
ts38-master-0:24:930 [2] NCCL INFO Channel 10/0 : 2[2] -> 1[1] via P2P/direct pointer/read
ts38-master-0:24:929 [1] NCCL INFO Channel 09/0 : 1[1] -> 0[0] via P2P/direct pointer/read
ts38-master-0:24:930 [2] NCCL INFO Channel 11/0 : 2[2] -> 1[1] via P2P/direct pointer/read
ts38-master-0:24:929 [1] NCCL INFO Channel 10/0 : 1[1] -> 0[0] via P2P/direct pointer/read
ts38-master-0:24:930 [2] NCCL INFO Channel 12/0 : 2[2] -> 1[1] via P2P/direct pointer/read
ts38-master-0:24:929 [1] NCCL INFO Channel 11/0 : 1[1] -> 0[0] via P2P/direct pointer/read
ts38-master-0:24:930 [2] NCCL INFO Channel 13/0 : 2[2] -> 1[1] via P2P/direct pointer/read
ts38-master-0:24:929 [1] NCCL INFO Channel 12/0 : 1[1] -> 0[0] via P2P/direct pointer/read
ts38-master-0:24:930 [2] NCCL INFO Channel 14/0 : 2[2] -> 1[1] via P2P/direct pointer/read
ts38-master-0:24:929 [1] NCCL INFO Channel 13/0 : 1[1] -> 0[0] via P2P/direct pointer/read
ts38-master-0:24:930 [2] NCCL INFO Channel 15/0 : 2[2] -> 1[1] via P2P/direct pointer/read
ts38-master-0:24:929 [1] NCCL INFO Channel 14/0 : 1[1] -> 0[0] via P2P/direct pointer/read
ts38-master-0:24:930 [2] NCCL INFO Channel 16/0 : 2[2] -> 1[1] via P2P/direct pointer/read
ts38-master-0:24:929 [1] NCCL INFO Channel 15/0 : 1[1] -> 0[0] via P2P/direct pointer/read
ts38-master-0:24:930 [2] NCCL INFO Channel 17/0 : 2[2] -> 1[1] via P2P/direct pointer/read
ts38-master-0:24:929 [1] NCCL INFO Channel 16/0 : 1[1] -> 0[0] via P2P/direct pointer/read
ts38-master-0:24:930 [2] NCCL INFO Channel 18/0 : 2[2] -> 1[1] via P2P/direct pointer/read
ts38-master-0:24:929 [1] NCCL INFO Channel 17/0 : 1[1] -> 0[0] via P2P/direct pointer/read
ts38-master-0:24:930 [2] NCCL INFO Channel 19/0 : 2[2] -> 1[1] via P2P/direct pointer/read
ts38-master-0:24:929 [1] NCCL INFO Channel 18/0 : 1[1] -> 0[0] via P2P/direct pointer/read
ts38-master-0:24:930 [2] NCCL INFO Channel 20/0 : 2[2] -> 1[1] via P2P/direct pointer/read
ts38-master-0:24:929 [1] NCCL INFO Channel 19/0 : 1[1] -> 0[0] via P2P/direct pointer/read
ts38-master-0:24:930 [2] NCCL INFO Channel 21/0 : 2[2] -> 1[1] via P2P/direct pointer/read
ts38-master-0:24:929 [1] NCCL INFO Channel 20/0 : 1[1] -> 0[0] via P2P/direct pointer/read
ts38-master-0:24:930 [2] NCCL INFO Channel 22/0 : 2[2] -> 1[1] via P2P/direct pointer/read
ts38-master-0:24:929 [1] NCCL INFO Channel 21/0 : 1[1] -> 0[0] via P2P/direct pointer/read
ts38-master-0:24:930 [2] NCCL INFO Channel 23/0 : 2[2] -> 1[1] via P2P/direct pointer/read
ts38-master-0:24:929 [1] NCCL INFO Channel 22/0 : 1[1] -> 0[0] via P2P/direct pointer/read
ts38-master-0:24:929 [1] NCCL INFO Channel 23/0 : 1[1] -> 0[0] via P2P/direct pointer/read
ts38-master-0:24:931 [3] NCCL INFO Connected all trees
ts38-master-0:24:931 [3] NCCL INFO threadThresholds 8/8/64 | 32/8/64 | 512 | 512
ts38-master-0:24:931 [3] NCCL INFO 24 coll channels, 0 collnet channels, 0 nvls channels, 32 p2p channels, 32 p2p channels per peer
ts38-master-0:24:928 [0] NCCL INFO Connected all trees
ts38-master-0:24:930 [2] NCCL INFO Connected all trees
ts38-master-0:24:929 [1] NCCL INFO Connected all trees
ts38-master-0:24:930 [2] NCCL INFO threadThresholds 8/8/64 | 32/8/64 | 512 | 512
ts38-master-0:24:928 [0] NCCL INFO threadThresholds 8/8/64 | 32/8/64 | 512 | 512
ts38-master-0:24:929 [1] NCCL INFO threadThresholds 8/8/64 | 32/8/64 | 512 | 512
ts38-master-0:24:928 [0] NCCL INFO 24 coll channels, 0 collnet channels, 0 nvls channels, 32 p2p channels, 32 p2p channels per peer
ts38-master-0:24:930 [2] NCCL INFO 24 coll channels, 0 collnet channels, 0 nvls channels, 32 p2p channels, 32 p2p channels per peer
ts38-master-0:24:929 [1] NCCL INFO 24 coll channels, 0 collnet channels, 0 nvls channels, 32 p2p channels, 32 p2p channels per peer
ts38-master-0:24:930 [2] NCCL INFO comm 0xf86a2f0 rank 2 nranks 4 cudaDev 2 nvmlDev 2 busId 65000 commId 0x59713a5d8490d3e - Init COMPLETE
ts38-master-0:24:929 [1] NCCL INFO comm 0xf8655e0 rank 1 nranks 4 cudaDev 1 nvmlDev 1 busId 63000 commId 0x59713a5d8490d3e - Init COMPLETE
ts38-master-0:24:931 [3] NCCL INFO comm 0xf86f000 rank 3 nranks 4 cudaDev 3 nvmlDev 3 busId 67000 commId 0x59713a5d8490d3e - Init COMPLETE
ts38-master-0:24:928 [0] NCCL INFO comm 0xf85eb50 rank 0 nranks 4 cudaDev 0 nvmlDev 0 busId 61000 commId 0x59713a5d8490d3e - Init COMPLETE
	iters: 100, epoch: 1 | loss: 0.3214734
	speed: 0.0876s/iter; left time: 989.3582s
	iters: 200, epoch: 1 | loss: 0.2563313
	speed: 0.0628s/iter; left time: 702.4602s
	iters: 300, epoch: 1 | loss: 0.2849945
	speed: 0.0618s/iter; left time: 685.5979s
	iters: 400, epoch: 1 | loss: 0.2595585
	speed: 0.0627s/iter; left time: 688.7221s
	iters: 500, epoch: 1 | loss: 0.2623810
	speed: 0.0641s/iter; left time: 697.5737s
	iters: 600, epoch: 1 | loss: 0.2559427
	speed: 0.0624s/iter; left time: 673.1927s
	iters: 700, epoch: 1 | loss: 0.2599773
	speed: 0.0624s/iter; left time: 667.2541s
	iters: 800, epoch: 1 | loss: 0.3199177
	speed: 0.0628s/iter; left time: 665.4463s
	iters: 900, epoch: 1 | loss: 0.2941000
	speed: 0.0629s/iter; left time: 659.4650s
	iters: 1000, epoch: 1 | loss: 0.2564341
	speed: 0.0622s/iter; left time: 646.0140s
	iters: 1100, epoch: 1 | loss: 0.2500288
	speed: 0.0622s/iter; left time: 640.1726s
Epoch: 1 cost time: 73.8303599357605
ts38-master-0:24:7129 [0] NCCL INFO Using non-device net plugin version 0
ts38-master-0:24:7129 [0] NCCL INFO Using network Socket
ts38-master-0:24:7131 [2] NCCL INFO Using non-device net plugin version 0
ts38-master-0:24:7130 [1] NCCL INFO Using non-device net plugin version 0
ts38-master-0:24:7131 [2] NCCL INFO Using network Socket
ts38-master-0:24:7130 [1] NCCL INFO Using network Socket
ts38-master-0:24:7130 [1] NCCL INFO comm 0x12953640 rank 1 nranks 3 cudaDev 1 nvmlDev 1 busId 63000 commId 0xcdffee1bb45b090b - Init START
ts38-master-0:24:7131 [2] NCCL INFO comm 0x1295d090 rank 2 nranks 3 cudaDev 2 nvmlDev 2 busId 65000 commId 0xcdffee1bb45b090b - Init START
ts38-master-0:24:7129 [0] NCCL INFO comm 0x129670c0 rank 0 nranks 3 cudaDev 0 nvmlDev 0 busId 61000 commId 0xcdffee1bb45b090b - Init START
ts38-master-0:24:7129 [0] NCCL INFO Setting affinity for GPU 0 to 03ffffff,ffffffff
ts38-master-0:24:7129 [0] NCCL INFO NVLS multicast support is not available on dev 0
ts38-master-0:24:7130 [1] NCCL INFO Setting affinity for GPU 1 to 03ffffff,ffffffff
ts38-master-0:24:7130 [1] NCCL INFO NVLS multicast support is not available on dev 1
ts38-master-0:24:7131 [2] NCCL INFO Setting affinity for GPU 2 to 03ffffff,ffffffff
ts38-master-0:24:7131 [2] NCCL INFO NVLS multicast support is not available on dev 2
ts38-master-0:24:7131 [2] NCCL INFO comm 0x1295d090 rank 2 nRanks 3 nNodes 1 localRanks 3 localRank 2 MNNVL 0
ts38-master-0:24:7129 [0] NCCL INFO comm 0x129670c0 rank 0 nRanks 3 nNodes 1 localRanks 3 localRank 0 MNNVL 0
ts38-master-0:24:7130 [1] NCCL INFO comm 0x12953640 rank 1 nRanks 3 nNodes 1 localRanks 3 localRank 1 MNNVL 0
ts38-master-0:24:7131 [2] NCCL INFO Trees [0] -1/-1/-1->2->1 [1] -1/-1/-1->2->1 [2] -1/-1/-1->2->1 [3] -1/-1/-1->2->1 [4] -1/-1/-1->2->1 [5] -1/-1/-1->2->1 [6] -1/-1/-1->2->1 [7] -1/-1/-1->2->1 [8] -1/-1/-1->2->1 [9] -1/-1/-1->2->1 [10] -1/-1/-1->2->1 [11] -1/-1/-1->2->1 [12] -1/-1/-1->2->1 [13] -1/-1/-1->2->1 [14] -1/-1/-1->2->1 [15] -1/-1/-1->2->1 [16] -1/-1/-1->2->1 [17] -1/-1/-1->2->1 [18] -1/-1/-1->2->1 [19] -1/-1/-1->2->1 [20] -1/-1/-1->2->1 [21] -1/-1/-1->2->1 [22] -1/-1/-1->2->1 [23] -1/-1/-1->2->1
ts38-master-0:24:7131 [2] NCCL INFO P2P Chunksize set to 524288
ts38-master-0:24:7129 [0] NCCL INFO Channel 00/24 :    0   1   2
ts38-master-0:24:7129 [0] NCCL INFO Channel 01/24 :    0   1   2
ts38-master-0:24:7129 [0] NCCL INFO Channel 02/24 :    0   1   2
ts38-master-0:24:7129 [0] NCCL INFO Channel 03/24 :    0   1   2
ts38-master-0:24:7129 [0] NCCL INFO Channel 04/24 :    0   1   2
ts38-master-0:24:7130 [1] NCCL INFO Trees [0] 2/-1/-1->1->0 [1] 2/-1/-1->1->0 [2] 2/-1/-1->1->0 [3] 2/-1/-1->1->0 [4] 2/-1/-1->1->0 [5] 2/-1/-1->1->0 [6] 2/-1/-1->1->0 [7] 2/-1/-1->1->0 [8] 2/-1/-1->1->0 [9] 2/-1/-1->1->0 [10] 2/-1/-1->1->0 [11] 2/-1/-1->1->0 [12] 2/-1/-1->1->0 [13] 2/-1/-1->1->0 [14] 2/-1/-1->1->0 [15] 2/-1/-1->1->0 [16] 2/-1/-1->1->0 [17] 2/-1/-1->1->0 [18] 2/-1/-1->1->0 [19] 2/-1/-1->1->0 [20] 2/-1/-1->1->0 [21] 2/-1/-1->1->0 [22] 2/-1/-1->1->0 [23] 2/-1/-1->1->0
ts38-master-0:24:7129 [0] NCCL INFO Channel 05/24 :    0   1   2
ts38-master-0:24:7129 [0] NCCL INFO Channel 06/24 :    0   1   2
ts38-master-0:24:7129 [0] NCCL INFO Channel 07/24 :    0   1   2
ts38-master-0:24:7129 [0] NCCL INFO Channel 08/24 :    0   1   2
ts38-master-0:24:7129 [0] NCCL INFO Channel 09/24 :    0   1   2
ts38-master-0:24:7129 [0] NCCL INFO Channel 10/24 :    0   1   2
ts38-master-0:24:7129 [0] NCCL INFO Channel 11/24 :    0   1   2
ts38-master-0:24:7129 [0] NCCL INFO Channel 12/24 :    0   1   2
ts38-master-0:24:7129 [0] NCCL INFO Channel 13/24 :    0   1   2
ts38-master-0:24:7129 [0] NCCL INFO Channel 14/24 :    0   1   2
ts38-master-0:24:7129 [0] NCCL INFO Channel 15/24 :    0   1   2
ts38-master-0:24:7129 [0] NCCL INFO Channel 16/24 :    0   1   2
ts38-master-0:24:7129 [0] NCCL INFO Channel 17/24 :    0   1   2
ts38-master-0:24:7129 [0] NCCL INFO Channel 18/24 :    0   1   2
ts38-master-0:24:7129 [0] NCCL INFO Channel 19/24 :    0   1   2
ts38-master-0:24:7129 [0] NCCL INFO Channel 20/24 :    0   1   2
ts38-master-0:24:7129 [0] NCCL INFO Channel 21/24 :    0   1   2
ts38-master-0:24:7129 [0] NCCL INFO Channel 22/24 :    0   1   2
ts38-master-0:24:7129 [0] NCCL INFO Channel 23/24 :    0   1   2
ts38-master-0:24:7130 [1] NCCL INFO P2P Chunksize set to 524288
ts38-master-0:24:7129 [0] NCCL INFO Trees [0] 1/-1/-1->0->-1 [1] 1/-1/-1->0->-1 [2] 1/-1/-1->0->-1 [3] 1/-1/-1->0->-1 [4] 1/-1/-1->0->-1 [5] 1/-1/-1->0->-1 [6] 1/-1/-1->0->-1 [7] 1/-1/-1->0->-1 [8] 1/-1/-1->0->-1 [9] 1/-1/-1->0->-1 [10] 1/-1/-1->0->-1 [11] 1/-1/-1->0->-1 [12] 1/-1/-1->0->-1 [13] 1/-1/-1->0->-1 [14] 1/-1/-1->0->-1 [15] 1/-1/-1->0->-1 [16] 1/-1/-1->0->-1 [17] 1/-1/-1->0->-1 [18] 1/-1/-1->0->-1 [19] 1/-1/-1->0->-1 [20] 1/-1/-1->0->-1 [21] 1/-1/-1->0->-1 [22] 1/-1/-1->0->-1 [23] 1/-1/-1->0->-1
ts38-master-0:24:7129 [0] NCCL INFO P2P Chunksize set to 524288
ts38-master-0:24:7129 [0] NCCL INFO Channel 00/0 : 0[0] -> 1[1] via P2P/direct pointer/read
ts38-master-0:24:7131 [2] NCCL INFO Channel 00/0 : 2[2] -> 0[0] via P2P/direct pointer/read
ts38-master-0:24:7130 [1] NCCL INFO Channel 00/0 : 1[1] -> 2[2] via P2P/direct pointer/read
ts38-master-0:24:7129 [0] NCCL INFO Channel 01/0 : 0[0] -> 1[1] via P2P/direct pointer/read
ts38-master-0:24:7131 [2] NCCL INFO Channel 01/0 : 2[2] -> 0[0] via P2P/direct pointer/read
ts38-master-0:24:7130 [1] NCCL INFO Channel 01/0 : 1[1] -> 2[2] via P2P/direct pointer/read
ts38-master-0:24:7129 [0] NCCL INFO Channel 02/0 : 0[0] -> 1[1] via P2P/direct pointer/read
ts38-master-0:24:7131 [2] NCCL INFO Channel 02/0 : 2[2] -> 0[0] via P2P/direct pointer/read
ts38-master-0:24:7130 [1] NCCL INFO Channel 02/0 : 1[1] -> 2[2] via P2P/direct pointer/read
ts38-master-0:24:7131 [2] NCCL INFO Channel 03/0 : 2[2] -> 0[0] via P2P/direct pointer/read
ts38-master-0:24:7129 [0] NCCL INFO Channel 03/0 : 0[0] -> 1[1] via P2P/direct pointer/read
ts38-master-0:24:7130 [1] NCCL INFO Channel 03/0 : 1[1] -> 2[2] via P2P/direct pointer/read
ts38-master-0:24:7131 [2] NCCL INFO Channel 04/0 : 2[2] -> 0[0] via P2P/direct pointer/read
ts38-master-0:24:7129 [0] NCCL INFO Channel 04/0 : 0[0] -> 1[1] via P2P/direct pointer/read
ts38-master-0:24:7130 [1] NCCL INFO Channel 04/0 : 1[1] -> 2[2] via P2P/direct pointer/read
ts38-master-0:24:7131 [2] NCCL INFO Channel 05/0 : 2[2] -> 0[0] via P2P/direct pointer/read
ts38-master-0:24:7129 [0] NCCL INFO Channel 05/0 : 0[0] -> 1[1] via P2P/direct pointer/read
ts38-master-0:24:7130 [1] NCCL INFO Channel 05/0 : 1[1] -> 2[2] via P2P/direct pointer/read
ts38-master-0:24:7131 [2] NCCL INFO Channel 06/0 : 2[2] -> 0[0] via P2P/direct pointer/read
ts38-master-0:24:7129 [0] NCCL INFO Channel 06/0 : 0[0] -> 1[1] via P2P/direct pointer/read
ts38-master-0:24:7130 [1] NCCL INFO Channel 06/0 : 1[1] -> 2[2] via P2P/direct pointer/read
ts38-master-0:24:7131 [2] NCCL INFO Channel 07/0 : 2[2] -> 0[0] via P2P/direct pointer/read
ts38-master-0:24:7129 [0] NCCL INFO Channel 07/0 : 0[0] -> 1[1] via P2P/direct pointer/read
ts38-master-0:24:7130 [1] NCCL INFO Channel 07/0 : 1[1] -> 2[2] via P2P/direct pointer/read
ts38-master-0:24:7131 [2] NCCL INFO Channel 08/0 : 2[2] -> 0[0] via P2P/direct pointer/read
ts38-master-0:24:7129 [0] NCCL INFO Channel 08/0 : 0[0] -> 1[1] via P2P/direct pointer/read
ts38-master-0:24:7130 [1] NCCL INFO Channel 08/0 : 1[1] -> 2[2] via P2P/direct pointer/read
ts38-master-0:24:7131 [2] NCCL INFO Channel 09/0 : 2[2] -> 0[0] via P2P/direct pointer/read
ts38-master-0:24:7129 [0] NCCL INFO Channel 09/0 : 0[0] -> 1[1] via P2P/direct pointer/read
ts38-master-0:24:7130 [1] NCCL INFO Channel 09/0 : 1[1] -> 2[2] via P2P/direct pointer/read
ts38-master-0:24:7131 [2] NCCL INFO Channel 10/0 : 2[2] -> 0[0] via P2P/direct pointer/read
ts38-master-0:24:7129 [0] NCCL INFO Channel 10/0 : 0[0] -> 1[1] via P2P/direct pointer/read
ts38-master-0:24:7130 [1] NCCL INFO Channel 10/0 : 1[1] -> 2[2] via P2P/direct pointer/read
ts38-master-0:24:7131 [2] NCCL INFO Channel 11/0 : 2[2] -> 0[0] via P2P/direct pointer/read
ts38-master-0:24:7129 [0] NCCL INFO Channel 11/0 : 0[0] -> 1[1] via P2P/direct pointer/read
ts38-master-0:24:7130 [1] NCCL INFO Channel 11/0 : 1[1] -> 2[2] via P2P/direct pointer/read
ts38-master-0:24:7131 [2] NCCL INFO Channel 12/0 : 2[2] -> 0[0] via P2P/direct pointer/read
ts38-master-0:24:7129 [0] NCCL INFO Channel 12/0 : 0[0] -> 1[1] via P2P/direct pointer/read
ts38-master-0:24:7130 [1] NCCL INFO Channel 12/0 : 1[1] -> 2[2] via P2P/direct pointer/read
ts38-master-0:24:7131 [2] NCCL INFO Channel 13/0 : 2[2] -> 0[0] via P2P/direct pointer/read
ts38-master-0:24:7129 [0] NCCL INFO Channel 13/0 : 0[0] -> 1[1] via P2P/direct pointer/read
ts38-master-0:24:7130 [1] NCCL INFO Channel 13/0 : 1[1] -> 2[2] via P2P/direct pointer/read
ts38-master-0:24:7131 [2] NCCL INFO Channel 14/0 : 2[2] -> 0[0] via P2P/direct pointer/read
ts38-master-0:24:7129 [0] NCCL INFO Channel 14/0 : 0[0] -> 1[1] via P2P/direct pointer/read
ts38-master-0:24:7130 [1] NCCL INFO Channel 14/0 : 1[1] -> 2[2] via P2P/direct pointer/read
ts38-master-0:24:7131 [2] NCCL INFO Channel 15/0 : 2[2] -> 0[0] via P2P/direct pointer/read
ts38-master-0:24:7129 [0] NCCL INFO Channel 15/0 : 0[0] -> 1[1] via P2P/direct pointer/read
ts38-master-0:24:7130 [1] NCCL INFO Channel 15/0 : 1[1] -> 2[2] via P2P/direct pointer/read
ts38-master-0:24:7131 [2] NCCL INFO Channel 16/0 : 2[2] -> 0[0] via P2P/direct pointer/read
ts38-master-0:24:7129 [0] NCCL INFO Channel 16/0 : 0[0] -> 1[1] via P2P/direct pointer/read
ts38-master-0:24:7130 [1] NCCL INFO Channel 16/0 : 1[1] -> 2[2] via P2P/direct pointer/read
ts38-master-0:24:7131 [2] NCCL INFO Channel 17/0 : 2[2] -> 0[0] via P2P/direct pointer/read
ts38-master-0:24:7129 [0] NCCL INFO Channel 17/0 : 0[0] -> 1[1] via P2P/direct pointer/read
ts38-master-0:24:7130 [1] NCCL INFO Channel 17/0 : 1[1] -> 2[2] via P2P/direct pointer/read
ts38-master-0:24:7131 [2] NCCL INFO Channel 18/0 : 2[2] -> 0[0] via P2P/direct pointer/read
ts38-master-0:24:7129 [0] NCCL INFO Channel 18/0 : 0[0] -> 1[1] via P2P/direct pointer/read
ts38-master-0:24:7130 [1] NCCL INFO Channel 18/0 : 1[1] -> 2[2] via P2P/direct pointer/read
ts38-master-0:24:7131 [2] NCCL INFO Channel 19/0 : 2[2] -> 0[0] via P2P/direct pointer/read
ts38-master-0:24:7129 [0] NCCL INFO Channel 19/0 : 0[0] -> 1[1] via P2P/direct pointer/read
ts38-master-0:24:7130 [1] NCCL INFO Channel 19/0 : 1[1] -> 2[2] via P2P/direct pointer/read
ts38-master-0:24:7131 [2] NCCL INFO Channel 20/0 : 2[2] -> 0[0] via P2P/direct pointer/read
ts38-master-0:24:7129 [0] NCCL INFO Channel 20/0 : 0[0] -> 1[1] via P2P/direct pointer/read
ts38-master-0:24:7130 [1] NCCL INFO Channel 20/0 : 1[1] -> 2[2] via P2P/direct pointer/read
ts38-master-0:24:7131 [2] NCCL INFO Channel 21/0 : 2[2] -> 0[0] via P2P/direct pointer/read
ts38-master-0:24:7129 [0] NCCL INFO Channel 21/0 : 0[0] -> 1[1] via P2P/direct pointer/read
ts38-master-0:24:7130 [1] NCCL INFO Channel 21/0 : 1[1] -> 2[2] via P2P/direct pointer/read
ts38-master-0:24:7131 [2] NCCL INFO Channel 22/0 : 2[2] -> 0[0] via P2P/direct pointer/read
ts38-master-0:24:7129 [0] NCCL INFO Channel 22/0 : 0[0] -> 1[1] via P2P/direct pointer/read
ts38-master-0:24:7130 [1] NCCL INFO Channel 22/0 : 1[1] -> 2[2] via P2P/direct pointer/read
ts38-master-0:24:7131 [2] NCCL INFO Channel 23/0 : 2[2] -> 0[0] via P2P/direct pointer/read
ts38-master-0:24:7129 [0] NCCL INFO Channel 23/0 : 0[0] -> 1[1] via P2P/direct pointer/read
ts38-master-0:24:7130 [1] NCCL INFO Channel 23/0 : 1[1] -> 2[2] via P2P/direct pointer/read
ts38-master-0:24:7131 [2] NCCL INFO Connected all rings
ts38-master-0:24:7131 [2] NCCL INFO Channel 00/0 : 2[2] -> 1[1] via P2P/direct pointer/read
ts38-master-0:24:7129 [0] NCCL INFO Connected all rings
ts38-master-0:24:7130 [1] NCCL INFO Connected all rings
ts38-master-0:24:7131 [2] NCCL INFO Channel 01/0 : 2[2] -> 1[1] via P2P/direct pointer/read
ts38-master-0:24:7131 [2] NCCL INFO Channel 02/0 : 2[2] -> 1[1] via P2P/direct pointer/read
ts38-master-0:24:7131 [2] NCCL INFO Channel 03/0 : 2[2] -> 1[1] via P2P/direct pointer/read
ts38-master-0:24:7131 [2] NCCL INFO Channel 04/0 : 2[2] -> 1[1] via P2P/direct pointer/read
ts38-master-0:24:7131 [2] NCCL INFO Channel 05/0 : 2[2] -> 1[1] via P2P/direct pointer/read
ts38-master-0:24:7131 [2] NCCL INFO Channel 06/0 : 2[2] -> 1[1] via P2P/direct pointer/read
ts38-master-0:24:7131 [2] NCCL INFO Channel 07/0 : 2[2] -> 1[1] via P2P/direct pointer/read
ts38-master-0:24:7131 [2] NCCL INFO Channel 08/0 : 2[2] -> 1[1] via P2P/direct pointer/read
ts38-master-0:24:7131 [2] NCCL INFO Channel 09/0 : 2[2] -> 1[1] via P2P/direct pointer/read
ts38-master-0:24:7131 [2] NCCL INFO Channel 10/0 : 2[2] -> 1[1] via P2P/direct pointer/read
ts38-master-0:24:7131 [2] NCCL INFO Channel 11/0 : 2[2] -> 1[1] via P2P/direct pointer/read
ts38-master-0:24:7131 [2] NCCL INFO Channel 12/0 : 2[2] -> 1[1] via P2P/direct pointer/read
ts38-master-0:24:7131 [2] NCCL INFO Channel 13/0 : 2[2] -> 1[1] via P2P/direct pointer/read
ts38-master-0:24:7131 [2] NCCL INFO Channel 14/0 : 2[2] -> 1[1] via P2P/direct pointer/read
ts38-master-0:24:7131 [2] NCCL INFO Channel 15/0 : 2[2] -> 1[1] via P2P/direct pointer/read
ts38-master-0:24:7131 [2] NCCL INFO Channel 16/0 : 2[2] -> 1[1] via P2P/direct pointer/read
ts38-master-0:24:7131 [2] NCCL INFO Channel 17/0 : 2[2] -> 1[1] via P2P/direct pointer/read
ts38-master-0:24:7131 [2] NCCL INFO Channel 18/0 : 2[2] -> 1[1] via P2P/direct pointer/read
ts38-master-0:24:7131 [2] NCCL INFO Channel 19/0 : 2[2] -> 1[1] via P2P/direct pointer/read
ts38-master-0:24:7131 [2] NCCL INFO Channel 20/0 : 2[2] -> 1[1] via P2P/direct pointer/read
ts38-master-0:24:7131 [2] NCCL INFO Channel 21/0 : 2[2] -> 1[1] via P2P/direct pointer/read
ts38-master-0:24:7131 [2] NCCL INFO Channel 22/0 : 2[2] -> 1[1] via P2P/direct pointer/read
ts38-master-0:24:7131 [2] NCCL INFO Channel 23/0 : 2[2] -> 1[1] via P2P/direct pointer/read
ts38-master-0:24:7130 [1] NCCL INFO Channel 00/0 : 1[1] -> 0[0] via P2P/direct pointer/read
ts38-master-0:24:7130 [1] NCCL INFO Channel 01/0 : 1[1] -> 0[0] via P2P/direct pointer/read
ts38-master-0:24:7130 [1] NCCL INFO Channel 02/0 : 1[1] -> 0[0] via P2P/direct pointer/read
ts38-master-0:24:7130 [1] NCCL INFO Channel 03/0 : 1[1] -> 0[0] via P2P/direct pointer/read
ts38-master-0:24:7130 [1] NCCL INFO Channel 04/0 : 1[1] -> 0[0] via P2P/direct pointer/read
ts38-master-0:24:7130 [1] NCCL INFO Channel 05/0 : 1[1] -> 0[0] via P2P/direct pointer/read
ts38-master-0:24:7130 [1] NCCL INFO Channel 06/0 : 1[1] -> 0[0] via P2P/direct pointer/read
ts38-master-0:24:7130 [1] NCCL INFO Channel 07/0 : 1[1] -> 0[0] via P2P/direct pointer/read
ts38-master-0:24:7130 [1] NCCL INFO Channel 08/0 : 1[1] -> 0[0] via P2P/direct pointer/read
ts38-master-0:24:7130 [1] NCCL INFO Channel 09/0 : 1[1] -> 0[0] via P2P/direct pointer/read
ts38-master-0:24:7130 [1] NCCL INFO Channel 10/0 : 1[1] -> 0[0] via P2P/direct pointer/read
ts38-master-0:24:7130 [1] NCCL INFO Channel 11/0 : 1[1] -> 0[0] via P2P/direct pointer/read
ts38-master-0:24:7130 [1] NCCL INFO Channel 12/0 : 1[1] -> 0[0] via P2P/direct pointer/read
ts38-master-0:24:7130 [1] NCCL INFO Channel 13/0 : 1[1] -> 0[0] via P2P/direct pointer/read
ts38-master-0:24:7130 [1] NCCL INFO Channel 14/0 : 1[1] -> 0[0] via P2P/direct pointer/read
ts38-master-0:24:7130 [1] NCCL INFO Channel 15/0 : 1[1] -> 0[0] via P2P/direct pointer/read
ts38-master-0:24:7130 [1] NCCL INFO Channel 16/0 : 1[1] -> 0[0] via P2P/direct pointer/read
ts38-master-0:24:7130 [1] NCCL INFO Channel 17/0 : 1[1] -> 0[0] via P2P/direct pointer/read
ts38-master-0:24:7130 [1] NCCL INFO Channel 18/0 : 1[1] -> 0[0] via P2P/direct pointer/read
ts38-master-0:24:7130 [1] NCCL INFO Channel 19/0 : 1[1] -> 0[0] via P2P/direct pointer/read
ts38-master-0:24:7130 [1] NCCL INFO Channel 20/0 : 1[1] -> 0[0] via P2P/direct pointer/read
ts38-master-0:24:7130 [1] NCCL INFO Channel 21/0 : 1[1] -> 0[0] via P2P/direct pointer/read
ts38-master-0:24:7130 [1] NCCL INFO Channel 22/0 : 1[1] -> 0[0] via P2P/direct pointer/read
ts38-master-0:24:7130 [1] NCCL INFO Channel 23/0 : 1[1] -> 0[0] via P2P/direct pointer/read
ts38-master-0:24:7129 [0] NCCL INFO Connected all trees
ts38-master-0:24:7131 [2] NCCL INFO Connected all trees
ts38-master-0:24:7130 [1] NCCL INFO Connected all trees
ts38-master-0:24:7129 [0] NCCL INFO threadThresholds 8/8/64 | 24/8/64 | 512 | 512
ts38-master-0:24:7130 [1] NCCL INFO threadThresholds 8/8/64 | 24/8/64 | 512 | 512
ts38-master-0:24:7130 [1] NCCL INFO 24 coll channels, 0 collnet channels, 0 nvls channels, 32 p2p channels, 32 p2p channels per peer
ts38-master-0:24:7131 [2] NCCL INFO threadThresholds 8/8/64 | 24/8/64 | 512 | 512
ts38-master-0:24:7131 [2] NCCL INFO 24 coll channels, 0 collnet channels, 0 nvls channels, 32 p2p channels, 32 p2p channels per peer
ts38-master-0:24:7129 [0] NCCL INFO 24 coll channels, 0 collnet channels, 0 nvls channels, 32 p2p channels, 32 p2p channels per peer
ts38-master-0:24:7129 [0] NCCL INFO comm 0x129670c0 rank 0 nranks 3 cudaDev 0 nvmlDev 0 busId 61000 commId 0xcdffee1bb45b090b - Init COMPLETE
ts38-master-0:24:7130 [1] NCCL INFO comm 0x12953640 rank 1 nranks 3 cudaDev 1 nvmlDev 1 busId 63000 commId 0xcdffee1bb45b090b - Init COMPLETE
ts38-master-0:24:7131 [2] NCCL INFO comm 0x1295d090 rank 2 nranks 3 cudaDev 2 nvmlDev 2 busId 65000 commId 0xcdffee1bb45b090b - Init COMPLETE
Epoch: 1, Steps: 1139 | Train Loss: 0.2895831 Vali Loss: 0.1761750 Test Loss: 0.1980512
Validation loss decreased (inf --> 0.176175).  Saving model ...
Updating learning rate to 0.0001
	iters: 100, epoch: 2 | loss: 0.3343394
	speed: 0.2502s/iter; left time: 2540.3945s
	iters: 200, epoch: 2 | loss: 0.2785312
	speed: 0.0623s/iter; left time: 626.1388s
	iters: 300, epoch: 2 | loss: 0.2738186
	speed: 0.0625s/iter; left time: 622.4113s
	iters: 400, epoch: 2 | loss: 0.2755125
	speed: 0.0623s/iter; left time: 614.1467s
	iters: 500, epoch: 2 | loss: 0.2519025
	speed: 0.0627s/iter; left time: 611.8576s
	iters: 600, epoch: 2 | loss: 0.2732522
	speed: 0.0625s/iter; left time: 603.5605s
	iters: 700, epoch: 2 | loss: 0.2811874
	speed: 0.0639s/iter; left time: 610.1021s
	iters: 800, epoch: 2 | loss: 0.2727842
	speed: 0.0625s/iter; left time: 590.6814s
	iters: 900, epoch: 2 | loss: 0.2494097
	speed: 0.0632s/iter; left time: 590.6982s
	iters: 1000, epoch: 2 | loss: 0.2836182
	speed: 0.0634s/iter; left time: 587.0186s
	iters: 1100, epoch: 2 | loss: 0.2537853
	speed: 0.0629s/iter; left time: 575.6370s
Epoch: 2 cost time: 72.11112451553345
Epoch: 2, Steps: 1139 | Train Loss: 0.2666832 Vali Loss: 0.1663435 Test Loss: 0.1873927
Validation loss decreased (0.176175 --> 0.166343).  Saving model ...
Updating learning rate to 5e-05
	iters: 100, epoch: 3 | loss: 0.2155178
	speed: 0.2878s/iter; left time: 2593.5008s
	iters: 200, epoch: 3 | loss: 0.2366559
	speed: 0.0640s/iter; left time: 570.6436s
	iters: 300, epoch: 3 | loss: 0.2618649
	speed: 0.0624s/iter; left time: 549.6092s
	iters: 400, epoch: 3 | loss: 0.2504365
	speed: 0.0626s/iter; left time: 545.5390s
	iters: 500, epoch: 3 | loss: 0.2294723
	speed: 0.0628s/iter; left time: 540.6201s
	iters: 600, epoch: 3 | loss: 0.2257403
	speed: 0.0632s/iter; left time: 537.9550s
	iters: 700, epoch: 3 | loss: 0.2247502
	speed: 0.0636s/iter; left time: 535.2760s
	iters: 800, epoch: 3 | loss: 0.2522197
	speed: 0.0635s/iter; left time: 527.6664s
	iters: 900, epoch: 3 | loss: 0.2869022
	speed: 0.0632s/iter; left time: 519.2825s
	iters: 1000, epoch: 3 | loss: 0.2323754
	speed: 0.0627s/iter; left time: 509.0114s
	iters: 1100, epoch: 3 | loss: 0.2761272
	speed: 0.0635s/iter; left time: 508.6114s
Epoch: 3 cost time: 72.32436943054199
Epoch: 3, Steps: 1139 | Train Loss: 0.2581768 Vali Loss: 0.1639540 Test Loss: 0.1870706
Validation loss decreased (0.166343 --> 0.163954).  Saving model ...
Updating learning rate to 2.5e-05
	iters: 100, epoch: 4 | loss: 0.2435130
	speed: 0.2512s/iter; left time: 1977.6055s
	iters: 200, epoch: 4 | loss: 0.2522382
	speed: 0.0644s/iter; left time: 500.5382s
	iters: 300, epoch: 4 | loss: 0.2289272
	speed: 0.0634s/iter; left time: 486.1989s
	iters: 400, epoch: 4 | loss: 0.2308571
	speed: 0.0632s/iter; left time: 478.6656s
	iters: 500, epoch: 4 | loss: 0.3107435
	speed: 0.0629s/iter; left time: 470.3206s
	iters: 600, epoch: 4 | loss: 0.2812538
	speed: 0.0631s/iter; left time: 465.0722s
	iters: 700, epoch: 4 | loss: 0.2943710
	speed: 0.0628s/iter; left time: 456.5466s
	iters: 800, epoch: 4 | loss: 0.2727864
	speed: 0.0637s/iter; left time: 457.0062s
	iters: 900, epoch: 4 | loss: 0.2559834
	speed: 0.0625s/iter; left time: 442.0281s
	iters: 1000, epoch: 4 | loss: 0.2506949
	speed: 0.0628s/iter; left time: 437.8514s
	iters: 1100, epoch: 4 | loss: 0.2495553
	speed: 0.0638s/iter; left time: 438.3472s
Epoch: 4 cost time: 72.50161242485046
Epoch: 4, Steps: 1139 | Train Loss: 0.2544950 Vali Loss: 0.1611328 Test Loss: 0.1834342
Validation loss decreased (0.163954 --> 0.161133).  Saving model ...
Updating learning rate to 1.25e-05
	iters: 100, epoch: 5 | loss: 0.2600364
	speed: 0.2517s/iter; left time: 1694.9767s
	iters: 200, epoch: 5 | loss: 0.2554573
	speed: 0.0640s/iter; left time: 424.8852s
	iters: 300, epoch: 5 | loss: 0.2442796
	speed: 0.0628s/iter; left time: 410.7211s
	iters: 400, epoch: 5 | loss: 0.2584177
	speed: 0.0628s/iter; left time: 404.4260s
	iters: 500, epoch: 5 | loss: 0.2292279
	speed: 0.0631s/iter; left time: 399.9094s
	iters: 600, epoch: 5 | loss: 0.2793898
	speed: 0.0634s/iter; left time: 395.3856s
	iters: 700, epoch: 5 | loss: 0.2692370
	speed: 0.0639s/iter; left time: 392.2436s
	iters: 800, epoch: 5 | loss: 0.2527800
	speed: 0.0645s/iter; left time: 389.1469s
	iters: 900, epoch: 5 | loss: 0.2213968
	speed: 0.0629s/iter; left time: 373.0581s
	iters: 1000, epoch: 5 | loss: 0.2383224
	speed: 0.0633s/iter; left time: 369.0669s
	iters: 1100, epoch: 5 | loss: 0.2613152
	speed: 0.0645s/iter; left time: 369.7127s
Epoch: 5 cost time: 72.61360621452332
Epoch: 5, Steps: 1139 | Train Loss: 0.2525319 Vali Loss: 0.1612463 Test Loss: 0.1835251
EarlyStopping counter: 1 out of 3
Updating learning rate to 6.25e-06
	iters: 100, epoch: 6 | loss: 0.2599236
	speed: 0.2635s/iter; left time: 1474.8174s
	iters: 200, epoch: 6 | loss: 0.2304194
	speed: 0.0658s/iter; left time: 361.7827s
	iters: 300, epoch: 6 | loss: 0.2550689
	speed: 0.0631s/iter; left time: 340.6108s
	iters: 400, epoch: 6 | loss: 0.2721782
	speed: 0.0633s/iter; left time: 335.0612s
	iters: 500, epoch: 6 | loss: 0.2532633
	speed: 0.0638s/iter; left time: 331.5504s
	iters: 600, epoch: 6 | loss: 0.2459605
	speed: 0.0637s/iter; left time: 324.4856s
	iters: 700, epoch: 6 | loss: 0.2171014
	speed: 0.0637s/iter; left time: 318.3716s
	iters: 800, epoch: 6 | loss: 0.2505513
	speed: 0.0645s/iter; left time: 315.6180s
	iters: 900, epoch: 6 | loss: 0.2786010
	speed: 0.0635s/iter; left time: 304.7709s
	iters: 1000, epoch: 6 | loss: 0.2299054
	speed: 0.0633s/iter; left time: 297.4348s
	iters: 1100, epoch: 6 | loss: 0.2584838
	speed: 0.0647s/iter; left time: 297.3118s
Epoch: 6 cost time: 73.17923521995544
Epoch: 6, Steps: 1139 | Train Loss: 0.2515402 Vali Loss: 0.1597735 Test Loss: 0.1813399
