Using GPU
Args in experiment:
[1mBasic Config[0m
  Task Name:          AGPT_loss           Is Training:        1                   
  Model ID:           solar_96_192        Model:              AGPT_PT             

[1mData Loader[0m
  Data:               Solar               Root Path:          ./dataset/Solar/    
  Data Path:          solar_AL.txt        Features:           M                   
  Target:             OT                  Freq:               h                   
  Checkpoints:        ./checkpoints/      

[1mModel Parameters[0m
  Num Kernels:        6                   
  Enc In:             137                 Dec In:             137                 
  C Out:              137                 d model:            512                 
  n heads:            8                   e layers:           3                   
  d layers:           1                   d FF:               2048                
  Moving Avg:         25                  Factor:             3                   
  Distil:             1                   Dropout:            0.1                 
  Embed:              timeF               Activation:         gelu                

[1mRun Parameters[0m
  Num Workers:        10                  Itr:                1                   
  Train Epochs:       10                  Batch Size:         32                  
  Patience:           3                   Learning Rate:      0.001               
  Des:                Exp                 Loss:               MSE                 
  Lradj:              type1               Use Amp:            0                   

[1mGPU[0m
  Use GPU:            1                   GPU:                0                   
  Use Multi GPU:      1                   Devices:            0,1,2,3             

[1mDe-stationary Projector Params[0m
  P Hidden Dims:      128, 128            P Hidden Layers:    2                   

Use GPU: cuda:0
>>>>>>>start training : AGPT_loss_solar_96_192_AGPT_PT_2048_fixedFalse_0.001_0.001>>>>>>>>>>>>>>>>>>>>>>>>>>
train 36505
val 5065
test 10321
ts37-master-0:235868:235868 [0] NCCL INFO cudaDriverVersion 12020
ts37-master-0:235868:235868 [0] NCCL INFO Bootstrap : Using eth0:10.211.66.143<0>
ts37-master-0:235868:235868 [0] NCCL INFO NET/Plugin : dlerror=libnccl-net.so: cannot open shared object file: No such file or directory No plugin found (libnccl-net.so), using internal implementation
NCCL version 2.20.5+cuda12.4
ts37-master-0:235868:236809 [3] NCCL INFO NCCL_IB_DISABLE set by environment to 0.
ts37-master-0:235868:236809 [3] NCCL INFO NET/IB : No device found.
ts37-master-0:235868:236809 [3] NCCL INFO NET/Socket : Using [0]eth0:10.211.66.143<0>
ts37-master-0:235868:236809 [3] NCCL INFO Using non-device net plugin version 0
ts37-master-0:235868:236809 [3] NCCL INFO Using network Socket
ts37-master-0:235868:236807 [1] NCCL INFO Using non-device net plugin version 0
ts37-master-0:235868:236807 [1] NCCL INFO Using network Socket
ts37-master-0:235868:236806 [0] NCCL INFO Using non-device net plugin version 0
ts37-master-0:235868:236806 [0] NCCL INFO Using network Socket
ts37-master-0:235868:236808 [2] NCCL INFO Using non-device net plugin version 0
ts37-master-0:235868:236808 [2] NCCL INFO Using network Socket
ts37-master-0:235868:236807 [1] NCCL INFO comm 0x14788d90 rank 1 nranks 4 cudaDev 1 nvmlDev 1 busId 63000 commId 0x2a3b5176b8037a26 - Init START
ts37-master-0:235868:236806 [0] NCCL INFO comm 0x14782540 rank 0 nranks 4 cudaDev 0 nvmlDev 0 busId 61000 commId 0x2a3b5176b8037a26 - Init START
ts37-master-0:235868:236809 [3] NCCL INFO comm 0x147927b0 rank 3 nranks 4 cudaDev 3 nvmlDev 3 busId 67000 commId 0x2a3b5176b8037a26 - Init START
ts37-master-0:235868:236808 [2] NCCL INFO comm 0x1478daa0 rank 2 nranks 4 cudaDev 2 nvmlDev 2 busId 65000 commId 0x2a3b5176b8037a26 - Init START
ts37-master-0:235868:236808 [2] NCCL INFO Setting affinity for GPU 2 to 03ffffff,ffffffff
ts37-master-0:235868:236808 [2] NCCL INFO NVLS multicast support is not available on dev 2
ts37-master-0:235868:236809 [3] NCCL INFO Setting affinity for GPU 3 to 03ffffff,ffffffff
ts37-master-0:235868:236809 [3] NCCL INFO NVLS multicast support is not available on dev 3
ts37-master-0:235868:236806 [0] NCCL INFO Setting affinity for GPU 0 to 03ffffff,ffffffff
ts37-master-0:235868:236806 [0] NCCL INFO NVLS multicast support is not available on dev 0
ts37-master-0:235868:236807 [1] NCCL INFO Setting affinity for GPU 1 to 03ffffff,ffffffff
ts37-master-0:235868:236807 [1] NCCL INFO NVLS multicast support is not available on dev 1
ts37-master-0:235868:236807 [1] NCCL INFO comm 0x14788d90 rank 1 nRanks 4 nNodes 1 localRanks 4 localRank 1 MNNVL 0
ts37-master-0:235868:236808 [2] NCCL INFO comm 0x1478daa0 rank 2 nRanks 4 nNodes 1 localRanks 4 localRank 2 MNNVL 0
ts37-master-0:235868:236809 [3] NCCL INFO comm 0x147927b0 rank 3 nRanks 4 nNodes 1 localRanks 4 localRank 3 MNNVL 0
ts37-master-0:235868:236808 [2] NCCL INFO Trees [0] 3/-1/-1->2->1 [1] 3/-1/-1->2->1 [2] 3/-1/-1->2->1 [3] 3/-1/-1->2->1 [4] 3/-1/-1->2->1 [5] 3/-1/-1->2->1 [6] 3/-1/-1->2->1 [7] 3/-1/-1->2->1 [8] 3/-1/-1->2->1 [9] 3/-1/-1->2->1 [10] 3/-1/-1->2->1 [11] 3/-1/-1->2->1 [12] 3/-1/-1->2->1 [13] 3/-1/-1->2->1 [14] 3/-1/-1->2->1 [15] 3/-1/-1->2->1 [16] 3/-1/-1->2->1 [17] 3/-1/-1->2->1 [18] 3/-1/-1->2->1 [19] 3/-1/-1->2->1 [20] 3/-1/-1->2->1 [21] 3/-1/-1->2->1 [22] 3/-1/-1->2->1 [23] 3/-1/-1->2->1
ts37-master-0:235868:236807 [1] NCCL INFO Trees [0] 2/-1/-1->1->0 [1] 2/-1/-1->1->0 [2] 2/-1/-1->1->0 [3] 2/-1/-1->1->0 [4] 2/-1/-1->1->0 [5] 2/-1/-1->1->0 [6] 2/-1/-1->1->0 [7] 2/-1/-1->1->0 [8] 2/-1/-1->1->0 [9] 2/-1/-1->1->0 [10] 2/-1/-1->1->0 [11] 2/-1/-1->1->0 [12] 2/-1/-1->1->0 [13] 2/-1/-1->1->0 [14] 2/-1/-1->1->0 [15] 2/-1/-1->1->0 [16] 2/-1/-1->1->0 [17] 2/-1/-1->1->0 [18] 2/-1/-1->1->0 [19] 2/-1/-1->1->0 [20] 2/-1/-1->1->0 [21] 2/-1/-1->1->0 [22] 2/-1/-1->1->0 [23] 2/-1/-1->1->0
ts37-master-0:235868:236807 [1] NCCL INFO P2P Chunksize set to 524288
ts37-master-0:235868:236808 [2] NCCL INFO P2P Chunksize set to 524288
ts37-master-0:235868:236809 [3] NCCL INFO Trees [0] -1/-1/-1->3->2 [1] -1/-1/-1->3->2 [2] -1/-1/-1->3->2 [3] -1/-1/-1->3->2 [4] -1/-1/-1->3->2 [5] -1/-1/-1->3->2 [6] -1/-1/-1->3->2 [7] -1/-1/-1->3->2 [8] -1/-1/-1->3->2 [9] -1/-1/-1->3->2 [10] -1/-1/-1->3->2 [11] -1/-1/-1->3->2 [12] -1/-1/-1->3->2 [13] -1/-1/-1->3->2 [14] -1/-1/-1->3->2 [15] -1/-1/-1->3->2 [16] -1/-1/-1->3->2 [17] -1/-1/-1->3->2 [18] -1/-1/-1->3->2 [19] -1/-1/-1->3->2 [20] -1/-1/-1->3->2 [21] -1/-1/-1->3->2 [22] -1/-1/-1->3->2 [23] -1/-1/-1->3->2
ts37-master-0:235868:236809 [3] NCCL INFO P2P Chunksize set to 524288
ts37-master-0:235868:236806 [0] NCCL INFO comm 0x14782540 rank 0 nRanks 4 nNodes 1 localRanks 4 localRank 0 MNNVL 0
ts37-master-0:235868:236806 [0] NCCL INFO Channel 00/24 :    0   1   2   3
ts37-master-0:235868:236806 [0] NCCL INFO Channel 01/24 :    0   1   2   3
ts37-master-0:235868:236806 [0] NCCL INFO Channel 02/24 :    0   1   2   3
ts37-master-0:235868:236806 [0] NCCL INFO Channel 03/24 :    0   1   2   3
ts37-master-0:235868:236806 [0] NCCL INFO Channel 04/24 :    0   1   2   3
ts37-master-0:235868:236806 [0] NCCL INFO Channel 05/24 :    0   1   2   3
ts37-master-0:235868:236806 [0] NCCL INFO Channel 06/24 :    0   1   2   3
ts37-master-0:235868:236806 [0] NCCL INFO Channel 07/24 :    0   1   2   3
ts37-master-0:235868:236806 [0] NCCL INFO Channel 08/24 :    0   1   2   3
ts37-master-0:235868:236806 [0] NCCL INFO Channel 09/24 :    0   1   2   3
ts37-master-0:235868:236806 [0] NCCL INFO Channel 10/24 :    0   1   2   3
ts37-master-0:235868:236806 [0] NCCL INFO Channel 11/24 :    0   1   2   3
ts37-master-0:235868:236806 [0] NCCL INFO Channel 12/24 :    0   1   2   3
ts37-master-0:235868:236806 [0] NCCL INFO Channel 13/24 :    0   1   2   3
ts37-master-0:235868:236806 [0] NCCL INFO Channel 14/24 :    0   1   2   3
ts37-master-0:235868:236806 [0] NCCL INFO Channel 15/24 :    0   1   2   3
ts37-master-0:235868:236806 [0] NCCL INFO Channel 16/24 :    0   1   2   3
ts37-master-0:235868:236806 [0] NCCL INFO Channel 17/24 :    0   1   2   3
ts37-master-0:235868:236806 [0] NCCL INFO Channel 18/24 :    0   1   2   3
ts37-master-0:235868:236806 [0] NCCL INFO Channel 19/24 :    0   1   2   3
ts37-master-0:235868:236806 [0] NCCL INFO Channel 20/24 :    0   1   2   3
ts37-master-0:235868:236806 [0] NCCL INFO Channel 21/24 :    0   1   2   3
ts37-master-0:235868:236806 [0] NCCL INFO Channel 22/24 :    0   1   2   3
ts37-master-0:235868:236806 [0] NCCL INFO Channel 23/24 :    0   1   2   3
ts37-master-0:235868:236806 [0] NCCL INFO Trees [0] 1/-1/-1->0->-1 [1] 1/-1/-1->0->-1 [2] 1/-1/-1->0->-1 [3] 1/-1/-1->0->-1 [4] 1/-1/-1->0->-1 [5] 1/-1/-1->0->-1 [6] 1/-1/-1->0->-1 [7] 1/-1/-1->0->-1 [8] 1/-1/-1->0->-1 [9] 1/-1/-1->0->-1 [10] 1/-1/-1->0->-1 [11] 1/-1/-1->0->-1 [12] 1/-1/-1->0->-1 [13] 1/-1/-1->0->-1 [14] 1/-1/-1->0->-1 [15] 1/-1/-1->0->-1 [16] 1/-1/-1->0->-1 [17] 1/-1/-1->0->-1 [18] 1/-1/-1->0->-1 [19] 1/-1/-1->0->-1 [20] 1/-1/-1->0->-1 [21] 1/-1/-1->0->-1 [22] 1/-1/-1->0->-1 [23] 1/-1/-1->0->-1
ts37-master-0:235868:236806 [0] NCCL INFO P2P Chunksize set to 524288
ts37-master-0:235868:236808 [2] NCCL INFO Channel 00/0 : 2[2] -> 3[3] via P2P/direct pointer/read
ts37-master-0:235868:236808 [2] NCCL INFO Channel 01/0 : 2[2] -> 3[3] via P2P/direct pointer/read
ts37-master-0:235868:236808 [2] NCCL INFO Channel 02/0 : 2[2] -> 3[3] via P2P/direct pointer/read
ts37-master-0:235868:236808 [2] NCCL INFO Channel 03/0 : 2[2] -> 3[3] via P2P/direct pointer/read
ts37-master-0:235868:236808 [2] NCCL INFO Channel 04/0 : 2[2] -> 3[3] via P2P/direct pointer/read
ts37-master-0:235868:236809 [3] NCCL INFO Channel 00/0 : 3[3] -> 0[0] via P2P/direct pointer/read
ts37-master-0:235868:236809 [3] NCCL INFO Channel 01/0 : 3[3] -> 0[0] via P2P/direct pointer/read
ts37-master-0:235868:236808 [2] NCCL INFO Channel 05/0 : 2[2] -> 3[3] via P2P/direct pointer/read
ts37-master-0:235868:236809 [3] NCCL INFO Channel 02/0 : 3[3] -> 0[0] via P2P/direct pointer/read
ts37-master-0:235868:236808 [2] NCCL INFO Channel 06/0 : 2[2] -> 3[3] via P2P/direct pointer/read
ts37-master-0:235868:236809 [3] NCCL INFO Channel 03/0 : 3[3] -> 0[0] via P2P/direct pointer/read
ts37-master-0:235868:236808 [2] NCCL INFO Channel 07/0 : 2[2] -> 3[3] via P2P/direct pointer/read
ts37-master-0:235868:236809 [3] NCCL INFO Channel 04/0 : 3[3] -> 0[0] via P2P/direct pointer/read
ts37-master-0:235868:236808 [2] NCCL INFO Channel 08/0 : 2[2] -> 3[3] via P2P/direct pointer/read
ts37-master-0:235868:236809 [3] NCCL INFO Channel 05/0 : 3[3] -> 0[0] via P2P/direct pointer/read
ts37-master-0:235868:236808 [2] NCCL INFO Channel 09/0 : 2[2] -> 3[3] via P2P/direct pointer/read
ts37-master-0:235868:236809 [3] NCCL INFO Channel 06/0 : 3[3] -> 0[0] via P2P/direct pointer/read
ts37-master-0:235868:236808 [2] NCCL INFO Channel 10/0 : 2[2] -> 3[3] via P2P/direct pointer/read
ts37-master-0:235868:236809 [3] NCCL INFO Channel 07/0 : 3[3] -> 0[0] via P2P/direct pointer/read
ts37-master-0:235868:236808 [2] NCCL INFO Channel 11/0 : 2[2] -> 3[3] via P2P/direct pointer/read
ts37-master-0:235868:236809 [3] NCCL INFO Channel 08/0 : 3[3] -> 0[0] via P2P/direct pointer/read
ts37-master-0:235868:236808 [2] NCCL INFO Channel 12/0 : 2[2] -> 3[3] via P2P/direct pointer/read
ts37-master-0:235868:236809 [3] NCCL INFO Channel 09/0 : 3[3] -> 0[0] via P2P/direct pointer/read
ts37-master-0:235868:236808 [2] NCCL INFO Channel 13/0 : 2[2] -> 3[3] via P2P/direct pointer/read
ts37-master-0:235868:236809 [3] NCCL INFO Channel 10/0 : 3[3] -> 0[0] via P2P/direct pointer/read
ts37-master-0:235868:236808 [2] NCCL INFO Channel 14/0 : 2[2] -> 3[3] via P2P/direct pointer/read
ts37-master-0:235868:236809 [3] NCCL INFO Channel 11/0 : 3[3] -> 0[0] via P2P/direct pointer/read
ts37-master-0:235868:236808 [2] NCCL INFO Channel 15/0 : 2[2] -> 3[3] via P2P/direct pointer/read
ts37-master-0:235868:236809 [3] NCCL INFO Channel 12/0 : 3[3] -> 0[0] via P2P/direct pointer/read
ts37-master-0:235868:236808 [2] NCCL INFO Channel 16/0 : 2[2] -> 3[3] via P2P/direct pointer/read
ts37-master-0:235868:236809 [3] NCCL INFO Channel 13/0 : 3[3] -> 0[0] via P2P/direct pointer/read
ts37-master-0:235868:236806 [0] NCCL INFO Channel 00/0 : 0[0] -> 1[1] via P2P/direct pointer/read
ts37-master-0:235868:236808 [2] NCCL INFO Channel 17/0 : 2[2] -> 3[3] via P2P/direct pointer/read
ts37-master-0:235868:236807 [1] NCCL INFO Channel 00/0 : 1[1] -> 2[2] via P2P/direct pointer/read
ts37-master-0:235868:236809 [3] NCCL INFO Channel 14/0 : 3[3] -> 0[0] via P2P/direct pointer/read
ts37-master-0:235868:236806 [0] NCCL INFO Channel 01/0 : 0[0] -> 1[1] via P2P/direct pointer/read
ts37-master-0:235868:236808 [2] NCCL INFO Channel 18/0 : 2[2] -> 3[3] via P2P/direct pointer/read
ts37-master-0:235868:236807 [1] NCCL INFO Channel 01/0 : 1[1] -> 2[2] via P2P/direct pointer/read
ts37-master-0:235868:236809 [3] NCCL INFO Channel 15/0 : 3[3] -> 0[0] via P2P/direct pointer/read
ts37-master-0:235868:236806 [0] NCCL INFO Channel 02/0 : 0[0] -> 1[1] via P2P/direct pointer/read
ts37-master-0:235868:236808 [2] NCCL INFO Channel 19/0 : 2[2] -> 3[3] via P2P/direct pointer/read
ts37-master-0:235868:236807 [1] NCCL INFO Channel 02/0 : 1[1] -> 2[2] via P2P/direct pointer/read
ts37-master-0:235868:236809 [3] NCCL INFO Channel 16/0 : 3[3] -> 0[0] via P2P/direct pointer/read
ts37-master-0:235868:236806 [0] NCCL INFO Channel 03/0 : 0[0] -> 1[1] via P2P/direct pointer/read
ts37-master-0:235868:236808 [2] NCCL INFO Channel 20/0 : 2[2] -> 3[3] via P2P/direct pointer/read
ts37-master-0:235868:236807 [1] NCCL INFO Channel 03/0 : 1[1] -> 2[2] via P2P/direct pointer/read
ts37-master-0:235868:236809 [3] NCCL INFO Channel 17/0 : 3[3] -> 0[0] via P2P/direct pointer/read
ts37-master-0:235868:236806 [0] NCCL INFO Channel 04/0 : 0[0] -> 1[1] via P2P/direct pointer/read
ts37-master-0:235868:236808 [2] NCCL INFO Channel 21/0 : 2[2] -> 3[3] via P2P/direct pointer/read
ts37-master-0:235868:236807 [1] NCCL INFO Channel 04/0 : 1[1] -> 2[2] via P2P/direct pointer/read
ts37-master-0:235868:236809 [3] NCCL INFO Channel 18/0 : 3[3] -> 0[0] via P2P/direct pointer/read
ts37-master-0:235868:236806 [0] NCCL INFO Channel 05/0 : 0[0] -> 1[1] via P2P/direct pointer/read
ts37-master-0:235868:236808 [2] NCCL INFO Channel 22/0 : 2[2] -> 3[3] via P2P/direct pointer/read
ts37-master-0:235868:236807 [1] NCCL INFO Channel 05/0 : 1[1] -> 2[2] via P2P/direct pointer/read
ts37-master-0:235868:236809 [3] NCCL INFO Channel 19/0 : 3[3] -> 0[0] via P2P/direct pointer/read
ts37-master-0:235868:236806 [0] NCCL INFO Channel 06/0 : 0[0] -> 1[1] via P2P/direct pointer/read
ts37-master-0:235868:236808 [2] NCCL INFO Channel 23/0 : 2[2] -> 3[3] via P2P/direct pointer/read
ts37-master-0:235868:236807 [1] NCCL INFO Channel 06/0 : 1[1] -> 2[2] via P2P/direct pointer/read
ts37-master-0:235868:236809 [3] NCCL INFO Channel 20/0 : 3[3] -> 0[0] via P2P/direct pointer/read
ts37-master-0:235868:236806 [0] NCCL INFO Channel 07/0 : 0[0] -> 1[1] via P2P/direct pointer/read
ts37-master-0:235868:236807 [1] NCCL INFO Channel 07/0 : 1[1] -> 2[2] via P2P/direct pointer/read
ts37-master-0:235868:236809 [3] NCCL INFO Channel 21/0 : 3[3] -> 0[0] via P2P/direct pointer/read
ts37-master-0:235868:236806 [0] NCCL INFO Channel 08/0 : 0[0] -> 1[1] via P2P/direct pointer/read
ts37-master-0:235868:236807 [1] NCCL INFO Channel 08/0 : 1[1] -> 2[2] via P2P/direct pointer/read
ts37-master-0:235868:236809 [3] NCCL INFO Channel 22/0 : 3[3] -> 0[0] via P2P/direct pointer/read
ts37-master-0:235868:236806 [0] NCCL INFO Channel 09/0 : 0[0] -> 1[1] via P2P/direct pointer/read
ts37-master-0:235868:236807 [1] NCCL INFO Channel 09/0 : 1[1] -> 2[2] via P2P/direct pointer/read
ts37-master-0:235868:236809 [3] NCCL INFO Channel 23/0 : 3[3] -> 0[0] via P2P/direct pointer/read
ts37-master-0:235868:236806 [0] NCCL INFO Channel 10/0 : 0[0] -> 1[1] via P2P/direct pointer/read
ts37-master-0:235868:236807 [1] NCCL INFO Channel 10/0 : 1[1] -> 2[2] via P2P/direct pointer/read
ts37-master-0:235868:236806 [0] NCCL INFO Channel 11/0 : 0[0] -> 1[1] via P2P/direct pointer/read
ts37-master-0:235868:236807 [1] NCCL INFO Channel 11/0 : 1[1] -> 2[2] via P2P/direct pointer/read
ts37-master-0:235868:236806 [0] NCCL INFO Channel 12/0 : 0[0] -> 1[1] via P2P/direct pointer/read
ts37-master-0:235868:236807 [1] NCCL INFO Channel 12/0 : 1[1] -> 2[2] via P2P/direct pointer/read
ts37-master-0:235868:236806 [0] NCCL INFO Channel 13/0 : 0[0] -> 1[1] via P2P/direct pointer/read
ts37-master-0:235868:236807 [1] NCCL INFO Channel 13/0 : 1[1] -> 2[2] via P2P/direct pointer/read
ts37-master-0:235868:236806 [0] NCCL INFO Channel 14/0 : 0[0] -> 1[1] via P2P/direct pointer/read
ts37-master-0:235868:236807 [1] NCCL INFO Channel 14/0 : 1[1] -> 2[2] via P2P/direct pointer/read
ts37-master-0:235868:236806 [0] NCCL INFO Channel 15/0 : 0[0] -> 1[1] via P2P/direct pointer/read
ts37-master-0:235868:236807 [1] NCCL INFO Channel 15/0 : 1[1] -> 2[2] via P2P/direct pointer/read
ts37-master-0:235868:236806 [0] NCCL INFO Channel 16/0 : 0[0] -> 1[1] via P2P/direct pointer/read
ts37-master-0:235868:236807 [1] NCCL INFO Channel 16/0 : 1[1] -> 2[2] via P2P/direct pointer/read
ts37-master-0:235868:236806 [0] NCCL INFO Channel 17/0 : 0[0] -> 1[1] via P2P/direct pointer/read
ts37-master-0:235868:236807 [1] NCCL INFO Channel 17/0 : 1[1] -> 2[2] via P2P/direct pointer/read
ts37-master-0:235868:236806 [0] NCCL INFO Channel 18/0 : 0[0] -> 1[1] via P2P/direct pointer/read
ts37-master-0:235868:236807 [1] NCCL INFO Channel 18/0 : 1[1] -> 2[2] via P2P/direct pointer/read
ts37-master-0:235868:236806 [0] NCCL INFO Channel 19/0 : 0[0] -> 1[1] via P2P/direct pointer/read
ts37-master-0:235868:236807 [1] NCCL INFO Channel 19/0 : 1[1] -> 2[2] via P2P/direct pointer/read
ts37-master-0:235868:236806 [0] NCCL INFO Channel 20/0 : 0[0] -> 1[1] via P2P/direct pointer/read
ts37-master-0:235868:236807 [1] NCCL INFO Channel 20/0 : 1[1] -> 2[2] via P2P/direct pointer/read
ts37-master-0:235868:236806 [0] NCCL INFO Channel 21/0 : 0[0] -> 1[1] via P2P/direct pointer/read
ts37-master-0:235868:236807 [1] NCCL INFO Channel 21/0 : 1[1] -> 2[2] via P2P/direct pointer/read
ts37-master-0:235868:236806 [0] NCCL INFO Channel 22/0 : 0[0] -> 1[1] via P2P/direct pointer/read
ts37-master-0:235868:236807 [1] NCCL INFO Channel 22/0 : 1[1] -> 2[2] via P2P/direct pointer/read
ts37-master-0:235868:236806 [0] NCCL INFO Channel 23/0 : 0[0] -> 1[1] via P2P/direct pointer/read
ts37-master-0:235868:236807 [1] NCCL INFO Channel 23/0 : 1[1] -> 2[2] via P2P/direct pointer/read
ts37-master-0:235868:236806 [0] NCCL INFO Connected all rings
ts37-master-0:235868:236809 [3] NCCL INFO Connected all rings
ts37-master-0:235868:236809 [3] NCCL INFO Channel 00/0 : 3[3] -> 2[2] via P2P/direct pointer/read
ts37-master-0:235868:236808 [2] NCCL INFO Connected all rings
ts37-master-0:235868:236807 [1] NCCL INFO Connected all rings
ts37-master-0:235868:236809 [3] NCCL INFO Channel 01/0 : 3[3] -> 2[2] via P2P/direct pointer/read
ts37-master-0:235868:236809 [3] NCCL INFO Channel 02/0 : 3[3] -> 2[2] via P2P/direct pointer/read
ts37-master-0:235868:236809 [3] NCCL INFO Channel 03/0 : 3[3] -> 2[2] via P2P/direct pointer/read
ts37-master-0:235868:236809 [3] NCCL INFO Channel 04/0 : 3[3] -> 2[2] via P2P/direct pointer/read
ts37-master-0:235868:236809 [3] NCCL INFO Channel 05/0 : 3[3] -> 2[2] via P2P/direct pointer/read
ts37-master-0:235868:236809 [3] NCCL INFO Channel 06/0 : 3[3] -> 2[2] via P2P/direct pointer/read
ts37-master-0:235868:236809 [3] NCCL INFO Channel 07/0 : 3[3] -> 2[2] via P2P/direct pointer/read
ts37-master-0:235868:236809 [3] NCCL INFO Channel 08/0 : 3[3] -> 2[2] via P2P/direct pointer/read
ts37-master-0:235868:236809 [3] NCCL INFO Channel 09/0 : 3[3] -> 2[2] via P2P/direct pointer/read
ts37-master-0:235868:236809 [3] NCCL INFO Channel 10/0 : 3[3] -> 2[2] via P2P/direct pointer/read
ts37-master-0:235868:236809 [3] NCCL INFO Channel 11/0 : 3[3] -> 2[2] via P2P/direct pointer/read
ts37-master-0:235868:236809 [3] NCCL INFO Channel 12/0 : 3[3] -> 2[2] via P2P/direct pointer/read
ts37-master-0:235868:236809 [3] NCCL INFO Channel 13/0 : 3[3] -> 2[2] via P2P/direct pointer/read
ts37-master-0:235868:236809 [3] NCCL INFO Channel 14/0 : 3[3] -> 2[2] via P2P/direct pointer/read
ts37-master-0:235868:236809 [3] NCCL INFO Channel 15/0 : 3[3] -> 2[2] via P2P/direct pointer/read
ts37-master-0:235868:236809 [3] NCCL INFO Channel 16/0 : 3[3] -> 2[2] via P2P/direct pointer/read
ts37-master-0:235868:236809 [3] NCCL INFO Channel 17/0 : 3[3] -> 2[2] via P2P/direct pointer/read
ts37-master-0:235868:236809 [3] NCCL INFO Channel 18/0 : 3[3] -> 2[2] via P2P/direct pointer/read
ts37-master-0:235868:236809 [3] NCCL INFO Channel 19/0 : 3[3] -> 2[2] via P2P/direct pointer/read
ts37-master-0:235868:236809 [3] NCCL INFO Channel 20/0 : 3[3] -> 2[2] via P2P/direct pointer/read
ts37-master-0:235868:236809 [3] NCCL INFO Channel 21/0 : 3[3] -> 2[2] via P2P/direct pointer/read
ts37-master-0:235868:236809 [3] NCCL INFO Channel 22/0 : 3[3] -> 2[2] via P2P/direct pointer/read
ts37-master-0:235868:236809 [3] NCCL INFO Channel 23/0 : 3[3] -> 2[2] via P2P/direct pointer/read
ts37-master-0:235868:236808 [2] NCCL INFO Channel 00/0 : 2[2] -> 1[1] via P2P/direct pointer/read
ts37-master-0:235868:236807 [1] NCCL INFO Channel 00/0 : 1[1] -> 0[0] via P2P/direct pointer/read
ts37-master-0:235868:236808 [2] NCCL INFO Channel 01/0 : 2[2] -> 1[1] via P2P/direct pointer/read
ts37-master-0:235868:236807 [1] NCCL INFO Channel 01/0 : 1[1] -> 0[0] via P2P/direct pointer/read
ts37-master-0:235868:236808 [2] NCCL INFO Channel 02/0 : 2[2] -> 1[1] via P2P/direct pointer/read
ts37-master-0:235868:236807 [1] NCCL INFO Channel 02/0 : 1[1] -> 0[0] via P2P/direct pointer/read
ts37-master-0:235868:236808 [2] NCCL INFO Channel 03/0 : 2[2] -> 1[1] via P2P/direct pointer/read
ts37-master-0:235868:236807 [1] NCCL INFO Channel 03/0 : 1[1] -> 0[0] via P2P/direct pointer/read
ts37-master-0:235868:236808 [2] NCCL INFO Channel 04/0 : 2[2] -> 1[1] via P2P/direct pointer/read
ts37-master-0:235868:236807 [1] NCCL INFO Channel 04/0 : 1[1] -> 0[0] via P2P/direct pointer/read
ts37-master-0:235868:236808 [2] NCCL INFO Channel 05/0 : 2[2] -> 1[1] via P2P/direct pointer/read
ts37-master-0:235868:236807 [1] NCCL INFO Channel 05/0 : 1[1] -> 0[0] via P2P/direct pointer/read
ts37-master-0:235868:236808 [2] NCCL INFO Channel 06/0 : 2[2] -> 1[1] via P2P/direct pointer/read
ts37-master-0:235868:236807 [1] NCCL INFO Channel 06/0 : 1[1] -> 0[0] via P2P/direct pointer/read
ts37-master-0:235868:236808 [2] NCCL INFO Channel 07/0 : 2[2] -> 1[1] via P2P/direct pointer/read
ts37-master-0:235868:236807 [1] NCCL INFO Channel 07/0 : 1[1] -> 0[0] via P2P/direct pointer/read
ts37-master-0:235868:236808 [2] NCCL INFO Channel 08/0 : 2[2] -> 1[1] via P2P/direct pointer/read
ts37-master-0:235868:236807 [1] NCCL INFO Channel 08/0 : 1[1] -> 0[0] via P2P/direct pointer/read
ts37-master-0:235868:236808 [2] NCCL INFO Channel 09/0 : 2[2] -> 1[1] via P2P/direct pointer/read
ts37-master-0:235868:236807 [1] NCCL INFO Channel 09/0 : 1[1] -> 0[0] via P2P/direct pointer/read
ts37-master-0:235868:236808 [2] NCCL INFO Channel 10/0 : 2[2] -> 1[1] via P2P/direct pointer/read
ts37-master-0:235868:236807 [1] NCCL INFO Channel 10/0 : 1[1] -> 0[0] via P2P/direct pointer/read
ts37-master-0:235868:236808 [2] NCCL INFO Channel 11/0 : 2[2] -> 1[1] via P2P/direct pointer/read
ts37-master-0:235868:236807 [1] NCCL INFO Channel 11/0 : 1[1] -> 0[0] via P2P/direct pointer/read
ts37-master-0:235868:236808 [2] NCCL INFO Channel 12/0 : 2[2] -> 1[1] via P2P/direct pointer/read
ts37-master-0:235868:236807 [1] NCCL INFO Channel 12/0 : 1[1] -> 0[0] via P2P/direct pointer/read
ts37-master-0:235868:236808 [2] NCCL INFO Channel 13/0 : 2[2] -> 1[1] via P2P/direct pointer/read
ts37-master-0:235868:236807 [1] NCCL INFO Channel 13/0 : 1[1] -> 0[0] via P2P/direct pointer/read
ts37-master-0:235868:236808 [2] NCCL INFO Channel 14/0 : 2[2] -> 1[1] via P2P/direct pointer/read
ts37-master-0:235868:236807 [1] NCCL INFO Channel 14/0 : 1[1] -> 0[0] via P2P/direct pointer/read
ts37-master-0:235868:236808 [2] NCCL INFO Channel 15/0 : 2[2] -> 1[1] via P2P/direct pointer/read
ts37-master-0:235868:236807 [1] NCCL INFO Channel 15/0 : 1[1] -> 0[0] via P2P/direct pointer/read
ts37-master-0:235868:236808 [2] NCCL INFO Channel 16/0 : 2[2] -> 1[1] via P2P/direct pointer/read
ts37-master-0:235868:236807 [1] NCCL INFO Channel 16/0 : 1[1] -> 0[0] via P2P/direct pointer/read
ts37-master-0:235868:236808 [2] NCCL INFO Channel 17/0 : 2[2] -> 1[1] via P2P/direct pointer/read
ts37-master-0:235868:236807 [1] NCCL INFO Channel 17/0 : 1[1] -> 0[0] via P2P/direct pointer/read
ts37-master-0:235868:236808 [2] NCCL INFO Channel 18/0 : 2[2] -> 1[1] via P2P/direct pointer/read
ts37-master-0:235868:236807 [1] NCCL INFO Channel 18/0 : 1[1] -> 0[0] via P2P/direct pointer/read
ts37-master-0:235868:236808 [2] NCCL INFO Channel 19/0 : 2[2] -> 1[1] via P2P/direct pointer/read
ts37-master-0:235868:236807 [1] NCCL INFO Channel 19/0 : 1[1] -> 0[0] via P2P/direct pointer/read
ts37-master-0:235868:236808 [2] NCCL INFO Channel 20/0 : 2[2] -> 1[1] via P2P/direct pointer/read
ts37-master-0:235868:236807 [1] NCCL INFO Channel 20/0 : 1[1] -> 0[0] via P2P/direct pointer/read
ts37-master-0:235868:236808 [2] NCCL INFO Channel 21/0 : 2[2] -> 1[1] via P2P/direct pointer/read
ts37-master-0:235868:236807 [1] NCCL INFO Channel 21/0 : 1[1] -> 0[0] via P2P/direct pointer/read
ts37-master-0:235868:236808 [2] NCCL INFO Channel 22/0 : 2[2] -> 1[1] via P2P/direct pointer/read
ts37-master-0:235868:236807 [1] NCCL INFO Channel 22/0 : 1[1] -> 0[0] via P2P/direct pointer/read
ts37-master-0:235868:236808 [2] NCCL INFO Channel 23/0 : 2[2] -> 1[1] via P2P/direct pointer/read
ts37-master-0:235868:236807 [1] NCCL INFO Channel 23/0 : 1[1] -> 0[0] via P2P/direct pointer/read
ts37-master-0:235868:236809 [3] NCCL INFO Connected all trees
ts37-master-0:235868:236809 [3] NCCL INFO threadThresholds 8/8/64 | 32/8/64 | 512 | 512
ts37-master-0:235868:236809 [3] NCCL INFO 24 coll channels, 0 collnet channels, 0 nvls channels, 32 p2p channels, 32 p2p channels per peer
ts37-master-0:235868:236806 [0] NCCL INFO Connected all trees
ts37-master-0:235868:236808 [2] NCCL INFO Connected all trees
ts37-master-0:235868:236807 [1] NCCL INFO Connected all trees
ts37-master-0:235868:236806 [0] NCCL INFO threadThresholds 8/8/64 | 32/8/64 | 512 | 512
ts37-master-0:235868:236808 [2] NCCL INFO threadThresholds 8/8/64 | 32/8/64 | 512 | 512
ts37-master-0:235868:236808 [2] NCCL INFO 24 coll channels, 0 collnet channels, 0 nvls channels, 32 p2p channels, 32 p2p channels per peer
ts37-master-0:235868:236807 [1] NCCL INFO threadThresholds 8/8/64 | 32/8/64 | 512 | 512
ts37-master-0:235868:236807 [1] NCCL INFO 24 coll channels, 0 collnet channels, 0 nvls channels, 32 p2p channels, 32 p2p channels per peer
ts37-master-0:235868:236806 [0] NCCL INFO 24 coll channels, 0 collnet channels, 0 nvls channels, 32 p2p channels, 32 p2p channels per peer
ts37-master-0:235868:236807 [1] NCCL INFO comm 0x14788d90 rank 1 nranks 4 cudaDev 1 nvmlDev 1 busId 63000 commId 0x2a3b5176b8037a26 - Init COMPLETE
ts37-master-0:235868:236809 [3] NCCL INFO comm 0x147927b0 rank 3 nranks 4 cudaDev 3 nvmlDev 3 busId 67000 commId 0x2a3b5176b8037a26 - Init COMPLETE
ts37-master-0:235868:236808 [2] NCCL INFO comm 0x1478daa0 rank 2 nranks 4 cudaDev 2 nvmlDev 2 busId 65000 commId 0x2a3b5176b8037a26 - Init COMPLETE
ts37-master-0:235868:236806 [0] NCCL INFO comm 0x14782540 rank 0 nranks 4 cudaDev 0 nvmlDev 0 busId 61000 commId 0x2a3b5176b8037a26 - Init COMPLETE
	iters: 100, epoch: 1 | loss: 0.4503683
	speed: 0.8351s/iter; left time: 9446.3576s
	iters: 200, epoch: 1 | loss: 0.4132294
	speed: 0.7981s/iter; left time: 8947.3305s
	iters: 300, epoch: 1 | loss: 0.4503744
	speed: 0.7981s/iter; left time: 8868.0101s
	iters: 400, epoch: 1 | loss: 0.4889494
	speed: 0.7985s/iter; left time: 8792.1099s
	iters: 500, epoch: 1 | loss: 0.4678411
	speed: 0.7973s/iter; left time: 8699.8350s
	iters: 600, epoch: 1 | loss: 0.3697552
	speed: 0.7981s/iter; left time: 8628.0388s
	iters: 700, epoch: 1 | loss: 0.3420345
	speed: 0.7981s/iter; left time: 8548.9586s
	iters: 800, epoch: 1 | loss: 0.3199553
	speed: 0.7976s/iter; left time: 8462.8302s
	iters: 900, epoch: 1 | loss: 0.3075450
	speed: 0.7986s/iter; left time: 8394.4453s
	iters: 1000, epoch: 1 | loss: 0.3998891
	speed: 0.7977s/iter; left time: 8304.8287s
	iters: 1100, epoch: 1 | loss: 0.5366470
	speed: 0.7977s/iter; left time: 8225.5728s
Epoch: 1 cost time: 914.5079808235168
ts37-master-0:235868:246435 [0] NCCL INFO Using non-device net plugin version 0
ts37-master-0:235868:246435 [0] NCCL INFO Using network Socket
ts37-master-0:235868:246436 [1] NCCL INFO Using non-device net plugin version 0
ts37-master-0:235868:246436 [1] NCCL INFO Using network Socket
ts37-master-0:235868:246437 [2] NCCL INFO Using non-device net plugin version 0
ts37-master-0:235868:246437 [2] NCCL INFO Using network Socket
ts37-master-0:235868:246437 [2] NCCL INFO comm 0xfc85140 rank 2 nranks 3 cudaDev 2 nvmlDev 2 busId 65000 commId 0x1f1ca2d7de4ab1c7 - Init START
ts37-master-0:235868:246436 [1] NCCL INFO comm 0xfcb7550 rank 1 nranks 3 cudaDev 1 nvmlDev 1 busId 63000 commId 0x1f1ca2d7de4ab1c7 - Init START
ts37-master-0:235868:246435 [0] NCCL INFO comm 0xfcdaf10 rank 0 nranks 3 cudaDev 0 nvmlDev 0 busId 61000 commId 0x1f1ca2d7de4ab1c7 - Init START
ts37-master-0:235868:246435 [0] NCCL INFO Setting affinity for GPU 0 to 03ffffff,ffffffff
ts37-master-0:235868:246435 [0] NCCL INFO NVLS multicast support is not available on dev 0
ts37-master-0:235868:246436 [1] NCCL INFO Setting affinity for GPU 1 to 03ffffff,ffffffff
ts37-master-0:235868:246436 [1] NCCL INFO NVLS multicast support is not available on dev 1
ts37-master-0:235868:246437 [2] NCCL INFO Setting affinity for GPU 2 to 03ffffff,ffffffff
ts37-master-0:235868:246437 [2] NCCL INFO NVLS multicast support is not available on dev 2
ts37-master-0:235868:246437 [2] NCCL INFO comm 0xfc85140 rank 2 nRanks 3 nNodes 1 localRanks 3 localRank 2 MNNVL 0
ts37-master-0:235868:246436 [1] NCCL INFO comm 0xfcb7550 rank 1 nRanks 3 nNodes 1 localRanks 3 localRank 1 MNNVL 0
ts37-master-0:235868:246435 [0] NCCL INFO comm 0xfcdaf10 rank 0 nRanks 3 nNodes 1 localRanks 3 localRank 0 MNNVL 0
ts37-master-0:235868:246437 [2] NCCL INFO Trees [0] -1/-1/-1->2->1 [1] -1/-1/-1->2->1 [2] -1/-1/-1->2->1 [3] -1/-1/-1->2->1 [4] -1/-1/-1->2->1 [5] -1/-1/-1->2->1 [6] -1/-1/-1->2->1 [7] -1/-1/-1->2->1 [8] -1/-1/-1->2->1 [9] -1/-1/-1->2->1 [10] -1/-1/-1->2->1 [11] -1/-1/-1->2->1 [12] -1/-1/-1->2->1 [13] -1/-1/-1->2->1 [14] -1/-1/-1->2->1 [15] -1/-1/-1->2->1 [16] -1/-1/-1->2->1 [17] -1/-1/-1->2->1 [18] -1/-1/-1->2->1 [19] -1/-1/-1->2->1 [20] -1/-1/-1->2->1 [21] -1/-1/-1->2->1 [22] -1/-1/-1->2->1 [23] -1/-1/-1->2->1
ts37-master-0:235868:246436 [1] NCCL INFO Trees [0] 2/-1/-1->1->0 [1] 2/-1/-1->1->0 [2] 2/-1/-1->1->0 [3] 2/-1/-1->1->0 [4] 2/-1/-1->1->0 [5] 2/-1/-1->1->0 [6] 2/-1/-1->1->0 [7] 2/-1/-1->1->0 [8] 2/-1/-1->1->0 [9] 2/-1/-1->1->0 [10] 2/-1/-1->1->0 [11] 2/-1/-1->1->0 [12] 2/-1/-1->1->0 [13] 2/-1/-1->1->0 [14] 2/-1/-1->1->0 [15] 2/-1/-1->1->0 [16] 2/-1/-1->1->0 [17] 2/-1/-1->1->0 [18] 2/-1/-1->1->0 [19] 2/-1/-1->1->0 [20] 2/-1/-1->1->0 [21] 2/-1/-1->1->0 [22] 2/-1/-1->1->0 [23] 2/-1/-1->1->0
ts37-master-0:235868:246435 [0] NCCL INFO Channel 00/24 :    0   1   2
ts37-master-0:235868:246436 [1] NCCL INFO P2P Chunksize set to 524288
ts37-master-0:235868:246437 [2] NCCL INFO P2P Chunksize set to 524288
ts37-master-0:235868:246435 [0] NCCL INFO Channel 01/24 :    0   1   2
ts37-master-0:235868:246435 [0] NCCL INFO Channel 02/24 :    0   1   2
ts37-master-0:235868:246435 [0] NCCL INFO Channel 03/24 :    0   1   2
ts37-master-0:235868:246435 [0] NCCL INFO Channel 04/24 :    0   1   2
ts37-master-0:235868:246435 [0] NCCL INFO Channel 05/24 :    0   1   2
ts37-master-0:235868:246435 [0] NCCL INFO Channel 06/24 :    0   1   2
ts37-master-0:235868:246435 [0] NCCL INFO Channel 07/24 :    0   1   2
ts37-master-0:235868:246435 [0] NCCL INFO Channel 08/24 :    0   1   2
ts37-master-0:235868:246435 [0] NCCL INFO Channel 09/24 :    0   1   2
ts37-master-0:235868:246435 [0] NCCL INFO Channel 10/24 :    0   1   2
ts37-master-0:235868:246435 [0] NCCL INFO Channel 11/24 :    0   1   2
ts37-master-0:235868:246435 [0] NCCL INFO Channel 12/24 :    0   1   2
ts37-master-0:235868:246435 [0] NCCL INFO Channel 13/24 :    0   1   2
ts37-master-0:235868:246435 [0] NCCL INFO Channel 14/24 :    0   1   2
ts37-master-0:235868:246435 [0] NCCL INFO Channel 15/24 :    0   1   2
ts37-master-0:235868:246435 [0] NCCL INFO Channel 16/24 :    0   1   2
ts37-master-0:235868:246435 [0] NCCL INFO Channel 17/24 :    0   1   2
ts37-master-0:235868:246435 [0] NCCL INFO Channel 18/24 :    0   1   2
ts37-master-0:235868:246435 [0] NCCL INFO Channel 19/24 :    0   1   2
ts37-master-0:235868:246435 [0] NCCL INFO Channel 20/24 :    0   1   2
ts37-master-0:235868:246435 [0] NCCL INFO Channel 21/24 :    0   1   2
ts37-master-0:235868:246435 [0] NCCL INFO Channel 22/24 :    0   1   2
ts37-master-0:235868:246435 [0] NCCL INFO Channel 23/24 :    0   1   2
ts37-master-0:235868:246435 [0] NCCL INFO Trees [0] 1/-1/-1->0->-1 [1] 1/-1/-1->0->-1 [2] 1/-1/-1->0->-1 [3] 1/-1/-1->0->-1 [4] 1/-1/-1->0->-1 [5] 1/-1/-1->0->-1 [6] 1/-1/-1->0->-1 [7] 1/-1/-1->0->-1 [8] 1/-1/-1->0->-1 [9] 1/-1/-1->0->-1 [10] 1/-1/-1->0->-1 [11] 1/-1/-1->0->-1 [12] 1/-1/-1->0->-1 [13] 1/-1/-1->0->-1 [14] 1/-1/-1->0->-1 [15] 1/-1/-1->0->-1 [16] 1/-1/-1->0->-1 [17] 1/-1/-1->0->-1 [18] 1/-1/-1->0->-1 [19] 1/-1/-1->0->-1 [20] 1/-1/-1->0->-1 [21] 1/-1/-1->0->-1 [22] 1/-1/-1->0->-1 [23] 1/-1/-1->0->-1
ts37-master-0:235868:246435 [0] NCCL INFO P2P Chunksize set to 524288
ts37-master-0:235868:246436 [1] NCCL INFO Channel 00/0 : 1[1] -> 2[2] via P2P/direct pointer/read
ts37-master-0:235868:246437 [2] NCCL INFO Channel 00/0 : 2[2] -> 0[0] via P2P/direct pointer/read
ts37-master-0:235868:246436 [1] NCCL INFO Channel 01/0 : 1[1] -> 2[2] via P2P/direct pointer/read
ts37-master-0:235868:246435 [0] NCCL INFO Channel 00/0 : 0[0] -> 1[1] via P2P/direct pointer/read
ts37-master-0:235868:246437 [2] NCCL INFO Channel 01/0 : 2[2] -> 0[0] via P2P/direct pointer/read
ts37-master-0:235868:246436 [1] NCCL INFO Channel 02/0 : 1[1] -> 2[2] via P2P/direct pointer/read
ts37-master-0:235868:246435 [0] NCCL INFO Channel 01/0 : 0[0] -> 1[1] via P2P/direct pointer/read
ts37-master-0:235868:246437 [2] NCCL INFO Channel 02/0 : 2[2] -> 0[0] via P2P/direct pointer/read
ts37-master-0:235868:246436 [1] NCCL INFO Channel 03/0 : 1[1] -> 2[2] via P2P/direct pointer/read
ts37-master-0:235868:246436 [1] NCCL INFO Channel 04/0 : 1[1] -> 2[2] via P2P/direct pointer/read
ts37-master-0:235868:246435 [0] NCCL INFO Channel 02/0 : 0[0] -> 1[1] via P2P/direct pointer/read
ts37-master-0:235868:246437 [2] NCCL INFO Channel 03/0 : 2[2] -> 0[0] via P2P/direct pointer/read
ts37-master-0:235868:246436 [1] NCCL INFO Channel 05/0 : 1[1] -> 2[2] via P2P/direct pointer/read
ts37-master-0:235868:246435 [0] NCCL INFO Channel 03/0 : 0[0] -> 1[1] via P2P/direct pointer/read
ts37-master-0:235868:246436 [1] NCCL INFO Channel 06/0 : 1[1] -> 2[2] via P2P/direct pointer/read
ts37-master-0:235868:246437 [2] NCCL INFO Channel 04/0 : 2[2] -> 0[0] via P2P/direct pointer/read
ts37-master-0:235868:246435 [0] NCCL INFO Channel 04/0 : 0[0] -> 1[1] via P2P/direct pointer/read
ts37-master-0:235868:246436 [1] NCCL INFO Channel 07/0 : 1[1] -> 2[2] via P2P/direct pointer/read
ts37-master-0:235868:246437 [2] NCCL INFO Channel 05/0 : 2[2] -> 0[0] via P2P/direct pointer/read
ts37-master-0:235868:246435 [0] NCCL INFO Channel 05/0 : 0[0] -> 1[1] via P2P/direct pointer/read
ts37-master-0:235868:246436 [1] NCCL INFO Channel 08/0 : 1[1] -> 2[2] via P2P/direct pointer/read
ts37-master-0:235868:246435 [0] NCCL INFO Channel 06/0 : 0[0] -> 1[1] via P2P/direct pointer/read
ts37-master-0:235868:246436 [1] NCCL INFO Channel 09/0 : 1[1] -> 2[2] via P2P/direct pointer/read
ts37-master-0:235868:246435 [0] NCCL INFO Channel 07/0 : 0[0] -> 1[1] via P2P/direct pointer/read
ts37-master-0:235868:246436 [1] NCCL INFO Channel 10/0 : 1[1] -> 2[2] via P2P/direct pointer/read
ts37-master-0:235868:246435 [0] NCCL INFO Channel 08/0 : 0[0] -> 1[1] via P2P/direct pointer/read
ts37-master-0:235868:246436 [1] NCCL INFO Channel 11/0 : 1[1] -> 2[2] via P2P/direct pointer/read
ts37-master-0:235868:246435 [0] NCCL INFO Channel 09/0 : 0[0] -> 1[1] via P2P/direct pointer/read
ts37-master-0:235868:246436 [1] NCCL INFO Channel 12/0 : 1[1] -> 2[2] via P2P/direct pointer/read
ts37-master-0:235868:246435 [0] NCCL INFO Channel 10/0 : 0[0] -> 1[1] via P2P/direct pointer/read
ts37-master-0:235868:246436 [1] NCCL INFO Channel 13/0 : 1[1] -> 2[2] via P2P/direct pointer/read
ts37-master-0:235868:246435 [0] NCCL INFO Channel 11/0 : 0[0] -> 1[1] via P2P/direct pointer/read
ts37-master-0:235868:246436 [1] NCCL INFO Channel 14/0 : 1[1] -> 2[2] via P2P/direct pointer/read
ts37-master-0:235868:246437 [2] NCCL INFO Channel 06/0 : 2[2] -> 0[0] via P2P/direct pointer/read
ts37-master-0:235868:246435 [0] NCCL INFO Channel 12/0 : 0[0] -> 1[1] via P2P/direct pointer/read
ts37-master-0:235868:246436 [1] NCCL INFO Channel 15/0 : 1[1] -> 2[2] via P2P/direct pointer/read
ts37-master-0:235868:246437 [2] NCCL INFO Channel 07/0 : 2[2] -> 0[0] via P2P/direct pointer/read
ts37-master-0:235868:246435 [0] NCCL INFO Channel 13/0 : 0[0] -> 1[1] via P2P/direct pointer/read
ts37-master-0:235868:246436 [1] NCCL INFO Channel 16/0 : 1[1] -> 2[2] via P2P/direct pointer/read
ts37-master-0:235868:246437 [2] NCCL INFO Channel 08/0 : 2[2] -> 0[0] via P2P/direct pointer/read
ts37-master-0:235868:246435 [0] NCCL INFO Channel 14/0 : 0[0] -> 1[1] via P2P/direct pointer/read
ts37-master-0:235868:246436 [1] NCCL INFO Channel 17/0 : 1[1] -> 2[2] via P2P/direct pointer/read
ts37-master-0:235868:246437 [2] NCCL INFO Channel 09/0 : 2[2] -> 0[0] via P2P/direct pointer/read
ts37-master-0:235868:246435 [0] NCCL INFO Channel 15/0 : 0[0] -> 1[1] via P2P/direct pointer/read
ts37-master-0:235868:246436 [1] NCCL INFO Channel 18/0 : 1[1] -> 2[2] via P2P/direct pointer/read
ts37-master-0:235868:246437 [2] NCCL INFO Channel 10/0 : 2[2] -> 0[0] via P2P/direct pointer/read
ts37-master-0:235868:246435 [0] NCCL INFO Channel 16/0 : 0[0] -> 1[1] via P2P/direct pointer/read
ts37-master-0:235868:246436 [1] NCCL INFO Channel 19/0 : 1[1] -> 2[2] via P2P/direct pointer/read
ts37-master-0:235868:246437 [2] NCCL INFO Channel 11/0 : 2[2] -> 0[0] via P2P/direct pointer/read
ts37-master-0:235868:246435 [0] NCCL INFO Channel 17/0 : 0[0] -> 1[1] via P2P/direct pointer/read
ts37-master-0:235868:246436 [1] NCCL INFO Channel 20/0 : 1[1] -> 2[2] via P2P/direct pointer/read
ts37-master-0:235868:246437 [2] NCCL INFO Channel 12/0 : 2[2] -> 0[0] via P2P/direct pointer/read
ts37-master-0:235868:246435 [0] NCCL INFO Channel 18/0 : 0[0] -> 1[1] via P2P/direct pointer/read
ts37-master-0:235868:246436 [1] NCCL INFO Channel 21/0 : 1[1] -> 2[2] via P2P/direct pointer/read
ts37-master-0:235868:246437 [2] NCCL INFO Channel 13/0 : 2[2] -> 0[0] via P2P/direct pointer/read
ts37-master-0:235868:246435 [0] NCCL INFO Channel 19/0 : 0[0] -> 1[1] via P2P/direct pointer/read
ts37-master-0:235868:246436 [1] NCCL INFO Channel 22/0 : 1[1] -> 2[2] via P2P/direct pointer/read
ts37-master-0:235868:246437 [2] NCCL INFO Channel 14/0 : 2[2] -> 0[0] via P2P/direct pointer/read
ts37-master-0:235868:246435 [0] NCCL INFO Channel 20/0 : 0[0] -> 1[1] via P2P/direct pointer/read
ts37-master-0:235868:246436 [1] NCCL INFO Channel 23/0 : 1[1] -> 2[2] via P2P/direct pointer/read
ts37-master-0:235868:246437 [2] NCCL INFO Channel 15/0 : 2[2] -> 0[0] via P2P/direct pointer/read
ts37-master-0:235868:246435 [0] NCCL INFO Channel 21/0 : 0[0] -> 1[1] via P2P/direct pointer/read
ts37-master-0:235868:246437 [2] NCCL INFO Channel 16/0 : 2[2] -> 0[0] via P2P/direct pointer/read
ts37-master-0:235868:246435 [0] NCCL INFO Channel 22/0 : 0[0] -> 1[1] via P2P/direct pointer/read
ts37-master-0:235868:246437 [2] NCCL INFO Channel 17/0 : 2[2] -> 0[0] via P2P/direct pointer/read
ts37-master-0:235868:246435 [0] NCCL INFO Channel 23/0 : 0[0] -> 1[1] via P2P/direct pointer/read
ts37-master-0:235868:246437 [2] NCCL INFO Channel 18/0 : 2[2] -> 0[0] via P2P/direct pointer/read
ts37-master-0:235868:246437 [2] NCCL INFO Channel 19/0 : 2[2] -> 0[0] via P2P/direct pointer/read
ts37-master-0:235868:246437 [2] NCCL INFO Channel 20/0 : 2[2] -> 0[0] via P2P/direct pointer/read
ts37-master-0:235868:246437 [2] NCCL INFO Channel 21/0 : 2[2] -> 0[0] via P2P/direct pointer/read
ts37-master-0:235868:246437 [2] NCCL INFO Channel 22/0 : 2[2] -> 0[0] via P2P/direct pointer/read
ts37-master-0:235868:246437 [2] NCCL INFO Channel 23/0 : 2[2] -> 0[0] via P2P/direct pointer/read
ts37-master-0:235868:246435 [0] NCCL INFO Connected all rings
ts37-master-0:235868:246437 [2] NCCL INFO Connected all rings
ts37-master-0:235868:246436 [1] NCCL INFO Connected all rings
ts37-master-0:235868:246437 [2] NCCL INFO Channel 00/0 : 2[2] -> 1[1] via P2P/direct pointer/read
ts37-master-0:235868:246437 [2] NCCL INFO Channel 01/0 : 2[2] -> 1[1] via P2P/direct pointer/read
ts37-master-0:235868:246437 [2] NCCL INFO Channel 02/0 : 2[2] -> 1[1] via P2P/direct pointer/read
ts37-master-0:235868:246437 [2] NCCL INFO Channel 03/0 : 2[2] -> 1[1] via P2P/direct pointer/read
ts37-master-0:235868:246437 [2] NCCL INFO Channel 04/0 : 2[2] -> 1[1] via P2P/direct pointer/read
ts37-master-0:235868:246437 [2] NCCL INFO Channel 05/0 : 2[2] -> 1[1] via P2P/direct pointer/read
ts37-master-0:235868:246437 [2] NCCL INFO Channel 06/0 : 2[2] -> 1[1] via P2P/direct pointer/read
ts37-master-0:235868:246437 [2] NCCL INFO Channel 07/0 : 2[2] -> 1[1] via P2P/direct pointer/read
ts37-master-0:235868:246437 [2] NCCL INFO Channel 08/0 : 2[2] -> 1[1] via P2P/direct pointer/read
ts37-master-0:235868:246437 [2] NCCL INFO Channel 09/0 : 2[2] -> 1[1] via P2P/direct pointer/read
ts37-master-0:235868:246437 [2] NCCL INFO Channel 10/0 : 2[2] -> 1[1] via P2P/direct pointer/read
ts37-master-0:235868:246437 [2] NCCL INFO Channel 11/0 : 2[2] -> 1[1] via P2P/direct pointer/read
ts37-master-0:235868:246437 [2] NCCL INFO Channel 12/0 : 2[2] -> 1[1] via P2P/direct pointer/read
ts37-master-0:235868:246437 [2] NCCL INFO Channel 13/0 : 2[2] -> 1[1] via P2P/direct pointer/read
ts37-master-0:235868:246437 [2] NCCL INFO Channel 14/0 : 2[2] -> 1[1] via P2P/direct pointer/read
ts37-master-0:235868:246437 [2] NCCL INFO Channel 15/0 : 2[2] -> 1[1] via P2P/direct pointer/read
ts37-master-0:235868:246437 [2] NCCL INFO Channel 16/0 : 2[2] -> 1[1] via P2P/direct pointer/read
ts37-master-0:235868:246437 [2] NCCL INFO Channel 17/0 : 2[2] -> 1[1] via P2P/direct pointer/read
ts37-master-0:235868:246437 [2] NCCL INFO Channel 18/0 : 2[2] -> 1[1] via P2P/direct pointer/read
ts37-master-0:235868:246437 [2] NCCL INFO Channel 19/0 : 2[2] -> 1[1] via P2P/direct pointer/read
ts37-master-0:235868:246437 [2] NCCL INFO Channel 20/0 : 2[2] -> 1[1] via P2P/direct pointer/read
ts37-master-0:235868:246437 [2] NCCL INFO Channel 21/0 : 2[2] -> 1[1] via P2P/direct pointer/read
ts37-master-0:235868:246437 [2] NCCL INFO Channel 22/0 : 2[2] -> 1[1] via P2P/direct pointer/read
ts37-master-0:235868:246437 [2] NCCL INFO Channel 23/0 : 2[2] -> 1[1] via P2P/direct pointer/read
ts37-master-0:235868:246436 [1] NCCL INFO Channel 00/0 : 1[1] -> 0[0] via P2P/direct pointer/read
ts37-master-0:235868:246436 [1] NCCL INFO Channel 01/0 : 1[1] -> 0[0] via P2P/direct pointer/read
ts37-master-0:235868:246436 [1] NCCL INFO Channel 02/0 : 1[1] -> 0[0] via P2P/direct pointer/read
ts37-master-0:235868:246436 [1] NCCL INFO Channel 03/0 : 1[1] -> 0[0] via P2P/direct pointer/read
ts37-master-0:235868:246436 [1] NCCL INFO Channel 04/0 : 1[1] -> 0[0] via P2P/direct pointer/read
ts37-master-0:235868:246436 [1] NCCL INFO Channel 05/0 : 1[1] -> 0[0] via P2P/direct pointer/read
ts37-master-0:235868:246436 [1] NCCL INFO Channel 06/0 : 1[1] -> 0[0] via P2P/direct pointer/read
ts37-master-0:235868:246436 [1] NCCL INFO Channel 07/0 : 1[1] -> 0[0] via P2P/direct pointer/read
ts37-master-0:235868:246436 [1] NCCL INFO Channel 08/0 : 1[1] -> 0[0] via P2P/direct pointer/read
ts37-master-0:235868:246436 [1] NCCL INFO Channel 09/0 : 1[1] -> 0[0] via P2P/direct pointer/read
ts37-master-0:235868:246436 [1] NCCL INFO Channel 10/0 : 1[1] -> 0[0] via P2P/direct pointer/read
ts37-master-0:235868:246436 [1] NCCL INFO Channel 11/0 : 1[1] -> 0[0] via P2P/direct pointer/read
ts37-master-0:235868:246436 [1] NCCL INFO Channel 12/0 : 1[1] -> 0[0] via P2P/direct pointer/read
ts37-master-0:235868:246436 [1] NCCL INFO Channel 13/0 : 1[1] -> 0[0] via P2P/direct pointer/read
ts37-master-0:235868:246436 [1] NCCL INFO Channel 14/0 : 1[1] -> 0[0] via P2P/direct pointer/read
ts37-master-0:235868:246436 [1] NCCL INFO Channel 15/0 : 1[1] -> 0[0] via P2P/direct pointer/read
ts37-master-0:235868:246436 [1] NCCL INFO Channel 16/0 : 1[1] -> 0[0] via P2P/direct pointer/read
ts37-master-0:235868:246436 [1] NCCL INFO Channel 17/0 : 1[1] -> 0[0] via P2P/direct pointer/read
ts37-master-0:235868:246436 [1] NCCL INFO Channel 18/0 : 1[1] -> 0[0] via P2P/direct pointer/read
ts37-master-0:235868:246436 [1] NCCL INFO Channel 19/0 : 1[1] -> 0[0] via P2P/direct pointer/read
ts37-master-0:235868:246436 [1] NCCL INFO Channel 20/0 : 1[1] -> 0[0] via P2P/direct pointer/read
ts37-master-0:235868:246436 [1] NCCL INFO Channel 21/0 : 1[1] -> 0[0] via P2P/direct pointer/read
ts37-master-0:235868:246436 [1] NCCL INFO Channel 22/0 : 1[1] -> 0[0] via P2P/direct pointer/read
ts37-master-0:235868:246436 [1] NCCL INFO Channel 23/0 : 1[1] -> 0[0] via P2P/direct pointer/read
ts37-master-0:235868:246435 [0] NCCL INFO Connected all trees
ts37-master-0:235868:246437 [2] NCCL INFO Connected all trees
ts37-master-0:235868:246436 [1] NCCL INFO Connected all trees
ts37-master-0:235868:246437 [2] NCCL INFO threadThresholds 8/8/64 | 24/8/64 | 512 | 512
ts37-master-0:235868:246437 [2] NCCL INFO 24 coll channels, 0 collnet channels, 0 nvls channels, 32 p2p channels, 32 p2p channels per peer
ts37-master-0:235868:246436 [1] NCCL INFO threadThresholds 8/8/64 | 24/8/64 | 512 | 512
ts37-master-0:235868:246436 [1] NCCL INFO 24 coll channels, 0 collnet channels, 0 nvls channels, 32 p2p channels, 32 p2p channels per peer
ts37-master-0:235868:246435 [0] NCCL INFO threadThresholds 8/8/64 | 24/8/64 | 512 | 512
ts37-master-0:235868:246435 [0] NCCL INFO 24 coll channels, 0 collnet channels, 0 nvls channels, 32 p2p channels, 32 p2p channels per peer
ts37-master-0:235868:246437 [2] NCCL INFO comm 0xfc85140 rank 2 nranks 3 cudaDev 2 nvmlDev 2 busId 65000 commId 0x1f1ca2d7de4ab1c7 - Init COMPLETE
ts37-master-0:235868:246435 [0] NCCL INFO comm 0xfcdaf10 rank 0 nranks 3 cudaDev 0 nvmlDev 0 busId 61000 commId 0x1f1ca2d7de4ab1c7 - Init COMPLETE
ts37-master-0:235868:246436 [1] NCCL INFO comm 0xfcb7550 rank 1 nranks 3 cudaDev 1 nvmlDev 1 busId 63000 commId 0x1f1ca2d7de4ab1c7 - Init COMPLETE
Epoch: 1, Steps: 1141 | Train Loss: 0.4237992 Vali Loss: 0.2128003 Test Loss: 0.2954812
Validation loss decreased (inf --> 0.212800).  Saving model ...
Updating learning rate to 0.001
	iters: 100, epoch: 2 | loss: 0.3814185
	speed: 2.2745s/iter; left time: 23132.1496s
	iters: 200, epoch: 2 | loss: 0.3507795
	speed: 0.7980s/iter; left time: 8035.7147s
	iters: 300, epoch: 2 | loss: 0.3305897
	speed: 0.7993s/iter; left time: 7968.7418s
	iters: 400, epoch: 2 | loss: 0.3722530
	speed: 0.8009s/iter; left time: 7904.9937s
	iters: 500, epoch: 2 | loss: 0.3973195
	speed: 0.7998s/iter; left time: 7814.4847s
	iters: 600, epoch: 2 | loss: 0.3514618
	speed: 0.7988s/iter; left time: 7724.2803s
	iters: 700, epoch: 2 | loss: 0.3396966
	speed: 0.7989s/iter; left time: 7645.1259s
	iters: 800, epoch: 2 | loss: 0.4141462
	speed: 0.7996s/iter; left time: 7572.6647s
	iters: 900, epoch: 2 | loss: 0.3414715
	speed: 0.8001s/iter; left time: 7496.5971s
	iters: 1000, epoch: 2 | loss: 0.3213102
	speed: 0.7990s/iter; left time: 7406.8626s
	iters: 1100, epoch: 2 | loss: 0.3125990
	speed: 0.7989s/iter; left time: 7325.9831s
Epoch: 2 cost time: 912.2239179611206
Epoch: 2, Steps: 1141 | Train Loss: 0.3645190 Vali Loss: 0.2154303 Test Loss: 0.2770273
EarlyStopping counter: 1 out of 3
Updating learning rate to 0.0005
	iters: 100, epoch: 3 | loss: 0.3335772
	speed: 2.3155s/iter; left time: 20906.6864s
	iters: 200, epoch: 3 | loss: 0.3414257
	speed: 0.7986s/iter; left time: 7130.7928s
	iters: 300, epoch: 3 | loss: 0.3546391
	speed: 0.8001s/iter; left time: 7063.7782s
	iters: 400, epoch: 3 | loss: 0.3717023
	speed: 0.8009s/iter; left time: 6991.0014s
	iters: 500, epoch: 3 | loss: 0.3943181
	speed: 0.7996s/iter; left time: 6899.9496s
	iters: 600, epoch: 3 | loss: 0.2994907
	speed: 0.7993s/iter; left time: 6817.1956s
	iters: 700, epoch: 3 | loss: 0.3413238
	speed: 0.7984s/iter; left time: 6729.4061s
	iters: 800, epoch: 3 | loss: 0.4173235
	speed: 0.7992s/iter; left time: 6656.5225s
	iters: 900, epoch: 3 | loss: 0.3840578
	speed: 0.8007s/iter; left time: 6588.6034s
	iters: 1000, epoch: 3 | loss: 0.4167794
	speed: 0.7992s/iter; left time: 6497.0746s
	iters: 1100, epoch: 3 | loss: 0.3698942
	speed: 0.7990s/iter; left time: 6415.0095s
Epoch: 3 cost time: 912.4040107727051
Epoch: 3, Steps: 1141 | Train Loss: 0.3482225 Vali Loss: 0.1971083 Test Loss: 0.2594227
Validation loss decreased (0.212800 --> 0.197108).  Saving model ...
Updating learning rate to 0.00025
	iters: 100, epoch: 4 | loss: 0.3600180
	speed: 2.3195s/iter; left time: 18296.3703s
	iters: 200, epoch: 4 | loss: 0.3255618
	speed: 0.7983s/iter; left time: 6217.0155s
	iters: 300, epoch: 4 | loss: 0.3279322
	speed: 0.7994s/iter; left time: 6145.5294s
	iters: 400, epoch: 4 | loss: 0.4117656
	speed: 0.8007s/iter; left time: 6075.6749s
	iters: 500, epoch: 4 | loss: 0.4113081
	speed: 0.7994s/iter; left time: 5986.2802s
	iters: 600, epoch: 4 | loss: 0.3967381
	speed: 0.7993s/iter; left time: 5905.1091s
