Using GPU
Args in experiment:
[1mBasic Config[0m
  Task Name:          AGPT_loss           Is Training:        1                   
  Model ID:           ECL_96_96           Model:              AGPT_PT             

[1mData Loader[0m
  Data:               custom              Root Path:          ./dataset/electricity/
  Data Path:          electricity.csv     Features:           M                   
  Target:             OT                  Freq:               h                   
  Checkpoints:        ./checkpoints/      

[1mModel Parameters[0m
  Num Kernels:        6                   
  Enc In:             321                 Dec In:             321                 
  C Out:              321                 d model:            512                 
  n heads:            8                   e layers:           2                   
  d layers:           1                   d FF:               2048                
  Moving Avg:         25                  Factor:             3                   
  Distil:             1                   Dropout:            0.1                 
  Embed:              timeF               Activation:         gelu                

[1mRun Parameters[0m
  Num Workers:        10                  Itr:                1                   
  Train Epochs:       10                  Batch Size:         16                  
  Patience:           3                   Learning Rate:      0.0001              
  Des:                Exp                 Loss:               MSE                 
  Lradj:              type1               Use Amp:            0                   

[1mGPU[0m
  Use GPU:            1                   GPU:                0                   
  Use Multi GPU:      1                   Devices:            0,1,2,3             

[1mDe-stationary Projector Params[0m
  P Hidden Dims:      128, 128            P Hidden Layers:    2                   

Use GPU: cuda:0
>>>>>>>start training : AGPT_loss_ECL_96_96_AGPT_PT_2048_fixedFalse_0.0001_0.001>>>>>>>>>>>>>>>>>>>>>>>>>>
train 18221
val 2537
test 5165
ts45-master-0:24:24 [0] NCCL INFO cudaDriverVersion 12020
ts45-master-0:24:24 [0] NCCL INFO Bootstrap : Using eth0:10.211.66.190<0>
ts45-master-0:24:24 [0] NCCL INFO NET/Plugin : dlerror=libnccl-net.so: cannot open shared object file: No such file or directory No plugin found (libnccl-net.so), using internal implementation
NCCL version 2.20.5+cuda12.4
ts45-master-0:24:938 [2] NCCL INFO NCCL_IB_DISABLE set by environment to 0.
ts45-master-0:24:938 [2] NCCL INFO NET/IB : No device found.
ts45-master-0:24:938 [2] NCCL INFO NET/Socket : Using [0]eth0:10.211.66.190<0>
ts45-master-0:24:938 [2] NCCL INFO Using non-device net plugin version 0
ts45-master-0:24:938 [2] NCCL INFO Using network Socket
ts45-master-0:24:936 [0] NCCL INFO Using non-device net plugin version 0
ts45-master-0:24:936 [0] NCCL INFO Using network Socket
ts45-master-0:24:937 [1] NCCL INFO Using non-device net plugin version 0
ts45-master-0:24:937 [1] NCCL INFO Using network Socket
ts45-master-0:24:939 [3] NCCL INFO Using non-device net plugin version 0
ts45-master-0:24:939 [3] NCCL INFO Using network Socket
ts45-master-0:24:938 [2] NCCL INFO comm 0xf325210 rank 2 nranks 4 cudaDev 2 nvmlDev 2 busId 67000 commId 0xa3c95f502a704b08 - Init START
ts45-master-0:24:939 [3] NCCL INFO comm 0xf329f20 rank 3 nranks 4 cudaDev 3 nvmlDev 3 busId a1000 commId 0xa3c95f502a704b08 - Init START
ts45-master-0:24:937 [1] NCCL INFO comm 0xf320500 rank 1 nranks 4 cudaDev 1 nvmlDev 1 busId 65000 commId 0xa3c95f502a704b08 - Init START
ts45-master-0:24:936 [0] NCCL INFO comm 0xf319a70 rank 0 nranks 4 cudaDev 0 nvmlDev 0 busId 61000 commId 0xa3c95f502a704b08 - Init START
ts45-master-0:24:936 [0] NCCL INFO Setting affinity for GPU 0 to 03ffffff,ffffffff
ts45-master-0:24:936 [0] NCCL INFO NVLS multicast support is not available on dev 0
ts45-master-0:24:939 [3] NCCL INFO Setting affinity for GPU 3 to 0fffff,ffffffff,fc000000,00000000
ts45-master-0:24:939 [3] NCCL INFO NVLS multicast support is not available on dev 3
ts45-master-0:24:937 [1] NCCL INFO Setting affinity for GPU 1 to 03ffffff,ffffffff
ts45-master-0:24:937 [1] NCCL INFO NVLS multicast support is not available on dev 1
ts45-master-0:24:938 [2] NCCL INFO Setting affinity for GPU 2 to 03ffffff,ffffffff
ts45-master-0:24:938 [2] NCCL INFO NVLS multicast support is not available on dev 2
ts45-master-0:24:938 [2] NCCL INFO comm 0xf325210 rank 2 nRanks 4 nNodes 1 localRanks 4 localRank 2 MNNVL 0
ts45-master-0:24:937 [1] NCCL INFO comm 0xf320500 rank 1 nRanks 4 nNodes 1 localRanks 4 localRank 1 MNNVL 0
ts45-master-0:24:939 [3] NCCL INFO comm 0xf329f20 rank 3 nRanks 4 nNodes 1 localRanks 4 localRank 3 MNNVL 0
ts45-master-0:24:936 [0] NCCL INFO comm 0xf319a70 rank 0 nRanks 4 nNodes 1 localRanks 4 localRank 0 MNNVL 0
ts45-master-0:24:938 [2] NCCL INFO Trees [0] 3/-1/-1->2->1 [1] 3/-1/-1->2->1 [2] 3/-1/-1->2->1 [3] 3/-1/-1->2->1 [4] 3/-1/-1->2->1 [5] 3/-1/-1->2->1 [6] 3/-1/-1->2->1 [7] 3/-1/-1->2->1 [8] 3/-1/-1->2->1 [9] 3/-1/-1->2->1 [10] 3/-1/-1->2->1 [11] 3/-1/-1->2->1 [12] 3/-1/-1->2->1 [13] 3/-1/-1->2->1 [14] 3/-1/-1->2->1 [15] 3/-1/-1->2->1 [16] 3/-1/-1->2->1 [17] 3/-1/-1->2->1 [18] 3/-1/-1->2->1 [19] 3/-1/-1->2->1 [20] 3/-1/-1->2->1 [21] 3/-1/-1->2->1 [22] 3/-1/-1->2->1 [23] 3/-1/-1->2->1
ts45-master-0:24:939 [3] NCCL INFO Trees [0] -1/-1/-1->3->2 [1] -1/-1/-1->3->2 [2] -1/-1/-1->3->2 [3] -1/-1/-1->3->2 [4] -1/-1/-1->3->2 [5] -1/-1/-1->3->2 [6] -1/-1/-1->3->2 [7] -1/-1/-1->3->2 [8] -1/-1/-1->3->2 [9] -1/-1/-1->3->2 [10] -1/-1/-1->3->2 [11] -1/-1/-1->3->2 [12] -1/-1/-1->3->2 [13] -1/-1/-1->3->2 [14] -1/-1/-1->3->2 [15] -1/-1/-1->3->2 [16] -1/-1/-1->3->2 [17] -1/-1/-1->3->2 [18] -1/-1/-1->3->2 [19] -1/-1/-1->3->2 [20] -1/-1/-1->3->2 [21] -1/-1/-1->3->2 [22] -1/-1/-1->3->2 [23] -1/-1/-1->3->2
ts45-master-0:24:938 [2] NCCL INFO P2P Chunksize set to 524288
ts45-master-0:24:937 [1] NCCL INFO Trees [0] 2/-1/-1->1->0 [1] 2/-1/-1->1->0 [2] 2/-1/-1->1->0 [3] 2/-1/-1->1->0 [4] 2/-1/-1->1->0 [5] 2/-1/-1->1->0 [6] 2/-1/-1->1->0 [7] 2/-1/-1->1->0 [8] 2/-1/-1->1->0 [9] 2/-1/-1->1->0 [10] 2/-1/-1->1->0 [11] 2/-1/-1->1->0 [12] 2/-1/-1->1->0 [13] 2/-1/-1->1->0 [14] 2/-1/-1->1->0 [15] 2/-1/-1->1->0 [16] 2/-1/-1->1->0 [17] 2/-1/-1->1->0 [18] 2/-1/-1->1->0 [19] 2/-1/-1->1->0 [20] 2/-1/-1->1->0 [21] 2/-1/-1->1->0 [22] 2/-1/-1->1->0 [23] 2/-1/-1->1->0
ts45-master-0:24:937 [1] NCCL INFO P2P Chunksize set to 524288
ts45-master-0:24:936 [0] NCCL INFO Channel 00/24 :    0   1   2   3
ts45-master-0:24:939 [3] NCCL INFO P2P Chunksize set to 524288
ts45-master-0:24:936 [0] NCCL INFO Channel 01/24 :    0   1   2   3
ts45-master-0:24:936 [0] NCCL INFO Channel 02/24 :    0   1   2   3
ts45-master-0:24:936 [0] NCCL INFO Channel 03/24 :    0   1   2   3
ts45-master-0:24:936 [0] NCCL INFO Channel 04/24 :    0   1   2   3
ts45-master-0:24:936 [0] NCCL INFO Channel 05/24 :    0   1   2   3
ts45-master-0:24:936 [0] NCCL INFO Channel 06/24 :    0   1   2   3
ts45-master-0:24:936 [0] NCCL INFO Channel 07/24 :    0   1   2   3
ts45-master-0:24:936 [0] NCCL INFO Channel 08/24 :    0   1   2   3
ts45-master-0:24:936 [0] NCCL INFO Channel 09/24 :    0   1   2   3
ts45-master-0:24:936 [0] NCCL INFO Channel 10/24 :    0   1   2   3
ts45-master-0:24:936 [0] NCCL INFO Channel 11/24 :    0   1   2   3
ts45-master-0:24:936 [0] NCCL INFO Channel 12/24 :    0   1   2   3
ts45-master-0:24:936 [0] NCCL INFO Channel 13/24 :    0   1   2   3
ts45-master-0:24:936 [0] NCCL INFO Channel 14/24 :    0   1   2   3
ts45-master-0:24:936 [0] NCCL INFO Channel 15/24 :    0   1   2   3
ts45-master-0:24:936 [0] NCCL INFO Channel 16/24 :    0   1   2   3
ts45-master-0:24:936 [0] NCCL INFO Channel 17/24 :    0   1   2   3
ts45-master-0:24:936 [0] NCCL INFO Channel 18/24 :    0   1   2   3
ts45-master-0:24:936 [0] NCCL INFO Channel 19/24 :    0   1   2   3
ts45-master-0:24:936 [0] NCCL INFO Channel 20/24 :    0   1   2   3
ts45-master-0:24:936 [0] NCCL INFO Channel 21/24 :    0   1   2   3
ts45-master-0:24:936 [0] NCCL INFO Channel 22/24 :    0   1   2   3
ts45-master-0:24:936 [0] NCCL INFO Channel 23/24 :    0   1   2   3
ts45-master-0:24:936 [0] NCCL INFO Trees [0] 1/-1/-1->0->-1 [1] 1/-1/-1->0->-1 [2] 1/-1/-1->0->-1 [3] 1/-1/-1->0->-1 [4] 1/-1/-1->0->-1 [5] 1/-1/-1->0->-1 [6] 1/-1/-1->0->-1 [7] 1/-1/-1->0->-1 [8] 1/-1/-1->0->-1 [9] 1/-1/-1->0->-1 [10] 1/-1/-1->0->-1 [11] 1/-1/-1->0->-1 [12] 1/-1/-1->0->-1 [13] 1/-1/-1->0->-1 [14] 1/-1/-1->0->-1 [15] 1/-1/-1->0->-1 [16] 1/-1/-1->0->-1 [17] 1/-1/-1->0->-1 [18] 1/-1/-1->0->-1 [19] 1/-1/-1->0->-1 [20] 1/-1/-1->0->-1 [21] 1/-1/-1->0->-1 [22] 1/-1/-1->0->-1 [23] 1/-1/-1->0->-1
ts45-master-0:24:936 [0] NCCL INFO P2P Chunksize set to 524288
ts45-master-0:24:938 [2] NCCL INFO Channel 00/0 : 2[2] -> 3[3] via P2P/direct pointer/read
ts45-master-0:24:938 [2] NCCL INFO Channel 01/0 : 2[2] -> 3[3] via P2P/direct pointer/read
ts45-master-0:24:938 [2] NCCL INFO Channel 02/0 : 2[2] -> 3[3] via P2P/direct pointer/read
ts45-master-0:24:938 [2] NCCL INFO Channel 03/0 : 2[2] -> 3[3] via P2P/direct pointer/read
ts45-master-0:24:938 [2] NCCL INFO Channel 04/0 : 2[2] -> 3[3] via P2P/direct pointer/read
ts45-master-0:24:938 [2] NCCL INFO Channel 05/0 : 2[2] -> 3[3] via P2P/direct pointer/read
ts45-master-0:24:937 [1] NCCL INFO Channel 00/0 : 1[1] -> 2[2] via P2P/direct pointer/read
ts45-master-0:24:938 [2] NCCL INFO Channel 06/0 : 2[2] -> 3[3] via P2P/direct pointer/read
ts45-master-0:24:937 [1] NCCL INFO Channel 01/0 : 1[1] -> 2[2] via P2P/direct pointer/read
ts45-master-0:24:938 [2] NCCL INFO Channel 07/0 : 2[2] -> 3[3] via P2P/direct pointer/read
ts45-master-0:24:937 [1] NCCL INFO Channel 02/0 : 1[1] -> 2[2] via P2P/direct pointer/read
ts45-master-0:24:938 [2] NCCL INFO Channel 08/0 : 2[2] -> 3[3] via P2P/direct pointer/read
ts45-master-0:24:937 [1] NCCL INFO Channel 03/0 : 1[1] -> 2[2] via P2P/direct pointer/read
ts45-master-0:24:939 [3] NCCL INFO Channel 00/0 : 3[3] -> 0[0] via P2P/direct pointer/read
ts45-master-0:24:938 [2] NCCL INFO Channel 09/0 : 2[2] -> 3[3] via P2P/direct pointer/read
ts45-master-0:24:937 [1] NCCL INFO Channel 04/0 : 1[1] -> 2[2] via P2P/direct pointer/read
ts45-master-0:24:936 [0] NCCL INFO Channel 00/0 : 0[0] -> 1[1] via P2P/direct pointer/read
ts45-master-0:24:939 [3] NCCL INFO Channel 01/0 : 3[3] -> 0[0] via P2P/direct pointer/read
ts45-master-0:24:938 [2] NCCL INFO Channel 10/0 : 2[2] -> 3[3] via P2P/direct pointer/read
ts45-master-0:24:937 [1] NCCL INFO Channel 05/0 : 1[1] -> 2[2] via P2P/direct pointer/read
ts45-master-0:24:936 [0] NCCL INFO Channel 01/0 : 0[0] -> 1[1] via P2P/direct pointer/read
ts45-master-0:24:939 [3] NCCL INFO Channel 02/0 : 3[3] -> 0[0] via P2P/direct pointer/read
ts45-master-0:24:938 [2] NCCL INFO Channel 11/0 : 2[2] -> 3[3] via P2P/direct pointer/read
ts45-master-0:24:937 [1] NCCL INFO Channel 06/0 : 1[1] -> 2[2] via P2P/direct pointer/read
ts45-master-0:24:936 [0] NCCL INFO Channel 02/0 : 0[0] -> 1[1] via P2P/direct pointer/read
ts45-master-0:24:939 [3] NCCL INFO Channel 03/0 : 3[3] -> 0[0] via P2P/direct pointer/read
ts45-master-0:24:938 [2] NCCL INFO Channel 12/0 : 2[2] -> 3[3] via P2P/direct pointer/read
ts45-master-0:24:937 [1] NCCL INFO Channel 07/0 : 1[1] -> 2[2] via P2P/direct pointer/read
ts45-master-0:24:936 [0] NCCL INFO Channel 03/0 : 0[0] -> 1[1] via P2P/direct pointer/read
ts45-master-0:24:939 [3] NCCL INFO Channel 04/0 : 3[3] -> 0[0] via P2P/direct pointer/read
ts45-master-0:24:938 [2] NCCL INFO Channel 13/0 : 2[2] -> 3[3] via P2P/direct pointer/read
ts45-master-0:24:937 [1] NCCL INFO Channel 08/0 : 1[1] -> 2[2] via P2P/direct pointer/read
ts45-master-0:24:936 [0] NCCL INFO Channel 04/0 : 0[0] -> 1[1] via P2P/direct pointer/read
ts45-master-0:24:939 [3] NCCL INFO Channel 05/0 : 3[3] -> 0[0] via P2P/direct pointer/read
ts45-master-0:24:938 [2] NCCL INFO Channel 14/0 : 2[2] -> 3[3] via P2P/direct pointer/read
ts45-master-0:24:937 [1] NCCL INFO Channel 09/0 : 1[1] -> 2[2] via P2P/direct pointer/read
ts45-master-0:24:936 [0] NCCL INFO Channel 05/0 : 0[0] -> 1[1] via P2P/direct pointer/read
ts45-master-0:24:939 [3] NCCL INFO Channel 06/0 : 3[3] -> 0[0] via P2P/direct pointer/read
ts45-master-0:24:938 [2] NCCL INFO Channel 15/0 : 2[2] -> 3[3] via P2P/direct pointer/read
ts45-master-0:24:937 [1] NCCL INFO Channel 10/0 : 1[1] -> 2[2] via P2P/direct pointer/read
ts45-master-0:24:936 [0] NCCL INFO Channel 06/0 : 0[0] -> 1[1] via P2P/direct pointer/read
ts45-master-0:24:939 [3] NCCL INFO Channel 07/0 : 3[3] -> 0[0] via P2P/direct pointer/read
ts45-master-0:24:938 [2] NCCL INFO Channel 16/0 : 2[2] -> 3[3] via P2P/direct pointer/read
ts45-master-0:24:937 [1] NCCL INFO Channel 11/0 : 1[1] -> 2[2] via P2P/direct pointer/read
ts45-master-0:24:936 [0] NCCL INFO Channel 07/0 : 0[0] -> 1[1] via P2P/direct pointer/read
ts45-master-0:24:939 [3] NCCL INFO Channel 08/0 : 3[3] -> 0[0] via P2P/direct pointer/read
ts45-master-0:24:938 [2] NCCL INFO Channel 17/0 : 2[2] -> 3[3] via P2P/direct pointer/read
ts45-master-0:24:937 [1] NCCL INFO Channel 12/0 : 1[1] -> 2[2] via P2P/direct pointer/read
ts45-master-0:24:936 [0] NCCL INFO Channel 08/0 : 0[0] -> 1[1] via P2P/direct pointer/read
ts45-master-0:24:939 [3] NCCL INFO Channel 09/0 : 3[3] -> 0[0] via P2P/direct pointer/read
ts45-master-0:24:938 [2] NCCL INFO Channel 18/0 : 2[2] -> 3[3] via P2P/direct pointer/read
ts45-master-0:24:937 [1] NCCL INFO Channel 13/0 : 1[1] -> 2[2] via P2P/direct pointer/read
ts45-master-0:24:936 [0] NCCL INFO Channel 09/0 : 0[0] -> 1[1] via P2P/direct pointer/read
ts45-master-0:24:939 [3] NCCL INFO Channel 10/0 : 3[3] -> 0[0] via P2P/direct pointer/read
ts45-master-0:24:938 [2] NCCL INFO Channel 19/0 : 2[2] -> 3[3] via P2P/direct pointer/read
ts45-master-0:24:937 [1] NCCL INFO Channel 14/0 : 1[1] -> 2[2] via P2P/direct pointer/read
ts45-master-0:24:936 [0] NCCL INFO Channel 10/0 : 0[0] -> 1[1] via P2P/direct pointer/read
ts45-master-0:24:939 [3] NCCL INFO Channel 11/0 : 3[3] -> 0[0] via P2P/direct pointer/read
ts45-master-0:24:938 [2] NCCL INFO Channel 20/0 : 2[2] -> 3[3] via P2P/direct pointer/read
ts45-master-0:24:937 [1] NCCL INFO Channel 15/0 : 1[1] -> 2[2] via P2P/direct pointer/read
ts45-master-0:24:936 [0] NCCL INFO Channel 11/0 : 0[0] -> 1[1] via P2P/direct pointer/read
ts45-master-0:24:939 [3] NCCL INFO Channel 12/0 : 3[3] -> 0[0] via P2P/direct pointer/read
ts45-master-0:24:938 [2] NCCL INFO Channel 21/0 : 2[2] -> 3[3] via P2P/direct pointer/read
ts45-master-0:24:937 [1] NCCL INFO Channel 16/0 : 1[1] -> 2[2] via P2P/direct pointer/read
ts45-master-0:24:936 [0] NCCL INFO Channel 12/0 : 0[0] -> 1[1] via P2P/direct pointer/read
ts45-master-0:24:939 [3] NCCL INFO Channel 13/0 : 3[3] -> 0[0] via P2P/direct pointer/read
ts45-master-0:24:938 [2] NCCL INFO Channel 22/0 : 2[2] -> 3[3] via P2P/direct pointer/read
ts45-master-0:24:937 [1] NCCL INFO Channel 17/0 : 1[1] -> 2[2] via P2P/direct pointer/read
ts45-master-0:24:936 [0] NCCL INFO Channel 13/0 : 0[0] -> 1[1] via P2P/direct pointer/read
ts45-master-0:24:939 [3] NCCL INFO Channel 14/0 : 3[3] -> 0[0] via P2P/direct pointer/read
ts45-master-0:24:938 [2] NCCL INFO Channel 23/0 : 2[2] -> 3[3] via P2P/direct pointer/read
ts45-master-0:24:937 [1] NCCL INFO Channel 18/0 : 1[1] -> 2[2] via P2P/direct pointer/read
ts45-master-0:24:936 [0] NCCL INFO Channel 14/0 : 0[0] -> 1[1] via P2P/direct pointer/read
ts45-master-0:24:939 [3] NCCL INFO Channel 15/0 : 3[3] -> 0[0] via P2P/direct pointer/read
ts45-master-0:24:937 [1] NCCL INFO Channel 19/0 : 1[1] -> 2[2] via P2P/direct pointer/read
ts45-master-0:24:936 [0] NCCL INFO Channel 15/0 : 0[0] -> 1[1] via P2P/direct pointer/read
ts45-master-0:24:939 [3] NCCL INFO Channel 16/0 : 3[3] -> 0[0] via P2P/direct pointer/read
ts45-master-0:24:937 [1] NCCL INFO Channel 20/0 : 1[1] -> 2[2] via P2P/direct pointer/read
ts45-master-0:24:936 [0] NCCL INFO Channel 16/0 : 0[0] -> 1[1] via P2P/direct pointer/read
ts45-master-0:24:939 [3] NCCL INFO Channel 17/0 : 3[3] -> 0[0] via P2P/direct pointer/read
ts45-master-0:24:937 [1] NCCL INFO Channel 21/0 : 1[1] -> 2[2] via P2P/direct pointer/read
ts45-master-0:24:936 [0] NCCL INFO Channel 17/0 : 0[0] -> 1[1] via P2P/direct pointer/read
ts45-master-0:24:939 [3] NCCL INFO Channel 18/0 : 3[3] -> 0[0] via P2P/direct pointer/read
ts45-master-0:24:937 [1] NCCL INFO Channel 22/0 : 1[1] -> 2[2] via P2P/direct pointer/read
ts45-master-0:24:936 [0] NCCL INFO Channel 18/0 : 0[0] -> 1[1] via P2P/direct pointer/read
ts45-master-0:24:939 [3] NCCL INFO Channel 19/0 : 3[3] -> 0[0] via P2P/direct pointer/read
ts45-master-0:24:937 [1] NCCL INFO Channel 23/0 : 1[1] -> 2[2] via P2P/direct pointer/read
ts45-master-0:24:936 [0] NCCL INFO Channel 19/0 : 0[0] -> 1[1] via P2P/direct pointer/read
ts45-master-0:24:939 [3] NCCL INFO Channel 20/0 : 3[3] -> 0[0] via P2P/direct pointer/read
ts45-master-0:24:936 [0] NCCL INFO Channel 20/0 : 0[0] -> 1[1] via P2P/direct pointer/read
ts45-master-0:24:939 [3] NCCL INFO Channel 21/0 : 3[3] -> 0[0] via P2P/direct pointer/read
ts45-master-0:24:936 [0] NCCL INFO Channel 21/0 : 0[0] -> 1[1] via P2P/direct pointer/read
ts45-master-0:24:939 [3] NCCL INFO Channel 22/0 : 3[3] -> 0[0] via P2P/direct pointer/read
ts45-master-0:24:936 [0] NCCL INFO Channel 22/0 : 0[0] -> 1[1] via P2P/direct pointer/read
ts45-master-0:24:939 [3] NCCL INFO Channel 23/0 : 3[3] -> 0[0] via P2P/direct pointer/read
ts45-master-0:24:936 [0] NCCL INFO Channel 23/0 : 0[0] -> 1[1] via P2P/direct pointer/read
ts45-master-0:24:937 [1] NCCL INFO Connected all rings
ts45-master-0:24:936 [0] NCCL INFO Connected all rings
ts45-master-0:24:938 [2] NCCL INFO Connected all rings
ts45-master-0:24:939 [3] NCCL INFO Connected all rings
ts45-master-0:24:939 [3] NCCL INFO Channel 00/0 : 3[3] -> 2[2] via P2P/direct pointer/read
ts45-master-0:24:937 [1] NCCL INFO Channel 00/0 : 1[1] -> 0[0] via P2P/direct pointer/read
ts45-master-0:24:937 [1] NCCL INFO Channel 01/0 : 1[1] -> 0[0] via P2P/direct pointer/read
ts45-master-0:24:937 [1] NCCL INFO Channel 02/0 : 1[1] -> 0[0] via P2P/direct pointer/read
ts45-master-0:24:937 [1] NCCL INFO Channel 03/0 : 1[1] -> 0[0] via P2P/direct pointer/read
ts45-master-0:24:937 [1] NCCL INFO Channel 04/0 : 1[1] -> 0[0] via P2P/direct pointer/read
ts45-master-0:24:937 [1] NCCL INFO Channel 05/0 : 1[1] -> 0[0] via P2P/direct pointer/read
ts45-master-0:24:938 [2] NCCL INFO Channel 00/0 : 2[2] -> 1[1] via P2P/direct pointer/read
ts45-master-0:24:937 [1] NCCL INFO Channel 06/0 : 1[1] -> 0[0] via P2P/direct pointer/read
ts45-master-0:24:938 [2] NCCL INFO Channel 01/0 : 2[2] -> 1[1] via P2P/direct pointer/read
ts45-master-0:24:937 [1] NCCL INFO Channel 07/0 : 1[1] -> 0[0] via P2P/direct pointer/read
ts45-master-0:24:938 [2] NCCL INFO Channel 02/0 : 2[2] -> 1[1] via P2P/direct pointer/read
ts45-master-0:24:937 [1] NCCL INFO Channel 08/0 : 1[1] -> 0[0] via P2P/direct pointer/read
ts45-master-0:24:938 [2] NCCL INFO Channel 03/0 : 2[2] -> 1[1] via P2P/direct pointer/read
ts45-master-0:24:937 [1] NCCL INFO Channel 09/0 : 1[1] -> 0[0] via P2P/direct pointer/read
ts45-master-0:24:938 [2] NCCL INFO Channel 04/0 : 2[2] -> 1[1] via P2P/direct pointer/read
ts45-master-0:24:937 [1] NCCL INFO Channel 10/0 : 1[1] -> 0[0] via P2P/direct pointer/read
ts45-master-0:24:938 [2] NCCL INFO Channel 05/0 : 2[2] -> 1[1] via P2P/direct pointer/read
ts45-master-0:24:937 [1] NCCL INFO Channel 11/0 : 1[1] -> 0[0] via P2P/direct pointer/read
ts45-master-0:24:938 [2] NCCL INFO Channel 06/0 : 2[2] -> 1[1] via P2P/direct pointer/read
ts45-master-0:24:937 [1] NCCL INFO Channel 12/0 : 1[1] -> 0[0] via P2P/direct pointer/read
ts45-master-0:24:938 [2] NCCL INFO Channel 07/0 : 2[2] -> 1[1] via P2P/direct pointer/read
ts45-master-0:24:937 [1] NCCL INFO Channel 13/0 : 1[1] -> 0[0] via P2P/direct pointer/read
ts45-master-0:24:938 [2] NCCL INFO Channel 08/0 : 2[2] -> 1[1] via P2P/direct pointer/read
ts45-master-0:24:937 [1] NCCL INFO Channel 14/0 : 1[1] -> 0[0] via P2P/direct pointer/read
ts45-master-0:24:938 [2] NCCL INFO Channel 09/0 : 2[2] -> 1[1] via P2P/direct pointer/read
ts45-master-0:24:937 [1] NCCL INFO Channel 15/0 : 1[1] -> 0[0] via P2P/direct pointer/read
ts45-master-0:24:938 [2] NCCL INFO Channel 10/0 : 2[2] -> 1[1] via P2P/direct pointer/read
ts45-master-0:24:937 [1] NCCL INFO Channel 16/0 : 1[1] -> 0[0] via P2P/direct pointer/read
ts45-master-0:24:938 [2] NCCL INFO Channel 11/0 : 2[2] -> 1[1] via P2P/direct pointer/read
ts45-master-0:24:937 [1] NCCL INFO Channel 17/0 : 1[1] -> 0[0] via P2P/direct pointer/read
ts45-master-0:24:938 [2] NCCL INFO Channel 12/0 : 2[2] -> 1[1] via P2P/direct pointer/read
ts45-master-0:24:937 [1] NCCL INFO Channel 18/0 : 1[1] -> 0[0] via P2P/direct pointer/read
ts45-master-0:24:938 [2] NCCL INFO Channel 13/0 : 2[2] -> 1[1] via P2P/direct pointer/read
ts45-master-0:24:937 [1] NCCL INFO Channel 19/0 : 1[1] -> 0[0] via P2P/direct pointer/read
ts45-master-0:24:938 [2] NCCL INFO Channel 14/0 : 2[2] -> 1[1] via P2P/direct pointer/read
ts45-master-0:24:937 [1] NCCL INFO Channel 20/0 : 1[1] -> 0[0] via P2P/direct pointer/read
ts45-master-0:24:938 [2] NCCL INFO Channel 15/0 : 2[2] -> 1[1] via P2P/direct pointer/read
ts45-master-0:24:937 [1] NCCL INFO Channel 21/0 : 1[1] -> 0[0] via P2P/direct pointer/read
ts45-master-0:24:938 [2] NCCL INFO Channel 16/0 : 2[2] -> 1[1] via P2P/direct pointer/read
ts45-master-0:24:937 [1] NCCL INFO Channel 22/0 : 1[1] -> 0[0] via P2P/direct pointer/read
ts45-master-0:24:938 [2] NCCL INFO Channel 17/0 : 2[2] -> 1[1] via P2P/direct pointer/read
ts45-master-0:24:937 [1] NCCL INFO Channel 23/0 : 1[1] -> 0[0] via P2P/direct pointer/read
ts45-master-0:24:938 [2] NCCL INFO Channel 18/0 : 2[2] -> 1[1] via P2P/direct pointer/read
ts45-master-0:24:938 [2] NCCL INFO Channel 19/0 : 2[2] -> 1[1] via P2P/direct pointer/read
ts45-master-0:24:938 [2] NCCL INFO Channel 20/0 : 2[2] -> 1[1] via P2P/direct pointer/read
ts45-master-0:24:938 [2] NCCL INFO Channel 21/0 : 2[2] -> 1[1] via P2P/direct pointer/read
ts45-master-0:24:938 [2] NCCL INFO Channel 22/0 : 2[2] -> 1[1] via P2P/direct pointer/read
ts45-master-0:24:938 [2] NCCL INFO Channel 23/0 : 2[2] -> 1[1] via P2P/direct pointer/read
ts45-master-0:24:936 [0] NCCL INFO Connected all trees
ts45-master-0:24:936 [0] NCCL INFO threadThresholds 8/8/64 | 32/8/64 | 512 | 512
ts45-master-0:24:936 [0] NCCL INFO 24 coll channels, 0 collnet channels, 0 nvls channels, 32 p2p channels, 32 p2p channels per peer
ts45-master-0:24:939 [3] NCCL INFO Channel 01/0 : 3[3] -> 2[2] via P2P/direct pointer/read
ts45-master-0:24:939 [3] NCCL INFO Channel 02/0 : 3[3] -> 2[2] via P2P/direct pointer/read
ts45-master-0:24:939 [3] NCCL INFO Channel 03/0 : 3[3] -> 2[2] via P2P/direct pointer/read
ts45-master-0:24:939 [3] NCCL INFO Channel 04/0 : 3[3] -> 2[2] via P2P/direct pointer/read
ts45-master-0:24:939 [3] NCCL INFO Channel 05/0 : 3[3] -> 2[2] via P2P/direct pointer/read
ts45-master-0:24:939 [3] NCCL INFO Channel 06/0 : 3[3] -> 2[2] via P2P/direct pointer/read
ts45-master-0:24:939 [3] NCCL INFO Channel 07/0 : 3[3] -> 2[2] via P2P/direct pointer/read
ts45-master-0:24:939 [3] NCCL INFO Channel 08/0 : 3[3] -> 2[2] via P2P/direct pointer/read
ts45-master-0:24:939 [3] NCCL INFO Channel 09/0 : 3[3] -> 2[2] via P2P/direct pointer/read
ts45-master-0:24:939 [3] NCCL INFO Channel 10/0 : 3[3] -> 2[2] via P2P/direct pointer/read
ts45-master-0:24:939 [3] NCCL INFO Channel 11/0 : 3[3] -> 2[2] via P2P/direct pointer/read
ts45-master-0:24:939 [3] NCCL INFO Channel 12/0 : 3[3] -> 2[2] via P2P/direct pointer/read
ts45-master-0:24:939 [3] NCCL INFO Channel 13/0 : 3[3] -> 2[2] via P2P/direct pointer/read
ts45-master-0:24:939 [3] NCCL INFO Channel 14/0 : 3[3] -> 2[2] via P2P/direct pointer/read
ts45-master-0:24:939 [3] NCCL INFO Channel 15/0 : 3[3] -> 2[2] via P2P/direct pointer/read
ts45-master-0:24:939 [3] NCCL INFO Channel 16/0 : 3[3] -> 2[2] via P2P/direct pointer/read
ts45-master-0:24:939 [3] NCCL INFO Channel 17/0 : 3[3] -> 2[2] via P2P/direct pointer/read
ts45-master-0:24:939 [3] NCCL INFO Channel 18/0 : 3[3] -> 2[2] via P2P/direct pointer/read
ts45-master-0:24:939 [3] NCCL INFO Channel 19/0 : 3[3] -> 2[2] via P2P/direct pointer/read
ts45-master-0:24:939 [3] NCCL INFO Channel 20/0 : 3[3] -> 2[2] via P2P/direct pointer/read
ts45-master-0:24:939 [3] NCCL INFO Channel 21/0 : 3[3] -> 2[2] via P2P/direct pointer/read
ts45-master-0:24:939 [3] NCCL INFO Channel 22/0 : 3[3] -> 2[2] via P2P/direct pointer/read
ts45-master-0:24:939 [3] NCCL INFO Channel 23/0 : 3[3] -> 2[2] via P2P/direct pointer/read
ts45-master-0:24:937 [1] NCCL INFO Connected all trees
ts45-master-0:24:937 [1] NCCL INFO threadThresholds 8/8/64 | 32/8/64 | 512 | 512
ts45-master-0:24:937 [1] NCCL INFO 24 coll channels, 0 collnet channels, 0 nvls channels, 32 p2p channels, 32 p2p channels per peer
ts45-master-0:24:938 [2] NCCL INFO Connected all trees
ts45-master-0:24:939 [3] NCCL INFO Connected all trees
ts45-master-0:24:938 [2] NCCL INFO threadThresholds 8/8/64 | 32/8/64 | 512 | 512
ts45-master-0:24:938 [2] NCCL INFO 24 coll channels, 0 collnet channels, 0 nvls channels, 32 p2p channels, 32 p2p channels per peer
ts45-master-0:24:939 [3] NCCL INFO threadThresholds 8/8/64 | 32/8/64 | 512 | 512
ts45-master-0:24:939 [3] NCCL INFO 24 coll channels, 0 collnet channels, 0 nvls channels, 32 p2p channels, 32 p2p channels per peer
ts45-master-0:24:938 [2] NCCL INFO comm 0xf325210 rank 2 nranks 4 cudaDev 2 nvmlDev 2 busId 67000 commId 0xa3c95f502a704b08 - Init COMPLETE
ts45-master-0:24:936 [0] NCCL INFO comm 0xf319a70 rank 0 nranks 4 cudaDev 0 nvmlDev 0 busId 61000 commId 0xa3c95f502a704b08 - Init COMPLETE
ts45-master-0:24:937 [1] NCCL INFO comm 0xf320500 rank 1 nranks 4 cudaDev 1 nvmlDev 1 busId 65000 commId 0xa3c95f502a704b08 - Init COMPLETE
ts45-master-0:24:939 [3] NCCL INFO comm 0xf329f20 rank 3 nranks 4 cudaDev 3 nvmlDev 3 busId a1000 commId 0xa3c95f502a704b08 - Init COMPLETE
	iters: 100, epoch: 1 | loss: 0.2918287
	speed: 0.3674s/iter; left time: 4148.1234s
	iters: 200, epoch: 1 | loss: 0.2792377
	speed: 0.3363s/iter; left time: 3763.3264s
	iters: 300, epoch: 1 | loss: 0.2754697
	speed: 0.3378s/iter; left time: 3747.0354s
	iters: 400, epoch: 1 | loss: 0.2980345
	speed: 0.3396s/iter; left time: 3732.6040s
	iters: 500, epoch: 1 | loss: 0.2571501
	speed: 0.3367s/iter; left time: 3667.0634s
	iters: 600, epoch: 1 | loss: 0.2569847
	speed: 0.3361s/iter; left time: 3627.2456s
	iters: 700, epoch: 1 | loss: 0.2842598
	speed: 0.3380s/iter; left time: 3613.4490s
	iters: 800, epoch: 1 | loss: 0.2380192
	speed: 0.3358s/iter; left time: 3556.3286s
	iters: 900, epoch: 1 | loss: 0.2659433
	speed: 0.3368s/iter; left time: 3532.9056s
	iters: 1000, epoch: 1 | loss: 0.2690220
	speed: 0.3361s/iter; left time: 3492.6196s
	iters: 1100, epoch: 1 | loss: 0.2852161
	speed: 0.3381s/iter; left time: 3479.8539s
Epoch: 1 cost time: 387.08759236335754
ts45-master-0:24:8429 [0] NCCL INFO Using non-device net plugin version 0
ts45-master-0:24:8430 [1] NCCL INFO Using non-device net plugin version 0
ts45-master-0:24:8430 [1] NCCL INFO Using network Socket
ts45-master-0:24:8429 [0] NCCL INFO Using network Socket
ts45-master-0:24:8431 [2] NCCL INFO Using non-device net plugin version 0
ts45-master-0:24:8431 [2] NCCL INFO Using network Socket
ts45-master-0:24:8429 [0] NCCL INFO comm 0xf399860 rank 0 nranks 3 cudaDev 0 nvmlDev 0 busId 61000 commId 0xc6e4e53b4822eca4 - Init START
ts45-master-0:24:8430 [1] NCCL INFO comm 0x126f1d50 rank 1 nranks 3 cudaDev 1 nvmlDev 1 busId 65000 commId 0xc6e4e53b4822eca4 - Init START
ts45-master-0:24:8431 [2] NCCL INFO comm 0x126d5cc0 rank 2 nranks 3 cudaDev 2 nvmlDev 2 busId 67000 commId 0xc6e4e53b4822eca4 - Init START
ts45-master-0:24:8429 [0] NCCL INFO Setting affinity for GPU 0 to 03ffffff,ffffffff
ts45-master-0:24:8429 [0] NCCL INFO NVLS multicast support is not available on dev 0
ts45-master-0:24:8430 [1] NCCL INFO Setting affinity for GPU 1 to 03ffffff,ffffffff
ts45-master-0:24:8430 [1] NCCL INFO NVLS multicast support is not available on dev 1
ts45-master-0:24:8431 [2] NCCL INFO Setting affinity for GPU 2 to 03ffffff,ffffffff
ts45-master-0:24:8431 [2] NCCL INFO NVLS multicast support is not available on dev 2
ts45-master-0:24:8431 [2] NCCL INFO comm 0x126d5cc0 rank 2 nRanks 3 nNodes 1 localRanks 3 localRank 2 MNNVL 0
ts45-master-0:24:8429 [0] NCCL INFO comm 0xf399860 rank 0 nRanks 3 nNodes 1 localRanks 3 localRank 0 MNNVL 0
ts45-master-0:24:8430 [1] NCCL INFO comm 0x126f1d50 rank 1 nRanks 3 nNodes 1 localRanks 3 localRank 1 MNNVL 0
ts45-master-0:24:8431 [2] NCCL INFO Trees [0] -1/-1/-1->2->1 [1] -1/-1/-1->2->1 [2] -1/-1/-1->2->1 [3] -1/-1/-1->2->1 [4] -1/-1/-1->2->1 [5] -1/-1/-1->2->1 [6] -1/-1/-1->2->1 [7] -1/-1/-1->2->1 [8] -1/-1/-1->2->1 [9] -1/-1/-1->2->1 [10] -1/-1/-1->2->1 [11] -1/-1/-1->2->1 [12] -1/-1/-1->2->1 [13] -1/-1/-1->2->1 [14] -1/-1/-1->2->1 [15] -1/-1/-1->2->1 [16] -1/-1/-1->2->1 [17] -1/-1/-1->2->1 [18] -1/-1/-1->2->1 [19] -1/-1/-1->2->1 [20] -1/-1/-1->2->1 [21] -1/-1/-1->2->1 [22] -1/-1/-1->2->1 [23] -1/-1/-1->2->1
ts45-master-0:24:8429 [0] NCCL INFO Channel 00/24 :    0   1   2
ts45-master-0:24:8431 [2] NCCL INFO P2P Chunksize set to 524288
ts45-master-0:24:8430 [1] NCCL INFO Trees [0] 2/-1/-1->1->0 [1] 2/-1/-1->1->0 [2] 2/-1/-1->1->0 [3] 2/-1/-1->1->0 [4] 2/-1/-1->1->0 [5] 2/-1/-1->1->0 [6] 2/-1/-1->1->0 [7] 2/-1/-1->1->0 [8] 2/-1/-1->1->0 [9] 2/-1/-1->1->0 [10] 2/-1/-1->1->0 [11] 2/-1/-1->1->0 [12] 2/-1/-1->1->0 [13] 2/-1/-1->1->0 [14] 2/-1/-1->1->0 [15] 2/-1/-1->1->0 [16] 2/-1/-1->1->0 [17] 2/-1/-1->1->0 [18] 2/-1/-1->1->0 [19] 2/-1/-1->1->0 [20] 2/-1/-1->1->0 [21] 2/-1/-1->1->0 [22] 2/-1/-1->1->0 [23] 2/-1/-1->1->0
ts45-master-0:24:8430 [1] NCCL INFO P2P Chunksize set to 524288
ts45-master-0:24:8429 [0] NCCL INFO Channel 01/24 :    0   1   2
ts45-master-0:24:8429 [0] NCCL INFO Channel 02/24 :    0   1   2
ts45-master-0:24:8429 [0] NCCL INFO Channel 03/24 :    0   1   2
ts45-master-0:24:8429 [0] NCCL INFO Channel 04/24 :    0   1   2
ts45-master-0:24:8429 [0] NCCL INFO Channel 05/24 :    0   1   2
ts45-master-0:24:8429 [0] NCCL INFO Channel 06/24 :    0   1   2
ts45-master-0:24:8429 [0] NCCL INFO Channel 07/24 :    0   1   2
ts45-master-0:24:8429 [0] NCCL INFO Channel 08/24 :    0   1   2
ts45-master-0:24:8429 [0] NCCL INFO Channel 09/24 :    0   1   2
ts45-master-0:24:8429 [0] NCCL INFO Channel 10/24 :    0   1   2
ts45-master-0:24:8429 [0] NCCL INFO Channel 11/24 :    0   1   2
ts45-master-0:24:8429 [0] NCCL INFO Channel 12/24 :    0   1   2
ts45-master-0:24:8429 [0] NCCL INFO Channel 13/24 :    0   1   2
ts45-master-0:24:8429 [0] NCCL INFO Channel 14/24 :    0   1   2
ts45-master-0:24:8429 [0] NCCL INFO Channel 15/24 :    0   1   2
ts45-master-0:24:8429 [0] NCCL INFO Channel 16/24 :    0   1   2
ts45-master-0:24:8429 [0] NCCL INFO Channel 17/24 :    0   1   2
ts45-master-0:24:8429 [0] NCCL INFO Channel 18/24 :    0   1   2
ts45-master-0:24:8429 [0] NCCL INFO Channel 19/24 :    0   1   2
ts45-master-0:24:8429 [0] NCCL INFO Channel 20/24 :    0   1   2
ts45-master-0:24:8429 [0] NCCL INFO Channel 21/24 :    0   1   2
ts45-master-0:24:8429 [0] NCCL INFO Channel 22/24 :    0   1   2
ts45-master-0:24:8429 [0] NCCL INFO Channel 23/24 :    0   1   2
ts45-master-0:24:8429 [0] NCCL INFO Trees [0] 1/-1/-1->0->-1 [1] 1/-1/-1->0->-1 [2] 1/-1/-1->0->-1 [3] 1/-1/-1->0->-1 [4] 1/-1/-1->0->-1 [5] 1/-1/-1->0->-1 [6] 1/-1/-1->0->-1 [7] 1/-1/-1->0->-1 [8] 1/-1/-1->0->-1 [9] 1/-1/-1->0->-1 [10] 1/-1/-1->0->-1 [11] 1/-1/-1->0->-1 [12] 1/-1/-1->0->-1 [13] 1/-1/-1->0->-1 [14] 1/-1/-1->0->-1 [15] 1/-1/-1->0->-1 [16] 1/-1/-1->0->-1 [17] 1/-1/-1->0->-1 [18] 1/-1/-1->0->-1 [19] 1/-1/-1->0->-1 [20] 1/-1/-1->0->-1 [21] 1/-1/-1->0->-1 [22] 1/-1/-1->0->-1 [23] 1/-1/-1->0->-1
ts45-master-0:24:8429 [0] NCCL INFO P2P Chunksize set to 524288
ts45-master-0:24:8429 [0] NCCL INFO Channel 00/0 : 0[0] -> 1[1] via P2P/direct pointer/read
ts45-master-0:24:8431 [2] NCCL INFO Channel 00/0 : 2[2] -> 0[0] via P2P/direct pointer/read
ts45-master-0:24:8430 [1] NCCL INFO Channel 00/0 : 1[1] -> 2[2] via P2P/direct pointer/read
ts45-master-0:24:8429 [0] NCCL INFO Channel 01/0 : 0[0] -> 1[1] via P2P/direct pointer/read
ts45-master-0:24:8431 [2] NCCL INFO Channel 01/0 : 2[2] -> 0[0] via P2P/direct pointer/read
ts45-master-0:24:8430 [1] NCCL INFO Channel 01/0 : 1[1] -> 2[2] via P2P/direct pointer/read
ts45-master-0:24:8429 [0] NCCL INFO Channel 02/0 : 0[0] -> 1[1] via P2P/direct pointer/read
ts45-master-0:24:8431 [2] NCCL INFO Channel 02/0 : 2[2] -> 0[0] via P2P/direct pointer/read
ts45-master-0:24:8430 [1] NCCL INFO Channel 02/0 : 1[1] -> 2[2] via P2P/direct pointer/read
ts45-master-0:24:8429 [0] NCCL INFO Channel 03/0 : 0[0] -> 1[1] via P2P/direct pointer/read
ts45-master-0:24:8431 [2] NCCL INFO Channel 03/0 : 2[2] -> 0[0] via P2P/direct pointer/read
ts45-master-0:24:8430 [1] NCCL INFO Channel 03/0 : 1[1] -> 2[2] via P2P/direct pointer/read
ts45-master-0:24:8429 [0] NCCL INFO Channel 04/0 : 0[0] -> 1[1] via P2P/direct pointer/read
ts45-master-0:24:8431 [2] NCCL INFO Channel 04/0 : 2[2] -> 0[0] via P2P/direct pointer/read
ts45-master-0:24:8430 [1] NCCL INFO Channel 04/0 : 1[1] -> 2[2] via P2P/direct pointer/read
ts45-master-0:24:8429 [0] NCCL INFO Channel 05/0 : 0[0] -> 1[1] via P2P/direct pointer/read
ts45-master-0:24:8431 [2] NCCL INFO Channel 05/0 : 2[2] -> 0[0] via P2P/direct pointer/read
ts45-master-0:24:8430 [1] NCCL INFO Channel 05/0 : 1[1] -> 2[2] via P2P/direct pointer/read
ts45-master-0:24:8429 [0] NCCL INFO Channel 06/0 : 0[0] -> 1[1] via P2P/direct pointer/read
ts45-master-0:24:8431 [2] NCCL INFO Channel 06/0 : 2[2] -> 0[0] via P2P/direct pointer/read
ts45-master-0:24:8430 [1] NCCL INFO Channel 06/0 : 1[1] -> 2[2] via P2P/direct pointer/read
ts45-master-0:24:8429 [0] NCCL INFO Channel 07/0 : 0[0] -> 1[1] via P2P/direct pointer/read
ts45-master-0:24:8431 [2] NCCL INFO Channel 07/0 : 2[2] -> 0[0] via P2P/direct pointer/read
ts45-master-0:24:8430 [1] NCCL INFO Channel 07/0 : 1[1] -> 2[2] via P2P/direct pointer/read
ts45-master-0:24:8429 [0] NCCL INFO Channel 08/0 : 0[0] -> 1[1] via P2P/direct pointer/read
ts45-master-0:24:8431 [2] NCCL INFO Channel 08/0 : 2[2] -> 0[0] via P2P/direct pointer/read
ts45-master-0:24:8430 [1] NCCL INFO Channel 08/0 : 1[1] -> 2[2] via P2P/direct pointer/read
ts45-master-0:24:8429 [0] NCCL INFO Channel 09/0 : 0[0] -> 1[1] via P2P/direct pointer/read
ts45-master-0:24:8431 [2] NCCL INFO Channel 09/0 : 2[2] -> 0[0] via P2P/direct pointer/read
ts45-master-0:24:8430 [1] NCCL INFO Channel 09/0 : 1[1] -> 2[2] via P2P/direct pointer/read
ts45-master-0:24:8429 [0] NCCL INFO Channel 10/0 : 0[0] -> 1[1] via P2P/direct pointer/read
ts45-master-0:24:8431 [2] NCCL INFO Channel 10/0 : 2[2] -> 0[0] via P2P/direct pointer/read
ts45-master-0:24:8430 [1] NCCL INFO Channel 10/0 : 1[1] -> 2[2] via P2P/direct pointer/read
ts45-master-0:24:8429 [0] NCCL INFO Channel 11/0 : 0[0] -> 1[1] via P2P/direct pointer/read
ts45-master-0:24:8431 [2] NCCL INFO Channel 11/0 : 2[2] -> 0[0] via P2P/direct pointer/read
ts45-master-0:24:8430 [1] NCCL INFO Channel 11/0 : 1[1] -> 2[2] via P2P/direct pointer/read
ts45-master-0:24:8429 [0] NCCL INFO Channel 12/0 : 0[0] -> 1[1] via P2P/direct pointer/read
ts45-master-0:24:8431 [2] NCCL INFO Channel 12/0 : 2[2] -> 0[0] via P2P/direct pointer/read
ts45-master-0:24:8430 [1] NCCL INFO Channel 12/0 : 1[1] -> 2[2] via P2P/direct pointer/read
ts45-master-0:24:8429 [0] NCCL INFO Channel 13/0 : 0[0] -> 1[1] via P2P/direct pointer/read
ts45-master-0:24:8431 [2] NCCL INFO Channel 13/0 : 2[2] -> 0[0] via P2P/direct pointer/read
ts45-master-0:24:8430 [1] NCCL INFO Channel 13/0 : 1[1] -> 2[2] via P2P/direct pointer/read
ts45-master-0:24:8429 [0] NCCL INFO Channel 14/0 : 0[0] -> 1[1] via P2P/direct pointer/read
ts45-master-0:24:8431 [2] NCCL INFO Channel 14/0 : 2[2] -> 0[0] via P2P/direct pointer/read
ts45-master-0:24:8430 [1] NCCL INFO Channel 14/0 : 1[1] -> 2[2] via P2P/direct pointer/read
ts45-master-0:24:8429 [0] NCCL INFO Channel 15/0 : 0[0] -> 1[1] via P2P/direct pointer/read
ts45-master-0:24:8431 [2] NCCL INFO Channel 15/0 : 2[2] -> 0[0] via P2P/direct pointer/read
ts45-master-0:24:8430 [1] NCCL INFO Channel 15/0 : 1[1] -> 2[2] via P2P/direct pointer/read
ts45-master-0:24:8429 [0] NCCL INFO Channel 16/0 : 0[0] -> 1[1] via P2P/direct pointer/read
ts45-master-0:24:8431 [2] NCCL INFO Channel 16/0 : 2[2] -> 0[0] via P2P/direct pointer/read
ts45-master-0:24:8430 [1] NCCL INFO Channel 16/0 : 1[1] -> 2[2] via P2P/direct pointer/read
ts45-master-0:24:8429 [0] NCCL INFO Channel 17/0 : 0[0] -> 1[1] via P2P/direct pointer/read
ts45-master-0:24:8431 [2] NCCL INFO Channel 17/0 : 2[2] -> 0[0] via P2P/direct pointer/read
ts45-master-0:24:8430 [1] NCCL INFO Channel 17/0 : 1[1] -> 2[2] via P2P/direct pointer/read
ts45-master-0:24:8429 [0] NCCL INFO Channel 18/0 : 0[0] -> 1[1] via P2P/direct pointer/read
ts45-master-0:24:8431 [2] NCCL INFO Channel 18/0 : 2[2] -> 0[0] via P2P/direct pointer/read
ts45-master-0:24:8430 [1] NCCL INFO Channel 18/0 : 1[1] -> 2[2] via P2P/direct pointer/read
ts45-master-0:24:8429 [0] NCCL INFO Channel 19/0 : 0[0] -> 1[1] via P2P/direct pointer/read
ts45-master-0:24:8431 [2] NCCL INFO Channel 19/0 : 2[2] -> 0[0] via P2P/direct pointer/read
ts45-master-0:24:8430 [1] NCCL INFO Channel 19/0 : 1[1] -> 2[2] via P2P/direct pointer/read
ts45-master-0:24:8429 [0] NCCL INFO Channel 20/0 : 0[0] -> 1[1] via P2P/direct pointer/read
ts45-master-0:24:8431 [2] NCCL INFO Channel 20/0 : 2[2] -> 0[0] via P2P/direct pointer/read
ts45-master-0:24:8430 [1] NCCL INFO Channel 20/0 : 1[1] -> 2[2] via P2P/direct pointer/read
ts45-master-0:24:8429 [0] NCCL INFO Channel 21/0 : 0[0] -> 1[1] via P2P/direct pointer/read
ts45-master-0:24:8431 [2] NCCL INFO Channel 21/0 : 2[2] -> 0[0] via P2P/direct pointer/read
ts45-master-0:24:8430 [1] NCCL INFO Channel 21/0 : 1[1] -> 2[2] via P2P/direct pointer/read
ts45-master-0:24:8429 [0] NCCL INFO Channel 22/0 : 0[0] -> 1[1] via P2P/direct pointer/read
ts45-master-0:24:8431 [2] NCCL INFO Channel 22/0 : 2[2] -> 0[0] via P2P/direct pointer/read
ts45-master-0:24:8430 [1] NCCL INFO Channel 22/0 : 1[1] -> 2[2] via P2P/direct pointer/read
ts45-master-0:24:8429 [0] NCCL INFO Channel 23/0 : 0[0] -> 1[1] via P2P/direct pointer/read
ts45-master-0:24:8431 [2] NCCL INFO Channel 23/0 : 2[2] -> 0[0] via P2P/direct pointer/read
ts45-master-0:24:8430 [1] NCCL INFO Channel 23/0 : 1[1] -> 2[2] via P2P/direct pointer/read
ts45-master-0:24:8431 [2] NCCL INFO Connected all rings
ts45-master-0:24:8431 [2] NCCL INFO Channel 00/0 : 2[2] -> 1[1] via P2P/direct pointer/read
ts45-master-0:24:8429 [0] NCCL INFO Connected all rings
ts45-master-0:24:8430 [1] NCCL INFO Connected all rings
ts45-master-0:24:8431 [2] NCCL INFO Channel 01/0 : 2[2] -> 1[1] via P2P/direct pointer/read
ts45-master-0:24:8431 [2] NCCL INFO Channel 02/0 : 2[2] -> 1[1] via P2P/direct pointer/read
ts45-master-0:24:8431 [2] NCCL INFO Channel 03/0 : 2[2] -> 1[1] via P2P/direct pointer/read
ts45-master-0:24:8431 [2] NCCL INFO Channel 04/0 : 2[2] -> 1[1] via P2P/direct pointer/read
ts45-master-0:24:8431 [2] NCCL INFO Channel 05/0 : 2[2] -> 1[1] via P2P/direct pointer/read
ts45-master-0:24:8431 [2] NCCL INFO Channel 06/0 : 2[2] -> 1[1] via P2P/direct pointer/read
ts45-master-0:24:8431 [2] NCCL INFO Channel 07/0 : 2[2] -> 1[1] via P2P/direct pointer/read
ts45-master-0:24:8431 [2] NCCL INFO Channel 08/0 : 2[2] -> 1[1] via P2P/direct pointer/read
ts45-master-0:24:8431 [2] NCCL INFO Channel 09/0 : 2[2] -> 1[1] via P2P/direct pointer/read
ts45-master-0:24:8431 [2] NCCL INFO Channel 10/0 : 2[2] -> 1[1] via P2P/direct pointer/read
ts45-master-0:24:8431 [2] NCCL INFO Channel 11/0 : 2[2] -> 1[1] via P2P/direct pointer/read
ts45-master-0:24:8431 [2] NCCL INFO Channel 12/0 : 2[2] -> 1[1] via P2P/direct pointer/read
ts45-master-0:24:8431 [2] NCCL INFO Channel 13/0 : 2[2] -> 1[1] via P2P/direct pointer/read
ts45-master-0:24:8431 [2] NCCL INFO Channel 14/0 : 2[2] -> 1[1] via P2P/direct pointer/read
ts45-master-0:24:8431 [2] NCCL INFO Channel 15/0 : 2[2] -> 1[1] via P2P/direct pointer/read
ts45-master-0:24:8431 [2] NCCL INFO Channel 16/0 : 2[2] -> 1[1] via P2P/direct pointer/read
ts45-master-0:24:8431 [2] NCCL INFO Channel 17/0 : 2[2] -> 1[1] via P2P/direct pointer/read
ts45-master-0:24:8431 [2] NCCL INFO Channel 18/0 : 2[2] -> 1[1] via P2P/direct pointer/read
ts45-master-0:24:8431 [2] NCCL INFO Channel 19/0 : 2[2] -> 1[1] via P2P/direct pointer/read
ts45-master-0:24:8431 [2] NCCL INFO Channel 20/0 : 2[2] -> 1[1] via P2P/direct pointer/read
ts45-master-0:24:8431 [2] NCCL INFO Channel 21/0 : 2[2] -> 1[1] via P2P/direct pointer/read
ts45-master-0:24:8431 [2] NCCL INFO Channel 22/0 : 2[2] -> 1[1] via P2P/direct pointer/read
ts45-master-0:24:8431 [2] NCCL INFO Channel 23/0 : 2[2] -> 1[1] via P2P/direct pointer/read
ts45-master-0:24:8430 [1] NCCL INFO Channel 00/0 : 1[1] -> 0[0] via P2P/direct pointer/read
ts45-master-0:24:8430 [1] NCCL INFO Channel 01/0 : 1[1] -> 0[0] via P2P/direct pointer/read
ts45-master-0:24:8430 [1] NCCL INFO Channel 02/0 : 1[1] -> 0[0] via P2P/direct pointer/read
ts45-master-0:24:8430 [1] NCCL INFO Channel 03/0 : 1[1] -> 0[0] via P2P/direct pointer/read
ts45-master-0:24:8430 [1] NCCL INFO Channel 04/0 : 1[1] -> 0[0] via P2P/direct pointer/read
ts45-master-0:24:8430 [1] NCCL INFO Channel 05/0 : 1[1] -> 0[0] via P2P/direct pointer/read
ts45-master-0:24:8430 [1] NCCL INFO Channel 06/0 : 1[1] -> 0[0] via P2P/direct pointer/read
ts45-master-0:24:8430 [1] NCCL INFO Channel 07/0 : 1[1] -> 0[0] via P2P/direct pointer/read
ts45-master-0:24:8430 [1] NCCL INFO Channel 08/0 : 1[1] -> 0[0] via P2P/direct pointer/read
ts45-master-0:24:8430 [1] NCCL INFO Channel 09/0 : 1[1] -> 0[0] via P2P/direct pointer/read
ts45-master-0:24:8430 [1] NCCL INFO Channel 10/0 : 1[1] -> 0[0] via P2P/direct pointer/read
ts45-master-0:24:8430 [1] NCCL INFO Channel 11/0 : 1[1] -> 0[0] via P2P/direct pointer/read
ts45-master-0:24:8430 [1] NCCL INFO Channel 12/0 : 1[1] -> 0[0] via P2P/direct pointer/read
ts45-master-0:24:8430 [1] NCCL INFO Channel 13/0 : 1[1] -> 0[0] via P2P/direct pointer/read
ts45-master-0:24:8430 [1] NCCL INFO Channel 14/0 : 1[1] -> 0[0] via P2P/direct pointer/read
ts45-master-0:24:8430 [1] NCCL INFO Channel 15/0 : 1[1] -> 0[0] via P2P/direct pointer/read
ts45-master-0:24:8430 [1] NCCL INFO Channel 16/0 : 1[1] -> 0[0] via P2P/direct pointer/read
ts45-master-0:24:8430 [1] NCCL INFO Channel 17/0 : 1[1] -> 0[0] via P2P/direct pointer/read
ts45-master-0:24:8430 [1] NCCL INFO Channel 18/0 : 1[1] -> 0[0] via P2P/direct pointer/read
ts45-master-0:24:8430 [1] NCCL INFO Channel 19/0 : 1[1] -> 0[0] via P2P/direct pointer/read
ts45-master-0:24:8430 [1] NCCL INFO Channel 20/0 : 1[1] -> 0[0] via P2P/direct pointer/read
ts45-master-0:24:8430 [1] NCCL INFO Channel 21/0 : 1[1] -> 0[0] via P2P/direct pointer/read
ts45-master-0:24:8430 [1] NCCL INFO Channel 22/0 : 1[1] -> 0[0] via P2P/direct pointer/read
ts45-master-0:24:8430 [1] NCCL INFO Channel 23/0 : 1[1] -> 0[0] via P2P/direct pointer/read
ts45-master-0:24:8429 [0] NCCL INFO Connected all trees
ts45-master-0:24:8431 [2] NCCL INFO Connected all trees
ts45-master-0:24:8430 [1] NCCL INFO Connected all trees
ts45-master-0:24:8431 [2] NCCL INFO threadThresholds 8/8/64 | 24/8/64 | 512 | 512
ts45-master-0:24:8431 [2] NCCL INFO 24 coll channels, 0 collnet channels, 0 nvls channels, 32 p2p channels, 32 p2p channels per peer
ts45-master-0:24:8430 [1] NCCL INFO threadThresholds 8/8/64 | 24/8/64 | 512 | 512
ts45-master-0:24:8429 [0] NCCL INFO threadThresholds 8/8/64 | 24/8/64 | 512 | 512
ts45-master-0:24:8429 [0] NCCL INFO 24 coll channels, 0 collnet channels, 0 nvls channels, 32 p2p channels, 32 p2p channels per peer
ts45-master-0:24:8430 [1] NCCL INFO 24 coll channels, 0 collnet channels, 0 nvls channels, 32 p2p channels, 32 p2p channels per peer
ts45-master-0:24:8431 [2] NCCL INFO comm 0x126d5cc0 rank 2 nranks 3 cudaDev 2 nvmlDev 2 busId 67000 commId 0xc6e4e53b4822eca4 - Init COMPLETE
ts45-master-0:24:8430 [1] NCCL INFO comm 0x126f1d50 rank 1 nranks 3 cudaDev 1 nvmlDev 1 busId 65000 commId 0xc6e4e53b4822eca4 - Init COMPLETE
ts45-master-0:24:8429 [0] NCCL INFO comm 0xf399860 rank 0 nranks 3 cudaDev 0 nvmlDev 0 busId 61000 commId 0xc6e4e53b4822eca4 - Init COMPLETE
Epoch: 1, Steps: 1139 | Train Loss: 0.2845619 Vali Loss: 0.1731433 Test Loss: 0.1966121
Validation loss decreased (inf --> 0.173143).  Saving model ...
Updating learning rate to 0.0001
	iters: 100, epoch: 2 | loss: 0.2710330
	speed: 1.0772s/iter; left time: 10936.2363s
	iters: 200, epoch: 2 | loss: 0.2527081
	speed: 0.3359s/iter; left time: 3376.2308s
	iters: 300, epoch: 2 | loss: 0.2766062
	speed: 0.3354s/iter; left time: 3337.9028s
	iters: 400, epoch: 2 | loss: 0.2910274
	speed: 0.3361s/iter; left time: 3311.5044s
	iters: 500, epoch: 2 | loss: 0.2536536
	speed: 0.3357s/iter; left time: 3273.5220s
	iters: 600, epoch: 2 | loss: 0.2439723
	speed: 0.3353s/iter; left time: 3236.1529s
	iters: 700, epoch: 2 | loss: 0.2527824
	speed: 0.3348s/iter; left time: 3197.7595s
	iters: 800, epoch: 2 | loss: 0.2577378
	speed: 0.3364s/iter; left time: 3179.3932s
	iters: 900, epoch: 2 | loss: 0.2630848
	speed: 0.3358s/iter; left time: 3140.2735s
	iters: 1000, epoch: 2 | loss: 0.2554151
	speed: 0.3336s/iter; left time: 3086.8987s
	iters: 1100, epoch: 2 | loss: 0.2555934
	speed: 0.3357s/iter; left time: 3072.2547s
Epoch: 2 cost time: 382.4489667415619
Epoch: 2, Steps: 1139 | Train Loss: 0.2617550 Vali Loss: 0.1764046 Test Loss: 0.1986195
EarlyStopping counter: 1 out of 3
Updating learning rate to 5e-05
	iters: 100, epoch: 3 | loss: 0.2255292
	speed: 1.0942s/iter; left time: 9861.9134s
	iters: 200, epoch: 3 | loss: 0.2708670
	speed: 0.3366s/iter; left time: 3000.0213s
	iters: 300, epoch: 3 | loss: 0.2524989
	speed: 0.3386s/iter; left time: 2984.1292s
	iters: 400, epoch: 3 | loss: 0.2818328
	speed: 0.3365s/iter; left time: 2931.8217s
	iters: 500, epoch: 3 | loss: 0.2366527
	speed: 0.3370s/iter; left time: 2903.0099s
	iters: 600, epoch: 3 | loss: 0.2555001
	speed: 0.3396s/iter; left time: 2891.2603s
	iters: 700, epoch: 3 | loss: 0.2530754
	speed: 0.3365s/iter; left time: 2831.0430s
	iters: 800, epoch: 3 | loss: 0.2737122
	speed: 0.3374s/iter; left time: 2804.9651s
	iters: 900, epoch: 3 | loss: 0.2552675
	speed: 0.3369s/iter; left time: 2766.6870s
	iters: 1000, epoch: 3 | loss: 0.2433869
	speed: 0.3376s/iter; left time: 2738.6780s
	iters: 1100, epoch: 3 | loss: 0.2593576
	speed: 0.3364s/iter; left time: 2695.4632s
Epoch: 3 cost time: 384.5457429885864
Epoch: 3, Steps: 1139 | Train Loss: 0.2556065 Vali Loss: 0.1639336 Test Loss: 0.1849794
Validation loss decreased (0.173143 --> 0.163934).  Saving model ...
Updating learning rate to 2.5e-05
	iters: 100, epoch: 4 | loss: 0.2601187
	speed: 1.0992s/iter; left time: 8654.8124s
	iters: 200, epoch: 4 | loss: 0.2527726
	speed: 0.3383s/iter; left time: 2629.9286s
	iters: 300, epoch: 4 | loss: 0.2347999
	speed: 0.3379s/iter; left time: 2593.0689s
	iters: 400, epoch: 4 | loss: 0.2019251
	speed: 0.3361s/iter; left time: 2545.3696s
	iters: 500, epoch: 4 | loss: 0.2608238
	speed: 0.3385s/iter; left time: 2529.8652s
	iters: 600, epoch: 4 | loss: 0.2466996
	speed: 0.3373s/iter; left time: 2487.5838s
	iters: 700, epoch: 4 | loss: 0.2314369
	speed: 0.3379s/iter; left time: 2457.6169s
	iters: 800, epoch: 4 | loss: 0.2686910
	speed: 0.3367s/iter; left time: 2415.4540s
	iters: 900, epoch: 4 | loss: 0.2308959
	speed: 0.3383s/iter; left time: 2393.3652s
	iters: 1000, epoch: 4 | loss: 0.2674726
	speed: 0.3375s/iter; left time: 2353.4896s
	iters: 1100, epoch: 4 | loss: 0.2506155
	speed: 0.3355s/iter; left time: 2305.9746s
Epoch: 4 cost time: 384.61786365509033
Epoch: 4, Steps: 1139 | Train Loss: 0.2529964 Vali Loss: 0.1613741 Test Loss: 0.1818607
Validation loss decreased (0.163934 --> 0.161374).  Saving model ...
Updating learning rate to 1.25e-05
	iters: 100, epoch: 5 | loss: 0.2631024
	speed: 1.1013s/iter; left time: 7417.1497s
	iters: 200, epoch: 5 | loss: 0.2356879
	speed: 0.3389s/iter; left time: 2248.7352s
	iters: 300, epoch: 5 | loss: 0.2137132
	speed: 0.3377s/iter; left time: 2207.1962s
	iters: 400, epoch: 5 | loss: 0.2414847
	speed: 0.3376s/iter; left time: 2172.7612s
	iters: 500, epoch: 5 | loss: 0.2465763
	speed: 0.3371s/iter; left time: 2135.4215s
	iters: 600, epoch: 5 | loss: 0.2533603
	speed: 0.3372s/iter; left time: 2102.7397s
	iters: 700, epoch: 5 | loss: 0.2807261
	speed: 0.3373s/iter; left time: 2069.0968s
	iters: 800, epoch: 5 | loss: 0.2250591
	speed: 0.3379s/iter; left time: 2038.9582s
	iters: 900, epoch: 5 | loss: 0.2358687
	speed: 0.3363s/iter; left time: 1995.9277s
	iters: 1000, epoch: 5 | loss: 0.2850800
	speed: 0.3372s/iter; left time: 1967.4994s
	iters: 1100, epoch: 5 | loss: 0.2750228
	speed: 0.3365s/iter; left time: 1929.9127s
Epoch: 5 cost time: 384.68328881263733
Epoch: 5, Steps: 1139 | Train Loss: 0.2516272 Vali Loss: 0.1606197 Test Loss: 0.1815227
Validation loss decreased (0.161374 --> 0.160620).  Saving model ...
Updating learning rate to 6.25e-06
	iters: 100, epoch: 6 | loss: 0.2465576
	speed: 1.1002s/iter; left time: 6156.9375s
	iters: 200, epoch: 6 | loss: 0.2495045
	speed: 0.3370s/iter; left time: 1852.0029s
	iters: 300, epoch: 6 | loss: 0.2740892
	speed: 0.3383s/iter; left time: 1825.6000s
	iters: 400, epoch: 6 | loss: 0.2775334
	speed: 0.3379s/iter; left time: 1789.3853s
	iters: 500, epoch: 6 | loss: 0.2672762
	speed: 0.3371s/iter; left time: 1751.8221s
	iters: 600, epoch: 6 | loss: 0.2588277
	speed: 0.3401s/iter; left time: 1733.2467s
	iters: 700, epoch: 6 | loss: 0.2407673
	speed: 0.3379s/iter; left time: 1688.1258s
	iters: 800, epoch: 6 | loss: 0.2585260
	speed: 0.3394s/iter; left time: 1661.6410s
	iters: 900, epoch: 6 | loss: 0.2194142
	speed: 0.3372s/iter; left time: 1617.2691s
	iters: 1000, epoch: 6 | loss: 0.2610179
	speed: 0.3391s/iter; left time: 1592.2095s
	iters: 1100, epoch: 6 | loss: 0.3124827
	speed: 0.3398s/iter; left time: 1561.5307s
Epoch: 6 cost time: 385.6577081680298
Epoch: 6, Steps: 1139 | Train Loss: 0.2509320 Vali Loss: 0.1591860 Test Loss: 0.1801321
