ts45-master-0:94578:104359 [2] NCCL INFO comm 0x13100ea0 rank 2 nranks 3 cudaDev 2 nvmlDev 2 busId 67000 commId 0x553dc9a8b4e2d290 - Init COMPLETE
Epoch: 1, Steps: 1133 | Train Loss: 0.2860469 Vali Loss: 0.1697087 Test Loss: 0.1940392
Validation loss decreased (inf --> 0.169709).  Saving model ...
Updating learning rate to 0.0001
	iters: 100, epoch: 2 | loss: 0.2479303
	speed: 1.9420s/iter; left time: 19610.5069s
	iters: 200, epoch: 2 | loss: 0.2459942
	speed: 0.6558s/iter; left time: 6556.1887s
	iters: 300, epoch: 2 | loss: 0.2583048
	speed: 0.6555s/iter; left time: 6488.0520s
	iters: 400, epoch: 2 | loss: 0.2374014
	speed: 0.6547s/iter; left time: 6414.4234s
	iters: 500, epoch: 2 | loss: 0.2521164
	speed: 0.6556s/iter; left time: 6358.3391s
	iters: 600, epoch: 2 | loss: 0.2719156
	speed: 0.6565s/iter; left time: 6301.3071s
	iters: 700, epoch: 2 | loss: 0.2562845
	speed: 0.6556s/iter; left time: 6227.3070s
	iters: 800, epoch: 2 | loss: 0.2582980
	speed: 0.6554s/iter; left time: 6159.8279s
	iters: 900, epoch: 2 | loss: 0.3010161
	speed: 0.6563s/iter; left time: 6102.4767s
	iters: 1000, epoch: 2 | loss: 0.2344285
	speed: 0.6539s/iter; left time: 6014.2411s
	iters: 1100, epoch: 2 | loss: 0.2762475
	speed: 0.6560s/iter; left time: 5968.2232s
Epoch: 2 cost time: 743.3615524768829
Epoch: 2, Steps: 1133 | Train Loss: 0.2639537 Vali Loss: 0.1665337 Test Loss: 0.1914988
Validation loss decreased (0.169709 --> 0.166534).  Saving model ...
Updating learning rate to 5e-05
	iters: 100, epoch: 3 | loss: 0.2599437
	speed: 1.9536s/iter; left time: 17514.2887s
	iters: 200, epoch: 3 | loss: 0.2480879
	speed: 0.6557s/iter; left time: 5812.7422s
	iters: 300, epoch: 3 | loss: 0.2262875
	speed: 0.6562s/iter; left time: 5752.0209s
	iters: 400, epoch: 3 | loss: 0.2704573
	speed: 0.6560s/iter; left time: 5683.8135s
	iters: 500, epoch: 3 | loss: 0.2378686
	speed: 0.6553s/iter; left time: 5612.9865s
	iters: 600, epoch: 3 | loss: 0.2570419
	speed: 0.6558s/iter; left time: 5551.3496s
	iters: 700, epoch: 3 | loss: 0.2818854
	speed: 0.6554s/iter; left time: 5482.2246s
	iters: 800, epoch: 3 | loss: 0.2737333
	speed: 0.6580s/iter; left time: 5438.3274s
	iters: 900, epoch: 3 | loss: 0.2713653
	speed: 0.6558s/iter; left time: 5354.2173s
	iters: 1000, epoch: 3 | loss: 0.2201418
	speed: 0.6573s/iter; left time: 5301.0943s
	iters: 1100, epoch: 3 | loss: 0.2387394
	speed: 0.6545s/iter; left time: 5212.9630s
Epoch: 3 cost time: 743.6880321502686
Epoch: 3, Steps: 1133 | Train Loss: 0.2589626 Vali Loss: 0.1647737 Test Loss: 0.1904855
Validation loss decreased (0.166534 --> 0.164774).  Saving model ...
Updating learning rate to 2.5e-05
	iters: 100, epoch: 4 | loss: 0.2540532
	speed: 1.9533s/iter; left time: 15298.5026s
	iters: 200, epoch: 4 | loss: 0.2363676
	speed: 0.6553s/iter; left time: 5066.9130s
	iters: 300, epoch: 4 | loss: 0.2684310
	speed: 0.6555s/iter; left time: 5003.0474s
	iters: 400, epoch: 4 | loss: 0.2360642
	speed: 0.6565s/iter; left time: 4944.6387s
	iters: 500, epoch: 4 | loss: 0.2754876
	speed: 0.6552s/iter; left time: 4869.6749s
	iters: 600, epoch: 4 | loss: 0.2369843
	speed: 0.6558s/iter; left time: 4808.3459s
	iters: 700, epoch: 4 | loss: 0.2349104
	speed: 0.6582s/iter; left time: 4760.4361s
	iters: 800, epoch: 4 | loss: 0.2191402
	speed: 0.6568s/iter; left time: 4684.3990s
	iters: 900, epoch: 4 | loss: 0.2950121
	speed: 0.6564s/iter; left time: 4616.0740s
	iters: 1000, epoch: 4 | loss: 0.2824486
	speed: 0.6552s/iter; left time: 4541.5244s
	iters: 1100, epoch: 4 | loss: 0.2437387
	speed: 0.6559s/iter; left time: 4481.3174s
Epoch: 4 cost time: 743.884771823883
Epoch: 4, Steps: 1133 | Train Loss: 0.2568249 Vali Loss: 0.1635339 Test Loss: 0.1881291
Validation loss decreased (0.164774 --> 0.163534).  Saving model ...
Updating learning rate to 1.25e-05
	iters: 100, epoch: 5 | loss: 0.2426123
	speed: 1.9714s/iter; left time: 13206.6140s
	iters: 200, epoch: 5 | loss: 0.2429062
	speed: 0.6560s/iter; left time: 4328.9995s
	iters: 300, epoch: 5 | loss: 0.2503551
	speed: 0.6568s/iter; left time: 4268.3632s
	iters: 400, epoch: 5 | loss: 0.2531528
	speed: 0.6572s/iter; left time: 4205.6984s
	iters: 500, epoch: 5 | loss: 0.2516921
	speed: 0.6574s/iter; left time: 4141.1448s
	iters: 600, epoch: 5 | loss: 0.2778427
	speed: 0.6575s/iter; left time: 4075.6047s
	iters: 700, epoch: 5 | loss: 0.2417099
	speed: 0.6562s/iter; left time: 4002.2271s
	iters: 800, epoch: 5 | loss: 0.2143957
	speed: 0.6568s/iter; left time: 3940.0388s
	iters: 900, epoch: 5 | loss: 0.2875649
	speed: 0.6569s/iter; left time: 3874.9667s
	iters: 1000, epoch: 5 | loss: 0.2183297
	speed: 0.6571s/iter; left time: 3810.4051s
	iters: 1100, epoch: 5 | loss: 0.2851590
	speed: 0.6560s/iter; left time: 3738.7579s
Epoch: 5 cost time: 744.8787293434143
Epoch: 5, Steps: 1133 | Train Loss: 0.2556615 Vali Loss: 0.1626967 Test Loss: 0.1870711
Validation loss decreased (0.163534 --> 0.162697).  Saving model ...
Updating learning rate to 6.25e-06
	iters: 100, epoch: 6 | loss: 0.2589007
	speed: 1.9699s/iter; left time: 10964.2476s
	iters: 200, epoch: 6 | loss: 0.2335391
	speed: 0.6565s/iter; left time: 3588.3180s
	iters: 300, epoch: 6 | loss: 0.2336002
	speed: 0.6553s/iter; left time: 3516.1423s
	iters: 400, epoch: 6 | loss: 0.2547428
	speed: 0.6560s/iter; left time: 3454.2404s
	iters: 500, epoch: 6 | loss: 0.2312493
	speed: 0.6572s/iter; left time: 3395.3460s
	iters: 600, epoch: 6 | loss: 0.2567895
	speed: 0.6561s/iter; left time: 3323.6282s
	iters: 700, epoch: 6 | loss: 0.2398925
	speed: 0.6569s/iter; left time: 3262.4117s
	iters: 800, epoch: 6 | loss: 0.2228711
	speed: 0.6550s/iter; left time: 3187.1340s
	iters: 900, epoch: 6 | loss: 0.2645778
	speed: 0.6552s/iter; left time: 3122.4483s
	iters: 1000, epoch: 6 | loss: 0.2382926
	speed: 0.6552s/iter; left time: 3057.3126s
	iters: 1100, epoch: 6 | loss: 0.2552401
	speed: 0.6547s/iter; left time: 2989.4448s
Epoch: 6 cost time: 743.7274079322815
Epoch: 6, Steps: 1133 | Train Loss: 0.2550736 Vali Loss: 0.1622230 Test Loss: 0.1863714
Validation loss decreased (0.162697 --> 0.162223).  Saving model ...
Updating learning rate to 3.125e-06
	iters: 100, epoch: 7 | loss: 0.2383088
	speed: 1.9539s/iter; left time: 8661.5805s
	iters: 200, epoch: 7 | loss: 0.2384723
	speed: 0.6561s/iter; left time: 2843.0703s
	iters: 300, epoch: 7 | loss: 0.2744868
	speed: 0.6567s/iter; left time: 2779.9669s
	iters: 400, epoch: 7 | loss: 0.2678532
	speed: 0.6573s/iter; left time: 2716.5496s
	iters: 500, epoch: 7 | loss: 0.2484205
	speed: 0.6567s/iter; left time: 2648.6059s
	iters: 600, epoch: 7 | loss: 0.2315964
	speed: 0.6576s/iter; left time: 2586.4281s
	iters: 700, epoch: 7 | loss: 0.2720309
	speed: 0.6565s/iter; left time: 2516.4655s
	iters: 800, epoch: 7 | loss: 0.2612533
	speed: 0.6569s/iter; left time: 2452.2731s
	iters: 900, epoch: 7 | loss: 0.2283532
	speed: 0.6563s/iter; left time: 2384.1921s
	iters: 1000, epoch: 7 | loss: 0.2572515
	speed: 0.6560s/iter; left time: 2317.5299s
	iters: 1100, epoch: 7 | loss: 0.2493780
	speed: 0.6576s/iter; left time: 2257.3810s
Epoch: 7 cost time: 744.737206697464
Epoch: 7, Steps: 1133 | Train Loss: 0.2547688 Vali Loss: 0.1622573 Test Loss: 0.1864322
EarlyStopping counter: 1 out of 3
Updating learning rate to 1.5625e-06
	iters: 100, epoch: 8 | loss: 0.2373471
	speed: 1.9708s/iter; left time: 6503.7499s
	iters: 200, epoch: 8 | loss: 0.2999608
	speed: 0.6568s/iter; left time: 2101.7469s
	iters: 300, epoch: 8 | loss: 0.2455622
	speed: 0.6568s/iter; left time: 2036.0167s
	iters: 400, epoch: 8 | loss: 0.2430657
	speed: 0.6568s/iter; left time: 1970.4581s
	iters: 500, epoch: 8 | loss: 0.2711464
	speed: 0.6572s/iter; left time: 1905.7868s
	iters: 600, epoch: 8 | loss: 0.2868503
	speed: 0.6579s/iter; left time: 1842.0039s
	iters: 700, epoch: 8 | loss: 0.2172478
	speed: 0.6554s/iter; left time: 1769.5765s
	iters: 800, epoch: 8 | loss: 0.2393263
	speed: 0.6561s/iter; left time: 1705.7311s
	iters: 900, epoch: 8 | loss: 0.2456031
	speed: 0.6541s/iter; left time: 1635.2764s
	iters: 1000, epoch: 8 | loss: 0.2954469
	speed: 0.6574s/iter; left time: 1577.7725s
	iters: 1100, epoch: 8 | loss: 0.2261262
	speed: 0.6567s/iter; left time: 1510.4486s
Epoch: 8 cost time: 744.4682757854462
Epoch: 8, Steps: 1133 | Train Loss: 0.2545627 Vali Loss: 0.1627862 Test Loss: 0.1869001
EarlyStopping counter: 2 out of 3
Updating learning rate to 7.8125e-07
	iters: 100, epoch: 9 | loss: 0.2460763
	speed: 1.9629s/iter; left time: 4253.6812s
	iters: 200, epoch: 9 | loss: 0.2840841
	speed: 0.6576s/iter; left time: 1359.2848s
	iters: 300, epoch: 9 | loss: 0.2862469
	speed: 0.6568s/iter; left time: 1291.9824s
	iters: 400, epoch: 9 | loss: 0.2463336
	speed: 0.6562s/iter; left time: 1225.1247s
	iters: 500, epoch: 9 | loss: 0.2435998
	speed: 0.6575s/iter; left time: 1161.8691s
	iters: 600, epoch: 9 | loss: 0.2280608
	speed: 0.6562s/iter; left time: 1093.9441s
	iters: 700, epoch: 9 | loss: 0.2309896
	speed: 0.6569s/iter; left time: 1029.3451s
	iters: 800, epoch: 9 | loss: 0.2651170
	speed: 0.6560s/iter; left time: 962.4184s
	iters: 900, epoch: 9 | loss: 0.2392225
	speed: 0.6560s/iter; left time: 896.7664s
	iters: 1000, epoch: 9 | loss: 0.2409260
	speed: 0.6578s/iter; left time: 833.4318s
	iters: 1100, epoch: 9 | loss: 0.2374949
	speed: 0.6576s/iter; left time: 767.4720s
Epoch: 9 cost time: 744.7772765159607
Epoch: 9, Steps: 1133 | Train Loss: 0.2545361 Vali Loss: 0.1620372 Test Loss: 0.1864476
Validation loss decreased (0.162223 --> 0.162037).  Saving model ...
Updating learning rate to 3.90625e-07
	iters: 100, epoch: 10 | loss: 0.2452072
	speed: 1.9565s/iter; left time: 2023.0544s
	iters: 200, epoch: 10 | loss: 0.2492643
	speed: 0.6571s/iter; left time: 613.6920s
	iters: 300, epoch: 10 | loss: 0.2414407
	speed: 0.6561s/iter; left time: 547.1727s
	iters: 400, epoch: 10 | loss: 0.2644883
	speed: 0.6576s/iter; left time: 482.6577s
	iters: 500, epoch: 10 | loss: 0.2537078
	speed: 0.6570s/iter; left time: 416.5241s
	iters: 600, epoch: 10 | loss: 0.2827933
	speed: 0.6564s/iter; left time: 350.5166s
	iters: 700, epoch: 10 | loss: 0.2573412
	speed: 0.6551s/iter; left time: 284.3262s
	iters: 800, epoch: 10 | loss: 0.2252925
	speed: 0.6573s/iter; left time: 219.5275s
	iters: 900, epoch: 10 | loss: 0.2442339
	speed: 0.6569s/iter; left time: 153.7246s
	iters: 1000, epoch: 10 | loss: 0.2617762
	speed: 0.6582s/iter; left time: 88.1989s
	iters: 1100, epoch: 10 | loss: 0.2311097
	speed: 0.6560s/iter; left time: 22.3054s
Epoch: 10 cost time: 744.8371112346649
Epoch: 10, Steps: 1133 | Train Loss: 0.2544611 Vali Loss: 0.1618257 Test Loss: 0.1859290
Validation loss decreased (0.162037 --> 0.161826).  Saving model ...
Updating learning rate to 1.953125e-07
>>>>>>>testing : AGPT_loss_ECL_96_192_AGPT_PT_2048_fixedFalse_0.0001_0.001<<<<<<<<<<<<<<<<<<<<<<<<<<<<<<<<<
test 5069
test shape: (5069, 192, 321) (5069, 192, 321)
test shape: (5069, 192, 321) (5069, 192, 321)
mse:0.1857757419347763, mae:0.2738504409790039
Using GPU
Args in experiment:
[1mBasic Config[0m
  Task Name:          AGPT_loss           Is Training:        1                   
  Model ID:           ECL_96_336          Model:              AGPT_PT             

[1mData Loader[0m
  Data:               custom              Root Path:          ./dataset/electricity/
  Data Path:          electricity.csv     Features:           M                   
  Target:             OT                  Freq:               h                   
  Checkpoints:        ./checkpoints/      

[1mModel Parameters[0m
  Num Kernels:        6                   
  Enc In:             321                 Dec In:             321                 
  C Out:              321                 d model:            512                 
  n heads:            8                   e layers:           2                   
  d layers:           1                   d FF:               2048                
  Moving Avg:         25                  Factor:             3                   
  Distil:             1                   Dropout:            0.1                 
  Embed:              timeF               Activation:         gelu                

[1mRun Parameters[0m
  Num Workers:        10                  Itr:                1                   
  Train Epochs:       10                  Batch Size:         16                  
  Patience:           3                   Learning Rate:      0.0001              
  Des:                Exp                 Loss:               MSE                 
  Lradj:              type1               Use Amp:            0                   

[1mGPU[0m
  Use GPU:            1                   GPU:                0                   
  Use Multi GPU:      1                   Devices:            0,1,2,3             

[1mDe-stationary Projector Params[0m
  P Hidden Dims:      128, 128            P Hidden Layers:    2                   

Use GPU: cuda:0
>>>>>>>start training : AGPT_loss_ECL_96_336_AGPT_PT_2048_fixedFalse_0.0001_0.001>>>>>>>>>>>>>>>>>>>>>>>>>>
train 17981
val 2297
test 4925
ts45-master-0:214660:214660 [0] NCCL INFO cudaDriverVersion 12020
ts45-master-0:214660:214660 [0] NCCL INFO Bootstrap : Using eth0:10.211.66.190<0>
ts45-master-0:214660:214660 [0] NCCL INFO NET/Plugin : dlerror=libnccl-net.so: cannot open shared object file: No such file or directory No plugin found (libnccl-net.so), using internal implementation
NCCL version 2.20.5+cuda12.4
ts45-master-0:214660:215547 [1] NCCL INFO NCCL_IB_DISABLE set by environment to 0.
ts45-master-0:214660:215547 [1] NCCL INFO NET/IB : No device found.
ts45-master-0:214660:215547 [1] NCCL INFO NET/Socket : Using [0]eth0:10.211.66.190<0>
ts45-master-0:214660:215547 [1] NCCL INFO Using non-device net plugin version 0
ts45-master-0:214660:215547 [1] NCCL INFO Using network Socket
ts45-master-0:214660:215549 [3] NCCL INFO Using non-device net plugin version 0
ts45-master-0:214660:215549 [3] NCCL INFO Using network Socket
ts45-master-0:214660:215548 [2] NCCL INFO Using non-device net plugin version 0
ts45-master-0:214660:215548 [2] NCCL INFO Using network Socket
ts45-master-0:214660:215546 [0] NCCL INFO Using non-device net plugin version 0
ts45-master-0:214660:215546 [0] NCCL INFO Using network Socket
ts45-master-0:214660:215549 [3] NCCL INFO comm 0xdf6a870 rank 3 nranks 4 cudaDev 3 nvmlDev 3 busId a1000 commId 0x94960885c6196b60 - Init START
ts45-master-0:214660:215546 [0] NCCL INFO comm 0xdf5a3c0 rank 0 nranks 4 cudaDev 0 nvmlDev 0 busId 61000 commId 0x94960885c6196b60 - Init START
ts45-master-0:214660:215547 [1] NCCL INFO comm 0xdf60e50 rank 1 nranks 4 cudaDev 1 nvmlDev 1 busId 65000 commId 0x94960885c6196b60 - Init START
ts45-master-0:214660:215548 [2] NCCL INFO comm 0xdf65b60 rank 2 nranks 4 cudaDev 2 nvmlDev 2 busId 67000 commId 0x94960885c6196b60 - Init START
ts45-master-0:214660:215548 [2] NCCL INFO Setting affinity for GPU 2 to 03ffffff,ffffffff
ts45-master-0:214660:215548 [2] NCCL INFO NVLS multicast support is not available on dev 2
ts45-master-0:214660:215547 [1] NCCL INFO Setting affinity for GPU 1 to 03ffffff,ffffffff
ts45-master-0:214660:215547 [1] NCCL INFO NVLS multicast support is not available on dev 1
ts45-master-0:214660:215549 [3] NCCL INFO Setting affinity for GPU 3 to 0fffff,ffffffff,fc000000,00000000
ts45-master-0:214660:215549 [3] NCCL INFO NVLS multicast support is not available on dev 3
ts45-master-0:214660:215546 [0] NCCL INFO Setting affinity for GPU 0 to 03ffffff,ffffffff
ts45-master-0:214660:215546 [0] NCCL INFO NVLS multicast support is not available on dev 0
ts45-master-0:214660:215549 [3] NCCL INFO comm 0xdf6a870 rank 3 nRanks 4 nNodes 1 localRanks 4 localRank 3 MNNVL 0
ts45-master-0:214660:215547 [1] NCCL INFO comm 0xdf60e50 rank 1 nRanks 4 nNodes 1 localRanks 4 localRank 1 MNNVL 0
ts45-master-0:214660:215548 [2] NCCL INFO comm 0xdf65b60 rank 2 nRanks 4 nNodes 1 localRanks 4 localRank 2 MNNVL 0
ts45-master-0:214660:215546 [0] NCCL INFO comm 0xdf5a3c0 rank 0 nRanks 4 nNodes 1 localRanks 4 localRank 0 MNNVL 0
ts45-master-0:214660:215546 [0] NCCL INFO Channel 00/24 :    0   1   2   3
ts45-master-0:214660:215546 [0] NCCL INFO Channel 01/24 :    0   1   2   3
ts45-master-0:214660:215546 [0] NCCL INFO Channel 02/24 :    0   1   2   3
ts45-master-0:214660:215548 [2] NCCL INFO Trees [0] 3/-1/-1->2->1 [1] 3/-1/-1->2->1 [2] 3/-1/-1->2->1 [3] 3/-1/-1->2->1 [4] 3/-1/-1->2->1 [5] 3/-1/-1->2->1 [6] 3/-1/-1->2->1 [7] 3/-1/-1->2->1 [8] 3/-1/-1->2->1 [9] 3/-1/-1->2->1 [10] 3/-1/-1->2->1 [11] 3/-1/-1->2->1 [12] 3/-1/-1->2->1 [13] 3/-1/-1->2->1 [14] 3/-1/-1->2->1 [15] 3/-1/-1->2->1 [16] 3/-1/-1->2->1 [17] 3/-1/-1->2->1 [18] 3/-1/-1->2->1 [19] 3/-1/-1->2->1 [20] 3/-1/-1->2->1 [21] 3/-1/-1->2->1 [22] 3/-1/-1->2->1 [23] 3/-1/-1->2->1
ts45-master-0:214660:215547 [1] NCCL INFO Trees [0] 2/-1/-1->1->0 [1] 2/-1/-1->1->0 [2] 2/-1/-1->1->0 [3] 2/-1/-1->1->0 [4] 2/-1/-1->1->0 [5] 2/-1/-1->1->0 [6] 2/-1/-1->1->0 [7] 2/-1/-1->1->0 [8] 2/-1/-1->1->0 [9] 2/-1/-1->1->0 [10] 2/-1/-1->1->0 [11] 2/-1/-1->1->0 [12] 2/-1/-1->1->0 [13] 2/-1/-1->1->0 [14] 2/-1/-1->1->0 [15] 2/-1/-1->1->0 [16] 2/-1/-1->1->0 [17] 2/-1/-1->1->0 [18] 2/-1/-1->1->0 [19] 2/-1/-1->1->0 [20] 2/-1/-1->1->0 [21] 2/-1/-1->1->0 [22] 2/-1/-1->1->0 [23] 2/-1/-1->1->0
ts45-master-0:214660:215548 [2] NCCL INFO P2P Chunksize set to 524288
ts45-master-0:214660:215549 [3] NCCL INFO Trees [0] -1/-1/-1->3->2 [1] -1/-1/-1->3->2 [2] -1/-1/-1->3->2 [3] -1/-1/-1->3->2 [4] -1/-1/-1->3->2 [5] -1/-1/-1->3->2 [6] -1/-1/-1->3->2 [7] -1/-1/-1->3->2 [8] -1/-1/-1->3->2 [9] -1/-1/-1->3->2 [10] -1/-1/-1->3->2 [11] -1/-1/-1->3->2 [12] -1/-1/-1->3->2 [13] -1/-1/-1->3->2 [14] -1/-1/-1->3->2 [15] -1/-1/-1->3->2 [16] -1/-1/-1->3->2 [17] -1/-1/-1->3->2 [18] -1/-1/-1->3->2 [19] -1/-1/-1->3->2 [20] -1/-1/-1->3->2 [21] -1/-1/-1->3->2 [22] -1/-1/-1->3->2 [23] -1/-1/-1->3->2
ts45-master-0:214660:215549 [3] NCCL INFO P2P Chunksize set to 524288
ts45-master-0:214660:215546 [0] NCCL INFO Channel 03/24 :    0   1   2   3
ts45-master-0:214660:215547 [1] NCCL INFO P2P Chunksize set to 524288
ts45-master-0:214660:215546 [0] NCCL INFO Channel 04/24 :    0   1   2   3
ts45-master-0:214660:215546 [0] NCCL INFO Channel 05/24 :    0   1   2   3
ts45-master-0:214660:215546 [0] NCCL INFO Channel 06/24 :    0   1   2   3
ts45-master-0:214660:215546 [0] NCCL INFO Channel 07/24 :    0   1   2   3
ts45-master-0:214660:215546 [0] NCCL INFO Channel 08/24 :    0   1   2   3
ts45-master-0:214660:215546 [0] NCCL INFO Channel 09/24 :    0   1   2   3
ts45-master-0:214660:215546 [0] NCCL INFO Channel 10/24 :    0   1   2   3
ts45-master-0:214660:215546 [0] NCCL INFO Channel 11/24 :    0   1   2   3
ts45-master-0:214660:215546 [0] NCCL INFO Channel 12/24 :    0   1   2   3
ts45-master-0:214660:215546 [0] NCCL INFO Channel 13/24 :    0   1   2   3
ts45-master-0:214660:215546 [0] NCCL INFO Channel 14/24 :    0   1   2   3
ts45-master-0:214660:215546 [0] NCCL INFO Channel 15/24 :    0   1   2   3
ts45-master-0:214660:215546 [0] NCCL INFO Channel 16/24 :    0   1   2   3
ts45-master-0:214660:215546 [0] NCCL INFO Channel 17/24 :    0   1   2   3
ts45-master-0:214660:215546 [0] NCCL INFO Channel 18/24 :    0   1   2   3
ts45-master-0:214660:215546 [0] NCCL INFO Channel 19/24 :    0   1   2   3
ts45-master-0:214660:215546 [0] NCCL INFO Channel 20/24 :    0   1   2   3
ts45-master-0:214660:215546 [0] NCCL INFO Channel 21/24 :    0   1   2   3
ts45-master-0:214660:215546 [0] NCCL INFO Channel 22/24 :    0   1   2   3
ts45-master-0:214660:215546 [0] NCCL INFO Channel 23/24 :    0   1   2   3
ts45-master-0:214660:215546 [0] NCCL INFO Trees [0] 1/-1/-1->0->-1 [1] 1/-1/-1->0->-1 [2] 1/-1/-1->0->-1 [3] 1/-1/-1->0->-1 [4] 1/-1/-1->0->-1 [5] 1/-1/-1->0->-1 [6] 1/-1/-1->0->-1 [7] 1/-1/-1->0->-1 [8] 1/-1/-1->0->-1 [9] 1/-1/-1->0->-1 [10] 1/-1/-1->0->-1 [11] 1/-1/-1->0->-1 [12] 1/-1/-1->0->-1 [13] 1/-1/-1->0->-1 [14] 1/-1/-1->0->-1 [15] 1/-1/-1->0->-1 [16] 1/-1/-1->0->-1 [17] 1/-1/-1->0->-1 [18] 1/-1/-1->0->-1 [19] 1/-1/-1->0->-1 [20] 1/-1/-1->0->-1 [21] 1/-1/-1->0->-1 [22] 1/-1/-1->0->-1 [23] 1/-1/-1->0->-1
ts45-master-0:214660:215546 [0] NCCL INFO P2P Chunksize set to 524288
ts45-master-0:214660:215547 [1] NCCL INFO Channel 00/0 : 1[1] -> 2[2] via P2P/direct pointer/read
ts45-master-0:214660:215547 [1] NCCL INFO Channel 01/0 : 1[1] -> 2[2] via P2P/direct pointer/read
ts45-master-0:214660:215547 [1] NCCL INFO Channel 02/0 : 1[1] -> 2[2] via P2P/direct pointer/read
ts45-master-0:214660:215547 [1] NCCL INFO Channel 03/0 : 1[1] -> 2[2] via P2P/direct pointer/read
ts45-master-0:214660:215548 [2] NCCL INFO Channel 00/0 : 2[2] -> 3[3] via P2P/direct pointer/read
ts45-master-0:214660:215547 [1] NCCL INFO Channel 04/0 : 1[1] -> 2[2] via P2P/direct pointer/read
ts45-master-0:214660:215548 [2] NCCL INFO Channel 01/0 : 2[2] -> 3[3] via P2P/direct pointer/read
ts45-master-0:214660:215547 [1] NCCL INFO Channel 05/0 : 1[1] -> 2[2] via P2P/direct pointer/read
ts45-master-0:214660:215548 [2] NCCL INFO Channel 02/0 : 2[2] -> 3[3] via P2P/direct pointer/read
ts45-master-0:214660:215547 [1] NCCL INFO Channel 06/0 : 1[1] -> 2[2] via P2P/direct pointer/read
ts45-master-0:214660:215548 [2] NCCL INFO Channel 03/0 : 2[2] -> 3[3] via P2P/direct pointer/read
ts45-master-0:214660:215547 [1] NCCL INFO Channel 07/0 : 1[1] -> 2[2] via P2P/direct pointer/read
ts45-master-0:214660:215548 [2] NCCL INFO Channel 04/0 : 2[2] -> 3[3] via P2P/direct pointer/read
ts45-master-0:214660:215547 [1] NCCL INFO Channel 08/0 : 1[1] -> 2[2] via P2P/direct pointer/read
ts45-master-0:214660:215548 [2] NCCL INFO Channel 05/0 : 2[2] -> 3[3] via P2P/direct pointer/read
ts45-master-0:214660:215547 [1] NCCL INFO Channel 09/0 : 1[1] -> 2[2] via P2P/direct pointer/read
ts45-master-0:214660:215548 [2] NCCL INFO Channel 06/0 : 2[2] -> 3[3] via P2P/direct pointer/read
ts45-master-0:214660:215547 [1] NCCL INFO Channel 10/0 : 1[1] -> 2[2] via P2P/direct pointer/read
ts45-master-0:214660:215548 [2] NCCL INFO Channel 07/0 : 2[2] -> 3[3] via P2P/direct pointer/read
ts45-master-0:214660:215547 [1] NCCL INFO Channel 11/0 : 1[1] -> 2[2] via P2P/direct pointer/read
ts45-master-0:214660:215548 [2] NCCL INFO Channel 08/0 : 2[2] -> 3[3] via P2P/direct pointer/read
ts45-master-0:214660:215546 [0] NCCL INFO Channel 00/0 : 0[0] -> 1[1] via P2P/direct pointer/read
ts45-master-0:214660:215547 [1] NCCL INFO Channel 12/0 : 1[1] -> 2[2] via P2P/direct pointer/read
ts45-master-0:214660:215548 [2] NCCL INFO Channel 09/0 : 2[2] -> 3[3] via P2P/direct pointer/read
ts45-master-0:214660:215546 [0] NCCL INFO Channel 01/0 : 0[0] -> 1[1] via P2P/direct pointer/read
ts45-master-0:214660:215547 [1] NCCL INFO Channel 13/0 : 1[1] -> 2[2] via P2P/direct pointer/read
ts45-master-0:214660:215548 [2] NCCL INFO Channel 10/0 : 2[2] -> 3[3] via P2P/direct pointer/read
ts45-master-0:214660:215548 [2] NCCL INFO Channel 11/0 : 2[2] -> 3[3] via P2P/direct pointer/read
ts45-master-0:214660:215547 [1] NCCL INFO Channel 14/0 : 1[1] -> 2[2] via P2P/direct pointer/read
ts45-master-0:214660:215546 [0] NCCL INFO Channel 02/0 : 0[0] -> 1[1] via P2P/direct pointer/read
ts45-master-0:214660:215549 [3] NCCL INFO Channel 00/0 : 3[3] -> 0[0] via P2P/direct pointer/read
ts45-master-0:214660:215548 [2] NCCL INFO Channel 12/0 : 2[2] -> 3[3] via P2P/direct pointer/read
ts45-master-0:214660:215547 [1] NCCL INFO Channel 15/0 : 1[1] -> 2[2] via P2P/direct pointer/read
ts45-master-0:214660:215546 [0] NCCL INFO Channel 03/0 : 0[0] -> 1[1] via P2P/direct pointer/read
ts45-master-0:214660:215549 [3] NCCL INFO Channel 01/0 : 3[3] -> 0[0] via P2P/direct pointer/read
ts45-master-0:214660:215548 [2] NCCL INFO Channel 13/0 : 2[2] -> 3[3] via P2P/direct pointer/read
ts45-master-0:214660:215547 [1] NCCL INFO Channel 16/0 : 1[1] -> 2[2] via P2P/direct pointer/read
ts45-master-0:214660:215546 [0] NCCL INFO Channel 04/0 : 0[0] -> 1[1] via P2P/direct pointer/read
ts45-master-0:214660:215549 [3] NCCL INFO Channel 02/0 : 3[3] -> 0[0] via P2P/direct pointer/read
ts45-master-0:214660:215548 [2] NCCL INFO Channel 14/0 : 2[2] -> 3[3] via P2P/direct pointer/read
ts45-master-0:214660:215547 [1] NCCL INFO Channel 17/0 : 1[1] -> 2[2] via P2P/direct pointer/read
ts45-master-0:214660:215546 [0] NCCL INFO Channel 05/0 : 0[0] -> 1[1] via P2P/direct pointer/read
ts45-master-0:214660:215549 [3] NCCL INFO Channel 03/0 : 3[3] -> 0[0] via P2P/direct pointer/read
ts45-master-0:214660:215548 [2] NCCL INFO Channel 15/0 : 2[2] -> 3[3] via P2P/direct pointer/read
ts45-master-0:214660:215547 [1] NCCL INFO Channel 18/0 : 1[1] -> 2[2] via P2P/direct pointer/read
ts45-master-0:214660:215546 [0] NCCL INFO Channel 06/0 : 0[0] -> 1[1] via P2P/direct pointer/read
ts45-master-0:214660:215549 [3] NCCL INFO Channel 04/0 : 3[3] -> 0[0] via P2P/direct pointer/read
ts45-master-0:214660:215548 [2] NCCL INFO Channel 16/0 : 2[2] -> 3[3] via P2P/direct pointer/read
ts45-master-0:214660:215547 [1] NCCL INFO Channel 19/0 : 1[1] -> 2[2] via P2P/direct pointer/read
ts45-master-0:214660:215546 [0] NCCL INFO Channel 07/0 : 0[0] -> 1[1] via P2P/direct pointer/read
ts45-master-0:214660:215549 [3] NCCL INFO Channel 05/0 : 3[3] -> 0[0] via P2P/direct pointer/read
ts45-master-0:214660:215548 [2] NCCL INFO Channel 17/0 : 2[2] -> 3[3] via P2P/direct pointer/read
ts45-master-0:214660:215547 [1] NCCL INFO Channel 20/0 : 1[1] -> 2[2] via P2P/direct pointer/read
ts45-master-0:214660:215546 [0] NCCL INFO Channel 08/0 : 0[0] -> 1[1] via P2P/direct pointer/read
ts45-master-0:214660:215549 [3] NCCL INFO Channel 06/0 : 3[3] -> 0[0] via P2P/direct pointer/read
ts45-master-0:214660:215548 [2] NCCL INFO Channel 18/0 : 2[2] -> 3[3] via P2P/direct pointer/read
ts45-master-0:214660:215547 [1] NCCL INFO Channel 21/0 : 1[1] -> 2[2] via P2P/direct pointer/read
ts45-master-0:214660:215546 [0] NCCL INFO Channel 09/0 : 0[0] -> 1[1] via P2P/direct pointer/read
ts45-master-0:214660:215549 [3] NCCL INFO Channel 07/0 : 3[3] -> 0[0] via P2P/direct pointer/read
ts45-master-0:214660:215547 [1] NCCL INFO Channel 22/0 : 1[1] -> 2[2] via P2P/direct pointer/read
ts45-master-0:214660:215548 [2] NCCL INFO Channel 19/0 : 2[2] -> 3[3] via P2P/direct pointer/read
ts45-master-0:214660:215546 [0] NCCL INFO Channel 10/0 : 0[0] -> 1[1] via P2P/direct pointer/read
ts45-master-0:214660:215549 [3] NCCL INFO Channel 08/0 : 3[3] -> 0[0] via P2P/direct pointer/read
ts45-master-0:214660:215547 [1] NCCL INFO Channel 23/0 : 1[1] -> 2[2] via P2P/direct pointer/read
ts45-master-0:214660:215548 [2] NCCL INFO Channel 20/0 : 2[2] -> 3[3] via P2P/direct pointer/read
ts45-master-0:214660:215546 [0] NCCL INFO Channel 11/0 : 0[0] -> 1[1] via P2P/direct pointer/read
ts45-master-0:214660:215549 [3] NCCL INFO Channel 09/0 : 3[3] -> 0[0] via P2P/direct pointer/read
ts45-master-0:214660:215548 [2] NCCL INFO Channel 21/0 : 2[2] -> 3[3] via P2P/direct pointer/read
ts45-master-0:214660:215546 [0] NCCL INFO Channel 12/0 : 0[0] -> 1[1] via P2P/direct pointer/read
ts45-master-0:214660:215549 [3] NCCL INFO Channel 10/0 : 3[3] -> 0[0] via P2P/direct pointer/read
ts45-master-0:214660:215548 [2] NCCL INFO Channel 22/0 : 2[2] -> 3[3] via P2P/direct pointer/read
ts45-master-0:214660:215546 [0] NCCL INFO Channel 13/0 : 0[0] -> 1[1] via P2P/direct pointer/read
ts45-master-0:214660:215549 [3] NCCL INFO Channel 11/0 : 3[3] -> 0[0] via P2P/direct pointer/read
ts45-master-0:214660:215548 [2] NCCL INFO Channel 23/0 : 2[2] -> 3[3] via P2P/direct pointer/read
ts45-master-0:214660:215546 [0] NCCL INFO Channel 14/0 : 0[0] -> 1[1] via P2P/direct pointer/read
ts45-master-0:214660:215549 [3] NCCL INFO Channel 12/0 : 3[3] -> 0[0] via P2P/direct pointer/read
ts45-master-0:214660:215546 [0] NCCL INFO Channel 15/0 : 0[0] -> 1[1] via P2P/direct pointer/read
ts45-master-0:214660:215549 [3] NCCL INFO Channel 13/0 : 3[3] -> 0[0] via P2P/direct pointer/read
ts45-master-0:214660:215546 [0] NCCL INFO Channel 16/0 : 0[0] -> 1[1] via P2P/direct pointer/read
ts45-master-0:214660:215549 [3] NCCL INFO Channel 14/0 : 3[3] -> 0[0] via P2P/direct pointer/read
ts45-master-0:214660:215546 [0] NCCL INFO Channel 17/0 : 0[0] -> 1[1] via P2P/direct pointer/read
ts45-master-0:214660:215549 [3] NCCL INFO Channel 15/0 : 3[3] -> 0[0] via P2P/direct pointer/read
ts45-master-0:214660:215546 [0] NCCL INFO Channel 18/0 : 0[0] -> 1[1] via P2P/direct pointer/read
ts45-master-0:214660:215549 [3] NCCL INFO Channel 16/0 : 3[3] -> 0[0] via P2P/direct pointer/read
ts45-master-0:214660:215546 [0] NCCL INFO Channel 19/0 : 0[0] -> 1[1] via P2P/direct pointer/read
ts45-master-0:214660:215549 [3] NCCL INFO Channel 17/0 : 3[3] -> 0[0] via P2P/direct pointer/read
ts45-master-0:214660:215546 [0] NCCL INFO Channel 20/0 : 0[0] -> 1[1] via P2P/direct pointer/read
ts45-master-0:214660:215549 [3] NCCL INFO Channel 18/0 : 3[3] -> 0[0] via P2P/direct pointer/read
ts45-master-0:214660:215546 [0] NCCL INFO Channel 21/0 : 0[0] -> 1[1] via P2P/direct pointer/read
ts45-master-0:214660:215549 [3] NCCL INFO Channel 19/0 : 3[3] -> 0[0] via P2P/direct pointer/read
ts45-master-0:214660:215546 [0] NCCL INFO Channel 22/0 : 0[0] -> 1[1] via P2P/direct pointer/read
ts45-master-0:214660:215549 [3] NCCL INFO Channel 20/0 : 3[3] -> 0[0] via P2P/direct pointer/read
ts45-master-0:214660:215546 [0] NCCL INFO Channel 23/0 : 0[0] -> 1[1] via P2P/direct pointer/read
ts45-master-0:214660:215549 [3] NCCL INFO Channel 21/0 : 3[3] -> 0[0] via P2P/direct pointer/read
ts45-master-0:214660:215549 [3] NCCL INFO Channel 22/0 : 3[3] -> 0[0] via P2P/direct pointer/read
ts45-master-0:214660:215549 [3] NCCL INFO Channel 23/0 : 3[3] -> 0[0] via P2P/direct pointer/read
ts45-master-0:214660:215547 [1] NCCL INFO Connected all rings
ts45-master-0:214660:215546 [0] NCCL INFO Connected all rings
ts45-master-0:214660:215548 [2] NCCL INFO Connected all rings
ts45-master-0:214660:215549 [3] NCCL INFO Connected all rings
ts45-master-0:214660:215549 [3] NCCL INFO Channel 00/0 : 3[3] -> 2[2] via P2P/direct pointer/read
ts45-master-0:214660:215549 [3] NCCL INFO Channel 01/0 : 3[3] -> 2[2] via P2P/direct pointer/read
ts45-master-0:214660:215549 [3] NCCL INFO Channel 02/0 : 3[3] -> 2[2] via P2P/direct pointer/read
ts45-master-0:214660:215549 [3] NCCL INFO Channel 03/0 : 3[3] -> 2[2] via P2P/direct pointer/read
ts45-master-0:214660:215549 [3] NCCL INFO Channel 04/0 : 3[3] -> 2[2] via P2P/direct pointer/read
ts45-master-0:214660:215549 [3] NCCL INFO Channel 05/0 : 3[3] -> 2[2] via P2P/direct pointer/read
ts45-master-0:214660:215549 [3] NCCL INFO Channel 06/0 : 3[3] -> 2[2] via P2P/direct pointer/read
ts45-master-0:214660:215549 [3] NCCL INFO Channel 07/0 : 3[3] -> 2[2] via P2P/direct pointer/read
ts45-master-0:214660:215549 [3] NCCL INFO Channel 08/0 : 3[3] -> 2[2] via P2P/direct pointer/read
ts45-master-0:214660:215549 [3] NCCL INFO Channel 09/0 : 3[3] -> 2[2] via P2P/direct pointer/read
ts45-master-0:214660:215549 [3] NCCL INFO Channel 10/0 : 3[3] -> 2[2] via P2P/direct pointer/read
ts45-master-0:214660:215549 [3] NCCL INFO Channel 11/0 : 3[3] -> 2[2] via P2P/direct pointer/read
ts45-master-0:214660:215549 [3] NCCL INFO Channel 12/0 : 3[3] -> 2[2] via P2P/direct pointer/read
ts45-master-0:214660:215549 [3] NCCL INFO Channel 13/0 : 3[3] -> 2[2] via P2P/direct pointer/read
ts45-master-0:214660:215549 [3] NCCL INFO Channel 14/0 : 3[3] -> 2[2] via P2P/direct pointer/read
ts45-master-0:214660:215547 [1] NCCL INFO Channel 00/0 : 1[1] -> 0[0] via P2P/direct pointer/read
ts45-master-0:214660:215549 [3] NCCL INFO Channel 15/0 : 3[3] -> 2[2] via P2P/direct pointer/read
ts45-master-0:214660:215549 [3] NCCL INFO Channel 16/0 : 3[3] -> 2[2] via P2P/direct pointer/read
ts45-master-0:214660:215547 [1] NCCL INFO Channel 01/0 : 1[1] -> 0[0] via P2P/direct pointer/read
ts45-master-0:214660:215549 [3] NCCL INFO Channel 17/0 : 3[3] -> 2[2] via P2P/direct pointer/read
ts45-master-0:214660:215547 [1] NCCL INFO Channel 02/0 : 1[1] -> 0[0] via P2P/direct pointer/read
ts45-master-0:214660:215547 [1] NCCL INFO Channel 03/0 : 1[1] -> 0[0] via P2P/direct pointer/read
ts45-master-0:214660:215547 [1] NCCL INFO Channel 04/0 : 1[1] -> 0[0] via P2P/direct pointer/read
ts45-master-0:214660:215547 [1] NCCL INFO Channel 05/0 : 1[1] -> 0[0] via P2P/direct pointer/read
ts45-master-0:214660:215547 [1] NCCL INFO Channel 06/0 : 1[1] -> 0[0] via P2P/direct pointer/read
ts45-master-0:214660:215547 [1] NCCL INFO Channel 07/0 : 1[1] -> 0[0] via P2P/direct pointer/read
ts45-master-0:214660:215547 [1] NCCL INFO Channel 08/0 : 1[1] -> 0[0] via P2P/direct pointer/read
ts45-master-0:214660:215547 [1] NCCL INFO Channel 09/0 : 1[1] -> 0[0] via P2P/direct pointer/read
ts45-master-0:214660:215547 [1] NCCL INFO Channel 10/0 : 1[1] -> 0[0] via P2P/direct pointer/read
ts45-master-0:214660:215547 [1] NCCL INFO Channel 11/0 : 1[1] -> 0[0] via P2P/direct pointer/read
ts45-master-0:214660:215549 [3] NCCL INFO Channel 18/0 : 3[3] -> 2[2] via P2P/direct pointer/read
ts45-master-0:214660:215547 [1] NCCL INFO Channel 12/0 : 1[1] -> 0[0] via P2P/direct pointer/read
ts45-master-0:214660:215549 [3] NCCL INFO Channel 19/0 : 3[3] -> 2[2] via P2P/direct pointer/read
ts45-master-0:214660:215547 [1] NCCL INFO Channel 13/0 : 1[1] -> 0[0] via P2P/direct pointer/read
ts45-master-0:214660:215549 [3] NCCL INFO Channel 20/0 : 3[3] -> 2[2] via P2P/direct pointer/read
ts45-master-0:214660:215548 [2] NCCL INFO Channel 00/0 : 2[2] -> 1[1] via P2P/direct pointer/read
ts45-master-0:214660:215547 [1] NCCL INFO Channel 14/0 : 1[1] -> 0[0] via P2P/direct pointer/read
ts45-master-0:214660:215549 [3] NCCL INFO Channel 21/0 : 3[3] -> 2[2] via P2P/direct pointer/read
ts45-master-0:214660:215547 [1] NCCL INFO Channel 15/0 : 1[1] -> 0[0] via P2P/direct pointer/read
ts45-master-0:214660:215548 [2] NCCL INFO Channel 01/0 : 2[2] -> 1[1] via P2P/direct pointer/read
ts45-master-0:214660:215549 [3] NCCL INFO Channel 22/0 : 3[3] -> 2[2] via P2P/direct pointer/read
ts45-master-0:214660:215547 [1] NCCL INFO Channel 16/0 : 1[1] -> 0[0] via P2P/direct pointer/read
ts45-master-0:214660:215548 [2] NCCL INFO Channel 02/0 : 2[2] -> 1[1] via P2P/direct pointer/read
ts45-master-0:214660:215549 [3] NCCL INFO Channel 23/0 : 3[3] -> 2[2] via P2P/direct pointer/read
ts45-master-0:214660:215547 [1] NCCL INFO Channel 17/0 : 1[1] -> 0[0] via P2P/direct pointer/read
ts45-master-0:214660:215548 [2] NCCL INFO Channel 03/0 : 2[2] -> 1[1] via P2P/direct pointer/read
ts45-master-0:214660:215547 [1] NCCL INFO Channel 18/0 : 1[1] -> 0[0] via P2P/direct pointer/read
ts45-master-0:214660:215548 [2] NCCL INFO Channel 04/0 : 2[2] -> 1[1] via P2P/direct pointer/read
ts45-master-0:214660:215547 [1] NCCL INFO Channel 19/0 : 1[1] -> 0[0] via P2P/direct pointer/read
ts45-master-0:214660:215548 [2] NCCL INFO Channel 05/0 : 2[2] -> 1[1] via P2P/direct pointer/read
ts45-master-0:214660:215547 [1] NCCL INFO Channel 20/0 : 1[1] -> 0[0] via P2P/direct pointer/read
ts45-master-0:214660:215548 [2] NCCL INFO Channel 06/0 : 2[2] -> 1[1] via P2P/direct pointer/read
ts45-master-0:214660:215547 [1] NCCL INFO Channel 21/0 : 1[1] -> 0[0] via P2P/direct pointer/read
ts45-master-0:214660:215548 [2] NCCL INFO Channel 07/0 : 2[2] -> 1[1] via P2P/direct pointer/read
ts45-master-0:214660:215547 [1] NCCL INFO Channel 22/0 : 1[1] -> 0[0] via P2P/direct pointer/read
ts45-master-0:214660:215548 [2] NCCL INFO Channel 08/0 : 2[2] -> 1[1] via P2P/direct pointer/read
ts45-master-0:214660:215547 [1] NCCL INFO Channel 23/0 : 1[1] -> 0[0] via P2P/direct pointer/read
ts45-master-0:214660:215548 [2] NCCL INFO Channel 09/0 : 2[2] -> 1[1] via P2P/direct pointer/read
ts45-master-0:214660:215548 [2] NCCL INFO Channel 10/0 : 2[2] -> 1[1] via P2P/direct pointer/read
ts45-master-0:214660:215548 [2] NCCL INFO Channel 11/0 : 2[2] -> 1[1] via P2P/direct pointer/read
ts45-master-0:214660:215548 [2] NCCL INFO Channel 12/0 : 2[2] -> 1[1] via P2P/direct pointer/read
ts45-master-0:214660:215548 [2] NCCL INFO Channel 13/0 : 2[2] -> 1[1] via P2P/direct pointer/read
ts45-master-0:214660:215548 [2] NCCL INFO Channel 14/0 : 2[2] -> 1[1] via P2P/direct pointer/read
ts45-master-0:214660:215548 [2] NCCL INFO Channel 15/0 : 2[2] -> 1[1] via P2P/direct pointer/read
ts45-master-0:214660:215548 [2] NCCL INFO Channel 16/0 : 2[2] -> 1[1] via P2P/direct pointer/read
ts45-master-0:214660:215548 [2] NCCL INFO Channel 17/0 : 2[2] -> 1[1] via P2P/direct pointer/read
ts45-master-0:214660:215548 [2] NCCL INFO Channel 18/0 : 2[2] -> 1[1] via P2P/direct pointer/read
ts45-master-0:214660:215548 [2] NCCL INFO Channel 19/0 : 2[2] -> 1[1] via P2P/direct pointer/read
ts45-master-0:214660:215548 [2] NCCL INFO Channel 20/0 : 2[2] -> 1[1] via P2P/direct pointer/read
ts45-master-0:214660:215548 [2] NCCL INFO Channel 21/0 : 2[2] -> 1[1] via P2P/direct pointer/read
ts45-master-0:214660:215548 [2] NCCL INFO Channel 22/0 : 2[2] -> 1[1] via P2P/direct pointer/read
ts45-master-0:214660:215548 [2] NCCL INFO Channel 23/0 : 2[2] -> 1[1] via P2P/direct pointer/read
ts45-master-0:214660:215546 [0] NCCL INFO Connected all trees
ts45-master-0:214660:215546 [0] NCCL INFO threadThresholds 8/8/64 | 32/8/64 | 512 | 512
ts45-master-0:214660:215546 [0] NCCL INFO 24 coll channels, 0 collnet channels, 0 nvls channels, 32 p2p channels, 32 p2p channels per peer
ts45-master-0:214660:215547 [1] NCCL INFO Connected all trees
ts45-master-0:214660:215547 [1] NCCL INFO threadThresholds 8/8/64 | 32/8/64 | 512 | 512
ts45-master-0:214660:215547 [1] NCCL INFO 24 coll channels, 0 collnet channels, 0 nvls channels, 32 p2p channels, 32 p2p channels per peer
ts45-master-0:214660:215549 [3] NCCL INFO Connected all trees
ts45-master-0:214660:215548 [2] NCCL INFO Connected all trees
ts45-master-0:214660:215549 [3] NCCL INFO threadThresholds 8/8/64 | 32/8/64 | 512 | 512
ts45-master-0:214660:215549 [3] NCCL INFO 24 coll channels, 0 collnet channels, 0 nvls channels, 32 p2p channels, 32 p2p channels per peer
ts45-master-0:214660:215548 [2] NCCL INFO threadThresholds 8/8/64 | 32/8/64 | 512 | 512
ts45-master-0:214660:215548 [2] NCCL INFO 24 coll channels, 0 collnet channels, 0 nvls channels, 32 p2p channels, 32 p2p channels per peer
ts45-master-0:214660:215546 [0] NCCL INFO comm 0xdf5a3c0 rank 0 nranks 4 cudaDev 0 nvmlDev 0 busId 61000 commId 0x94960885c6196b60 - Init COMPLETE
ts45-master-0:214660:215547 [1] NCCL INFO comm 0xdf60e50 rank 1 nranks 4 cudaDev 1 nvmlDev 1 busId 65000 commId 0x94960885c6196b60 - Init COMPLETE
ts45-master-0:214660:215548 [2] NCCL INFO comm 0xdf65b60 rank 2 nranks 4 cudaDev 2 nvmlDev 2 busId 67000 commId 0x94960885c6196b60 - Init COMPLETE
ts45-master-0:214660:215549 [3] NCCL INFO comm 0xdf6a870 rank 3 nranks 4 cudaDev 3 nvmlDev 3 busId a1000 commId 0x94960885c6196b60 - Init COMPLETE
	iters: 100, epoch: 1 | loss: 0.3185619
	speed: 1.1866s/iter; left time: 13219.4670s
	iters: 200, epoch: 1 | loss: 0.3138732
	speed: 1.1363s/iter; left time: 12545.8302s
	iters: 300, epoch: 1 | loss: 0.3280922
	speed: 1.1341s/iter; left time: 12408.4471s
	iters: 400, epoch: 1 | loss: 0.2923552
	speed: 1.1355s/iter; left time: 12309.5591s
	iters: 500, epoch: 1 | loss: 0.3101597
	speed: 1.1346s/iter; left time: 12187.1526s
	iters: 600, epoch: 1 | loss: 0.3603059
	speed: 1.1345s/iter; left time: 12072.1294s
	iters: 700, epoch: 1 | loss: 0.2915781
	speed: 1.1351s/iter; left time: 11964.9770s
	iters: 800, epoch: 1 | loss: 0.3053747
	speed: 1.1353s/iter; left time: 11853.9364s
	iters: 900, epoch: 1 | loss: 0.2656434
	speed: 1.1353s/iter; left time: 11740.3142s
	iters: 1000, epoch: 1 | loss: 0.3043957
	speed: 1.1361s/iter; left time: 11634.3168s
	iters: 1100, epoch: 1 | loss: 0.3050677
	speed: 1.1342s/iter; left time: 11502.1352s
Epoch: 1 cost time: 1281.609722852707
ts45-master-0:214660:226551 [0] NCCL INFO Using non-device net plugin version 0
ts45-master-0:214660:226551 [0] NCCL INFO Using network Socket
ts45-master-0:214660:226553 [2] NCCL INFO Using non-device net plugin version 0
ts45-master-0:214660:226553 [2] NCCL INFO Using network Socket
ts45-master-0:214660:226552 [1] NCCL INFO Using non-device net plugin version 0
ts45-master-0:214660:226552 [1] NCCL INFO Using network Socket
ts45-master-0:214660:226553 [2] NCCL INFO comm 0x11b557d0 rank 2 nranks 3 cudaDev 2 nvmlDev 2 busId 67000 commId 0xa1f789af63762485 - Init START
ts45-master-0:214660:226552 [1] NCCL INFO comm 0xdfe2660 rank 1 nranks 3 cudaDev 1 nvmlDev 1 busId 65000 commId 0xa1f789af63762485 - Init START
ts45-master-0:214660:226551 [0] NCCL INFO comm 0x11b6cf50 rank 0 nranks 3 cudaDev 0 nvmlDev 0 busId 61000 commId 0xa1f789af63762485 - Init START
ts45-master-0:214660:226552 [1] NCCL INFO Setting affinity for GPU 1 to 03ffffff,ffffffff
ts45-master-0:214660:226552 [1] NCCL INFO NVLS multicast support is not available on dev 1
ts45-master-0:214660:226553 [2] NCCL INFO Setting affinity for GPU 2 to 03ffffff,ffffffff
ts45-master-0:214660:226553 [2] NCCL INFO NVLS multicast support is not available on dev 2
ts45-master-0:214660:226551 [0] NCCL INFO Setting affinity for GPU 0 to 03ffffff,ffffffff
ts45-master-0:214660:226551 [0] NCCL INFO NVLS multicast support is not available on dev 0
ts45-master-0:214660:226553 [2] NCCL INFO comm 0x11b557d0 rank 2 nRanks 3 nNodes 1 localRanks 3 localRank 2 MNNVL 0
ts45-master-0:214660:226551 [0] NCCL INFO comm 0x11b6cf50 rank 0 nRanks 3 nNodes 1 localRanks 3 localRank 0 MNNVL 0
ts45-master-0:214660:226552 [1] NCCL INFO comm 0xdfe2660 rank 1 nRanks 3 nNodes 1 localRanks 3 localRank 1 MNNVL 0
ts45-master-0:214660:226551 [0] NCCL INFO Channel 00/24 :    0   1   2
ts45-master-0:214660:226551 [0] NCCL INFO Channel 01/24 :    0   1   2
ts45-master-0:214660:226551 [0] NCCL INFO Channel 02/24 :    0   1   2
ts45-master-0:214660:226551 [0] NCCL INFO Channel 03/24 :    0   1   2
ts45-master-0:214660:226553 [2] NCCL INFO Trees [0] -1/-1/-1->2->1 [1] -1/-1/-1->2->1 [2] -1/-1/-1->2->1 [3] -1/-1/-1->2->1 [4] -1/-1/-1->2->1 [5] -1/-1/-1->2->1 [6] -1/-1/-1->2->1 [7] -1/-1/-1->2->1 [8] -1/-1/-1->2->1 [9] -1/-1/-1->2->1 [10] -1/-1/-1->2->1 [11] -1/-1/-1->2->1 [12] -1/-1/-1->2->1 [13] -1/-1/-1->2->1 [14] -1/-1/-1->2->1 [15] -1/-1/-1->2->1 [16] -1/-1/-1->2->1 [17] -1/-1/-1->2->1 [18] -1/-1/-1->2->1 [19] -1/-1/-1->2->1 [20] -1/-1/-1->2->1 [21] -1/-1/-1->2->1 [22] -1/-1/-1->2->1 [23] -1/-1/-1->2->1
ts45-master-0:214660:226551 [0] NCCL INFO Channel 04/24 :    0   1   2
ts45-master-0:214660:226552 [1] NCCL INFO Trees [0] 2/-1/-1->1->0 [1] 2/-1/-1->1->0 [2] 2/-1/-1->1->0 [3] 2/-1/-1->1->0 [4] 2/-1/-1->1->0 [5] 2/-1/-1->1->0 [6] 2/-1/-1->1->0 [7] 2/-1/-1->1->0 [8] 2/-1/-1->1->0 [9] 2/-1/-1->1->0 [10] 2/-1/-1->1->0 [11] 2/-1/-1->1->0 [12] 2/-1/-1->1->0 [13] 2/-1/-1->1->0 [14] 2/-1/-1->1->0 [15] 2/-1/-1->1->0 [16] 2/-1/-1->1->0 [17] 2/-1/-1->1->0 [18] 2/-1/-1->1->0 [19] 2/-1/-1->1->0 [20] 2/-1/-1->1->0 [21] 2/-1/-1->1->0 [22] 2/-1/-1->1->0 [23] 2/-1/-1->1->0
ts45-master-0:214660:226553 [2] NCCL INFO P2P Chunksize set to 524288
ts45-master-0:214660:226551 [0] NCCL INFO Channel 05/24 :    0   1   2
ts45-master-0:214660:226552 [1] NCCL INFO P2P Chunksize set to 524288
ts45-master-0:214660:226551 [0] NCCL INFO Channel 06/24 :    0   1   2
ts45-master-0:214660:226551 [0] NCCL INFO Channel 07/24 :    0   1   2
ts45-master-0:214660:226551 [0] NCCL INFO Channel 08/24 :    0   1   2
ts45-master-0:214660:226551 [0] NCCL INFO Channel 09/24 :    0   1   2
ts45-master-0:214660:226551 [0] NCCL INFO Channel 10/24 :    0   1   2
ts45-master-0:214660:226551 [0] NCCL INFO Channel 11/24 :    0   1   2
ts45-master-0:214660:226551 [0] NCCL INFO Channel 12/24 :    0   1   2
ts45-master-0:214660:226551 [0] NCCL INFO Channel 13/24 :    0   1   2
ts45-master-0:214660:226551 [0] NCCL INFO Channel 14/24 :    0   1   2
ts45-master-0:214660:226551 [0] NCCL INFO Channel 15/24 :    0   1   2
ts45-master-0:214660:226551 [0] NCCL INFO Channel 16/24 :    0   1   2
ts45-master-0:214660:226551 [0] NCCL INFO Channel 17/24 :    0   1   2
ts45-master-0:214660:226551 [0] NCCL INFO Channel 18/24 :    0   1   2
ts45-master-0:214660:226551 [0] NCCL INFO Channel 19/24 :    0   1   2
ts45-master-0:214660:226551 [0] NCCL INFO Channel 20/24 :    0   1   2
ts45-master-0:214660:226551 [0] NCCL INFO Channel 21/24 :    0   1   2
ts45-master-0:214660:226551 [0] NCCL INFO Channel 22/24 :    0   1   2
ts45-master-0:214660:226551 [0] NCCL INFO Channel 23/24 :    0   1   2
ts45-master-0:214660:226551 [0] NCCL INFO Trees [0] 1/-1/-1->0->-1 [1] 1/-1/-1->0->-1 [2] 1/-1/-1->0->-1 [3] 1/-1/-1->0->-1 [4] 1/-1/-1->0->-1 [5] 1/-1/-1->0->-1 [6] 1/-1/-1->0->-1 [7] 1/-1/-1->0->-1 [8] 1/-1/-1->0->-1 [9] 1/-1/-1->0->-1 [10] 1/-1/-1->0->-1 [11] 1/-1/-1->0->-1 [12] 1/-1/-1->0->-1 [13] 1/-1/-1->0->-1 [14] 1/-1/-1->0->-1 [15] 1/-1/-1->0->-1 [16] 1/-1/-1->0->-1 [17] 1/-1/-1->0->-1 [18] 1/-1/-1->0->-1 [19] 1/-1/-1->0->-1 [20] 1/-1/-1->0->-1 [21] 1/-1/-1->0->-1 [22] 1/-1/-1->0->-1 [23] 1/-1/-1->0->-1
ts45-master-0:214660:226551 [0] NCCL INFO P2P Chunksize set to 524288
ts45-master-0:214660:226553 [2] NCCL INFO Channel 00/0 : 2[2] -> 0[0] via P2P/direct pointer/read
ts45-master-0:214660:226553 [2] NCCL INFO Channel 01/0 : 2[2] -> 0[0] via P2P/direct pointer/read
ts45-master-0:214660:226553 [2] NCCL INFO Channel 02/0 : 2[2] -> 0[0] via P2P/direct pointer/read
ts45-master-0:214660:226553 [2] NCCL INFO Channel 03/0 : 2[2] -> 0[0] via P2P/direct pointer/read
ts45-master-0:214660:226552 [1] NCCL INFO Channel 00/0 : 1[1] -> 2[2] via P2P/direct pointer/read
ts45-master-0:214660:226553 [2] NCCL INFO Channel 04/0 : 2[2] -> 0[0] via P2P/direct pointer/read
ts45-master-0:214660:226552 [1] NCCL INFO Channel 01/0 : 1[1] -> 2[2] via P2P/direct pointer/read
ts45-master-0:214660:226553 [2] NCCL INFO Channel 05/0 : 2[2] -> 0[0] via P2P/direct pointer/read
ts45-master-0:214660:226552 [1] NCCL INFO Channel 02/0 : 1[1] -> 2[2] via P2P/direct pointer/read
ts45-master-0:214660:226553 [2] NCCL INFO Channel 06/0 : 2[2] -> 0[0] via P2P/direct pointer/read
ts45-master-0:214660:226552 [1] NCCL INFO Channel 03/0 : 1[1] -> 2[2] via P2P/direct pointer/read
ts45-master-0:214660:226553 [2] NCCL INFO Channel 07/0 : 2[2] -> 0[0] via P2P/direct pointer/read
ts45-master-0:214660:226552 [1] NCCL INFO Channel 04/0 : 1[1] -> 2[2] via P2P/direct pointer/read
ts45-master-0:214660:226553 [2] NCCL INFO Channel 08/0 : 2[2] -> 0[0] via P2P/direct pointer/read
ts45-master-0:214660:226552 [1] NCCL INFO Channel 05/0 : 1[1] -> 2[2] via P2P/direct pointer/read
ts45-master-0:214660:226553 [2] NCCL INFO Channel 09/0 : 2[2] -> 0[0] via P2P/direct pointer/read
ts45-master-0:214660:226552 [1] NCCL INFO Channel 06/0 : 1[1] -> 2[2] via P2P/direct pointer/read
ts45-master-0:214660:226553 [2] NCCL INFO Channel 10/0 : 2[2] -> 0[0] via P2P/direct pointer/read
ts45-master-0:214660:226552 [1] NCCL INFO Channel 07/0 : 1[1] -> 2[2] via P2P/direct pointer/read
ts45-master-0:214660:226553 [2] NCCL INFO Channel 11/0 : 2[2] -> 0[0] via P2P/direct pointer/read
ts45-master-0:214660:226552 [1] NCCL INFO Channel 08/0 : 1[1] -> 2[2] via P2P/direct pointer/read
ts45-master-0:214660:226553 [2] NCCL INFO Channel 12/0 : 2[2] -> 0[0] via P2P/direct pointer/read
ts45-master-0:214660:226552 [1] NCCL INFO Channel 09/0 : 1[1] -> 2[2] via P2P/direct pointer/read
ts45-master-0:214660:226553 [2] NCCL INFO Channel 13/0 : 2[2] -> 0[0] via P2P/direct pointer/read
ts45-master-0:214660:226552 [1] NCCL INFO Channel 10/0 : 1[1] -> 2[2] via P2P/direct pointer/read
ts45-master-0:214660:226553 [2] NCCL INFO Channel 14/0 : 2[2] -> 0[0] via P2P/direct pointer/read
ts45-master-0:214660:226552 [1] NCCL INFO Channel 11/0 : 1[1] -> 2[2] via P2P/direct pointer/read
ts45-master-0:214660:226553 [2] NCCL INFO Channel 15/0 : 2[2] -> 0[0] via P2P/direct pointer/read
ts45-master-0:214660:226552 [1] NCCL INFO Channel 12/0 : 1[1] -> 2[2] via P2P/direct pointer/read
ts45-master-0:214660:226553 [2] NCCL INFO Channel 16/0 : 2[2] -> 0[0] via P2P/direct pointer/read
ts45-master-0:214660:226551 [0] NCCL INFO Channel 00/0 : 0[0] -> 1[1] via P2P/direct pointer/read
ts45-master-0:214660:226551 [0] NCCL INFO Channel 01/0 : 0[0] -> 1[1] via P2P/direct pointer/read
ts45-master-0:214660:226551 [0] NCCL INFO Channel 02/0 : 0[0] -> 1[1] via P2P/direct pointer/read
ts45-master-0:214660:226551 [0] NCCL INFO Channel 03/0 : 0[0] -> 1[1] via P2P/direct pointer/read
ts45-master-0:214660:226551 [0] NCCL INFO Channel 04/0 : 0[0] -> 1[1] via P2P/direct pointer/read
ts45-master-0:214660:226551 [0] NCCL INFO Channel 05/0 : 0[0] -> 1[1] via P2P/direct pointer/read
ts45-master-0:214660:226551 [0] NCCL INFO Channel 06/0 : 0[0] -> 1[1] via P2P/direct pointer/read
ts45-master-0:214660:226551 [0] NCCL INFO Channel 07/0 : 0[0] -> 1[1] via P2P/direct pointer/read
ts45-master-0:214660:226551 [0] NCCL INFO Channel 08/0 : 0[0] -> 1[1] via P2P/direct pointer/read
ts45-master-0:214660:226551 [0] NCCL INFO Channel 09/0 : 0[0] -> 1[1] via P2P/direct pointer/read
ts45-master-0:214660:226551 [0] NCCL INFO Channel 10/0 : 0[0] -> 1[1] via P2P/direct pointer/read
ts45-master-0:214660:226551 [0] NCCL INFO Channel 11/0 : 0[0] -> 1[1] via P2P/direct pointer/read
ts45-master-0:214660:226551 [0] NCCL INFO Channel 12/0 : 0[0] -> 1[1] via P2P/direct pointer/read
ts45-master-0:214660:226551 [0] NCCL INFO Channel 13/0 : 0[0] -> 1[1] via P2P/direct pointer/read
ts45-master-0:214660:226552 [1] NCCL INFO Channel 13/0 : 1[1] -> 2[2] via P2P/direct pointer/read
ts45-master-0:214660:226551 [0] NCCL INFO Channel 14/0 : 0[0] -> 1[1] via P2P/direct pointer/read
ts45-master-0:214660:226551 [0] NCCL INFO Channel 15/0 : 0[0] -> 1[1] via P2P/direct pointer/read
ts45-master-0:214660:226551 [0] NCCL INFO Channel 16/0 : 0[0] -> 1[1] via P2P/direct pointer/read
ts45-master-0:214660:226551 [0] NCCL INFO Channel 17/0 : 0[0] -> 1[1] via P2P/direct pointer/read
ts45-master-0:214660:226551 [0] NCCL INFO Channel 18/0 : 0[0] -> 1[1] via P2P/direct pointer/read
ts45-master-0:214660:226551 [0] NCCL INFO Channel 19/0 : 0[0] -> 1[1] via P2P/direct pointer/read
ts45-master-0:214660:226551 [0] NCCL INFO Channel 20/0 : 0[0] -> 1[1] via P2P/direct pointer/read
ts45-master-0:214660:226551 [0] NCCL INFO Channel 21/0 : 0[0] -> 1[1] via P2P/direct pointer/read
ts45-master-0:214660:226553 [2] NCCL INFO Channel 17/0 : 2[2] -> 0[0] via P2P/direct pointer/read
