Using GPU
Args in experiment:
[1mBasic Config[0m
  Task Name:          AGPT_loss           Is Training:        1                   
  Model ID:           traffic_96_96       Model:              AGPT_PT             

[1mData Loader[0m
  Data:               custom              Root Path:          ./dataset/traffic/  
  Data Path:          traffic.csv         Features:           M                   
  Target:             OT                  Freq:               h                   
  Checkpoints:        ./checkpoints/      

[1mModel Parameters[0m
  Num Kernels:        6                   
  Enc In:             862                 Dec In:             862                 
  C Out:              862                 d model:            512                 
  n heads:            8                   e layers:           2                   
  d layers:           1                   d FF:               512                 
  Moving Avg:         25                  Factor:             3                   
  Distil:             1                   Dropout:            0.1                 
  Embed:              timeF               Activation:         gelu                

[1mRun Parameters[0m
  Num Workers:        10                  Itr:                1                   
  Train Epochs:       10                  Batch Size:         4                   
  Patience:           3                   Learning Rate:      0.0001              
  Des:                Exp                 Loss:               MSE                 
  Lradj:              type1               Use Amp:            0                   

[1mGPU[0m
  Use GPU:            1                   GPU:                0                   
  Use Multi GPU:      1                   Devices:            0,1,2,3             

[1mDe-stationary Projector Params[0m
  P Hidden Dims:      128, 128            P Hidden Layers:    2                   

Use GPU: cuda:0
>>>>>>>start training : AGPT_loss_traffic_96_96_AGPT_PT_512_fixedFalse_0.0001_0.001>>>>>>>>>>>>>>>>>>>>>>>>>>
train 12089
val 1661
test 3413
ts51-master-0:32:32 [0] NCCL INFO cudaDriverVersion 12020
ts51-master-0:32:32 [0] NCCL INFO Bootstrap : Using eth0:10.211.73.124<0>
ts51-master-0:32:32 [0] NCCL INFO NET/Plugin : dlerror=libnccl-net.so: cannot open shared object file: No such file or directory No plugin found (libnccl-net.so), using internal implementation
NCCL version 2.20.5+cuda12.4
ts51-master-0:32:1947 [2] NCCL INFO NCCL_IB_DISABLE set by environment to 0.
ts51-master-0:32:1947 [2] NCCL INFO NET/IB : No device found.
ts51-master-0:32:1947 [2] NCCL INFO NET/Socket : Using [0]eth0:10.211.73.124<0>
ts51-master-0:32:1947 [2] NCCL INFO Using non-device net plugin version 0
ts51-master-0:32:1947 [2] NCCL INFO Using network Socket
ts51-master-0:32:1945 [0] NCCL INFO Using non-device net plugin version 0
ts51-master-0:32:1945 [0] NCCL INFO Using network Socket
ts51-master-0:32:1946 [1] NCCL INFO Using non-device net plugin version 0
ts51-master-0:32:1946 [1] NCCL INFO Using network Socket
ts51-master-0:32:1948 [3] NCCL INFO Using non-device net plugin version 0
ts51-master-0:32:1948 [3] NCCL INFO Using network Socket
ts51-master-0:32:1945 [0] NCCL INFO comm 0xcad43d0 rank 0 nranks 4 cudaDev 0 nvmlDev 0 busId 61000 commId 0xb140e8834affe110 - Init START
ts51-master-0:32:1948 [3] NCCL INFO comm 0xcae4880 rank 3 nranks 4 cudaDev 3 nvmlDev 3 busId 67000 commId 0xb140e8834affe110 - Init START
ts51-master-0:32:1947 [2] NCCL INFO comm 0xcadfb70 rank 2 nranks 4 cudaDev 2 nvmlDev 2 busId 65000 commId 0xb140e8834affe110 - Init START
ts51-master-0:32:1946 [1] NCCL INFO comm 0xcadae60 rank 1 nranks 4 cudaDev 1 nvmlDev 1 busId 63000 commId 0xb140e8834affe110 - Init START
ts51-master-0:32:1947 [2] NCCL INFO Setting affinity for GPU 2 to 03ffffff,ffffffff
ts51-master-0:32:1947 [2] NCCL INFO NVLS multicast support is not available on dev 2
ts51-master-0:32:1946 [1] NCCL INFO Setting affinity for GPU 1 to 03ffffff,ffffffff
ts51-master-0:32:1946 [1] NCCL INFO NVLS multicast support is not available on dev 1
ts51-master-0:32:1948 [3] NCCL INFO Setting affinity for GPU 3 to 03ffffff,ffffffff
ts51-master-0:32:1948 [3] NCCL INFO NVLS multicast support is not available on dev 3
ts51-master-0:32:1945 [0] NCCL INFO Setting affinity for GPU 0 to 03ffffff,ffffffff
ts51-master-0:32:1945 [0] NCCL INFO NVLS multicast support is not available on dev 0
ts51-master-0:32:1947 [2] NCCL INFO comm 0xcadfb70 rank 2 nRanks 4 nNodes 1 localRanks 4 localRank 2 MNNVL 0
ts51-master-0:32:1945 [0] NCCL INFO comm 0xcad43d0 rank 0 nRanks 4 nNodes 1 localRanks 4 localRank 0 MNNVL 0
ts51-master-0:32:1946 [1] NCCL INFO comm 0xcadae60 rank 1 nRanks 4 nNodes 1 localRanks 4 localRank 1 MNNVL 0
ts51-master-0:32:1945 [0] NCCL INFO Channel 00/24 :    0   1   2   3
ts51-master-0:32:1948 [3] NCCL INFO comm 0xcae4880 rank 3 nRanks 4 nNodes 1 localRanks 4 localRank 3 MNNVL 0
ts51-master-0:32:1946 [1] NCCL INFO Trees [0] 2/-1/-1->1->0 [1] 2/-1/-1->1->0 [2] 2/-1/-1->1->0 [3] 2/-1/-1->1->0 [4] 2/-1/-1->1->0 [5] 2/-1/-1->1->0 [6] 2/-1/-1->1->0 [7] 2/-1/-1->1->0 [8] 2/-1/-1->1->0 [9] 2/-1/-1->1->0 [10] 2/-1/-1->1->0 [11] 2/-1/-1->1->0 [12] 2/-1/-1->1->0 [13] 2/-1/-1->1->0 [14] 2/-1/-1->1->0 [15] 2/-1/-1->1->0 [16] 2/-1/-1->1->0 [17] 2/-1/-1->1->0 [18] 2/-1/-1->1->0 [19] 2/-1/-1->1->0 [20] 2/-1/-1->1->0 [21] 2/-1/-1->1->0 [22] 2/-1/-1->1->0 [23] 2/-1/-1->1->0
ts51-master-0:32:1947 [2] NCCL INFO Trees [0] 3/-1/-1->2->1 [1] 3/-1/-1->2->1 [2] 3/-1/-1->2->1 [3] 3/-1/-1->2->1 [4] 3/-1/-1->2->1 [5] 3/-1/-1->2->1 [6] 3/-1/-1->2->1 [7] 3/-1/-1->2->1 [8] 3/-1/-1->2->1 [9] 3/-1/-1->2->1 [10] 3/-1/-1->2->1 [11] 3/-1/-1->2->1 [12] 3/-1/-1->2->1 [13] 3/-1/-1->2->1 [14] 3/-1/-1->2->1 [15] 3/-1/-1->2->1 [16] 3/-1/-1->2->1 [17] 3/-1/-1->2->1 [18] 3/-1/-1->2->1 [19] 3/-1/-1->2->1 [20] 3/-1/-1->2->1 [21] 3/-1/-1->2->1 [22] 3/-1/-1->2->1 [23] 3/-1/-1->2->1
ts51-master-0:32:1946 [1] NCCL INFO P2P Chunksize set to 524288
ts51-master-0:32:1947 [2] NCCL INFO P2P Chunksize set to 524288
ts51-master-0:32:1945 [0] NCCL INFO Channel 01/24 :    0   1   2   3
ts51-master-0:32:1948 [3] NCCL INFO Trees [0] -1/-1/-1->3->2 [1] -1/-1/-1->3->2 [2] -1/-1/-1->3->2 [3] -1/-1/-1->3->2 [4] -1/-1/-1->3->2 [5] -1/-1/-1->3->2 [6] -1/-1/-1->3->2 [7] -1/-1/-1->3->2 [8] -1/-1/-1->3->2 [9] -1/-1/-1->3->2 [10] -1/-1/-1->3->2 [11] -1/-1/-1->3->2 [12] -1/-1/-1->3->2 [13] -1/-1/-1->3->2 [14] -1/-1/-1->3->2 [15] -1/-1/-1->3->2 [16] -1/-1/-1->3->2 [17] -1/-1/-1->3->2 [18] -1/-1/-1->3->2 [19] -1/-1/-1->3->2 [20] -1/-1/-1->3->2 [21] -1/-1/-1->3->2 [22] -1/-1/-1->3->2 [23] -1/-1/-1->3->2
ts51-master-0:32:1948 [3] NCCL INFO P2P Chunksize set to 524288
ts51-master-0:32:1945 [0] NCCL INFO Channel 02/24 :    0   1   2   3
ts51-master-0:32:1945 [0] NCCL INFO Channel 03/24 :    0   1   2   3
ts51-master-0:32:1945 [0] NCCL INFO Channel 04/24 :    0   1   2   3
ts51-master-0:32:1945 [0] NCCL INFO Channel 05/24 :    0   1   2   3
ts51-master-0:32:1945 [0] NCCL INFO Channel 06/24 :    0   1   2   3
ts51-master-0:32:1945 [0] NCCL INFO Channel 07/24 :    0   1   2   3
ts51-master-0:32:1945 [0] NCCL INFO Channel 08/24 :    0   1   2   3
ts51-master-0:32:1945 [0] NCCL INFO Channel 09/24 :    0   1   2   3
ts51-master-0:32:1945 [0] NCCL INFO Channel 10/24 :    0   1   2   3
ts51-master-0:32:1945 [0] NCCL INFO Channel 11/24 :    0   1   2   3
ts51-master-0:32:1945 [0] NCCL INFO Channel 12/24 :    0   1   2   3
ts51-master-0:32:1945 [0] NCCL INFO Channel 13/24 :    0   1   2   3
ts51-master-0:32:1945 [0] NCCL INFO Channel 14/24 :    0   1   2   3
ts51-master-0:32:1945 [0] NCCL INFO Channel 15/24 :    0   1   2   3
ts51-master-0:32:1945 [0] NCCL INFO Channel 16/24 :    0   1   2   3
ts51-master-0:32:1945 [0] NCCL INFO Channel 17/24 :    0   1   2   3
ts51-master-0:32:1945 [0] NCCL INFO Channel 18/24 :    0   1   2   3
ts51-master-0:32:1945 [0] NCCL INFO Channel 19/24 :    0   1   2   3
ts51-master-0:32:1945 [0] NCCL INFO Channel 20/24 :    0   1   2   3
ts51-master-0:32:1945 [0] NCCL INFO Channel 21/24 :    0   1   2   3
ts51-master-0:32:1945 [0] NCCL INFO Channel 22/24 :    0   1   2   3
ts51-master-0:32:1945 [0] NCCL INFO Channel 23/24 :    0   1   2   3
ts51-master-0:32:1945 [0] NCCL INFO Trees [0] 1/-1/-1->0->-1 [1] 1/-1/-1->0->-1 [2] 1/-1/-1->0->-1 [3] 1/-1/-1->0->-1 [4] 1/-1/-1->0->-1 [5] 1/-1/-1->0->-1 [6] 1/-1/-1->0->-1 [7] 1/-1/-1->0->-1 [8] 1/-1/-1->0->-1 [9] 1/-1/-1->0->-1 [10] 1/-1/-1->0->-1 [11] 1/-1/-1->0->-1 [12] 1/-1/-1->0->-1 [13] 1/-1/-1->0->-1 [14] 1/-1/-1->0->-1 [15] 1/-1/-1->0->-1 [16] 1/-1/-1->0->-1 [17] 1/-1/-1->0->-1 [18] 1/-1/-1->0->-1 [19] 1/-1/-1->0->-1 [20] 1/-1/-1->0->-1 [21] 1/-1/-1->0->-1 [22] 1/-1/-1->0->-1 [23] 1/-1/-1->0->-1
ts51-master-0:32:1945 [0] NCCL INFO P2P Chunksize set to 524288
ts51-master-0:32:1947 [2] NCCL INFO Channel 00/0 : 2[2] -> 3[3] via P2P/direct pointer/read
ts51-master-0:32:1947 [2] NCCL INFO Channel 01/0 : 2[2] -> 3[3] via P2P/direct pointer/read
ts51-master-0:32:1948 [3] NCCL INFO Channel 00/0 : 3[3] -> 0[0] via P2P/direct pointer/read
ts51-master-0:32:1947 [2] NCCL INFO Channel 02/0 : 2[2] -> 3[3] via P2P/direct pointer/read
ts51-master-0:32:1948 [3] NCCL INFO Channel 01/0 : 3[3] -> 0[0] via P2P/direct pointer/read
ts51-master-0:32:1947 [2] NCCL INFO Channel 03/0 : 2[2] -> 3[3] via P2P/direct pointer/read
ts51-master-0:32:1948 [3] NCCL INFO Channel 02/0 : 3[3] -> 0[0] via P2P/direct pointer/read
ts51-master-0:32:1946 [1] NCCL INFO Channel 00/0 : 1[1] -> 2[2] via P2P/direct pointer/read
ts51-master-0:32:1947 [2] NCCL INFO Channel 04/0 : 2[2] -> 3[3] via P2P/direct pointer/read
ts51-master-0:32:1948 [3] NCCL INFO Channel 03/0 : 3[3] -> 0[0] via P2P/direct pointer/read
ts51-master-0:32:1946 [1] NCCL INFO Channel 01/0 : 1[1] -> 2[2] via P2P/direct pointer/read
ts51-master-0:32:1947 [2] NCCL INFO Channel 05/0 : 2[2] -> 3[3] via P2P/direct pointer/read
ts51-master-0:32:1948 [3] NCCL INFO Channel 04/0 : 3[3] -> 0[0] via P2P/direct pointer/read
ts51-master-0:32:1946 [1] NCCL INFO Channel 02/0 : 1[1] -> 2[2] via P2P/direct pointer/read
ts51-master-0:32:1947 [2] NCCL INFO Channel 06/0 : 2[2] -> 3[3] via P2P/direct pointer/read
ts51-master-0:32:1948 [3] NCCL INFO Channel 05/0 : 3[3] -> 0[0] via P2P/direct pointer/read
ts51-master-0:32:1946 [1] NCCL INFO Channel 03/0 : 1[1] -> 2[2] via P2P/direct pointer/read
ts51-master-0:32:1947 [2] NCCL INFO Channel 07/0 : 2[2] -> 3[3] via P2P/direct pointer/read
ts51-master-0:32:1948 [3] NCCL INFO Channel 06/0 : 3[3] -> 0[0] via P2P/direct pointer/read
ts51-master-0:32:1946 [1] NCCL INFO Channel 04/0 : 1[1] -> 2[2] via P2P/direct pointer/read
ts51-master-0:32:1947 [2] NCCL INFO Channel 08/0 : 2[2] -> 3[3] via P2P/direct pointer/read
ts51-master-0:32:1948 [3] NCCL INFO Channel 07/0 : 3[3] -> 0[0] via P2P/direct pointer/read
ts51-master-0:32:1946 [1] NCCL INFO Channel 05/0 : 1[1] -> 2[2] via P2P/direct pointer/read
ts51-master-0:32:1947 [2] NCCL INFO Channel 09/0 : 2[2] -> 3[3] via P2P/direct pointer/read
ts51-master-0:32:1948 [3] NCCL INFO Channel 08/0 : 3[3] -> 0[0] via P2P/direct pointer/read
ts51-master-0:32:1946 [1] NCCL INFO Channel 06/0 : 1[1] -> 2[2] via P2P/direct pointer/read
ts51-master-0:32:1947 [2] NCCL INFO Channel 10/0 : 2[2] -> 3[3] via P2P/direct pointer/read
ts51-master-0:32:1948 [3] NCCL INFO Channel 09/0 : 3[3] -> 0[0] via P2P/direct pointer/read
ts51-master-0:32:1946 [1] NCCL INFO Channel 07/0 : 1[1] -> 2[2] via P2P/direct pointer/read
ts51-master-0:32:1947 [2] NCCL INFO Channel 11/0 : 2[2] -> 3[3] via P2P/direct pointer/read
ts51-master-0:32:1948 [3] NCCL INFO Channel 10/0 : 3[3] -> 0[0] via P2P/direct pointer/read
ts51-master-0:32:1946 [1] NCCL INFO Channel 08/0 : 1[1] -> 2[2] via P2P/direct pointer/read
ts51-master-0:32:1947 [2] NCCL INFO Channel 12/0 : 2[2] -> 3[3] via P2P/direct pointer/read
ts51-master-0:32:1948 [3] NCCL INFO Channel 11/0 : 3[3] -> 0[0] via P2P/direct pointer/read
ts51-master-0:32:1946 [1] NCCL INFO Channel 09/0 : 1[1] -> 2[2] via P2P/direct pointer/read
ts51-master-0:32:1947 [2] NCCL INFO Channel 13/0 : 2[2] -> 3[3] via P2P/direct pointer/read
ts51-master-0:32:1948 [3] NCCL INFO Channel 12/0 : 3[3] -> 0[0] via P2P/direct pointer/read
ts51-master-0:32:1946 [1] NCCL INFO Channel 10/0 : 1[1] -> 2[2] via P2P/direct pointer/read
ts51-master-0:32:1947 [2] NCCL INFO Channel 14/0 : 2[2] -> 3[3] via P2P/direct pointer/read
ts51-master-0:32:1948 [3] NCCL INFO Channel 13/0 : 3[3] -> 0[0] via P2P/direct pointer/read
ts51-master-0:32:1946 [1] NCCL INFO Channel 11/0 : 1[1] -> 2[2] via P2P/direct pointer/read
ts51-master-0:32:1947 [2] NCCL INFO Channel 15/0 : 2[2] -> 3[3] via P2P/direct pointer/read
ts51-master-0:32:1948 [3] NCCL INFO Channel 14/0 : 3[3] -> 0[0] via P2P/direct pointer/read
ts51-master-0:32:1946 [1] NCCL INFO Channel 12/0 : 1[1] -> 2[2] via P2P/direct pointer/read
ts51-master-0:32:1947 [2] NCCL INFO Channel 16/0 : 2[2] -> 3[3] via P2P/direct pointer/read
ts51-master-0:32:1948 [3] NCCL INFO Channel 15/0 : 3[3] -> 0[0] via P2P/direct pointer/read
ts51-master-0:32:1946 [1] NCCL INFO Channel 13/0 : 1[1] -> 2[2] via P2P/direct pointer/read
ts51-master-0:32:1947 [2] NCCL INFO Channel 17/0 : 2[2] -> 3[3] via P2P/direct pointer/read
ts51-master-0:32:1948 [3] NCCL INFO Channel 16/0 : 3[3] -> 0[0] via P2P/direct pointer/read
ts51-master-0:32:1946 [1] NCCL INFO Channel 14/0 : 1[1] -> 2[2] via P2P/direct pointer/read
ts51-master-0:32:1947 [2] NCCL INFO Channel 18/0 : 2[2] -> 3[3] via P2P/direct pointer/read
ts51-master-0:32:1948 [3] NCCL INFO Channel 17/0 : 3[3] -> 0[0] via P2P/direct pointer/read
ts51-master-0:32:1946 [1] NCCL INFO Channel 15/0 : 1[1] -> 2[2] via P2P/direct pointer/read
ts51-master-0:32:1947 [2] NCCL INFO Channel 19/0 : 2[2] -> 3[3] via P2P/direct pointer/read
ts51-master-0:32:1948 [3] NCCL INFO Channel 18/0 : 3[3] -> 0[0] via P2P/direct pointer/read
ts51-master-0:32:1946 [1] NCCL INFO Channel 16/0 : 1[1] -> 2[2] via P2P/direct pointer/read
ts51-master-0:32:1947 [2] NCCL INFO Channel 20/0 : 2[2] -> 3[3] via P2P/direct pointer/read
ts51-master-0:32:1948 [3] NCCL INFO Channel 19/0 : 3[3] -> 0[0] via P2P/direct pointer/read
ts51-master-0:32:1946 [1] NCCL INFO Channel 17/0 : 1[1] -> 2[2] via P2P/direct pointer/read
ts51-master-0:32:1947 [2] NCCL INFO Channel 21/0 : 2[2] -> 3[3] via P2P/direct pointer/read
ts51-master-0:32:1948 [3] NCCL INFO Channel 20/0 : 3[3] -> 0[0] via P2P/direct pointer/read
ts51-master-0:32:1946 [1] NCCL INFO Channel 18/0 : 1[1] -> 2[2] via P2P/direct pointer/read
ts51-master-0:32:1947 [2] NCCL INFO Channel 22/0 : 2[2] -> 3[3] via P2P/direct pointer/read
ts51-master-0:32:1948 [3] NCCL INFO Channel 21/0 : 3[3] -> 0[0] via P2P/direct pointer/read
ts51-master-0:32:1946 [1] NCCL INFO Channel 19/0 : 1[1] -> 2[2] via P2P/direct pointer/read
ts51-master-0:32:1947 [2] NCCL INFO Channel 23/0 : 2[2] -> 3[3] via P2P/direct pointer/read
ts51-master-0:32:1948 [3] NCCL INFO Channel 22/0 : 3[3] -> 0[0] via P2P/direct pointer/read
ts51-master-0:32:1946 [1] NCCL INFO Channel 20/0 : 1[1] -> 2[2] via P2P/direct pointer/read
ts51-master-0:32:1946 [1] NCCL INFO Channel 21/0 : 1[1] -> 2[2] via P2P/direct pointer/read
ts51-master-0:32:1948 [3] NCCL INFO Channel 23/0 : 3[3] -> 0[0] via P2P/direct pointer/read
ts51-master-0:32:1946 [1] NCCL INFO Channel 22/0 : 1[1] -> 2[2] via P2P/direct pointer/read
ts51-master-0:32:1946 [1] NCCL INFO Channel 23/0 : 1[1] -> 2[2] via P2P/direct pointer/read
ts51-master-0:32:1945 [0] NCCL INFO Channel 00/0 : 0[0] -> 1[1] via P2P/direct pointer/read
ts51-master-0:32:1945 [0] NCCL INFO Channel 01/0 : 0[0] -> 1[1] via P2P/direct pointer/read
ts51-master-0:32:1945 [0] NCCL INFO Channel 02/0 : 0[0] -> 1[1] via P2P/direct pointer/read
ts51-master-0:32:1945 [0] NCCL INFO Channel 03/0 : 0[0] -> 1[1] via P2P/direct pointer/read
ts51-master-0:32:1945 [0] NCCL INFO Channel 04/0 : 0[0] -> 1[1] via P2P/direct pointer/read
ts51-master-0:32:1945 [0] NCCL INFO Channel 05/0 : 0[0] -> 1[1] via P2P/direct pointer/read
ts51-master-0:32:1945 [0] NCCL INFO Channel 06/0 : 0[0] -> 1[1] via P2P/direct pointer/read
ts51-master-0:32:1945 [0] NCCL INFO Channel 07/0 : 0[0] -> 1[1] via P2P/direct pointer/read
ts51-master-0:32:1945 [0] NCCL INFO Channel 08/0 : 0[0] -> 1[1] via P2P/direct pointer/read
ts51-master-0:32:1945 [0] NCCL INFO Channel 09/0 : 0[0] -> 1[1] via P2P/direct pointer/read
ts51-master-0:32:1945 [0] NCCL INFO Channel 10/0 : 0[0] -> 1[1] via P2P/direct pointer/read
ts51-master-0:32:1945 [0] NCCL INFO Channel 11/0 : 0[0] -> 1[1] via P2P/direct pointer/read
ts51-master-0:32:1945 [0] NCCL INFO Channel 12/0 : 0[0] -> 1[1] via P2P/direct pointer/read
ts51-master-0:32:1945 [0] NCCL INFO Channel 13/0 : 0[0] -> 1[1] via P2P/direct pointer/read
ts51-master-0:32:1945 [0] NCCL INFO Channel 14/0 : 0[0] -> 1[1] via P2P/direct pointer/read
ts51-master-0:32:1945 [0] NCCL INFO Channel 15/0 : 0[0] -> 1[1] via P2P/direct pointer/read
ts51-master-0:32:1945 [0] NCCL INFO Channel 16/0 : 0[0] -> 1[1] via P2P/direct pointer/read
ts51-master-0:32:1945 [0] NCCL INFO Channel 17/0 : 0[0] -> 1[1] via P2P/direct pointer/read
ts51-master-0:32:1945 [0] NCCL INFO Channel 18/0 : 0[0] -> 1[1] via P2P/direct pointer/read
ts51-master-0:32:1945 [0] NCCL INFO Channel 19/0 : 0[0] -> 1[1] via P2P/direct pointer/read
ts51-master-0:32:1945 [0] NCCL INFO Channel 20/0 : 0[0] -> 1[1] via P2P/direct pointer/read
ts51-master-0:32:1945 [0] NCCL INFO Channel 21/0 : 0[0] -> 1[1] via P2P/direct pointer/read
ts51-master-0:32:1945 [0] NCCL INFO Channel 22/0 : 0[0] -> 1[1] via P2P/direct pointer/read
ts51-master-0:32:1945 [0] NCCL INFO Channel 23/0 : 0[0] -> 1[1] via P2P/direct pointer/read
ts51-master-0:32:1947 [2] NCCL INFO Connected all rings
ts51-master-0:32:1946 [1] NCCL INFO Connected all rings
ts51-master-0:32:1948 [3] NCCL INFO Connected all rings
ts51-master-0:32:1945 [0] NCCL INFO Connected all rings
ts51-master-0:32:1948 [3] NCCL INFO Channel 00/0 : 3[3] -> 2[2] via P2P/direct pointer/read
ts51-master-0:32:1948 [3] NCCL INFO Channel 01/0 : 3[3] -> 2[2] via P2P/direct pointer/read
ts51-master-0:32:1948 [3] NCCL INFO Channel 02/0 : 3[3] -> 2[2] via P2P/direct pointer/read
ts51-master-0:32:1948 [3] NCCL INFO Channel 03/0 : 3[3] -> 2[2] via P2P/direct pointer/read
ts51-master-0:32:1948 [3] NCCL INFO Channel 04/0 : 3[3] -> 2[2] via P2P/direct pointer/read
ts51-master-0:32:1948 [3] NCCL INFO Channel 05/0 : 3[3] -> 2[2] via P2P/direct pointer/read
ts51-master-0:32:1948 [3] NCCL INFO Channel 06/0 : 3[3] -> 2[2] via P2P/direct pointer/read
ts51-master-0:32:1948 [3] NCCL INFO Channel 07/0 : 3[3] -> 2[2] via P2P/direct pointer/read
ts51-master-0:32:1948 [3] NCCL INFO Channel 08/0 : 3[3] -> 2[2] via P2P/direct pointer/read
ts51-master-0:32:1948 [3] NCCL INFO Channel 09/0 : 3[3] -> 2[2] via P2P/direct pointer/read
ts51-master-0:32:1948 [3] NCCL INFO Channel 10/0 : 3[3] -> 2[2] via P2P/direct pointer/read
ts51-master-0:32:1948 [3] NCCL INFO Channel 11/0 : 3[3] -> 2[2] via P2P/direct pointer/read
ts51-master-0:32:1948 [3] NCCL INFO Channel 12/0 : 3[3] -> 2[2] via P2P/direct pointer/read
ts51-master-0:32:1948 [3] NCCL INFO Channel 13/0 : 3[3] -> 2[2] via P2P/direct pointer/read
ts51-master-0:32:1948 [3] NCCL INFO Channel 14/0 : 3[3] -> 2[2] via P2P/direct pointer/read
ts51-master-0:32:1948 [3] NCCL INFO Channel 15/0 : 3[3] -> 2[2] via P2P/direct pointer/read
ts51-master-0:32:1948 [3] NCCL INFO Channel 16/0 : 3[3] -> 2[2] via P2P/direct pointer/read
ts51-master-0:32:1947 [2] NCCL INFO Channel 00/0 : 2[2] -> 1[1] via P2P/direct pointer/read
ts51-master-0:32:1948 [3] NCCL INFO Channel 17/0 : 3[3] -> 2[2] via P2P/direct pointer/read
ts51-master-0:32:1947 [2] NCCL INFO Channel 01/0 : 2[2] -> 1[1] via P2P/direct pointer/read
ts51-master-0:32:1948 [3] NCCL INFO Channel 18/0 : 3[3] -> 2[2] via P2P/direct pointer/read
ts51-master-0:32:1947 [2] NCCL INFO Channel 02/0 : 2[2] -> 1[1] via P2P/direct pointer/read
ts51-master-0:32:1948 [3] NCCL INFO Channel 19/0 : 3[3] -> 2[2] via P2P/direct pointer/read
ts51-master-0:32:1947 [2] NCCL INFO Channel 03/0 : 2[2] -> 1[1] via P2P/direct pointer/read
ts51-master-0:32:1948 [3] NCCL INFO Channel 20/0 : 3[3] -> 2[2] via P2P/direct pointer/read
ts51-master-0:32:1947 [2] NCCL INFO Channel 04/0 : 2[2] -> 1[1] via P2P/direct pointer/read
ts51-master-0:32:1948 [3] NCCL INFO Channel 21/0 : 3[3] -> 2[2] via P2P/direct pointer/read
ts51-master-0:32:1947 [2] NCCL INFO Channel 05/0 : 2[2] -> 1[1] via P2P/direct pointer/read
ts51-master-0:32:1948 [3] NCCL INFO Channel 22/0 : 3[3] -> 2[2] via P2P/direct pointer/read
ts51-master-0:32:1947 [2] NCCL INFO Channel 06/0 : 2[2] -> 1[1] via P2P/direct pointer/read
ts51-master-0:32:1948 [3] NCCL INFO Channel 23/0 : 3[3] -> 2[2] via P2P/direct pointer/read
ts51-master-0:32:1947 [2] NCCL INFO Channel 07/0 : 2[2] -> 1[1] via P2P/direct pointer/read
ts51-master-0:32:1946 [1] NCCL INFO Channel 00/0 : 1[1] -> 0[0] via P2P/direct pointer/read
ts51-master-0:32:1947 [2] NCCL INFO Channel 08/0 : 2[2] -> 1[1] via P2P/direct pointer/read
ts51-master-0:32:1946 [1] NCCL INFO Channel 01/0 : 1[1] -> 0[0] via P2P/direct pointer/read
ts51-master-0:32:1947 [2] NCCL INFO Channel 09/0 : 2[2] -> 1[1] via P2P/direct pointer/read
ts51-master-0:32:1946 [1] NCCL INFO Channel 02/0 : 1[1] -> 0[0] via P2P/direct pointer/read
ts51-master-0:32:1947 [2] NCCL INFO Channel 10/0 : 2[2] -> 1[1] via P2P/direct pointer/read
ts51-master-0:32:1946 [1] NCCL INFO Channel 03/0 : 1[1] -> 0[0] via P2P/direct pointer/read
ts51-master-0:32:1947 [2] NCCL INFO Channel 11/0 : 2[2] -> 1[1] via P2P/direct pointer/read
ts51-master-0:32:1946 [1] NCCL INFO Channel 04/0 : 1[1] -> 0[0] via P2P/direct pointer/read
ts51-master-0:32:1947 [2] NCCL INFO Channel 12/0 : 2[2] -> 1[1] via P2P/direct pointer/read
ts51-master-0:32:1946 [1] NCCL INFO Channel 05/0 : 1[1] -> 0[0] via P2P/direct pointer/read
ts51-master-0:32:1947 [2] NCCL INFO Channel 13/0 : 2[2] -> 1[1] via P2P/direct pointer/read
ts51-master-0:32:1946 [1] NCCL INFO Channel 06/0 : 1[1] -> 0[0] via P2P/direct pointer/read
ts51-master-0:32:1947 [2] NCCL INFO Channel 14/0 : 2[2] -> 1[1] via P2P/direct pointer/read
ts51-master-0:32:1946 [1] NCCL INFO Channel 07/0 : 1[1] -> 0[0] via P2P/direct pointer/read
ts51-master-0:32:1947 [2] NCCL INFO Channel 15/0 : 2[2] -> 1[1] via P2P/direct pointer/read
ts51-master-0:32:1946 [1] NCCL INFO Channel 08/0 : 1[1] -> 0[0] via P2P/direct pointer/read
ts51-master-0:32:1947 [2] NCCL INFO Channel 16/0 : 2[2] -> 1[1] via P2P/direct pointer/read
ts51-master-0:32:1946 [1] NCCL INFO Channel 09/0 : 1[1] -> 0[0] via P2P/direct pointer/read
ts51-master-0:32:1947 [2] NCCL INFO Channel 17/0 : 2[2] -> 1[1] via P2P/direct pointer/read
ts51-master-0:32:1946 [1] NCCL INFO Channel 10/0 : 1[1] -> 0[0] via P2P/direct pointer/read
ts51-master-0:32:1947 [2] NCCL INFO Channel 18/0 : 2[2] -> 1[1] via P2P/direct pointer/read
ts51-master-0:32:1946 [1] NCCL INFO Channel 11/0 : 1[1] -> 0[0] via P2P/direct pointer/read
ts51-master-0:32:1947 [2] NCCL INFO Channel 19/0 : 2[2] -> 1[1] via P2P/direct pointer/read
ts51-master-0:32:1946 [1] NCCL INFO Channel 12/0 : 1[1] -> 0[0] via P2P/direct pointer/read
ts51-master-0:32:1947 [2] NCCL INFO Channel 20/0 : 2[2] -> 1[1] via P2P/direct pointer/read
ts51-master-0:32:1946 [1] NCCL INFO Channel 13/0 : 1[1] -> 0[0] via P2P/direct pointer/read
ts51-master-0:32:1947 [2] NCCL INFO Channel 21/0 : 2[2] -> 1[1] via P2P/direct pointer/read
ts51-master-0:32:1946 [1] NCCL INFO Channel 14/0 : 1[1] -> 0[0] via P2P/direct pointer/read
ts51-master-0:32:1947 [2] NCCL INFO Channel 22/0 : 2[2] -> 1[1] via P2P/direct pointer/read
ts51-master-0:32:1946 [1] NCCL INFO Channel 15/0 : 1[1] -> 0[0] via P2P/direct pointer/read
ts51-master-0:32:1947 [2] NCCL INFO Channel 23/0 : 2[2] -> 1[1] via P2P/direct pointer/read
ts51-master-0:32:1946 [1] NCCL INFO Channel 16/0 : 1[1] -> 0[0] via P2P/direct pointer/read
ts51-master-0:32:1946 [1] NCCL INFO Channel 17/0 : 1[1] -> 0[0] via P2P/direct pointer/read
ts51-master-0:32:1946 [1] NCCL INFO Channel 18/0 : 1[1] -> 0[0] via P2P/direct pointer/read
ts51-master-0:32:1946 [1] NCCL INFO Channel 19/0 : 1[1] -> 0[0] via P2P/direct pointer/read
ts51-master-0:32:1946 [1] NCCL INFO Channel 20/0 : 1[1] -> 0[0] via P2P/direct pointer/read
ts51-master-0:32:1946 [1] NCCL INFO Channel 21/0 : 1[1] -> 0[0] via P2P/direct pointer/read
ts51-master-0:32:1946 [1] NCCL INFO Channel 22/0 : 1[1] -> 0[0] via P2P/direct pointer/read
ts51-master-0:32:1946 [1] NCCL INFO Channel 23/0 : 1[1] -> 0[0] via P2P/direct pointer/read
ts51-master-0:32:1948 [3] NCCL INFO Connected all trees
ts51-master-0:32:1948 [3] NCCL INFO threadThresholds 8/8/64 | 32/8/64 | 512 | 512
ts51-master-0:32:1948 [3] NCCL INFO 24 coll channels, 0 collnet channels, 0 nvls channels, 32 p2p channels, 32 p2p channels per peer
ts51-master-0:32:1945 [0] NCCL INFO Connected all trees
ts51-master-0:32:1947 [2] NCCL INFO Connected all trees
ts51-master-0:32:1946 [1] NCCL INFO Connected all trees
ts51-master-0:32:1947 [2] NCCL INFO threadThresholds 8/8/64 | 32/8/64 | 512 | 512
ts51-master-0:32:1947 [2] NCCL INFO 24 coll channels, 0 collnet channels, 0 nvls channels, 32 p2p channels, 32 p2p channels per peer
ts51-master-0:32:1945 [0] NCCL INFO threadThresholds 8/8/64 | 32/8/64 | 512 | 512
ts51-master-0:32:1945 [0] NCCL INFO 24 coll channels, 0 collnet channels, 0 nvls channels, 32 p2p channels, 32 p2p channels per peer
ts51-master-0:32:1946 [1] NCCL INFO threadThresholds 8/8/64 | 32/8/64 | 512 | 512
ts51-master-0:32:1946 [1] NCCL INFO 24 coll channels, 0 collnet channels, 0 nvls channels, 32 p2p channels, 32 p2p channels per peer
ts51-master-0:32:1948 [3] NCCL INFO comm 0xcae4880 rank 3 nranks 4 cudaDev 3 nvmlDev 3 busId 67000 commId 0xb140e8834affe110 - Init COMPLETE
ts51-master-0:32:1947 [2] NCCL INFO comm 0xcadfb70 rank 2 nranks 4 cudaDev 2 nvmlDev 2 busId 65000 commId 0xb140e8834affe110 - Init COMPLETE
ts51-master-0:32:1946 [1] NCCL INFO comm 0xcadae60 rank 1 nranks 4 cudaDev 1 nvmlDev 1 busId 63000 commId 0xb140e8834affe110 - Init COMPLETE
ts51-master-0:32:1945 [0] NCCL INFO comm 0xcad43d0 rank 0 nranks 4 cudaDev 0 nvmlDev 0 busId 61000 commId 0xb140e8834affe110 - Init COMPLETE
	iters: 100, epoch: 1 | loss: 0.5756710
	speed: 0.4038s/iter; left time: 12167.9230s
	iters: 200, epoch: 1 | loss: 0.5585067
	speed: 0.4562s/iter; left time: 13701.2862s
	iters: 300, epoch: 1 | loss: 0.5203469
	speed: 0.4546s/iter; left time: 13606.8474s
	iters: 400, epoch: 1 | loss: 0.4625283
	speed: 0.4544s/iter; left time: 13555.6955s
	iters: 500, epoch: 1 | loss: 0.5130244
	speed: 0.4547s/iter; left time: 13518.0011s
	iters: 600, epoch: 1 | loss: 0.4447298
	speed: 0.4542s/iter; left time: 13459.8555s
	iters: 700, epoch: 1 | loss: 0.3937585
	speed: 0.4535s/iter; left time: 13393.6830s
	iters: 800, epoch: 1 | loss: 0.4276484
	speed: 0.4557s/iter; left time: 13411.0686s
	iters: 900, epoch: 1 | loss: 0.3642982
	speed: 0.4514s/iter; left time: 13241.3274s
	iters: 1000, epoch: 1 | loss: 0.4203875
	speed: 0.4194s/iter; left time: 12258.0344s
