Using GPU
Args in experiment:
[1mBasic Config[0m
  Task Name:          AGPT_loss           Is Training:        1                   
  Model ID:           ECL_96_96           Model:              AGPT_PT             

[1mData Loader[0m
  Data:               custom              Root Path:          ./dataset/electricity/
  Data Path:          electricity.csv     Features:           M                   
  Target:             OT                  Freq:               h                   
  Checkpoints:        ./checkpoints/      

[1mModel Parameters[0m
  Num Kernels:        6                   
  Enc In:             321                 Dec In:             321                 
  C Out:              321                 d model:            512                 
  n heads:            8                   e layers:           2                   
  d layers:           1                   d FF:               2048                
  Moving Avg:         25                  Factor:             3                   
  Distil:             1                   Dropout:            0.1                 
  Embed:              timeF               Activation:         gelu                

[1mRun Parameters[0m
  Num Workers:        10                  Itr:                1                   
  Train Epochs:       10                  Batch Size:         16                  
  Patience:           3                   Learning Rate:      0.0001              
  Des:                Exp                 Loss:               MSE                 
  Lradj:              type1               Use Amp:            0                   

[1mGPU[0m
  Use GPU:            1                   GPU:                0                   
  Use Multi GPU:      1                   Devices:            0,1,2,3             

[1mDe-stationary Projector Params[0m
  P Hidden Dims:      128, 128            P Hidden Layers:    2                   

Use GPU: cuda:0
>>>>>>>start training : AGPT_loss_ECL_96_96_AGPT_PT_2048_fixedFalse_0.0001_0.001>>>>>>>>>>>>>>>>>>>>>>>>>>
train 18221
val 2537
test 5165
ts55-master-0:35:35 [0] NCCL INFO cudaDriverVersion 12020
ts55-master-0:35:35 [0] NCCL INFO Bootstrap : Using eth0:10.211.67.41<0>
ts55-master-0:35:35 [0] NCCL INFO NET/Plugin : dlerror=libnccl-net.so: cannot open shared object file: No such file or directory No plugin found (libnccl-net.so), using internal implementation
NCCL version 2.20.5+cuda12.4
ts55-master-0:35:2137 [0] NCCL INFO NCCL_IB_DISABLE set by environment to 0.
ts55-master-0:35:2137 [0] NCCL INFO NET/IB : No device found.
ts55-master-0:35:2137 [0] NCCL INFO NET/Socket : Using [0]eth0:10.211.67.41<0>
ts55-master-0:35:2137 [0] NCCL INFO Using non-device net plugin version 0
ts55-master-0:35:2137 [0] NCCL INFO Using network Socket
ts55-master-0:35:2139 [2] NCCL INFO Using non-device net plugin version 0
ts55-master-0:35:2139 [2] NCCL INFO Using network Socket
ts55-master-0:35:2140 [3] NCCL INFO Using non-device net plugin version 0
ts55-master-0:35:2140 [3] NCCL INFO Using network Socket
ts55-master-0:35:2138 [1] NCCL INFO Using non-device net plugin version 0
ts55-master-0:35:2138 [1] NCCL INFO Using network Socket
ts55-master-0:35:2138 [1] NCCL INFO comm 0xe8fb9a0 rank 1 nranks 4 cudaDev 1 nvmlDev 1 busId 63000 commId 0xbfd7bf6ec00ecaf4 - Init START
ts55-master-0:35:2140 [3] NCCL INFO comm 0xe9053c0 rank 3 nranks 4 cudaDev 3 nvmlDev 3 busId 67000 commId 0xbfd7bf6ec00ecaf4 - Init START
ts55-master-0:35:2137 [0] NCCL INFO comm 0xe8f4f10 rank 0 nranks 4 cudaDev 0 nvmlDev 0 busId 61000 commId 0xbfd7bf6ec00ecaf4 - Init START
ts55-master-0:35:2139 [2] NCCL INFO comm 0xe9006b0 rank 2 nranks 4 cudaDev 2 nvmlDev 2 busId 65000 commId 0xbfd7bf6ec00ecaf4 - Init START
ts55-master-0:35:2140 [3] NCCL INFO Setting affinity for GPU 3 to 03ffffff,ffffffff
ts55-master-0:35:2140 [3] NCCL INFO NVLS multicast support is not available on dev 3
ts55-master-0:35:2137 [0] NCCL INFO Setting affinity for GPU 0 to 03ffffff,ffffffff
ts55-master-0:35:2137 [0] NCCL INFO NVLS multicast support is not available on dev 0
ts55-master-0:35:2138 [1] NCCL INFO Setting affinity for GPU 1 to 03ffffff,ffffffff
ts55-master-0:35:2138 [1] NCCL INFO NVLS multicast support is not available on dev 1
ts55-master-0:35:2139 [2] NCCL INFO Setting affinity for GPU 2 to 03ffffff,ffffffff
ts55-master-0:35:2139 [2] NCCL INFO NVLS multicast support is not available on dev 2
ts55-master-0:35:2139 [2] NCCL INFO comm 0xe9006b0 rank 2 nRanks 4 nNodes 1 localRanks 4 localRank 2 MNNVL 0
ts55-master-0:35:2139 [2] NCCL INFO Trees [0] 3/-1/-1->2->1 [1] 3/-1/-1->2->1 [2] 3/-1/-1->2->1 [3] 3/-1/-1->2->1 [4] 3/-1/-1->2->1 [5] 3/-1/-1->2->1 [6] 3/-1/-1->2->1 [7] 3/-1/-1->2->1 [8] 3/-1/-1->2->1 [9] 3/-1/-1->2->1 [10] 3/-1/-1->2->1 [11] 3/-1/-1->2->1 [12] 3/-1/-1->2->1 [13] 3/-1/-1->2->1 [14] 3/-1/-1->2->1 [15] 3/-1/-1->2->1 [16] 3/-1/-1->2->1 [17] 3/-1/-1->2->1 [18] 3/-1/-1->2->1 [19] 3/-1/-1->2->1 [20] 3/-1/-1->2->1 [21] 3/-1/-1->2->1 [22] 3/-1/-1->2->1 [23] 3/-1/-1->2->1
ts55-master-0:35:2139 [2] NCCL INFO P2P Chunksize set to 524288
ts55-master-0:35:2137 [0] NCCL INFO comm 0xe8f4f10 rank 0 nRanks 4 nNodes 1 localRanks 4 localRank 0 MNNVL 0
ts55-master-0:35:2140 [3] NCCL INFO comm 0xe9053c0 rank 3 nRanks 4 nNodes 1 localRanks 4 localRank 3 MNNVL 0
ts55-master-0:35:2138 [1] NCCL INFO comm 0xe8fb9a0 rank 1 nRanks 4 nNodes 1 localRanks 4 localRank 1 MNNVL 0
ts55-master-0:35:2137 [0] NCCL INFO Channel 00/24 :    0   1   2   3
ts55-master-0:35:2137 [0] NCCL INFO Channel 01/24 :    0   1   2   3
ts55-master-0:35:2137 [0] NCCL INFO Channel 02/24 :    0   1   2   3
ts55-master-0:35:2137 [0] NCCL INFO Channel 03/24 :    0   1   2   3
ts55-master-0:35:2137 [0] NCCL INFO Channel 04/24 :    0   1   2   3
ts55-master-0:35:2137 [0] NCCL INFO Channel 05/24 :    0   1   2   3
ts55-master-0:35:2137 [0] NCCL INFO Channel 06/24 :    0   1   2   3
ts55-master-0:35:2137 [0] NCCL INFO Channel 07/24 :    0   1   2   3
ts55-master-0:35:2137 [0] NCCL INFO Channel 08/24 :    0   1   2   3
ts55-master-0:35:2138 [1] NCCL INFO Trees [0] 2/-1/-1->1->0 [1] 2/-1/-1->1->0 [2] 2/-1/-1->1->0 [3] 2/-1/-1->1->0 [4] 2/-1/-1->1->0 [5] 2/-1/-1->1->0 [6] 2/-1/-1->1->0 [7] 2/-1/-1->1->0 [8] 2/-1/-1->1->0 [9] 2/-1/-1->1->0 [10] 2/-1/-1->1->0 [11] 2/-1/-1->1->0 [12] 2/-1/-1->1->0 [13] 2/-1/-1->1->0 [14] 2/-1/-1->1->0 [15] 2/-1/-1->1->0 [16] 2/-1/-1->1->0 [17] 2/-1/-1->1->0 [18] 2/-1/-1->1->0 [19] 2/-1/-1->1->0 [20] 2/-1/-1->1->0 [21] 2/-1/-1->1->0 [22] 2/-1/-1->1->0 [23] 2/-1/-1->1->0
ts55-master-0:35:2137 [0] NCCL INFO Channel 09/24 :    0   1   2   3
ts55-master-0:35:2137 [0] NCCL INFO Channel 10/24 :    0   1   2   3
ts55-master-0:35:2137 [0] NCCL INFO Channel 11/24 :    0   1   2   3
ts55-master-0:35:2137 [0] NCCL INFO Channel 12/24 :    0   1   2   3
ts55-master-0:35:2137 [0] NCCL INFO Channel 13/24 :    0   1   2   3
ts55-master-0:35:2137 [0] NCCL INFO Channel 14/24 :    0   1   2   3
ts55-master-0:35:2137 [0] NCCL INFO Channel 15/24 :    0   1   2   3
ts55-master-0:35:2137 [0] NCCL INFO Channel 16/24 :    0   1   2   3
ts55-master-0:35:2137 [0] NCCL INFO Channel 17/24 :    0   1   2   3
ts55-master-0:35:2137 [0] NCCL INFO Channel 18/24 :    0   1   2   3
ts55-master-0:35:2137 [0] NCCL INFO Channel 19/24 :    0   1   2   3
ts55-master-0:35:2137 [0] NCCL INFO Channel 20/24 :    0   1   2   3
ts55-master-0:35:2137 [0] NCCL INFO Channel 21/24 :    0   1   2   3
ts55-master-0:35:2137 [0] NCCL INFO Channel 22/24 :    0   1   2   3
ts55-master-0:35:2137 [0] NCCL INFO Channel 23/24 :    0   1   2   3
ts55-master-0:35:2140 [3] NCCL INFO Trees [0] -1/-1/-1->3->2 [1] -1/-1/-1->3->2 [2] -1/-1/-1->3->2 [3] -1/-1/-1->3->2 [4] -1/-1/-1->3->2 [5] -1/-1/-1->3->2 [6] -1/-1/-1->3->2 [7] -1/-1/-1->3->2 [8] -1/-1/-1->3->2 [9] -1/-1/-1->3->2 [10] -1/-1/-1->3->2 [11] -1/-1/-1->3->2 [12] -1/-1/-1->3->2 [13] -1/-1/-1->3->2 [14] -1/-1/-1->3->2 [15] -1/-1/-1->3->2 [16] -1/-1/-1->3->2 [17] -1/-1/-1->3->2 [18] -1/-1/-1->3->2 [19] -1/-1/-1->3->2 [20] -1/-1/-1->3->2 [21] -1/-1/-1->3->2 [22] -1/-1/-1->3->2 [23] -1/-1/-1->3->2
ts55-master-0:35:2138 [1] NCCL INFO P2P Chunksize set to 524288
ts55-master-0:35:2140 [3] NCCL INFO P2P Chunksize set to 524288
ts55-master-0:35:2137 [0] NCCL INFO Trees [0] 1/-1/-1->0->-1 [1] 1/-1/-1->0->-1 [2] 1/-1/-1->0->-1 [3] 1/-1/-1->0->-1 [4] 1/-1/-1->0->-1 [5] 1/-1/-1->0->-1 [6] 1/-1/-1->0->-1 [7] 1/-1/-1->0->-1 [8] 1/-1/-1->0->-1 [9] 1/-1/-1->0->-1 [10] 1/-1/-1->0->-1 [11] 1/-1/-1->0->-1 [12] 1/-1/-1->0->-1 [13] 1/-1/-1->0->-1 [14] 1/-1/-1->0->-1 [15] 1/-1/-1->0->-1 [16] 1/-1/-1->0->-1 [17] 1/-1/-1->0->-1 [18] 1/-1/-1->0->-1 [19] 1/-1/-1->0->-1 [20] 1/-1/-1->0->-1 [21] 1/-1/-1->0->-1 [22] 1/-1/-1->0->-1 [23] 1/-1/-1->0->-1
ts55-master-0:35:2137 [0] NCCL INFO P2P Chunksize set to 524288
ts55-master-0:35:2138 [1] NCCL INFO Channel 00/0 : 1[1] -> 2[2] via P2P/direct pointer/read
ts55-master-0:35:2140 [3] NCCL INFO Channel 00/0 : 3[3] -> 0[0] via P2P/direct pointer/read
ts55-master-0:35:2138 [1] NCCL INFO Channel 01/0 : 1[1] -> 2[2] via P2P/direct pointer/read
ts55-master-0:35:2140 [3] NCCL INFO Channel 01/0 : 3[3] -> 0[0] via P2P/direct pointer/read
ts55-master-0:35:2138 [1] NCCL INFO Channel 02/0 : 1[1] -> 2[2] via P2P/direct pointer/read
ts55-master-0:35:2140 [3] NCCL INFO Channel 02/0 : 3[3] -> 0[0] via P2P/direct pointer/read
ts55-master-0:35:2138 [1] NCCL INFO Channel 03/0 : 1[1] -> 2[2] via P2P/direct pointer/read
ts55-master-0:35:2140 [3] NCCL INFO Channel 03/0 : 3[3] -> 0[0] via P2P/direct pointer/read
ts55-master-0:35:2138 [1] NCCL INFO Channel 04/0 : 1[1] -> 2[2] via P2P/direct pointer/read
ts55-master-0:35:2140 [3] NCCL INFO Channel 04/0 : 3[3] -> 0[0] via P2P/direct pointer/read
ts55-master-0:35:2139 [2] NCCL INFO Channel 00/0 : 2[2] -> 3[3] via P2P/direct pointer/read
ts55-master-0:35:2138 [1] NCCL INFO Channel 05/0 : 1[1] -> 2[2] via P2P/direct pointer/read
ts55-master-0:35:2140 [3] NCCL INFO Channel 05/0 : 3[3] -> 0[0] via P2P/direct pointer/read
ts55-master-0:35:2139 [2] NCCL INFO Channel 01/0 : 2[2] -> 3[3] via P2P/direct pointer/read
ts55-master-0:35:2138 [1] NCCL INFO Channel 06/0 : 1[1] -> 2[2] via P2P/direct pointer/read
ts55-master-0:35:2140 [3] NCCL INFO Channel 06/0 : 3[3] -> 0[0] via P2P/direct pointer/read
ts55-master-0:35:2139 [2] NCCL INFO Channel 02/0 : 2[2] -> 3[3] via P2P/direct pointer/read
ts55-master-0:35:2138 [1] NCCL INFO Channel 07/0 : 1[1] -> 2[2] via P2P/direct pointer/read
ts55-master-0:35:2140 [3] NCCL INFO Channel 07/0 : 3[3] -> 0[0] via P2P/direct pointer/read
ts55-master-0:35:2139 [2] NCCL INFO Channel 03/0 : 2[2] -> 3[3] via P2P/direct pointer/read
ts55-master-0:35:2138 [1] NCCL INFO Channel 08/0 : 1[1] -> 2[2] via P2P/direct pointer/read
ts55-master-0:35:2140 [3] NCCL INFO Channel 08/0 : 3[3] -> 0[0] via P2P/direct pointer/read
ts55-master-0:35:2139 [2] NCCL INFO Channel 04/0 : 2[2] -> 3[3] via P2P/direct pointer/read
ts55-master-0:35:2138 [1] NCCL INFO Channel 09/0 : 1[1] -> 2[2] via P2P/direct pointer/read
ts55-master-0:35:2140 [3] NCCL INFO Channel 09/0 : 3[3] -> 0[0] via P2P/direct pointer/read
ts55-master-0:35:2139 [2] NCCL INFO Channel 05/0 : 2[2] -> 3[3] via P2P/direct pointer/read
ts55-master-0:35:2138 [1] NCCL INFO Channel 10/0 : 1[1] -> 2[2] via P2P/direct pointer/read
ts55-master-0:35:2140 [3] NCCL INFO Channel 10/0 : 3[3] -> 0[0] via P2P/direct pointer/read
ts55-master-0:35:2139 [2] NCCL INFO Channel 06/0 : 2[2] -> 3[3] via P2P/direct pointer/read
ts55-master-0:35:2138 [1] NCCL INFO Channel 11/0 : 1[1] -> 2[2] via P2P/direct pointer/read
ts55-master-0:35:2140 [3] NCCL INFO Channel 11/0 : 3[3] -> 0[0] via P2P/direct pointer/read
ts55-master-0:35:2139 [2] NCCL INFO Channel 07/0 : 2[2] -> 3[3] via P2P/direct pointer/read
ts55-master-0:35:2138 [1] NCCL INFO Channel 12/0 : 1[1] -> 2[2] via P2P/direct pointer/read
ts55-master-0:35:2140 [3] NCCL INFO Channel 12/0 : 3[3] -> 0[0] via P2P/direct pointer/read
ts55-master-0:35:2139 [2] NCCL INFO Channel 08/0 : 2[2] -> 3[3] via P2P/direct pointer/read
ts55-master-0:35:2138 [1] NCCL INFO Channel 13/0 : 1[1] -> 2[2] via P2P/direct pointer/read
ts55-master-0:35:2140 [3] NCCL INFO Channel 13/0 : 3[3] -> 0[0] via P2P/direct pointer/read
ts55-master-0:35:2139 [2] NCCL INFO Channel 09/0 : 2[2] -> 3[3] via P2P/direct pointer/read
ts55-master-0:35:2138 [1] NCCL INFO Channel 14/0 : 1[1] -> 2[2] via P2P/direct pointer/read
ts55-master-0:35:2140 [3] NCCL INFO Channel 14/0 : 3[3] -> 0[0] via P2P/direct pointer/read
ts55-master-0:35:2139 [2] NCCL INFO Channel 10/0 : 2[2] -> 3[3] via P2P/direct pointer/read
ts55-master-0:35:2138 [1] NCCL INFO Channel 15/0 : 1[1] -> 2[2] via P2P/direct pointer/read
ts55-master-0:35:2140 [3] NCCL INFO Channel 15/0 : 3[3] -> 0[0] via P2P/direct pointer/read
ts55-master-0:35:2139 [2] NCCL INFO Channel 11/0 : 2[2] -> 3[3] via P2P/direct pointer/read
ts55-master-0:35:2138 [1] NCCL INFO Channel 16/0 : 1[1] -> 2[2] via P2P/direct pointer/read
ts55-master-0:35:2140 [3] NCCL INFO Channel 16/0 : 3[3] -> 0[0] via P2P/direct pointer/read
ts55-master-0:35:2139 [2] NCCL INFO Channel 12/0 : 2[2] -> 3[3] via P2P/direct pointer/read
ts55-master-0:35:2138 [1] NCCL INFO Channel 17/0 : 1[1] -> 2[2] via P2P/direct pointer/read
ts55-master-0:35:2140 [3] NCCL INFO Channel 17/0 : 3[3] -> 0[0] via P2P/direct pointer/read
ts55-master-0:35:2139 [2] NCCL INFO Channel 13/0 : 2[2] -> 3[3] via P2P/direct pointer/read
ts55-master-0:35:2138 [1] NCCL INFO Channel 18/0 : 1[1] -> 2[2] via P2P/direct pointer/read
ts55-master-0:35:2140 [3] NCCL INFO Channel 18/0 : 3[3] -> 0[0] via P2P/direct pointer/read
ts55-master-0:35:2139 [2] NCCL INFO Channel 14/0 : 2[2] -> 3[3] via P2P/direct pointer/read
ts55-master-0:35:2138 [1] NCCL INFO Channel 19/0 : 1[1] -> 2[2] via P2P/direct pointer/read
ts55-master-0:35:2140 [3] NCCL INFO Channel 19/0 : 3[3] -> 0[0] via P2P/direct pointer/read
ts55-master-0:35:2139 [2] NCCL INFO Channel 15/0 : 2[2] -> 3[3] via P2P/direct pointer/read
ts55-master-0:35:2138 [1] NCCL INFO Channel 20/0 : 1[1] -> 2[2] via P2P/direct pointer/read
ts55-master-0:35:2140 [3] NCCL INFO Channel 20/0 : 3[3] -> 0[0] via P2P/direct pointer/read
ts55-master-0:35:2139 [2] NCCL INFO Channel 16/0 : 2[2] -> 3[3] via P2P/direct pointer/read
ts55-master-0:35:2138 [1] NCCL INFO Channel 21/0 : 1[1] -> 2[2] via P2P/direct pointer/read
ts55-master-0:35:2140 [3] NCCL INFO Channel 21/0 : 3[3] -> 0[0] via P2P/direct pointer/read
ts55-master-0:35:2139 [2] NCCL INFO Channel 17/0 : 2[2] -> 3[3] via P2P/direct pointer/read
ts55-master-0:35:2138 [1] NCCL INFO Channel 22/0 : 1[1] -> 2[2] via P2P/direct pointer/read
ts55-master-0:35:2140 [3] NCCL INFO Channel 22/0 : 3[3] -> 0[0] via P2P/direct pointer/read
ts55-master-0:35:2139 [2] NCCL INFO Channel 18/0 : 2[2] -> 3[3] via P2P/direct pointer/read
ts55-master-0:35:2138 [1] NCCL INFO Channel 23/0 : 1[1] -> 2[2] via P2P/direct pointer/read
ts55-master-0:35:2140 [3] NCCL INFO Channel 23/0 : 3[3] -> 0[0] via P2P/direct pointer/read
ts55-master-0:35:2139 [2] NCCL INFO Channel 19/0 : 2[2] -> 3[3] via P2P/direct pointer/read
ts55-master-0:35:2139 [2] NCCL INFO Channel 20/0 : 2[2] -> 3[3] via P2P/direct pointer/read
ts55-master-0:35:2139 [2] NCCL INFO Channel 21/0 : 2[2] -> 3[3] via P2P/direct pointer/read
ts55-master-0:35:2139 [2] NCCL INFO Channel 22/0 : 2[2] -> 3[3] via P2P/direct pointer/read
ts55-master-0:35:2139 [2] NCCL INFO Channel 23/0 : 2[2] -> 3[3] via P2P/direct pointer/read
ts55-master-0:35:2137 [0] NCCL INFO Channel 00/0 : 0[0] -> 1[1] via P2P/direct pointer/read
ts55-master-0:35:2137 [0] NCCL INFO Channel 01/0 : 0[0] -> 1[1] via P2P/direct pointer/read
ts55-master-0:35:2137 [0] NCCL INFO Channel 02/0 : 0[0] -> 1[1] via P2P/direct pointer/read
ts55-master-0:35:2137 [0] NCCL INFO Channel 03/0 : 0[0] -> 1[1] via P2P/direct pointer/read
ts55-master-0:35:2137 [0] NCCL INFO Channel 04/0 : 0[0] -> 1[1] via P2P/direct pointer/read
ts55-master-0:35:2137 [0] NCCL INFO Channel 05/0 : 0[0] -> 1[1] via P2P/direct pointer/read
ts55-master-0:35:2137 [0] NCCL INFO Channel 06/0 : 0[0] -> 1[1] via P2P/direct pointer/read
ts55-master-0:35:2137 [0] NCCL INFO Channel 07/0 : 0[0] -> 1[1] via P2P/direct pointer/read
ts55-master-0:35:2137 [0] NCCL INFO Channel 08/0 : 0[0] -> 1[1] via P2P/direct pointer/read
ts55-master-0:35:2137 [0] NCCL INFO Channel 09/0 : 0[0] -> 1[1] via P2P/direct pointer/read
ts55-master-0:35:2137 [0] NCCL INFO Channel 10/0 : 0[0] -> 1[1] via P2P/direct pointer/read
ts55-master-0:35:2137 [0] NCCL INFO Channel 11/0 : 0[0] -> 1[1] via P2P/direct pointer/read
ts55-master-0:35:2137 [0] NCCL INFO Channel 12/0 : 0[0] -> 1[1] via P2P/direct pointer/read
ts55-master-0:35:2137 [0] NCCL INFO Channel 13/0 : 0[0] -> 1[1] via P2P/direct pointer/read
ts55-master-0:35:2137 [0] NCCL INFO Channel 14/0 : 0[0] -> 1[1] via P2P/direct pointer/read
ts55-master-0:35:2137 [0] NCCL INFO Channel 15/0 : 0[0] -> 1[1] via P2P/direct pointer/read
ts55-master-0:35:2137 [0] NCCL INFO Channel 16/0 : 0[0] -> 1[1] via P2P/direct pointer/read
ts55-master-0:35:2137 [0] NCCL INFO Channel 17/0 : 0[0] -> 1[1] via P2P/direct pointer/read
ts55-master-0:35:2137 [0] NCCL INFO Channel 18/0 : 0[0] -> 1[1] via P2P/direct pointer/read
ts55-master-0:35:2137 [0] NCCL INFO Channel 19/0 : 0[0] -> 1[1] via P2P/direct pointer/read
ts55-master-0:35:2137 [0] NCCL INFO Channel 20/0 : 0[0] -> 1[1] via P2P/direct pointer/read
ts55-master-0:35:2137 [0] NCCL INFO Channel 21/0 : 0[0] -> 1[1] via P2P/direct pointer/read
ts55-master-0:35:2137 [0] NCCL INFO Channel 22/0 : 0[0] -> 1[1] via P2P/direct pointer/read
ts55-master-0:35:2137 [0] NCCL INFO Channel 23/0 : 0[0] -> 1[1] via P2P/direct pointer/read
ts55-master-0:35:2140 [3] NCCL INFO Connected all rings
ts55-master-0:35:2140 [3] NCCL INFO Channel 00/0 : 3[3] -> 2[2] via P2P/direct pointer/read
ts55-master-0:35:2139 [2] NCCL INFO Connected all rings
ts55-master-0:35:2137 [0] NCCL INFO Connected all rings
ts55-master-0:35:2138 [1] NCCL INFO Connected all rings
ts55-master-0:35:2140 [3] NCCL INFO Channel 01/0 : 3[3] -> 2[2] via P2P/direct pointer/read
ts55-master-0:35:2140 [3] NCCL INFO Channel 02/0 : 3[3] -> 2[2] via P2P/direct pointer/read
ts55-master-0:35:2140 [3] NCCL INFO Channel 03/0 : 3[3] -> 2[2] via P2P/direct pointer/read
ts55-master-0:35:2140 [3] NCCL INFO Channel 04/0 : 3[3] -> 2[2] via P2P/direct pointer/read
ts55-master-0:35:2140 [3] NCCL INFO Channel 05/0 : 3[3] -> 2[2] via P2P/direct pointer/read
ts55-master-0:35:2140 [3] NCCL INFO Channel 06/0 : 3[3] -> 2[2] via P2P/direct pointer/read
ts55-master-0:35:2140 [3] NCCL INFO Channel 07/0 : 3[3] -> 2[2] via P2P/direct pointer/read
ts55-master-0:35:2140 [3] NCCL INFO Channel 08/0 : 3[3] -> 2[2] via P2P/direct pointer/read
ts55-master-0:35:2140 [3] NCCL INFO Channel 09/0 : 3[3] -> 2[2] via P2P/direct pointer/read
ts55-master-0:35:2140 [3] NCCL INFO Channel 10/0 : 3[3] -> 2[2] via P2P/direct pointer/read
ts55-master-0:35:2140 [3] NCCL INFO Channel 11/0 : 3[3] -> 2[2] via P2P/direct pointer/read
ts55-master-0:35:2140 [3] NCCL INFO Channel 12/0 : 3[3] -> 2[2] via P2P/direct pointer/read
ts55-master-0:35:2140 [3] NCCL INFO Channel 13/0 : 3[3] -> 2[2] via P2P/direct pointer/read
ts55-master-0:35:2140 [3] NCCL INFO Channel 14/0 : 3[3] -> 2[2] via P2P/direct pointer/read
ts55-master-0:35:2140 [3] NCCL INFO Channel 15/0 : 3[3] -> 2[2] via P2P/direct pointer/read
ts55-master-0:35:2140 [3] NCCL INFO Channel 16/0 : 3[3] -> 2[2] via P2P/direct pointer/read
ts55-master-0:35:2140 [3] NCCL INFO Channel 17/0 : 3[3] -> 2[2] via P2P/direct pointer/read
ts55-master-0:35:2140 [3] NCCL INFO Channel 18/0 : 3[3] -> 2[2] via P2P/direct pointer/read
ts55-master-0:35:2140 [3] NCCL INFO Channel 19/0 : 3[3] -> 2[2] via P2P/direct pointer/read
ts55-master-0:35:2140 [3] NCCL INFO Channel 20/0 : 3[3] -> 2[2] via P2P/direct pointer/read
ts55-master-0:35:2140 [3] NCCL INFO Channel 21/0 : 3[3] -> 2[2] via P2P/direct pointer/read
ts55-master-0:35:2140 [3] NCCL INFO Channel 22/0 : 3[3] -> 2[2] via P2P/direct pointer/read
ts55-master-0:35:2140 [3] NCCL INFO Channel 23/0 : 3[3] -> 2[2] via P2P/direct pointer/read
ts55-master-0:35:2139 [2] NCCL INFO Channel 00/0 : 2[2] -> 1[1] via P2P/direct pointer/read
ts55-master-0:35:2139 [2] NCCL INFO Channel 01/0 : 2[2] -> 1[1] via P2P/direct pointer/read
ts55-master-0:35:2138 [1] NCCL INFO Channel 00/0 : 1[1] -> 0[0] via P2P/direct pointer/read
ts55-master-0:35:2139 [2] NCCL INFO Channel 02/0 : 2[2] -> 1[1] via P2P/direct pointer/read
ts55-master-0:35:2138 [1] NCCL INFO Channel 01/0 : 1[1] -> 0[0] via P2P/direct pointer/read
ts55-master-0:35:2139 [2] NCCL INFO Channel 03/0 : 2[2] -> 1[1] via P2P/direct pointer/read
ts55-master-0:35:2138 [1] NCCL INFO Channel 02/0 : 1[1] -> 0[0] via P2P/direct pointer/read
ts55-master-0:35:2139 [2] NCCL INFO Channel 04/0 : 2[2] -> 1[1] via P2P/direct pointer/read
ts55-master-0:35:2138 [1] NCCL INFO Channel 03/0 : 1[1] -> 0[0] via P2P/direct pointer/read
ts55-master-0:35:2139 [2] NCCL INFO Channel 05/0 : 2[2] -> 1[1] via P2P/direct pointer/read
ts55-master-0:35:2138 [1] NCCL INFO Channel 04/0 : 1[1] -> 0[0] via P2P/direct pointer/read
ts55-master-0:35:2139 [2] NCCL INFO Channel 06/0 : 2[2] -> 1[1] via P2P/direct pointer/read
ts55-master-0:35:2138 [1] NCCL INFO Channel 05/0 : 1[1] -> 0[0] via P2P/direct pointer/read
ts55-master-0:35:2139 [2] NCCL INFO Channel 07/0 : 2[2] -> 1[1] via P2P/direct pointer/read
ts55-master-0:35:2138 [1] NCCL INFO Channel 06/0 : 1[1] -> 0[0] via P2P/direct pointer/read
ts55-master-0:35:2139 [2] NCCL INFO Channel 08/0 : 2[2] -> 1[1] via P2P/direct pointer/read
ts55-master-0:35:2138 [1] NCCL INFO Channel 07/0 : 1[1] -> 0[0] via P2P/direct pointer/read
ts55-master-0:35:2139 [2] NCCL INFO Channel 09/0 : 2[2] -> 1[1] via P2P/direct pointer/read
ts55-master-0:35:2138 [1] NCCL INFO Channel 08/0 : 1[1] -> 0[0] via P2P/direct pointer/read
ts55-master-0:35:2139 [2] NCCL INFO Channel 10/0 : 2[2] -> 1[1] via P2P/direct pointer/read
ts55-master-0:35:2138 [1] NCCL INFO Channel 09/0 : 1[1] -> 0[0] via P2P/direct pointer/read
ts55-master-0:35:2139 [2] NCCL INFO Channel 11/0 : 2[2] -> 1[1] via P2P/direct pointer/read
ts55-master-0:35:2138 [1] NCCL INFO Channel 10/0 : 1[1] -> 0[0] via P2P/direct pointer/read
ts55-master-0:35:2139 [2] NCCL INFO Channel 12/0 : 2[2] -> 1[1] via P2P/direct pointer/read
ts55-master-0:35:2138 [1] NCCL INFO Channel 11/0 : 1[1] -> 0[0] via P2P/direct pointer/read
ts55-master-0:35:2139 [2] NCCL INFO Channel 13/0 : 2[2] -> 1[1] via P2P/direct pointer/read
ts55-master-0:35:2138 [1] NCCL INFO Channel 12/0 : 1[1] -> 0[0] via P2P/direct pointer/read
ts55-master-0:35:2139 [2] NCCL INFO Channel 14/0 : 2[2] -> 1[1] via P2P/direct pointer/read
ts55-master-0:35:2138 [1] NCCL INFO Channel 13/0 : 1[1] -> 0[0] via P2P/direct pointer/read
ts55-master-0:35:2139 [2] NCCL INFO Channel 15/0 : 2[2] -> 1[1] via P2P/direct pointer/read
ts55-master-0:35:2138 [1] NCCL INFO Channel 14/0 : 1[1] -> 0[0] via P2P/direct pointer/read
ts55-master-0:35:2139 [2] NCCL INFO Channel 16/0 : 2[2] -> 1[1] via P2P/direct pointer/read
ts55-master-0:35:2138 [1] NCCL INFO Channel 15/0 : 1[1] -> 0[0] via P2P/direct pointer/read
ts55-master-0:35:2139 [2] NCCL INFO Channel 17/0 : 2[2] -> 1[1] via P2P/direct pointer/read
ts55-master-0:35:2138 [1] NCCL INFO Channel 16/0 : 1[1] -> 0[0] via P2P/direct pointer/read
ts55-master-0:35:2139 [2] NCCL INFO Channel 18/0 : 2[2] -> 1[1] via P2P/direct pointer/read
ts55-master-0:35:2138 [1] NCCL INFO Channel 17/0 : 1[1] -> 0[0] via P2P/direct pointer/read
ts55-master-0:35:2139 [2] NCCL INFO Channel 19/0 : 2[2] -> 1[1] via P2P/direct pointer/read
ts55-master-0:35:2138 [1] NCCL INFO Channel 18/0 : 1[1] -> 0[0] via P2P/direct pointer/read
ts55-master-0:35:2139 [2] NCCL INFO Channel 20/0 : 2[2] -> 1[1] via P2P/direct pointer/read
ts55-master-0:35:2138 [1] NCCL INFO Channel 19/0 : 1[1] -> 0[0] via P2P/direct pointer/read
ts55-master-0:35:2139 [2] NCCL INFO Channel 21/0 : 2[2] -> 1[1] via P2P/direct pointer/read
ts55-master-0:35:2138 [1] NCCL INFO Channel 20/0 : 1[1] -> 0[0] via P2P/direct pointer/read
ts55-master-0:35:2139 [2] NCCL INFO Channel 22/0 : 2[2] -> 1[1] via P2P/direct pointer/read
ts55-master-0:35:2138 [1] NCCL INFO Channel 21/0 : 1[1] -> 0[0] via P2P/direct pointer/read
ts55-master-0:35:2139 [2] NCCL INFO Channel 23/0 : 2[2] -> 1[1] via P2P/direct pointer/read
ts55-master-0:35:2138 [1] NCCL INFO Channel 22/0 : 1[1] -> 0[0] via P2P/direct pointer/read
ts55-master-0:35:2138 [1] NCCL INFO Channel 23/0 : 1[1] -> 0[0] via P2P/direct pointer/read
ts55-master-0:35:2137 [0] NCCL INFO Connected all trees
ts55-master-0:35:2137 [0] NCCL INFO threadThresholds 8/8/64 | 32/8/64 | 512 | 512
ts55-master-0:35:2137 [0] NCCL INFO 24 coll channels, 0 collnet channels, 0 nvls channels, 32 p2p channels, 32 p2p channels per peer
ts55-master-0:35:2138 [1] NCCL INFO Connected all trees
ts55-master-0:35:2138 [1] NCCL INFO threadThresholds 8/8/64 | 32/8/64 | 512 | 512
ts55-master-0:35:2138 [1] NCCL INFO 24 coll channels, 0 collnet channels, 0 nvls channels, 32 p2p channels, 32 p2p channels per peer
ts55-master-0:35:2140 [3] NCCL INFO Connected all trees
ts55-master-0:35:2139 [2] NCCL INFO Connected all trees
ts55-master-0:35:2140 [3] NCCL INFO threadThresholds 8/8/64 | 32/8/64 | 512 | 512
ts55-master-0:35:2140 [3] NCCL INFO 24 coll channels, 0 collnet channels, 0 nvls channels, 32 p2p channels, 32 p2p channels per peer
ts55-master-0:35:2139 [2] NCCL INFO threadThresholds 8/8/64 | 32/8/64 | 512 | 512
ts55-master-0:35:2139 [2] NCCL INFO 24 coll channels, 0 collnet channels, 0 nvls channels, 32 p2p channels, 32 p2p channels per peer
ts55-master-0:35:2137 [0] NCCL INFO comm 0xe8f4f10 rank 0 nranks 4 cudaDev 0 nvmlDev 0 busId 61000 commId 0xbfd7bf6ec00ecaf4 - Init COMPLETE
ts55-master-0:35:2139 [2] NCCL INFO comm 0xe9006b0 rank 2 nranks 4 cudaDev 2 nvmlDev 2 busId 65000 commId 0xbfd7bf6ec00ecaf4 - Init COMPLETE
ts55-master-0:35:2140 [3] NCCL INFO comm 0xe9053c0 rank 3 nranks 4 cudaDev 3 nvmlDev 3 busId 67000 commId 0xbfd7bf6ec00ecaf4 - Init COMPLETE
ts55-master-0:35:2138 [1] NCCL INFO comm 0xe8fb9a0 rank 1 nranks 4 cudaDev 1 nvmlDev 1 busId 63000 commId 0xbfd7bf6ec00ecaf4 - Init COMPLETE
	iters: 100, epoch: 1 | loss: 0.3414147
	speed: 2.5587s/iter; left time: 28890.7297s
	iters: 200, epoch: 1 | loss: 0.3038512
	speed: 2.5227s/iter; left time: 28231.1301s
	iters: 300, epoch: 1 | loss: 0.3082740
	speed: 2.5240s/iter; left time: 27994.0033s
	iters: 400, epoch: 1 | loss: 0.2792011
	speed: 2.5238s/iter; left time: 27739.0527s
	iters: 500, epoch: 1 | loss: 0.2524739
	speed: 2.4583s/iter; left time: 26773.1960s
	iters: 600, epoch: 1 | loss: 0.2794185
	speed: 2.5163s/iter; left time: 27153.6481s
	iters: 700, epoch: 1 | loss: 0.2616981
	speed: 2.5240s/iter; left time: 26984.4859s
	iters: 800, epoch: 1 | loss: 0.2746952
	speed: 2.5246s/iter; left time: 26737.9932s
	iters: 900, epoch: 1 | loss: 0.2720784
	speed: 2.5255s/iter; left time: 26494.9588s
	iters: 1000, epoch: 1 | loss: 0.2600414
	speed: 2.4865s/iter; left time: 25836.8150s
	iters: 1100, epoch: 1 | loss: 0.2719176
	speed: 2.4945s/iter; left time: 25670.6658s
Epoch: 1 cost time: 2865.503457546234
ts55-master-0:35:27584 [0] NCCL INFO Using non-device net plugin version 0
ts55-master-0:35:27585 [1] NCCL INFO Using non-device net plugin version 0
ts55-master-0:35:27584 [0] NCCL INFO Using network Socket
ts55-master-0:35:27585 [1] NCCL INFO Using network Socket
ts55-master-0:35:27586 [2] NCCL INFO Using non-device net plugin version 0
ts55-master-0:35:27586 [2] NCCL INFO Using network Socket
ts55-master-0:35:27584 [0] NCCL INFO comm 0x11fb8420 rank 0 nranks 3 cudaDev 0 nvmlDev 0 busId 61000 commId 0xf5036443bea9607d - Init START
ts55-master-0:35:27586 [2] NCCL INFO comm 0x11fe8430 rank 2 nranks 3 cudaDev 2 nvmlDev 2 busId 65000 commId 0xf5036443bea9607d - Init START
ts55-master-0:35:27585 [1] NCCL INFO comm 0x11fd49d0 rank 1 nranks 3 cudaDev 1 nvmlDev 1 busId 63000 commId 0xf5036443bea9607d - Init START
ts55-master-0:35:27585 [1] NCCL INFO Setting affinity for GPU 1 to 03ffffff,ffffffff
ts55-master-0:35:27585 [1] NCCL INFO NVLS multicast support is not available on dev 1
ts55-master-0:35:27584 [0] NCCL INFO Setting affinity for GPU 0 to 03ffffff,ffffffff
ts55-master-0:35:27584 [0] NCCL INFO NVLS multicast support is not available on dev 0
ts55-master-0:35:27586 [2] NCCL INFO Setting affinity for GPU 2 to 03ffffff,ffffffff
ts55-master-0:35:27586 [2] NCCL INFO NVLS multicast support is not available on dev 2
ts55-master-0:35:27586 [2] NCCL INFO comm 0x11fe8430 rank 2 nRanks 3 nNodes 1 localRanks 3 localRank 2 MNNVL 0
ts55-master-0:35:27585 [1] NCCL INFO comm 0x11fd49d0 rank 1 nRanks 3 nNodes 1 localRanks 3 localRank 1 MNNVL 0
ts55-master-0:35:27584 [0] NCCL INFO comm 0x11fb8420 rank 0 nRanks 3 nNodes 1 localRanks 3 localRank 0 MNNVL 0
ts55-master-0:35:27584 [0] NCCL INFO Channel 00/24 :    0   1   2
ts55-master-0:35:27586 [2] NCCL INFO Trees [0] -1/-1/-1->2->1 [1] -1/-1/-1->2->1 [2] -1/-1/-1->2->1 [3] -1/-1/-1->2->1 [4] -1/-1/-1->2->1 [5] -1/-1/-1->2->1 [6] -1/-1/-1->2->1 [7] -1/-1/-1->2->1 [8] -1/-1/-1->2->1 [9] -1/-1/-1->2->1 [10] -1/-1/-1->2->1 [11] -1/-1/-1->2->1 [12] -1/-1/-1->2->1 [13] -1/-1/-1->2->1 [14] -1/-1/-1->2->1 [15] -1/-1/-1->2->1 [16] -1/-1/-1->2->1 [17] -1/-1/-1->2->1 [18] -1/-1/-1->2->1 [19] -1/-1/-1->2->1 [20] -1/-1/-1->2->1 [21] -1/-1/-1->2->1 [22] -1/-1/-1->2->1 [23] -1/-1/-1->2->1
ts55-master-0:35:27585 [1] NCCL INFO Trees [0] 2/-1/-1->1->0 [1] 2/-1/-1->1->0 [2] 2/-1/-1->1->0 [3] 2/-1/-1->1->0 [4] 2/-1/-1->1->0 [5] 2/-1/-1->1->0 [6] 2/-1/-1->1->0 [7] 2/-1/-1->1->0 [8] 2/-1/-1->1->0 [9] 2/-1/-1->1->0 [10] 2/-1/-1->1->0 [11] 2/-1/-1->1->0 [12] 2/-1/-1->1->0 [13] 2/-1/-1->1->0 [14] 2/-1/-1->1->0 [15] 2/-1/-1->1->0 [16] 2/-1/-1->1->0 [17] 2/-1/-1->1->0 [18] 2/-1/-1->1->0 [19] 2/-1/-1->1->0 [20] 2/-1/-1->1->0 [21] 2/-1/-1->1->0 [22] 2/-1/-1->1->0 [23] 2/-1/-1->1->0
ts55-master-0:35:27585 [1] NCCL INFO P2P Chunksize set to 524288
ts55-master-0:35:27584 [0] NCCL INFO Channel 01/24 :    0   1   2
ts55-master-0:35:27586 [2] NCCL INFO P2P Chunksize set to 524288
ts55-master-0:35:27584 [0] NCCL INFO Channel 02/24 :    0   1   2
ts55-master-0:35:27584 [0] NCCL INFO Channel 03/24 :    0   1   2
ts55-master-0:35:27584 [0] NCCL INFO Channel 04/24 :    0   1   2
ts55-master-0:35:27584 [0] NCCL INFO Channel 05/24 :    0   1   2
ts55-master-0:35:27584 [0] NCCL INFO Channel 06/24 :    0   1   2
ts55-master-0:35:27584 [0] NCCL INFO Channel 07/24 :    0   1   2
ts55-master-0:35:27584 [0] NCCL INFO Channel 08/24 :    0   1   2
ts55-master-0:35:27584 [0] NCCL INFO Channel 09/24 :    0   1   2
ts55-master-0:35:27584 [0] NCCL INFO Channel 10/24 :    0   1   2
ts55-master-0:35:27584 [0] NCCL INFO Channel 11/24 :    0   1   2
ts55-master-0:35:27584 [0] NCCL INFO Channel 12/24 :    0   1   2
ts55-master-0:35:27584 [0] NCCL INFO Channel 13/24 :    0   1   2
ts55-master-0:35:27584 [0] NCCL INFO Channel 14/24 :    0   1   2
ts55-master-0:35:27584 [0] NCCL INFO Channel 15/24 :    0   1   2
ts55-master-0:35:27584 [0] NCCL INFO Channel 16/24 :    0   1   2
ts55-master-0:35:27584 [0] NCCL INFO Channel 17/24 :    0   1   2
ts55-master-0:35:27584 [0] NCCL INFO Channel 18/24 :    0   1   2
ts55-master-0:35:27584 [0] NCCL INFO Channel 19/24 :    0   1   2
ts55-master-0:35:27584 [0] NCCL INFO Channel 20/24 :    0   1   2
ts55-master-0:35:27584 [0] NCCL INFO Channel 21/24 :    0   1   2
ts55-master-0:35:27584 [0] NCCL INFO Channel 22/24 :    0   1   2
ts55-master-0:35:27584 [0] NCCL INFO Channel 23/24 :    0   1   2
ts55-master-0:35:27584 [0] NCCL INFO Trees [0] 1/-1/-1->0->-1 [1] 1/-1/-1->0->-1 [2] 1/-1/-1->0->-1 [3] 1/-1/-1->0->-1 [4] 1/-1/-1->0->-1 [5] 1/-1/-1->0->-1 [6] 1/-1/-1->0->-1 [7] 1/-1/-1->0->-1 [8] 1/-1/-1->0->-1 [9] 1/-1/-1->0->-1 [10] 1/-1/-1->0->-1 [11] 1/-1/-1->0->-1 [12] 1/-1/-1->0->-1 [13] 1/-1/-1->0->-1 [14] 1/-1/-1->0->-1 [15] 1/-1/-1->0->-1 [16] 1/-1/-1->0->-1 [17] 1/-1/-1->0->-1 [18] 1/-1/-1->0->-1 [19] 1/-1/-1->0->-1 [20] 1/-1/-1->0->-1 [21] 1/-1/-1->0->-1 [22] 1/-1/-1->0->-1 [23] 1/-1/-1->0->-1
ts55-master-0:35:27584 [0] NCCL INFO P2P Chunksize set to 524288
ts55-master-0:35:27586 [2] NCCL INFO Channel 00/0 : 2[2] -> 0[0] via P2P/direct pointer/read
ts55-master-0:35:27586 [2] NCCL INFO Channel 01/0 : 2[2] -> 0[0] via P2P/direct pointer/read
ts55-master-0:35:27586 [2] NCCL INFO Channel 02/0 : 2[2] -> 0[0] via P2P/direct pointer/read
ts55-master-0:35:27586 [2] NCCL INFO Channel 03/0 : 2[2] -> 0[0] via P2P/direct pointer/read
ts55-master-0:35:27586 [2] NCCL INFO Channel 04/0 : 2[2] -> 0[0] via P2P/direct pointer/read
ts55-master-0:35:27586 [2] NCCL INFO Channel 05/0 : 2[2] -> 0[0] via P2P/direct pointer/read
ts55-master-0:35:27586 [2] NCCL INFO Channel 06/0 : 2[2] -> 0[0] via P2P/direct pointer/read
ts55-master-0:35:27586 [2] NCCL INFO Channel 07/0 : 2[2] -> 0[0] via P2P/direct pointer/read
ts55-master-0:35:27586 [2] NCCL INFO Channel 08/0 : 2[2] -> 0[0] via P2P/direct pointer/read
ts55-master-0:35:27586 [2] NCCL INFO Channel 09/0 : 2[2] -> 0[0] via P2P/direct pointer/read
ts55-master-0:35:27586 [2] NCCL INFO Channel 10/0 : 2[2] -> 0[0] via P2P/direct pointer/read
ts55-master-0:35:27586 [2] NCCL INFO Channel 11/0 : 2[2] -> 0[0] via P2P/direct pointer/read
ts55-master-0:35:27586 [2] NCCL INFO Channel 12/0 : 2[2] -> 0[0] via P2P/direct pointer/read
ts55-master-0:35:27586 [2] NCCL INFO Channel 13/0 : 2[2] -> 0[0] via P2P/direct pointer/read
ts55-master-0:35:27586 [2] NCCL INFO Channel 14/0 : 2[2] -> 0[0] via P2P/direct pointer/read
ts55-master-0:35:27586 [2] NCCL INFO Channel 15/0 : 2[2] -> 0[0] via P2P/direct pointer/read
ts55-master-0:35:27586 [2] NCCL INFO Channel 16/0 : 2[2] -> 0[0] via P2P/direct pointer/read
ts55-master-0:35:27586 [2] NCCL INFO Channel 17/0 : 2[2] -> 0[0] via P2P/direct pointer/read
ts55-master-0:35:27586 [2] NCCL INFO Channel 18/0 : 2[2] -> 0[0] via P2P/direct pointer/read
ts55-master-0:35:27586 [2] NCCL INFO Channel 19/0 : 2[2] -> 0[0] via P2P/direct pointer/read
ts55-master-0:35:27586 [2] NCCL INFO Channel 20/0 : 2[2] -> 0[0] via P2P/direct pointer/read
ts55-master-0:35:27586 [2] NCCL INFO Channel 21/0 : 2[2] -> 0[0] via P2P/direct pointer/read
ts55-master-0:35:27586 [2] NCCL INFO Channel 22/0 : 2[2] -> 0[0] via P2P/direct pointer/read
ts55-master-0:35:27586 [2] NCCL INFO Channel 23/0 : 2[2] -> 0[0] via P2P/direct pointer/read
ts55-master-0:35:27585 [1] NCCL INFO Channel 00/0 : 1[1] -> 2[2] via P2P/direct pointer/read
ts55-master-0:35:27585 [1] NCCL INFO Channel 01/0 : 1[1] -> 2[2] via P2P/direct pointer/read
ts55-master-0:35:27585 [1] NCCL INFO Channel 02/0 : 1[1] -> 2[2] via P2P/direct pointer/read
ts55-master-0:35:27585 [1] NCCL INFO Channel 03/0 : 1[1] -> 2[2] via P2P/direct pointer/read
ts55-master-0:35:27585 [1] NCCL INFO Channel 04/0 : 1[1] -> 2[2] via P2P/direct pointer/read
ts55-master-0:35:27585 [1] NCCL INFO Channel 05/0 : 1[1] -> 2[2] via P2P/direct pointer/read
ts55-master-0:35:27585 [1] NCCL INFO Channel 06/0 : 1[1] -> 2[2] via P2P/direct pointer/read
ts55-master-0:35:27585 [1] NCCL INFO Channel 07/0 : 1[1] -> 2[2] via P2P/direct pointer/read
ts55-master-0:35:27585 [1] NCCL INFO Channel 08/0 : 1[1] -> 2[2] via P2P/direct pointer/read
ts55-master-0:35:27585 [1] NCCL INFO Channel 09/0 : 1[1] -> 2[2] via P2P/direct pointer/read
ts55-master-0:35:27585 [1] NCCL INFO Channel 10/0 : 1[1] -> 2[2] via P2P/direct pointer/read
ts55-master-0:35:27585 [1] NCCL INFO Channel 11/0 : 1[1] -> 2[2] via P2P/direct pointer/read
ts55-master-0:35:27585 [1] NCCL INFO Channel 12/0 : 1[1] -> 2[2] via P2P/direct pointer/read
ts55-master-0:35:27585 [1] NCCL INFO Channel 13/0 : 1[1] -> 2[2] via P2P/direct pointer/read
ts55-master-0:35:27585 [1] NCCL INFO Channel 14/0 : 1[1] -> 2[2] via P2P/direct pointer/read
ts55-master-0:35:27585 [1] NCCL INFO Channel 15/0 : 1[1] -> 2[2] via P2P/direct pointer/read
ts55-master-0:35:27585 [1] NCCL INFO Channel 16/0 : 1[1] -> 2[2] via P2P/direct pointer/read
ts55-master-0:35:27585 [1] NCCL INFO Channel 17/0 : 1[1] -> 2[2] via P2P/direct pointer/read
ts55-master-0:35:27585 [1] NCCL INFO Channel 18/0 : 1[1] -> 2[2] via P2P/direct pointer/read
ts55-master-0:35:27585 [1] NCCL INFO Channel 19/0 : 1[1] -> 2[2] via P2P/direct pointer/read
ts55-master-0:35:27585 [1] NCCL INFO Channel 20/0 : 1[1] -> 2[2] via P2P/direct pointer/read
ts55-master-0:35:27585 [1] NCCL INFO Channel 21/0 : 1[1] -> 2[2] via P2P/direct pointer/read
ts55-master-0:35:27585 [1] NCCL INFO Channel 22/0 : 1[1] -> 2[2] via P2P/direct pointer/read
ts55-master-0:35:27585 [1] NCCL INFO Channel 23/0 : 1[1] -> 2[2] via P2P/direct pointer/read
ts55-master-0:35:27584 [0] NCCL INFO Channel 00/0 : 0[0] -> 1[1] via P2P/direct pointer/read
ts55-master-0:35:27584 [0] NCCL INFO Channel 01/0 : 0[0] -> 1[1] via P2P/direct pointer/read
ts55-master-0:35:27584 [0] NCCL INFO Channel 02/0 : 0[0] -> 1[1] via P2P/direct pointer/read
ts55-master-0:35:27584 [0] NCCL INFO Channel 03/0 : 0[0] -> 1[1] via P2P/direct pointer/read
ts55-master-0:35:27584 [0] NCCL INFO Channel 04/0 : 0[0] -> 1[1] via P2P/direct pointer/read
ts55-master-0:35:27584 [0] NCCL INFO Channel 05/0 : 0[0] -> 1[1] via P2P/direct pointer/read
ts55-master-0:35:27584 [0] NCCL INFO Channel 06/0 : 0[0] -> 1[1] via P2P/direct pointer/read
ts55-master-0:35:27584 [0] NCCL INFO Channel 07/0 : 0[0] -> 1[1] via P2P/direct pointer/read
ts55-master-0:35:27584 [0] NCCL INFO Channel 08/0 : 0[0] -> 1[1] via P2P/direct pointer/read
ts55-master-0:35:27584 [0] NCCL INFO Channel 09/0 : 0[0] -> 1[1] via P2P/direct pointer/read
ts55-master-0:35:27584 [0] NCCL INFO Channel 10/0 : 0[0] -> 1[1] via P2P/direct pointer/read
ts55-master-0:35:27584 [0] NCCL INFO Channel 11/0 : 0[0] -> 1[1] via P2P/direct pointer/read
ts55-master-0:35:27584 [0] NCCL INFO Channel 12/0 : 0[0] -> 1[1] via P2P/direct pointer/read
ts55-master-0:35:27584 [0] NCCL INFO Channel 13/0 : 0[0] -> 1[1] via P2P/direct pointer/read
ts55-master-0:35:27584 [0] NCCL INFO Channel 14/0 : 0[0] -> 1[1] via P2P/direct pointer/read
ts55-master-0:35:27584 [0] NCCL INFO Channel 15/0 : 0[0] -> 1[1] via P2P/direct pointer/read
ts55-master-0:35:27584 [0] NCCL INFO Channel 16/0 : 0[0] -> 1[1] via P2P/direct pointer/read
ts55-master-0:35:27584 [0] NCCL INFO Channel 17/0 : 0[0] -> 1[1] via P2P/direct pointer/read
ts55-master-0:35:27584 [0] NCCL INFO Channel 18/0 : 0[0] -> 1[1] via P2P/direct pointer/read
ts55-master-0:35:27584 [0] NCCL INFO Channel 19/0 : 0[0] -> 1[1] via P2P/direct pointer/read
ts55-master-0:35:27584 [0] NCCL INFO Channel 20/0 : 0[0] -> 1[1] via P2P/direct pointer/read
ts55-master-0:35:27584 [0] NCCL INFO Channel 21/0 : 0[0] -> 1[1] via P2P/direct pointer/read
ts55-master-0:35:27584 [0] NCCL INFO Channel 22/0 : 0[0] -> 1[1] via P2P/direct pointer/read
ts55-master-0:35:27584 [0] NCCL INFO Channel 23/0 : 0[0] -> 1[1] via P2P/direct pointer/read
ts55-master-0:35:27586 [2] NCCL INFO Connected all rings
ts55-master-0:35:27586 [2] NCCL INFO Channel 00/0 : 2[2] -> 1[1] via P2P/direct pointer/read
ts55-master-0:35:27584 [0] NCCL INFO Connected all rings
ts55-master-0:35:27585 [1] NCCL INFO Connected all rings
ts55-master-0:35:27586 [2] NCCL INFO Channel 01/0 : 2[2] -> 1[1] via P2P/direct pointer/read
ts55-master-0:35:27586 [2] NCCL INFO Channel 02/0 : 2[2] -> 1[1] via P2P/direct pointer/read
ts55-master-0:35:27586 [2] NCCL INFO Channel 03/0 : 2[2] -> 1[1] via P2P/direct pointer/read
ts55-master-0:35:27586 [2] NCCL INFO Channel 04/0 : 2[2] -> 1[1] via P2P/direct pointer/read
ts55-master-0:35:27586 [2] NCCL INFO Channel 05/0 : 2[2] -> 1[1] via P2P/direct pointer/read
ts55-master-0:35:27586 [2] NCCL INFO Channel 06/0 : 2[2] -> 1[1] via P2P/direct pointer/read
ts55-master-0:35:27586 [2] NCCL INFO Channel 07/0 : 2[2] -> 1[1] via P2P/direct pointer/read
ts55-master-0:35:27586 [2] NCCL INFO Channel 08/0 : 2[2] -> 1[1] via P2P/direct pointer/read
ts55-master-0:35:27586 [2] NCCL INFO Channel 09/0 : 2[2] -> 1[1] via P2P/direct pointer/read
ts55-master-0:35:27586 [2] NCCL INFO Channel 10/0 : 2[2] -> 1[1] via P2P/direct pointer/read
ts55-master-0:35:27586 [2] NCCL INFO Channel 11/0 : 2[2] -> 1[1] via P2P/direct pointer/read
ts55-master-0:35:27586 [2] NCCL INFO Channel 12/0 : 2[2] -> 1[1] via P2P/direct pointer/read
ts55-master-0:35:27586 [2] NCCL INFO Channel 13/0 : 2[2] -> 1[1] via P2P/direct pointer/read
ts55-master-0:35:27585 [1] NCCL INFO Channel 00/0 : 1[1] -> 0[0] via P2P/direct pointer/read
ts55-master-0:35:27585 [1] NCCL INFO Channel 01/0 : 1[1] -> 0[0] via P2P/direct pointer/read
ts55-master-0:35:27585 [1] NCCL INFO Channel 02/0 : 1[1] -> 0[0] via P2P/direct pointer/read
ts55-master-0:35:27585 [1] NCCL INFO Channel 03/0 : 1[1] -> 0[0] via P2P/direct pointer/read
ts55-master-0:35:27585 [1] NCCL INFO Channel 04/0 : 1[1] -> 0[0] via P2P/direct pointer/read
ts55-master-0:35:27585 [1] NCCL INFO Channel 05/0 : 1[1] -> 0[0] via P2P/direct pointer/read
ts55-master-0:35:27585 [1] NCCL INFO Channel 06/0 : 1[1] -> 0[0] via P2P/direct pointer/read
ts55-master-0:35:27585 [1] NCCL INFO Channel 07/0 : 1[1] -> 0[0] via P2P/direct pointer/read
ts55-master-0:35:27585 [1] NCCL INFO Channel 08/0 : 1[1] -> 0[0] via P2P/direct pointer/read
ts55-master-0:35:27585 [1] NCCL INFO Channel 09/0 : 1[1] -> 0[0] via P2P/direct pointer/read
ts55-master-0:35:27585 [1] NCCL INFO Channel 10/0 : 1[1] -> 0[0] via P2P/direct pointer/read
ts55-master-0:35:27585 [1] NCCL INFO Channel 11/0 : 1[1] -> 0[0] via P2P/direct pointer/read
ts55-master-0:35:27585 [1] NCCL INFO Channel 12/0 : 1[1] -> 0[0] via P2P/direct pointer/read
ts55-master-0:35:27585 [1] NCCL INFO Channel 13/0 : 1[1] -> 0[0] via P2P/direct pointer/read
ts55-master-0:35:27585 [1] NCCL INFO Channel 14/0 : 1[1] -> 0[0] via P2P/direct pointer/read
ts55-master-0:35:27585 [1] NCCL INFO Channel 15/0 : 1[1] -> 0[0] via P2P/direct pointer/read
ts55-master-0:35:27585 [1] NCCL INFO Channel 16/0 : 1[1] -> 0[0] via P2P/direct pointer/read
ts55-master-0:35:27585 [1] NCCL INFO Channel 17/0 : 1[1] -> 0[0] via P2P/direct pointer/read
ts55-master-0:35:27585 [1] NCCL INFO Channel 18/0 : 1[1] -> 0[0] via P2P/direct pointer/read
ts55-master-0:35:27585 [1] NCCL INFO Channel 19/0 : 1[1] -> 0[0] via P2P/direct pointer/read
ts55-master-0:35:27585 [1] NCCL INFO Channel 20/0 : 1[1] -> 0[0] via P2P/direct pointer/read
ts55-master-0:35:27585 [1] NCCL INFO Channel 21/0 : 1[1] -> 0[0] via P2P/direct pointer/read
ts55-master-0:35:27585 [1] NCCL INFO Channel 22/0 : 1[1] -> 0[0] via P2P/direct pointer/read
ts55-master-0:35:27585 [1] NCCL INFO Channel 23/0 : 1[1] -> 0[0] via P2P/direct pointer/read
ts55-master-0:35:27586 [2] NCCL INFO Channel 14/0 : 2[2] -> 1[1] via P2P/direct pointer/read
ts55-master-0:35:27586 [2] NCCL INFO Channel 15/0 : 2[2] -> 1[1] via P2P/direct pointer/read
ts55-master-0:35:27586 [2] NCCL INFO Channel 16/0 : 2[2] -> 1[1] via P2P/direct pointer/read
ts55-master-0:35:27586 [2] NCCL INFO Channel 17/0 : 2[2] -> 1[1] via P2P/direct pointer/read
ts55-master-0:35:27586 [2] NCCL INFO Channel 18/0 : 2[2] -> 1[1] via P2P/direct pointer/read
ts55-master-0:35:27586 [2] NCCL INFO Channel 19/0 : 2[2] -> 1[1] via P2P/direct pointer/read
ts55-master-0:35:27586 [2] NCCL INFO Channel 20/0 : 2[2] -> 1[1] via P2P/direct pointer/read
ts55-master-0:35:27586 [2] NCCL INFO Channel 21/0 : 2[2] -> 1[1] via P2P/direct pointer/read
ts55-master-0:35:27586 [2] NCCL INFO Channel 22/0 : 2[2] -> 1[1] via P2P/direct pointer/read
ts55-master-0:35:27586 [2] NCCL INFO Channel 23/0 : 2[2] -> 1[1] via P2P/direct pointer/read
ts55-master-0:35:27584 [0] NCCL INFO Connected all trees
ts55-master-0:35:27586 [2] NCCL INFO Connected all trees
ts55-master-0:35:27585 [1] NCCL INFO Connected all trees
ts55-master-0:35:27586 [2] NCCL INFO threadThresholds 8/8/64 | 24/8/64 | 512 | 512
ts55-master-0:35:27586 [2] NCCL INFO 24 coll channels, 0 collnet channels, 0 nvls channels, 32 p2p channels, 32 p2p channels per peer
ts55-master-0:35:27585 [1] NCCL INFO threadThresholds 8/8/64 | 24/8/64 | 512 | 512
ts55-master-0:35:27585 [1] NCCL INFO 24 coll channels, 0 collnet channels, 0 nvls channels, 32 p2p channels, 32 p2p channels per peer
ts55-master-0:35:27584 [0] NCCL INFO threadThresholds 8/8/64 | 24/8/64 | 512 | 512
ts55-master-0:35:27584 [0] NCCL INFO 24 coll channels, 0 collnet channels, 0 nvls channels, 32 p2p channels, 32 p2p channels per peer
ts55-master-0:35:27585 [1] NCCL INFO comm 0x11fd49d0 rank 1 nranks 3 cudaDev 1 nvmlDev 1 busId 63000 commId 0xf5036443bea9607d - Init COMPLETE
ts55-master-0:35:27584 [0] NCCL INFO comm 0x11fb8420 rank 0 nranks 3 cudaDev 0 nvmlDev 0 busId 61000 commId 0xf5036443bea9607d - Init COMPLETE
ts55-master-0:35:27586 [2] NCCL INFO comm 0x11fe8430 rank 2 nranks 3 cudaDev 2 nvmlDev 2 busId 65000 commId 0xf5036443bea9607d - Init COMPLETE
Epoch: 1, Steps: 1139 | Train Loss: 0.2851276 Vali Loss: 0.1734377 Test Loss: 0.1952449
Validation loss decreased (inf --> 0.173438).  Saving model ...
Updating learning rate to 0.0001
	iters: 100, epoch: 2 | loss: 0.2713751
	speed: 6.6523s/iter; left time: 67534.1375s
	iters: 200, epoch: 2 | loss: 0.2431866
	speed: 2.3989s/iter; left time: 24114.0105s
	iters: 300, epoch: 2 | loss: 0.2561546
	speed: 2.2292s/iter; left time: 22185.1010s
	iters: 400, epoch: 2 | loss: 0.2464377
	speed: 2.4762s/iter; left time: 24395.4727s
	iters: 500, epoch: 2 | loss: 0.3100979
	speed: 2.5251s/iter; left time: 24624.9857s
	iters: 600, epoch: 2 | loss: 0.2800155
	speed: 2.5248s/iter; left time: 24369.3663s
	iters: 700, epoch: 2 | loss: 0.2385981
	speed: 2.5242s/iter; left time: 24110.9690s
	iters: 800, epoch: 2 | loss: 0.2653524
	speed: 2.4712s/iter; left time: 23357.9525s
	iters: 900, epoch: 2 | loss: 0.2362986
	speed: 2.5075s/iter; left time: 23449.9355s
	iters: 1000, epoch: 2 | loss: 0.2621543
	speed: 2.5254s/iter; left time: 23364.5510s
	iters: 1100, epoch: 2 | loss: 0.2708920
	speed: 2.5261s/iter; left time: 23119.2754s
Epoch: 2 cost time: 2821.1552860736847
Epoch: 2, Steps: 1139 | Train Loss: 0.2614800 Vali Loss: 0.1691882 Test Loss: 0.1909468
Validation loss decreased (0.173438 --> 0.169188).  Saving model ...
Updating learning rate to 5e-05
	iters: 100, epoch: 3 | loss: 0.2508405
	speed: 6.6273s/iter; left time: 59731.5863s
	iters: 200, epoch: 3 | loss: 0.2385234
	speed: 2.5250s/iter; left time: 22505.2556s
	iters: 300, epoch: 3 | loss: 0.2279286
	speed: 2.5254s/iter; left time: 22256.1562s
	iters: 400, epoch: 3 | loss: 0.2683465
	speed: 2.5240s/iter; left time: 21991.7926s
	iters: 500, epoch: 3 | loss: 0.2584862
	speed: 2.4307s/iter; left time: 20935.6419s
	iters: 600, epoch: 3 | loss: 0.2910001
	speed: 2.2196s/iter; left time: 18895.2998s
	iters: 700, epoch: 3 | loss: 0.2630371
	speed: 2.3461s/iter; left time: 19738.1345s
	iters: 800, epoch: 3 | loss: 0.2774103
	speed: 2.5298s/iter; left time: 21030.0092s
	iters: 900, epoch: 3 | loss: 0.2804715
	speed: 2.5298s/iter; left time: 20777.0118s
	iters: 1000, epoch: 3 | loss: 0.2386689
	speed: 2.5287s/iter; left time: 20515.2839s
	iters: 1100, epoch: 3 | loss: 0.2559062
	speed: 2.5299s/iter; left time: 20271.7851s
Epoch: 3 cost time: 2811.442458629608
Epoch: 3, Steps: 1139 | Train Loss: 0.2557115 Vali Loss: 0.1661312 Test Loss: 0.1862602
Validation loss decreased (0.169188 --> 0.166131).  Saving model ...
Updating learning rate to 2.5e-05
	iters: 100, epoch: 4 | loss: 0.2620723
	speed: 6.6311s/iter; left time: 52212.9114s
	iters: 200, epoch: 4 | loss: 0.2436360
	speed: 2.5303s/iter; left time: 19670.7222s
	iters: 300, epoch: 4 | loss: 0.2320291
	speed: 2.5324s/iter; left time: 19433.3999s
	iters: 400, epoch: 4 | loss: 0.2251872
	speed: 2.5178s/iter; left time: 19069.5338s
	iters: 500, epoch: 4 | loss: 0.2600726
	speed: 2.4746s/iter; left time: 18494.8519s
	iters: 600, epoch: 4 | loss: 0.2557951
	speed: 2.5280s/iter; left time: 18641.7978s
	iters: 700, epoch: 4 | loss: 0.2665168
	speed: 2.5308s/iter; left time: 18409.3065s
	iters: 800, epoch: 4 | loss: 0.2651697
	speed: 2.4692s/iter; left time: 17714.2350s
	iters: 900, epoch: 4 | loss: 0.2331007
	speed: 2.3469s/iter; left time: 16602.1664s
	iters: 1000, epoch: 4 | loss: 0.2241534
	speed: 2.3160s/iter; left time: 16152.0404s
	iters: 1100, epoch: 4 | loss: 0.2430545
	speed: 2.5259s/iter; left time: 17363.1531s
Epoch: 4 cost time: 2828.4354033470154
Epoch: 4, Steps: 1139 | Train Loss: 0.2530802 Vali Loss: 0.1607985 Test Loss: 0.1821595
Validation loss decreased (0.166131 --> 0.160798).  Saving model ...
Updating learning rate to 1.25e-05
	iters: 100, epoch: 5 | loss: 0.2500145
	speed: 6.7118s/iter; left time: 45204.1710s
	iters: 200, epoch: 5 | loss: 0.2365053
	speed: 2.5229s/iter; left time: 16739.3879s
	iters: 300, epoch: 5 | loss: 0.2538247
	speed: 2.4645s/iter; left time: 16105.7173s
	iters: 400, epoch: 5 | loss: 0.2859296
	speed: 2.5291s/iter; left time: 16274.6144s
	iters: 500, epoch: 5 | loss: 0.2573499
	speed: 2.5288s/iter; left time: 16020.1864s
	iters: 600, epoch: 5 | loss: 0.2381415
	speed: 2.5289s/iter; left time: 15767.6334s
	iters: 700, epoch: 5 | loss: 0.2818924
	speed: 2.5286s/iter; left time: 15512.7274s
	iters: 800, epoch: 5 | loss: 0.2610922
	speed: 2.4698s/iter; left time: 14905.5279s
	iters: 900, epoch: 5 | loss: 0.2928608
	speed: 2.5168s/iter; left time: 14937.1536s
	iters: 1000, epoch: 5 | loss: 0.2363191
	speed: 2.5293s/iter; left time: 14758.2872s
	iters: 1100, epoch: 5 | loss: 0.2786317
	speed: 2.4855s/iter; left time: 14254.4787s
Epoch: 5 cost time: 2856.969128847122
Epoch: 5, Steps: 1139 | Train Loss: 0.2516943 Vali Loss: 0.1603568 Test Loss: 0.1815908
Validation loss decreased (0.160798 --> 0.160357).  Saving model ...
Updating learning rate to 6.25e-06
	iters: 100, epoch: 6 | loss: 0.2544298
	speed: 6.2182s/iter; left time: 34797.0848s
	iters: 200, epoch: 6 | loss: 0.2478983
	speed: 2.3700s/iter; left time: 13025.4412s
	iters: 300, epoch: 6 | loss: 0.2792093
	speed: 2.5305s/iter; left time: 13654.6028s
	iters: 400, epoch: 6 | loss: 0.2559030
	speed: 2.5309s/iter; left time: 13403.8074s
	iters: 500, epoch: 6 | loss: 0.2347252
	speed: 2.5299s/iter; left time: 13145.4868s
	iters: 600, epoch: 6 | loss: 0.2579957
	speed: 2.4810s/iter; left time: 12643.1823s
	iters: 700, epoch: 6 | loss: 0.2331904
