ts55-master-0:910091:923654 [1] NCCL INFO comm 0x11d94080 rank 1 nranks 3 cudaDev 1 nvmlDev 1 busId 63000 commId 0x60fd7a7e2eb4ba41 - Init START
ts55-master-0:910091:923655 [2] NCCL INFO comm 0x11d61200 rank 2 nranks 3 cudaDev 2 nvmlDev 2 busId 65000 commId 0x60fd7a7e2eb4ba41 - Init START
ts55-master-0:910091:923653 [0] NCCL INFO comm 0x11d97c50 rank 0 nranks 3 cudaDev 0 nvmlDev 0 busId 61000 commId 0x60fd7a7e2eb4ba41 - Init START
ts55-master-0:910091:923655 [2] NCCL INFO Setting affinity for GPU 2 to 03ffffff,ffffffff
ts55-master-0:910091:923655 [2] NCCL INFO NVLS multicast support is not available on dev 2
ts55-master-0:910091:923654 [1] NCCL INFO Setting affinity for GPU 1 to 03ffffff,ffffffff
ts55-master-0:910091:923654 [1] NCCL INFO NVLS multicast support is not available on dev 1
ts55-master-0:910091:923653 [0] NCCL INFO Setting affinity for GPU 0 to 03ffffff,ffffffff
ts55-master-0:910091:923653 [0] NCCL INFO NVLS multicast support is not available on dev 0
ts55-master-0:910091:923654 [1] NCCL INFO comm 0x11d94080 rank 1 nRanks 3 nNodes 1 localRanks 3 localRank 1 MNNVL 0
ts55-master-0:910091:923653 [0] NCCL INFO comm 0x11d97c50 rank 0 nRanks 3 nNodes 1 localRanks 3 localRank 0 MNNVL 0
ts55-master-0:910091:923655 [2] NCCL INFO comm 0x11d61200 rank 2 nRanks 3 nNodes 1 localRanks 3 localRank 2 MNNVL 0
ts55-master-0:910091:923654 [1] NCCL INFO Trees [0] 2/-1/-1->1->0 [1] 2/-1/-1->1->0 [2] 2/-1/-1->1->0 [3] 2/-1/-1->1->0 [4] 2/-1/-1->1->0 [5] 2/-1/-1->1->0 [6] 2/-1/-1->1->0 [7] 2/-1/-1->1->0 [8] 2/-1/-1->1->0 [9] 2/-1/-1->1->0 [10] 2/-1/-1->1->0 [11] 2/-1/-1->1->0 [12] 2/-1/-1->1->0 [13] 2/-1/-1->1->0 [14] 2/-1/-1->1->0 [15] 2/-1/-1->1->0 [16] 2/-1/-1->1->0 [17] 2/-1/-1->1->0 [18] 2/-1/-1->1->0 [19] 2/-1/-1->1->0 [20] 2/-1/-1->1->0 [21] 2/-1/-1->1->0 [22] 2/-1/-1->1->0 [23] 2/-1/-1->1->0
ts55-master-0:910091:923654 [1] NCCL INFO P2P Chunksize set to 524288
ts55-master-0:910091:923653 [0] NCCL INFO Channel 00/24 :    0   1   2
ts55-master-0:910091:923653 [0] NCCL INFO Channel 01/24 :    0   1   2
ts55-master-0:910091:923653 [0] NCCL INFO Channel 02/24 :    0   1   2
ts55-master-0:910091:923653 [0] NCCL INFO Channel 03/24 :    0   1   2
ts55-master-0:910091:923653 [0] NCCL INFO Channel 04/24 :    0   1   2
ts55-master-0:910091:923653 [0] NCCL INFO Channel 05/24 :    0   1   2
ts55-master-0:910091:923653 [0] NCCL INFO Channel 06/24 :    0   1   2
ts55-master-0:910091:923653 [0] NCCL INFO Channel 07/24 :    0   1   2
ts55-master-0:910091:923653 [0] NCCL INFO Channel 08/24 :    0   1   2
ts55-master-0:910091:923655 [2] NCCL INFO Trees [0] -1/-1/-1->2->1 [1] -1/-1/-1->2->1 [2] -1/-1/-1->2->1 [3] -1/-1/-1->2->1 [4] -1/-1/-1->2->1 [5] -1/-1/-1->2->1 [6] -1/-1/-1->2->1 [7] -1/-1/-1->2->1 [8] -1/-1/-1->2->1 [9] -1/-1/-1->2->1 [10] -1/-1/-1->2->1 [11] -1/-1/-1->2->1 [12] -1/-1/-1->2->1 [13] -1/-1/-1->2->1 [14] -1/-1/-1->2->1 [15] -1/-1/-1->2->1 [16] -1/-1/-1->2->1 [17] -1/-1/-1->2->1 [18] -1/-1/-1->2->1 [19] -1/-1/-1->2->1 [20] -1/-1/-1->2->1 [21] -1/-1/-1->2->1 [22] -1/-1/-1->2->1 [23] -1/-1/-1->2->1
ts55-master-0:910091:923653 [0] NCCL INFO Channel 09/24 :    0   1   2
ts55-master-0:910091:923653 [0] NCCL INFO Channel 10/24 :    0   1   2
ts55-master-0:910091:923653 [0] NCCL INFO Channel 11/24 :    0   1   2
ts55-master-0:910091:923653 [0] NCCL INFO Channel 12/24 :    0   1   2
ts55-master-0:910091:923653 [0] NCCL INFO Channel 13/24 :    0   1   2
ts55-master-0:910091:923653 [0] NCCL INFO Channel 14/24 :    0   1   2
ts55-master-0:910091:923653 [0] NCCL INFO Channel 15/24 :    0   1   2
ts55-master-0:910091:923653 [0] NCCL INFO Channel 16/24 :    0   1   2
ts55-master-0:910091:923653 [0] NCCL INFO Channel 17/24 :    0   1   2
ts55-master-0:910091:923653 [0] NCCL INFO Channel 18/24 :    0   1   2
ts55-master-0:910091:923653 [0] NCCL INFO Channel 19/24 :    0   1   2
ts55-master-0:910091:923653 [0] NCCL INFO Channel 20/24 :    0   1   2
ts55-master-0:910091:923653 [0] NCCL INFO Channel 21/24 :    0   1   2
ts55-master-0:910091:923653 [0] NCCL INFO Channel 22/24 :    0   1   2
ts55-master-0:910091:923653 [0] NCCL INFO Channel 23/24 :    0   1   2
ts55-master-0:910091:923655 [2] NCCL INFO P2P Chunksize set to 524288
ts55-master-0:910091:923653 [0] NCCL INFO Trees [0] 1/-1/-1->0->-1 [1] 1/-1/-1->0->-1 [2] 1/-1/-1->0->-1 [3] 1/-1/-1->0->-1 [4] 1/-1/-1->0->-1 [5] 1/-1/-1->0->-1 [6] 1/-1/-1->0->-1 [7] 1/-1/-1->0->-1 [8] 1/-1/-1->0->-1 [9] 1/-1/-1->0->-1 [10] 1/-1/-1->0->-1 [11] 1/-1/-1->0->-1 [12] 1/-1/-1->0->-1 [13] 1/-1/-1->0->-1 [14] 1/-1/-1->0->-1 [15] 1/-1/-1->0->-1 [16] 1/-1/-1->0->-1 [17] 1/-1/-1->0->-1 [18] 1/-1/-1->0->-1 [19] 1/-1/-1->0->-1 [20] 1/-1/-1->0->-1 [21] 1/-1/-1->0->-1 [22] 1/-1/-1->0->-1 [23] 1/-1/-1->0->-1
ts55-master-0:910091:923653 [0] NCCL INFO P2P Chunksize set to 524288
ts55-master-0:910091:923654 [1] NCCL INFO Channel 00/0 : 1[1] -> 2[2] via P2P/direct pointer/read
ts55-master-0:910091:923654 [1] NCCL INFO Channel 01/0 : 1[1] -> 2[2] via P2P/direct pointer/read
ts55-master-0:910091:923654 [1] NCCL INFO Channel 02/0 : 1[1] -> 2[2] via P2P/direct pointer/read
ts55-master-0:910091:923654 [1] NCCL INFO Channel 03/0 : 1[1] -> 2[2] via P2P/direct pointer/read
ts55-master-0:910091:923654 [1] NCCL INFO Channel 04/0 : 1[1] -> 2[2] via P2P/direct pointer/read
ts55-master-0:910091:923654 [1] NCCL INFO Channel 05/0 : 1[1] -> 2[2] via P2P/direct pointer/read
ts55-master-0:910091:923654 [1] NCCL INFO Channel 06/0 : 1[1] -> 2[2] via P2P/direct pointer/read
ts55-master-0:910091:923654 [1] NCCL INFO Channel 07/0 : 1[1] -> 2[2] via P2P/direct pointer/read
ts55-master-0:910091:923654 [1] NCCL INFO Channel 08/0 : 1[1] -> 2[2] via P2P/direct pointer/read
ts55-master-0:910091:923654 [1] NCCL INFO Channel 09/0 : 1[1] -> 2[2] via P2P/direct pointer/read
ts55-master-0:910091:923654 [1] NCCL INFO Channel 10/0 : 1[1] -> 2[2] via P2P/direct pointer/read
ts55-master-0:910091:923654 [1] NCCL INFO Channel 11/0 : 1[1] -> 2[2] via P2P/direct pointer/read
ts55-master-0:910091:923655 [2] NCCL INFO Channel 00/0 : 2[2] -> 0[0] via P2P/direct pointer/read
ts55-master-0:910091:923654 [1] NCCL INFO Channel 12/0 : 1[1] -> 2[2] via P2P/direct pointer/read
ts55-master-0:910091:923653 [0] NCCL INFO Channel 00/0 : 0[0] -> 1[1] via P2P/direct pointer/read
ts55-master-0:910091:923655 [2] NCCL INFO Channel 01/0 : 2[2] -> 0[0] via P2P/direct pointer/read
ts55-master-0:910091:923654 [1] NCCL INFO Channel 13/0 : 1[1] -> 2[2] via P2P/direct pointer/read
ts55-master-0:910091:923653 [0] NCCL INFO Channel 01/0 : 0[0] -> 1[1] via P2P/direct pointer/read
ts55-master-0:910091:923655 [2] NCCL INFO Channel 02/0 : 2[2] -> 0[0] via P2P/direct pointer/read
ts55-master-0:910091:923654 [1] NCCL INFO Channel 14/0 : 1[1] -> 2[2] via P2P/direct pointer/read
ts55-master-0:910091:923653 [0] NCCL INFO Channel 02/0 : 0[0] -> 1[1] via P2P/direct pointer/read
ts55-master-0:910091:923655 [2] NCCL INFO Channel 03/0 : 2[2] -> 0[0] via P2P/direct pointer/read
ts55-master-0:910091:923654 [1] NCCL INFO Channel 15/0 : 1[1] -> 2[2] via P2P/direct pointer/read
ts55-master-0:910091:923653 [0] NCCL INFO Channel 03/0 : 0[0] -> 1[1] via P2P/direct pointer/read
ts55-master-0:910091:923655 [2] NCCL INFO Channel 04/0 : 2[2] -> 0[0] via P2P/direct pointer/read
ts55-master-0:910091:923654 [1] NCCL INFO Channel 16/0 : 1[1] -> 2[2] via P2P/direct pointer/read
ts55-master-0:910091:923653 [0] NCCL INFO Channel 04/0 : 0[0] -> 1[1] via P2P/direct pointer/read
ts55-master-0:910091:923655 [2] NCCL INFO Channel 05/0 : 2[2] -> 0[0] via P2P/direct pointer/read
ts55-master-0:910091:923654 [1] NCCL INFO Channel 17/0 : 1[1] -> 2[2] via P2P/direct pointer/read
ts55-master-0:910091:923653 [0] NCCL INFO Channel 05/0 : 0[0] -> 1[1] via P2P/direct pointer/read
ts55-master-0:910091:923655 [2] NCCL INFO Channel 06/0 : 2[2] -> 0[0] via P2P/direct pointer/read
ts55-master-0:910091:923654 [1] NCCL INFO Channel 18/0 : 1[1] -> 2[2] via P2P/direct pointer/read
ts55-master-0:910091:923653 [0] NCCL INFO Channel 06/0 : 0[0] -> 1[1] via P2P/direct pointer/read
ts55-master-0:910091:923655 [2] NCCL INFO Channel 07/0 : 2[2] -> 0[0] via P2P/direct pointer/read
ts55-master-0:910091:923654 [1] NCCL INFO Channel 19/0 : 1[1] -> 2[2] via P2P/direct pointer/read
ts55-master-0:910091:923653 [0] NCCL INFO Channel 07/0 : 0[0] -> 1[1] via P2P/direct pointer/read
ts55-master-0:910091:923655 [2] NCCL INFO Channel 08/0 : 2[2] -> 0[0] via P2P/direct pointer/read
ts55-master-0:910091:923654 [1] NCCL INFO Channel 20/0 : 1[1] -> 2[2] via P2P/direct pointer/read
ts55-master-0:910091:923653 [0] NCCL INFO Channel 08/0 : 0[0] -> 1[1] via P2P/direct pointer/read
ts55-master-0:910091:923655 [2] NCCL INFO Channel 09/0 : 2[2] -> 0[0] via P2P/direct pointer/read
ts55-master-0:910091:923654 [1] NCCL INFO Channel 21/0 : 1[1] -> 2[2] via P2P/direct pointer/read
ts55-master-0:910091:923653 [0] NCCL INFO Channel 09/0 : 0[0] -> 1[1] via P2P/direct pointer/read
ts55-master-0:910091:923655 [2] NCCL INFO Channel 10/0 : 2[2] -> 0[0] via P2P/direct pointer/read
ts55-master-0:910091:923654 [1] NCCL INFO Channel 22/0 : 1[1] -> 2[2] via P2P/direct pointer/read
ts55-master-0:910091:923653 [0] NCCL INFO Channel 10/0 : 0[0] -> 1[1] via P2P/direct pointer/read
ts55-master-0:910091:923655 [2] NCCL INFO Channel 11/0 : 2[2] -> 0[0] via P2P/direct pointer/read
ts55-master-0:910091:923654 [1] NCCL INFO Channel 23/0 : 1[1] -> 2[2] via P2P/direct pointer/read
ts55-master-0:910091:923653 [0] NCCL INFO Channel 11/0 : 0[0] -> 1[1] via P2P/direct pointer/read
ts55-master-0:910091:923655 [2] NCCL INFO Channel 12/0 : 2[2] -> 0[0] via P2P/direct pointer/read
ts55-master-0:910091:923653 [0] NCCL INFO Channel 12/0 : 0[0] -> 1[1] via P2P/direct pointer/read
ts55-master-0:910091:923655 [2] NCCL INFO Channel 13/0 : 2[2] -> 0[0] via P2P/direct pointer/read
ts55-master-0:910091:923653 [0] NCCL INFO Channel 13/0 : 0[0] -> 1[1] via P2P/direct pointer/read
ts55-master-0:910091:923655 [2] NCCL INFO Channel 14/0 : 2[2] -> 0[0] via P2P/direct pointer/read
ts55-master-0:910091:923653 [0] NCCL INFO Channel 14/0 : 0[0] -> 1[1] via P2P/direct pointer/read
ts55-master-0:910091:923655 [2] NCCL INFO Channel 15/0 : 2[2] -> 0[0] via P2P/direct pointer/read
ts55-master-0:910091:923653 [0] NCCL INFO Channel 15/0 : 0[0] -> 1[1] via P2P/direct pointer/read
ts55-master-0:910091:923655 [2] NCCL INFO Channel 16/0 : 2[2] -> 0[0] via P2P/direct pointer/read
ts55-master-0:910091:923653 [0] NCCL INFO Channel 16/0 : 0[0] -> 1[1] via P2P/direct pointer/read
ts55-master-0:910091:923655 [2] NCCL INFO Channel 17/0 : 2[2] -> 0[0] via P2P/direct pointer/read
ts55-master-0:910091:923653 [0] NCCL INFO Channel 17/0 : 0[0] -> 1[1] via P2P/direct pointer/read
ts55-master-0:910091:923655 [2] NCCL INFO Channel 18/0 : 2[2] -> 0[0] via P2P/direct pointer/read
ts55-master-0:910091:923653 [0] NCCL INFO Channel 18/0 : 0[0] -> 1[1] via P2P/direct pointer/read
ts55-master-0:910091:923655 [2] NCCL INFO Channel 19/0 : 2[2] -> 0[0] via P2P/direct pointer/read
ts55-master-0:910091:923653 [0] NCCL INFO Channel 19/0 : 0[0] -> 1[1] via P2P/direct pointer/read
ts55-master-0:910091:923655 [2] NCCL INFO Channel 20/0 : 2[2] -> 0[0] via P2P/direct pointer/read
ts55-master-0:910091:923653 [0] NCCL INFO Channel 20/0 : 0[0] -> 1[1] via P2P/direct pointer/read
ts55-master-0:910091:923655 [2] NCCL INFO Channel 21/0 : 2[2] -> 0[0] via P2P/direct pointer/read
ts55-master-0:910091:923653 [0] NCCL INFO Channel 21/0 : 0[0] -> 1[1] via P2P/direct pointer/read
ts55-master-0:910091:923655 [2] NCCL INFO Channel 22/0 : 2[2] -> 0[0] via P2P/direct pointer/read
ts55-master-0:910091:923653 [0] NCCL INFO Channel 22/0 : 0[0] -> 1[1] via P2P/direct pointer/read
ts55-master-0:910091:923655 [2] NCCL INFO Channel 23/0 : 2[2] -> 0[0] via P2P/direct pointer/read
ts55-master-0:910091:923653 [0] NCCL INFO Channel 23/0 : 0[0] -> 1[1] via P2P/direct pointer/read
ts55-master-0:910091:923654 [1] NCCL INFO Connected all rings
ts55-master-0:910091:923655 [2] NCCL INFO Connected all rings
ts55-master-0:910091:923653 [0] NCCL INFO Connected all rings
ts55-master-0:910091:923655 [2] NCCL INFO Channel 00/0 : 2[2] -> 1[1] via P2P/direct pointer/read
ts55-master-0:910091:923655 [2] NCCL INFO Channel 01/0 : 2[2] -> 1[1] via P2P/direct pointer/read
ts55-master-0:910091:923655 [2] NCCL INFO Channel 02/0 : 2[2] -> 1[1] via P2P/direct pointer/read
ts55-master-0:910091:923655 [2] NCCL INFO Channel 03/0 : 2[2] -> 1[1] via P2P/direct pointer/read
ts55-master-0:910091:923655 [2] NCCL INFO Channel 04/0 : 2[2] -> 1[1] via P2P/direct pointer/read
ts55-master-0:910091:923655 [2] NCCL INFO Channel 05/0 : 2[2] -> 1[1] via P2P/direct pointer/read
ts55-master-0:910091:923655 [2] NCCL INFO Channel 06/0 : 2[2] -> 1[1] via P2P/direct pointer/read
ts55-master-0:910091:923655 [2] NCCL INFO Channel 07/0 : 2[2] -> 1[1] via P2P/direct pointer/read
ts55-master-0:910091:923655 [2] NCCL INFO Channel 08/0 : 2[2] -> 1[1] via P2P/direct pointer/read
ts55-master-0:910091:923655 [2] NCCL INFO Channel 09/0 : 2[2] -> 1[1] via P2P/direct pointer/read
ts55-master-0:910091:923655 [2] NCCL INFO Channel 10/0 : 2[2] -> 1[1] via P2P/direct pointer/read
ts55-master-0:910091:923655 [2] NCCL INFO Channel 11/0 : 2[2] -> 1[1] via P2P/direct pointer/read
ts55-master-0:910091:923655 [2] NCCL INFO Channel 12/0 : 2[2] -> 1[1] via P2P/direct pointer/read
ts55-master-0:910091:923655 [2] NCCL INFO Channel 13/0 : 2[2] -> 1[1] via P2P/direct pointer/read
ts55-master-0:910091:923655 [2] NCCL INFO Channel 14/0 : 2[2] -> 1[1] via P2P/direct pointer/read
ts55-master-0:910091:923655 [2] NCCL INFO Channel 15/0 : 2[2] -> 1[1] via P2P/direct pointer/read
ts55-master-0:910091:923655 [2] NCCL INFO Channel 16/0 : 2[2] -> 1[1] via P2P/direct pointer/read
ts55-master-0:910091:923655 [2] NCCL INFO Channel 17/0 : 2[2] -> 1[1] via P2P/direct pointer/read
ts55-master-0:910091:923655 [2] NCCL INFO Channel 18/0 : 2[2] -> 1[1] via P2P/direct pointer/read
ts55-master-0:910091:923655 [2] NCCL INFO Channel 19/0 : 2[2] -> 1[1] via P2P/direct pointer/read
ts55-master-0:910091:923655 [2] NCCL INFO Channel 20/0 : 2[2] -> 1[1] via P2P/direct pointer/read
ts55-master-0:910091:923655 [2] NCCL INFO Channel 21/0 : 2[2] -> 1[1] via P2P/direct pointer/read
ts55-master-0:910091:923654 [1] NCCL INFO Channel 00/0 : 1[1] -> 0[0] via P2P/direct pointer/read
ts55-master-0:910091:923655 [2] NCCL INFO Channel 22/0 : 2[2] -> 1[1] via P2P/direct pointer/read
ts55-master-0:910091:923654 [1] NCCL INFO Channel 01/0 : 1[1] -> 0[0] via P2P/direct pointer/read
ts55-master-0:910091:923655 [2] NCCL INFO Channel 23/0 : 2[2] -> 1[1] via P2P/direct pointer/read
ts55-master-0:910091:923654 [1] NCCL INFO Channel 02/0 : 1[1] -> 0[0] via P2P/direct pointer/read
ts55-master-0:910091:923654 [1] NCCL INFO Channel 03/0 : 1[1] -> 0[0] via P2P/direct pointer/read
ts55-master-0:910091:923654 [1] NCCL INFO Channel 04/0 : 1[1] -> 0[0] via P2P/direct pointer/read
ts55-master-0:910091:923654 [1] NCCL INFO Channel 05/0 : 1[1] -> 0[0] via P2P/direct pointer/read
ts55-master-0:910091:923654 [1] NCCL INFO Channel 06/0 : 1[1] -> 0[0] via P2P/direct pointer/read
ts55-master-0:910091:923654 [1] NCCL INFO Channel 07/0 : 1[1] -> 0[0] via P2P/direct pointer/read
ts55-master-0:910091:923654 [1] NCCL INFO Channel 08/0 : 1[1] -> 0[0] via P2P/direct pointer/read
ts55-master-0:910091:923654 [1] NCCL INFO Channel 09/0 : 1[1] -> 0[0] via P2P/direct pointer/read
ts55-master-0:910091:923654 [1] NCCL INFO Channel 10/0 : 1[1] -> 0[0] via P2P/direct pointer/read
ts55-master-0:910091:923654 [1] NCCL INFO Channel 11/0 : 1[1] -> 0[0] via P2P/direct pointer/read
ts55-master-0:910091:923654 [1] NCCL INFO Channel 12/0 : 1[1] -> 0[0] via P2P/direct pointer/read
ts55-master-0:910091:923654 [1] NCCL INFO Channel 13/0 : 1[1] -> 0[0] via P2P/direct pointer/read
ts55-master-0:910091:923654 [1] NCCL INFO Channel 14/0 : 1[1] -> 0[0] via P2P/direct pointer/read
ts55-master-0:910091:923654 [1] NCCL INFO Channel 15/0 : 1[1] -> 0[0] via P2P/direct pointer/read
ts55-master-0:910091:923654 [1] NCCL INFO Channel 16/0 : 1[1] -> 0[0] via P2P/direct pointer/read
ts55-master-0:910091:923654 [1] NCCL INFO Channel 17/0 : 1[1] -> 0[0] via P2P/direct pointer/read
ts55-master-0:910091:923654 [1] NCCL INFO Channel 18/0 : 1[1] -> 0[0] via P2P/direct pointer/read
ts55-master-0:910091:923654 [1] NCCL INFO Channel 19/0 : 1[1] -> 0[0] via P2P/direct pointer/read
ts55-master-0:910091:923654 [1] NCCL INFO Channel 20/0 : 1[1] -> 0[0] via P2P/direct pointer/read
ts55-master-0:910091:923654 [1] NCCL INFO Channel 21/0 : 1[1] -> 0[0] via P2P/direct pointer/read
ts55-master-0:910091:923654 [1] NCCL INFO Channel 22/0 : 1[1] -> 0[0] via P2P/direct pointer/read
ts55-master-0:910091:923654 [1] NCCL INFO Channel 23/0 : 1[1] -> 0[0] via P2P/direct pointer/read
ts55-master-0:910091:923653 [0] NCCL INFO Connected all trees
ts55-master-0:910091:923655 [2] NCCL INFO Connected all trees
ts55-master-0:910091:923654 [1] NCCL INFO Connected all trees
ts55-master-0:910091:923655 [2] NCCL INFO threadThresholds 8/8/64 | 24/8/64 | 512 | 512
ts55-master-0:910091:923655 [2] NCCL INFO 24 coll channels, 0 collnet channels, 0 nvls channels, 32 p2p channels, 32 p2p channels per peer
ts55-master-0:910091:923654 [1] NCCL INFO threadThresholds 8/8/64 | 24/8/64 | 512 | 512
ts55-master-0:910091:923654 [1] NCCL INFO 24 coll channels, 0 collnet channels, 0 nvls channels, 32 p2p channels, 32 p2p channels per peer
ts55-master-0:910091:923653 [0] NCCL INFO threadThresholds 8/8/64 | 24/8/64 | 512 | 512
ts55-master-0:910091:923653 [0] NCCL INFO 24 coll channels, 0 collnet channels, 0 nvls channels, 32 p2p channels, 32 p2p channels per peer
ts55-master-0:910091:923655 [2] NCCL INFO comm 0x11d61200 rank 2 nranks 3 cudaDev 2 nvmlDev 2 busId 65000 commId 0x60fd7a7e2eb4ba41 - Init COMPLETE
ts55-master-0:910091:923653 [0] NCCL INFO comm 0x11d97c50 rank 0 nranks 3 cudaDev 0 nvmlDev 0 busId 61000 commId 0x60fd7a7e2eb4ba41 - Init COMPLETE
ts55-master-0:910091:923654 [1] NCCL INFO comm 0x11d94080 rank 1 nranks 3 cudaDev 1 nvmlDev 1 busId 63000 commId 0x60fd7a7e2eb4ba41 - Init COMPLETE
Epoch: 1, Steps: 1100 | Train Loss: 0.3560867 Vali Loss: 0.2202769 Test Loss: 0.2518830
Validation loss decreased (inf --> 0.220277).  Saving model ...
Updating learning rate to 0.0001
	iters: 100, epoch: 2 | loss: 0.3277362
	speed: 3.2862s/iter; left time: 32208.2308s
	iters: 200, epoch: 2 | loss: 0.3238586
	speed: 1.3857s/iter; left time: 13442.7653s
	iters: 300, epoch: 2 | loss: 0.3215055
	speed: 1.3644s/iter; left time: 13099.2812s
	iters: 400, epoch: 2 | loss: 0.3255171
	speed: 1.2365s/iter; left time: 11748.2732s
	iters: 500, epoch: 2 | loss: 0.3427143
	speed: 1.1846s/iter; left time: 11136.1491s
	iters: 600, epoch: 2 | loss: 0.3630521
	speed: 1.2380s/iter; left time: 11514.4048s
	iters: 700, epoch: 2 | loss: 0.3612217
	speed: 0.8811s/iter; left time: 8107.2364s
	iters: 800, epoch: 2 | loss: 0.3416857
	speed: 1.3894s/iter; left time: 12644.9473s
	iters: 900, epoch: 2 | loss: 0.3507310
	speed: 1.3920s/iter; left time: 12529.1401s
	iters: 1000, epoch: 2 | loss: 0.3014160
	speed: 1.3902s/iter; left time: 12374.4241s
	iters: 1100, epoch: 2 | loss: 0.3133385
	speed: 1.3926s/iter; left time: 12255.8433s
Epoch: 2 cost time: 1424.864031791687
Epoch: 2, Steps: 1100 | Train Loss: 0.3333786 Vali Loss: 0.2189386 Test Loss: 0.2529495
Validation loss decreased (0.220277 --> 0.218939).  Saving model ...
Updating learning rate to 5e-05
	iters: 100, epoch: 3 | loss: 0.3342752
	speed: 3.3333s/iter; left time: 29003.3814s
	iters: 200, epoch: 3 | loss: 0.3501381
	speed: 1.3902s/iter; left time: 11957.3785s
	iters: 300, epoch: 3 | loss: 0.3122211
	speed: 1.3912s/iter; left time: 11826.9661s
	iters: 400, epoch: 3 | loss: 0.3761316
	speed: 1.3942s/iter; left time: 11712.7770s
	iters: 500, epoch: 3 | loss: 0.3301913
	speed: 1.3917s/iter; left time: 11552.4431s
	iters: 600, epoch: 3 | loss: 0.3231131
	speed: 1.3904s/iter; left time: 11402.6314s
	iters: 700, epoch: 3 | loss: 0.3307818
	speed: 1.3932s/iter; left time: 11286.0435s
	iters: 800, epoch: 3 | loss: 0.2944195
	speed: 1.3256s/iter; left time: 10606.2094s
	iters: 900, epoch: 3 | loss: 0.2970883
	speed: 1.2360s/iter; left time: 9765.2565s
	iters: 1000, epoch: 3 | loss: 0.3143272
	speed: 1.3067s/iter; left time: 10193.6159s
	iters: 1100, epoch: 3 | loss: 0.3106352
	speed: 1.3902s/iter; left time: 10705.6288s
Epoch: 3 cost time: 1500.3214814662933
Epoch: 3, Steps: 1100 | Train Loss: 0.3280422 Vali Loss: 0.2169570 Test Loss: 0.2510604
Validation loss decreased (0.218939 --> 0.216957).  Saving model ...
Updating learning rate to 2.5e-05
	iters: 100, epoch: 4 | loss: 0.3341614
	speed: 3.3392s/iter; left time: 25381.0363s
	iters: 200, epoch: 4 | loss: 0.4079425
	speed: 1.3886s/iter; left time: 10415.9642s
	iters: 300, epoch: 4 | loss: 0.2865754
	speed: 1.3849s/iter; left time: 10249.9812s
	iters: 400, epoch: 4 | loss: 0.2606907
	speed: 1.3899s/iter; left time: 10147.5315s
	iters: 500, epoch: 4 | loss: 0.2991447
	speed: 1.3913s/iter; left time: 10018.7242s
	iters: 600, epoch: 4 | loss: 0.3428198
	speed: 1.3892s/iter; left time: 9864.6286s
	iters: 700, epoch: 4 | loss: 0.3402034
	speed: 1.3841s/iter; left time: 9690.2078s
	iters: 800, epoch: 4 | loss: 0.2963000
	speed: 1.3874s/iter; left time: 9574.4103s
	iters: 900, epoch: 4 | loss: 0.2810690
	speed: 1.3883s/iter; left time: 9441.6382s
	iters: 1000, epoch: 4 | loss: 0.2890955
	speed: 1.3897s/iter; left time: 9312.2212s
	iters: 1100, epoch: 4 | loss: 0.3409005
	speed: 1.2136s/iter; left time: 8011.0497s
Epoch: 4 cost time: 1510.1911129951477
Epoch: 4, Steps: 1100 | Train Loss: 0.3257559 Vali Loss: 0.2120322 Test Loss: 0.2455846
Validation loss decreased (0.216957 --> 0.212032).  Saving model ...
Updating learning rate to 1.25e-05
	iters: 100, epoch: 5 | loss: 0.3118655
	speed: 3.2473s/iter; left time: 21110.9420s
	iters: 200, epoch: 5 | loss: 0.2924386
	speed: 1.3901s/iter; left time: 8898.1866s
	iters: 300, epoch: 5 | loss: 0.2880223
	speed: 1.3914s/iter; left time: 8767.3229s
	iters: 400, epoch: 5 | loss: 0.3008558
	speed: 1.3885s/iter; left time: 8609.9711s
	iters: 500, epoch: 5 | loss: 0.3368771
	speed: 1.3892s/iter; left time: 8475.5578s
	iters: 600, epoch: 5 | loss: 0.2987717
	speed: 1.3882s/iter; left time: 8330.5120s
	iters: 700, epoch: 5 | loss: 0.3330287
	speed: 1.3890s/iter; left time: 8196.4486s
	iters: 800, epoch: 5 | loss: 0.3007858
	speed: 1.3904s/iter; left time: 8065.8891s
	iters: 900, epoch: 5 | loss: 0.3287799
	speed: 1.3924s/iter; left time: 7938.1334s
	iters: 1000, epoch: 5 | loss: 0.3557743
	speed: 1.3895s/iter; left time: 7782.4622s
	iters: 1100, epoch: 5 | loss: 0.3039460
	speed: 1.3897s/iter; left time: 7644.7092s
Epoch: 5 cost time: 1529.8044877052307
Epoch: 5, Steps: 1100 | Train Loss: 0.3245326 Vali Loss: 0.2136511 Test Loss: 0.2437733
EarlyStopping counter: 1 out of 3
Updating learning rate to 6.25e-06
	iters: 100, epoch: 6 | loss: 0.3359062
	speed: 3.1724s/iter; left time: 17134.2706s
	iters: 200, epoch: 6 | loss: 0.2920408
	speed: 1.2157s/iter; left time: 6444.5016s
	iters: 300, epoch: 6 | loss: 0.3527853
	speed: 1.3478s/iter; left time: 7010.0854s
	iters: 400, epoch: 6 | loss: 0.2985662
	speed: 1.3905s/iter; left time: 7093.1148s
	iters: 500, epoch: 6 | loss: 0.3390422
	speed: 1.3895s/iter; left time: 6948.6824s
	iters: 600, epoch: 6 | loss: 0.2912832
	speed: 1.3912s/iter; left time: 6818.1713s
	iters: 700, epoch: 6 | loss: 0.3134114
	speed: 1.3878s/iter; left time: 6662.6740s
	iters: 800, epoch: 6 | loss: 0.3113207
	speed: 1.3871s/iter; left time: 6520.7900s
	iters: 900, epoch: 6 | loss: 0.3188504
	speed: 1.3893s/iter; left time: 6392.3658s
	iters: 1000, epoch: 6 | loss: 0.3066974
	speed: 1.3912s/iter; left time: 6261.8656s
	iters: 1100, epoch: 6 | loss: 0.3102265
	speed: 1.3856s/iter; left time: 6097.8677s
Epoch: 6 cost time: 1490.887844324112
Epoch: 6, Steps: 1100 | Train Loss: 0.3238895 Vali Loss: 0.2126534 Test Loss: 0.2450716
EarlyStopping counter: 2 out of 3
Updating learning rate to 3.125e-06
	iters: 100, epoch: 7 | loss: 0.3660763
	speed: 3.3317s/iter; left time: 14329.4655s
	iters: 200, epoch: 7 | loss: 0.3398598
	speed: 1.3904s/iter; left time: 5840.8921s
	iters: 300, epoch: 7 | loss: 0.3121904
	speed: 1.3464s/iter; left time: 5521.6613s
	iters: 400, epoch: 7 | loss: 0.2760949
	speed: 1.2005s/iter; left time: 4803.3859s
	iters: 500, epoch: 7 | loss: 0.3574764
	speed: 1.2296s/iter; left time: 4796.5816s
	iters: 600, epoch: 7 | loss: 0.3109639
	speed: 1.3884s/iter; left time: 5277.2248s
	iters: 700, epoch: 7 | loss: 0.3041852
	speed: 1.3898s/iter; left time: 5143.5993s
	iters: 800, epoch: 7 | loss: 0.3114859
	speed: 1.3883s/iter; left time: 4999.1840s
	iters: 900, epoch: 7 | loss: 0.2928164
	speed: 1.3894s/iter; left time: 4864.4436s
	iters: 1000, epoch: 7 | loss: 0.3436738
	speed: 1.3905s/iter; left time: 4729.0279s
	iters: 1100, epoch: 7 | loss: 0.2792509
	speed: 1.3932s/iter; left time: 4598.9991s
Epoch: 7 cost time: 1490.0009329319
Epoch: 7, Steps: 1100 | Train Loss: 0.3235245 Vali Loss: 0.2128069 Test Loss: 0.2435127
EarlyStopping counter: 3 out of 3
Early stopping
>>>>>>>testing : AGPT_loss_ECL_96_720_AGPT_PT_2048_fixedFalse_0.0001_0.001<<<<<<<<<<<<<<<<<<<<<<<<<<<<<<<<<
test 4541
test shape: (4541, 720, 321) (4541, 720, 321)
test shape: (4541, 720, 321) (4541, 720, 321)
mse:0.24550879001617432, mae:0.32316115498542786
================================================================================
Model Profiling Summary
Total Params             : 10,823,123
Inference Time (s)       : 0.322025
GPU Mem Footprint (MB)   : 168.82
Peak Mem (MB)            : 716.65
================================================================================
