  Num Workers:        10                  Itr:                1                   
  Train Epochs:       10                  Batch Size:         32                  
  Patience:           3                   Learning Rate:      0.001               
  Des:                Exp                 Loss:               MSE                 
  Lradj:              type1               Use Amp:            0                   

[1mGPU[0m
  Use GPU:            1                   GPU:                0                   
  Use Multi GPU:      1                   Devices:            0,1,2,3             

[1mDe-stationary Projector Params[0m
  P Hidden Dims:      128, 128            P Hidden Layers:    2                   

Use GPU: cuda:0
>>>>>>>start training : AGPT_loss_solar_96_192_AGPT_PT_2048_fixedFalse_0.001_0.001>>>>>>>>>>>>>>>>>>>>>>>>>>
train 36505
val 5065
test 10321
ts51-master-0:129635:129635 [0] NCCL INFO cudaDriverVersion 12020
ts51-master-0:129635:129635 [0] NCCL INFO Bootstrap : Using eth0:10.211.73.124<0>
ts51-master-0:129635:129635 [0] NCCL INFO NET/Plugin : dlerror=libnccl-net.so: cannot open shared object file: No such file or directory No plugin found (libnccl-net.so), using internal implementation
NCCL version 2.20.5+cuda12.4
ts51-master-0:129635:131482 [1] NCCL INFO NCCL_IB_DISABLE set by environment to 0.
ts51-master-0:129635:131482 [1] NCCL INFO NET/IB : No device found.
ts51-master-0:129635:131482 [1] NCCL INFO NET/Socket : Using [0]eth0:10.211.73.124<0>
ts51-master-0:129635:131482 [1] NCCL INFO Using non-device net plugin version 0
ts51-master-0:129635:131482 [1] NCCL INFO Using network Socket
ts51-master-0:129635:131484 [3] NCCL INFO Using non-device net plugin version 0
ts51-master-0:129635:131484 [3] NCCL INFO Using network Socket
ts51-master-0:129635:131483 [2] NCCL INFO Using non-device net plugin version 0
ts51-master-0:129635:131483 [2] NCCL INFO Using network Socket
ts51-master-0:129635:131481 [0] NCCL INFO Using non-device net plugin version 0
ts51-master-0:129635:131481 [0] NCCL INFO Using network Socket
ts51-master-0:129635:131483 [2] NCCL INFO comm 0x1439e7a0 rank 2 nranks 4 cudaDev 2 nvmlDev 2 busId 65000 commId 0x10ff1370f082d4db - Init START
ts51-master-0:129635:131481 [0] NCCL INFO comm 0x14393240 rank 0 nranks 4 cudaDev 0 nvmlDev 0 busId 61000 commId 0x10ff1370f082d4db - Init START
ts51-master-0:129635:131484 [3] NCCL INFO comm 0x143a34b0 rank 3 nranks 4 cudaDev 3 nvmlDev 3 busId 67000 commId 0x10ff1370f082d4db - Init START
ts51-master-0:129635:131482 [1] NCCL INFO comm 0x14399a90 rank 1 nranks 4 cudaDev 1 nvmlDev 1 busId 63000 commId 0x10ff1370f082d4db - Init START
ts51-master-0:129635:131482 [1] NCCL INFO Setting affinity for GPU 1 to 03ffffff,ffffffff
ts51-master-0:129635:131482 [1] NCCL INFO NVLS multicast support is not available on dev 1
ts51-master-0:129635:131484 [3] NCCL INFO Setting affinity for GPU 3 to 03ffffff,ffffffff
ts51-master-0:129635:131484 [3] NCCL INFO NVLS multicast support is not available on dev 3
ts51-master-0:129635:131481 [0] NCCL INFO Setting affinity for GPU 0 to 03ffffff,ffffffff
ts51-master-0:129635:131481 [0] NCCL INFO NVLS multicast support is not available on dev 0
ts51-master-0:129635:131483 [2] NCCL INFO Setting affinity for GPU 2 to 03ffffff,ffffffff
ts51-master-0:129635:131483 [2] NCCL INFO NVLS multicast support is not available on dev 2
ts51-master-0:129635:131483 [2] NCCL INFO comm 0x1439e7a0 rank 2 nRanks 4 nNodes 1 localRanks 4 localRank 2 MNNVL 0
ts51-master-0:129635:131482 [1] NCCL INFO comm 0x14399a90 rank 1 nRanks 4 nNodes 1 localRanks 4 localRank 1 MNNVL 0
ts51-master-0:129635:131481 [0] NCCL INFO comm 0x14393240 rank 0 nRanks 4 nNodes 1 localRanks 4 localRank 0 MNNVL 0
ts51-master-0:129635:131483 [2] NCCL INFO Trees [0] 3/-1/-1->2->1 [1] 3/-1/-1->2->1 [2] 3/-1/-1->2->1 [3] 3/-1/-1->2->1 [4] 3/-1/-1->2->1 [5] 3/-1/-1->2->1 [6] 3/-1/-1->2->1 [7] 3/-1/-1->2->1 [8] 3/-1/-1->2->1 [9] 3/-1/-1->2->1 [10] 3/-1/-1->2->1 [11] 3/-1/-1->2->1 [12] 3/-1/-1->2->1 [13] 3/-1/-1->2->1 [14] 3/-1/-1->2->1 [15] 3/-1/-1->2->1 [16] 3/-1/-1->2->1 [17] 3/-1/-1->2->1 [18] 3/-1/-1->2->1 [19] 3/-1/-1->2->1 [20] 3/-1/-1->2->1 [21] 3/-1/-1->2->1 [22] 3/-1/-1->2->1 [23] 3/-1/-1->2->1
ts51-master-0:129635:131481 [0] NCCL INFO Channel 00/24 :    0   1   2   3
ts51-master-0:129635:131484 [3] NCCL INFO comm 0x143a34b0 rank 3 nRanks 4 nNodes 1 localRanks 4 localRank 3 MNNVL 0
ts51-master-0:129635:131483 [2] NCCL INFO P2P Chunksize set to 524288
ts51-master-0:129635:131481 [0] NCCL INFO Channel 01/24 :    0   1   2   3
ts51-master-0:129635:131481 [0] NCCL INFO Channel 02/24 :    0   1   2   3
ts51-master-0:129635:131482 [1] NCCL INFO Trees [0] 2/-1/-1->1->0 [1] 2/-1/-1->1->0 [2] 2/-1/-1->1->0 [3] 2/-1/-1->1->0 [4] 2/-1/-1->1->0 [5] 2/-1/-1->1->0 [6] 2/-1/-1->1->0 [7] 2/-1/-1->1->0 [8] 2/-1/-1->1->0 [9] 2/-1/-1->1->0 [10] 2/-1/-1->1->0 [11] 2/-1/-1->1->0 [12] 2/-1/-1->1->0 [13] 2/-1/-1->1->0 [14] 2/-1/-1->1->0 [15] 2/-1/-1->1->0 [16] 2/-1/-1->1->0 [17] 2/-1/-1->1->0 [18] 2/-1/-1->1->0 [19] 2/-1/-1->1->0 [20] 2/-1/-1->1->0 [21] 2/-1/-1->1->0 [22] 2/-1/-1->1->0 [23] 2/-1/-1->1->0
ts51-master-0:129635:131481 [0] NCCL INFO Channel 03/24 :    0   1   2   3
ts51-master-0:129635:131481 [0] NCCL INFO Channel 04/24 :    0   1   2   3
ts51-master-0:129635:131481 [0] NCCL INFO Channel 05/24 :    0   1   2   3
ts51-master-0:129635:131481 [0] NCCL INFO Channel 06/24 :    0   1   2   3
ts51-master-0:129635:131481 [0] NCCL INFO Channel 07/24 :    0   1   2   3
ts51-master-0:129635:131481 [0] NCCL INFO Channel 08/24 :    0   1   2   3
ts51-master-0:129635:131481 [0] NCCL INFO Channel 09/24 :    0   1   2   3
ts51-master-0:129635:131481 [0] NCCL INFO Channel 10/24 :    0   1   2   3
ts51-master-0:129635:131481 [0] NCCL INFO Channel 11/24 :    0   1   2   3
ts51-master-0:129635:131481 [0] NCCL INFO Channel 12/24 :    0   1   2   3
ts51-master-0:129635:131481 [0] NCCL INFO Channel 13/24 :    0   1   2   3
ts51-master-0:129635:131481 [0] NCCL INFO Channel 14/24 :    0   1   2   3
ts51-master-0:129635:131481 [0] NCCL INFO Channel 15/24 :    0   1   2   3
ts51-master-0:129635:131481 [0] NCCL INFO Channel 16/24 :    0   1   2   3
ts51-master-0:129635:131481 [0] NCCL INFO Channel 17/24 :    0   1   2   3
ts51-master-0:129635:131481 [0] NCCL INFO Channel 18/24 :    0   1   2   3
ts51-master-0:129635:131481 [0] NCCL INFO Channel 19/24 :    0   1   2   3
ts51-master-0:129635:131481 [0] NCCL INFO Channel 20/24 :    0   1   2   3
ts51-master-0:129635:131481 [0] NCCL INFO Channel 21/24 :    0   1   2   3
ts51-master-0:129635:131481 [0] NCCL INFO Channel 22/24 :    0   1   2   3
ts51-master-0:129635:131481 [0] NCCL INFO Channel 23/24 :    0   1   2   3
ts51-master-0:129635:131484 [3] NCCL INFO Trees [0] -1/-1/-1->3->2 [1] -1/-1/-1->3->2 [2] -1/-1/-1->3->2 [3] -1/-1/-1->3->2 [4] -1/-1/-1->3->2 [5] -1/-1/-1->3->2 [6] -1/-1/-1->3->2 [7] -1/-1/-1->3->2 [8] -1/-1/-1->3->2 [9] -1/-1/-1->3->2 [10] -1/-1/-1->3->2 [11] -1/-1/-1->3->2 [12] -1/-1/-1->3->2 [13] -1/-1/-1->3->2 [14] -1/-1/-1->3->2 [15] -1/-1/-1->3->2 [16] -1/-1/-1->3->2 [17] -1/-1/-1->3->2 [18] -1/-1/-1->3->2 [19] -1/-1/-1->3->2 [20] -1/-1/-1->3->2 [21] -1/-1/-1->3->2 [22] -1/-1/-1->3->2 [23] -1/-1/-1->3->2
ts51-master-0:129635:131482 [1] NCCL INFO P2P Chunksize set to 524288
ts51-master-0:129635:131484 [3] NCCL INFO P2P Chunksize set to 524288
ts51-master-0:129635:131481 [0] NCCL INFO Trees [0] 1/-1/-1->0->-1 [1] 1/-1/-1->0->-1 [2] 1/-1/-1->0->-1 [3] 1/-1/-1->0->-1 [4] 1/-1/-1->0->-1 [5] 1/-1/-1->0->-1 [6] 1/-1/-1->0->-1 [7] 1/-1/-1->0->-1 [8] 1/-1/-1->0->-1 [9] 1/-1/-1->0->-1 [10] 1/-1/-1->0->-1 [11] 1/-1/-1->0->-1 [12] 1/-1/-1->0->-1 [13] 1/-1/-1->0->-1 [14] 1/-1/-1->0->-1 [15] 1/-1/-1->0->-1 [16] 1/-1/-1->0->-1 [17] 1/-1/-1->0->-1 [18] 1/-1/-1->0->-1 [19] 1/-1/-1->0->-1 [20] 1/-1/-1->0->-1 [21] 1/-1/-1->0->-1 [22] 1/-1/-1->0->-1 [23] 1/-1/-1->0->-1
ts51-master-0:129635:131481 [0] NCCL INFO P2P Chunksize set to 524288
ts51-master-0:129635:131484 [3] NCCL INFO Channel 00/0 : 3[3] -> 0[0] via P2P/direct pointer/read
ts51-master-0:129635:131482 [1] NCCL INFO Channel 00/0 : 1[1] -> 2[2] via P2P/direct pointer/read
ts51-master-0:129635:131483 [2] NCCL INFO Channel 00/0 : 2[2] -> 3[3] via P2P/direct pointer/read
ts51-master-0:129635:131484 [3] NCCL INFO Channel 01/0 : 3[3] -> 0[0] via P2P/direct pointer/read
ts51-master-0:129635:131482 [1] NCCL INFO Channel 01/0 : 1[1] -> 2[2] via P2P/direct pointer/read
ts51-master-0:129635:131483 [2] NCCL INFO Channel 01/0 : 2[2] -> 3[3] via P2P/direct pointer/read
ts51-master-0:129635:131484 [3] NCCL INFO Channel 02/0 : 3[3] -> 0[0] via P2P/direct pointer/read
ts51-master-0:129635:131482 [1] NCCL INFO Channel 02/0 : 1[1] -> 2[2] via P2P/direct pointer/read
ts51-master-0:129635:131483 [2] NCCL INFO Channel 02/0 : 2[2] -> 3[3] via P2P/direct pointer/read
ts51-master-0:129635:131484 [3] NCCL INFO Channel 03/0 : 3[3] -> 0[0] via P2P/direct pointer/read
ts51-master-0:129635:131482 [1] NCCL INFO Channel 03/0 : 1[1] -> 2[2] via P2P/direct pointer/read
ts51-master-0:129635:131483 [2] NCCL INFO Channel 03/0 : 2[2] -> 3[3] via P2P/direct pointer/read
ts51-master-0:129635:131484 [3] NCCL INFO Channel 04/0 : 3[3] -> 0[0] via P2P/direct pointer/read
ts51-master-0:129635:131482 [1] NCCL INFO Channel 04/0 : 1[1] -> 2[2] via P2P/direct pointer/read
ts51-master-0:129635:131483 [2] NCCL INFO Channel 04/0 : 2[2] -> 3[3] via P2P/direct pointer/read
ts51-master-0:129635:131484 [3] NCCL INFO Channel 05/0 : 3[3] -> 0[0] via P2P/direct pointer/read
ts51-master-0:129635:131482 [1] NCCL INFO Channel 05/0 : 1[1] -> 2[2] via P2P/direct pointer/read
ts51-master-0:129635:131483 [2] NCCL INFO Channel 05/0 : 2[2] -> 3[3] via P2P/direct pointer/read
ts51-master-0:129635:131484 [3] NCCL INFO Channel 06/0 : 3[3] -> 0[0] via P2P/direct pointer/read
ts51-master-0:129635:131482 [1] NCCL INFO Channel 06/0 : 1[1] -> 2[2] via P2P/direct pointer/read
ts51-master-0:129635:131483 [2] NCCL INFO Channel 06/0 : 2[2] -> 3[3] via P2P/direct pointer/read
ts51-master-0:129635:131484 [3] NCCL INFO Channel 07/0 : 3[3] -> 0[0] via P2P/direct pointer/read
ts51-master-0:129635:131482 [1] NCCL INFO Channel 07/0 : 1[1] -> 2[2] via P2P/direct pointer/read
ts51-master-0:129635:131483 [2] NCCL INFO Channel 07/0 : 2[2] -> 3[3] via P2P/direct pointer/read
ts51-master-0:129635:131484 [3] NCCL INFO Channel 08/0 : 3[3] -> 0[0] via P2P/direct pointer/read
ts51-master-0:129635:131482 [1] NCCL INFO Channel 08/0 : 1[1] -> 2[2] via P2P/direct pointer/read
ts51-master-0:129635:131483 [2] NCCL INFO Channel 08/0 : 2[2] -> 3[3] via P2P/direct pointer/read
ts51-master-0:129635:131484 [3] NCCL INFO Channel 09/0 : 3[3] -> 0[0] via P2P/direct pointer/read
ts51-master-0:129635:131482 [1] NCCL INFO Channel 09/0 : 1[1] -> 2[2] via P2P/direct pointer/read
ts51-master-0:129635:131483 [2] NCCL INFO Channel 09/0 : 2[2] -> 3[3] via P2P/direct pointer/read
ts51-master-0:129635:131484 [3] NCCL INFO Channel 10/0 : 3[3] -> 0[0] via P2P/direct pointer/read
ts51-master-0:129635:131482 [1] NCCL INFO Channel 10/0 : 1[1] -> 2[2] via P2P/direct pointer/read
ts51-master-0:129635:131483 [2] NCCL INFO Channel 10/0 : 2[2] -> 3[3] via P2P/direct pointer/read
ts51-master-0:129635:131484 [3] NCCL INFO Channel 11/0 : 3[3] -> 0[0] via P2P/direct pointer/read
ts51-master-0:129635:131482 [1] NCCL INFO Channel 11/0 : 1[1] -> 2[2] via P2P/direct pointer/read
ts51-master-0:129635:131483 [2] NCCL INFO Channel 11/0 : 2[2] -> 3[3] via P2P/direct pointer/read
ts51-master-0:129635:131484 [3] NCCL INFO Channel 12/0 : 3[3] -> 0[0] via P2P/direct pointer/read
ts51-master-0:129635:131482 [1] NCCL INFO Channel 12/0 : 1[1] -> 2[2] via P2P/direct pointer/read
ts51-master-0:129635:131483 [2] NCCL INFO Channel 12/0 : 2[2] -> 3[3] via P2P/direct pointer/read
ts51-master-0:129635:131484 [3] NCCL INFO Channel 13/0 : 3[3] -> 0[0] via P2P/direct pointer/read
ts51-master-0:129635:131482 [1] NCCL INFO Channel 13/0 : 1[1] -> 2[2] via P2P/direct pointer/read
ts51-master-0:129635:131483 [2] NCCL INFO Channel 13/0 : 2[2] -> 3[3] via P2P/direct pointer/read
ts51-master-0:129635:131484 [3] NCCL INFO Channel 14/0 : 3[3] -> 0[0] via P2P/direct pointer/read
ts51-master-0:129635:131482 [1] NCCL INFO Channel 14/0 : 1[1] -> 2[2] via P2P/direct pointer/read
ts51-master-0:129635:131483 [2] NCCL INFO Channel 14/0 : 2[2] -> 3[3] via P2P/direct pointer/read
ts51-master-0:129635:131484 [3] NCCL INFO Channel 15/0 : 3[3] -> 0[0] via P2P/direct pointer/read
ts51-master-0:129635:131482 [1] NCCL INFO Channel 15/0 : 1[1] -> 2[2] via P2P/direct pointer/read
ts51-master-0:129635:131483 [2] NCCL INFO Channel 15/0 : 2[2] -> 3[3] via P2P/direct pointer/read
ts51-master-0:129635:131484 [3] NCCL INFO Channel 16/0 : 3[3] -> 0[0] via P2P/direct pointer/read
ts51-master-0:129635:131482 [1] NCCL INFO Channel 16/0 : 1[1] -> 2[2] via P2P/direct pointer/read
ts51-master-0:129635:131483 [2] NCCL INFO Channel 16/0 : 2[2] -> 3[3] via P2P/direct pointer/read
ts51-master-0:129635:131484 [3] NCCL INFO Channel 17/0 : 3[3] -> 0[0] via P2P/direct pointer/read
ts51-master-0:129635:131482 [1] NCCL INFO Channel 17/0 : 1[1] -> 2[2] via P2P/direct pointer/read
ts51-master-0:129635:131483 [2] NCCL INFO Channel 17/0 : 2[2] -> 3[3] via P2P/direct pointer/read
ts51-master-0:129635:131484 [3] NCCL INFO Channel 18/0 : 3[3] -> 0[0] via P2P/direct pointer/read
ts51-master-0:129635:131482 [1] NCCL INFO Channel 18/0 : 1[1] -> 2[2] via P2P/direct pointer/read
ts51-master-0:129635:131483 [2] NCCL INFO Channel 18/0 : 2[2] -> 3[3] via P2P/direct pointer/read
ts51-master-0:129635:131484 [3] NCCL INFO Channel 19/0 : 3[3] -> 0[0] via P2P/direct pointer/read
ts51-master-0:129635:131482 [1] NCCL INFO Channel 19/0 : 1[1] -> 2[2] via P2P/direct pointer/read
ts51-master-0:129635:131483 [2] NCCL INFO Channel 19/0 : 2[2] -> 3[3] via P2P/direct pointer/read
ts51-master-0:129635:131484 [3] NCCL INFO Channel 20/0 : 3[3] -> 0[0] via P2P/direct pointer/read
ts51-master-0:129635:131482 [1] NCCL INFO Channel 20/0 : 1[1] -> 2[2] via P2P/direct pointer/read
ts51-master-0:129635:131483 [2] NCCL INFO Channel 20/0 : 2[2] -> 3[3] via P2P/direct pointer/read
ts51-master-0:129635:131484 [3] NCCL INFO Channel 21/0 : 3[3] -> 0[0] via P2P/direct pointer/read
ts51-master-0:129635:131482 [1] NCCL INFO Channel 21/0 : 1[1] -> 2[2] via P2P/direct pointer/read
ts51-master-0:129635:131483 [2] NCCL INFO Channel 21/0 : 2[2] -> 3[3] via P2P/direct pointer/read
ts51-master-0:129635:131484 [3] NCCL INFO Channel 22/0 : 3[3] -> 0[0] via P2P/direct pointer/read
ts51-master-0:129635:131482 [1] NCCL INFO Channel 22/0 : 1[1] -> 2[2] via P2P/direct pointer/read
ts51-master-0:129635:131483 [2] NCCL INFO Channel 22/0 : 2[2] -> 3[3] via P2P/direct pointer/read
ts51-master-0:129635:131484 [3] NCCL INFO Channel 23/0 : 3[3] -> 0[0] via P2P/direct pointer/read
ts51-master-0:129635:131482 [1] NCCL INFO Channel 23/0 : 1[1] -> 2[2] via P2P/direct pointer/read
ts51-master-0:129635:131483 [2] NCCL INFO Channel 23/0 : 2[2] -> 3[3] via P2P/direct pointer/read
ts51-master-0:129635:131481 [0] NCCL INFO Channel 00/0 : 0[0] -> 1[1] via P2P/direct pointer/read
ts51-master-0:129635:131481 [0] NCCL INFO Channel 01/0 : 0[0] -> 1[1] via P2P/direct pointer/read
ts51-master-0:129635:131481 [0] NCCL INFO Channel 02/0 : 0[0] -> 1[1] via P2P/direct pointer/read
ts51-master-0:129635:131481 [0] NCCL INFO Channel 03/0 : 0[0] -> 1[1] via P2P/direct pointer/read
ts51-master-0:129635:131481 [0] NCCL INFO Channel 04/0 : 0[0] -> 1[1] via P2P/direct pointer/read
ts51-master-0:129635:131481 [0] NCCL INFO Channel 05/0 : 0[0] -> 1[1] via P2P/direct pointer/read
ts51-master-0:129635:131481 [0] NCCL INFO Channel 06/0 : 0[0] -> 1[1] via P2P/direct pointer/read
ts51-master-0:129635:131481 [0] NCCL INFO Channel 07/0 : 0[0] -> 1[1] via P2P/direct pointer/read
ts51-master-0:129635:131481 [0] NCCL INFO Channel 08/0 : 0[0] -> 1[1] via P2P/direct pointer/read
ts51-master-0:129635:131481 [0] NCCL INFO Channel 09/0 : 0[0] -> 1[1] via P2P/direct pointer/read
ts51-master-0:129635:131481 [0] NCCL INFO Channel 10/0 : 0[0] -> 1[1] via P2P/direct pointer/read
ts51-master-0:129635:131481 [0] NCCL INFO Channel 11/0 : 0[0] -> 1[1] via P2P/direct pointer/read
ts51-master-0:129635:131481 [0] NCCL INFO Channel 12/0 : 0[0] -> 1[1] via P2P/direct pointer/read
ts51-master-0:129635:131481 [0] NCCL INFO Channel 13/0 : 0[0] -> 1[1] via P2P/direct pointer/read
ts51-master-0:129635:131481 [0] NCCL INFO Channel 14/0 : 0[0] -> 1[1] via P2P/direct pointer/read
ts51-master-0:129635:131481 [0] NCCL INFO Channel 15/0 : 0[0] -> 1[1] via P2P/direct pointer/read
ts51-master-0:129635:131481 [0] NCCL INFO Channel 16/0 : 0[0] -> 1[1] via P2P/direct pointer/read
ts51-master-0:129635:131481 [0] NCCL INFO Channel 17/0 : 0[0] -> 1[1] via P2P/direct pointer/read
ts51-master-0:129635:131481 [0] NCCL INFO Channel 18/0 : 0[0] -> 1[1] via P2P/direct pointer/read
ts51-master-0:129635:131481 [0] NCCL INFO Channel 19/0 : 0[0] -> 1[1] via P2P/direct pointer/read
ts51-master-0:129635:131481 [0] NCCL INFO Channel 20/0 : 0[0] -> 1[1] via P2P/direct pointer/read
ts51-master-0:129635:131481 [0] NCCL INFO Channel 21/0 : 0[0] -> 1[1] via P2P/direct pointer/read
ts51-master-0:129635:131481 [0] NCCL INFO Channel 22/0 : 0[0] -> 1[1] via P2P/direct pointer/read
ts51-master-0:129635:131481 [0] NCCL INFO Channel 23/0 : 0[0] -> 1[1] via P2P/direct pointer/read
ts51-master-0:129635:131483 [2] NCCL INFO Connected all rings
ts51-master-0:129635:131482 [1] NCCL INFO Connected all rings
ts51-master-0:129635:131484 [3] NCCL INFO Connected all rings
ts51-master-0:129635:131481 [0] NCCL INFO Connected all rings
ts51-master-0:129635:131484 [3] NCCL INFO Channel 00/0 : 3[3] -> 2[2] via P2P/direct pointer/read
ts51-master-0:129635:131484 [3] NCCL INFO Channel 01/0 : 3[3] -> 2[2] via P2P/direct pointer/read
ts51-master-0:129635:131484 [3] NCCL INFO Channel 02/0 : 3[3] -> 2[2] via P2P/direct pointer/read
ts51-master-0:129635:131484 [3] NCCL INFO Channel 03/0 : 3[3] -> 2[2] via P2P/direct pointer/read
ts51-master-0:129635:131484 [3] NCCL INFO Channel 04/0 : 3[3] -> 2[2] via P2P/direct pointer/read
ts51-master-0:129635:131484 [3] NCCL INFO Channel 05/0 : 3[3] -> 2[2] via P2P/direct pointer/read
ts51-master-0:129635:131484 [3] NCCL INFO Channel 06/0 : 3[3] -> 2[2] via P2P/direct pointer/read
ts51-master-0:129635:131484 [3] NCCL INFO Channel 07/0 : 3[3] -> 2[2] via P2P/direct pointer/read
ts51-master-0:129635:131484 [3] NCCL INFO Channel 08/0 : 3[3] -> 2[2] via P2P/direct pointer/read
ts51-master-0:129635:131484 [3] NCCL INFO Channel 09/0 : 3[3] -> 2[2] via P2P/direct pointer/read
ts51-master-0:129635:131484 [3] NCCL INFO Channel 10/0 : 3[3] -> 2[2] via P2P/direct pointer/read
ts51-master-0:129635:131484 [3] NCCL INFO Channel 11/0 : 3[3] -> 2[2] via P2P/direct pointer/read
ts51-master-0:129635:131484 [3] NCCL INFO Channel 12/0 : 3[3] -> 2[2] via P2P/direct pointer/read
ts51-master-0:129635:131484 [3] NCCL INFO Channel 13/0 : 3[3] -> 2[2] via P2P/direct pointer/read
ts51-master-0:129635:131484 [3] NCCL INFO Channel 14/0 : 3[3] -> 2[2] via P2P/direct pointer/read
ts51-master-0:129635:131484 [3] NCCL INFO Channel 15/0 : 3[3] -> 2[2] via P2P/direct pointer/read
ts51-master-0:129635:131484 [3] NCCL INFO Channel 16/0 : 3[3] -> 2[2] via P2P/direct pointer/read
ts51-master-0:129635:131484 [3] NCCL INFO Channel 17/0 : 3[3] -> 2[2] via P2P/direct pointer/read
ts51-master-0:129635:131484 [3] NCCL INFO Channel 18/0 : 3[3] -> 2[2] via P2P/direct pointer/read
ts51-master-0:129635:131484 [3] NCCL INFO Channel 19/0 : 3[3] -> 2[2] via P2P/direct pointer/read
ts51-master-0:129635:131484 [3] NCCL INFO Channel 20/0 : 3[3] -> 2[2] via P2P/direct pointer/read
ts51-master-0:129635:131484 [3] NCCL INFO Channel 21/0 : 3[3] -> 2[2] via P2P/direct pointer/read
ts51-master-0:129635:131483 [2] NCCL INFO Channel 00/0 : 2[2] -> 1[1] via P2P/direct pointer/read
ts51-master-0:129635:131484 [3] NCCL INFO Channel 22/0 : 3[3] -> 2[2] via P2P/direct pointer/read
ts51-master-0:129635:131483 [2] NCCL INFO Channel 01/0 : 2[2] -> 1[1] via P2P/direct pointer/read
ts51-master-0:129635:131484 [3] NCCL INFO Channel 23/0 : 3[3] -> 2[2] via P2P/direct pointer/read
ts51-master-0:129635:131483 [2] NCCL INFO Channel 02/0 : 2[2] -> 1[1] via P2P/direct pointer/read
ts51-master-0:129635:131483 [2] NCCL INFO Channel 03/0 : 2[2] -> 1[1] via P2P/direct pointer/read
ts51-master-0:129635:131483 [2] NCCL INFO Channel 04/0 : 2[2] -> 1[1] via P2P/direct pointer/read
ts51-master-0:129635:131482 [1] NCCL INFO Channel 00/0 : 1[1] -> 0[0] via P2P/direct pointer/read
ts51-master-0:129635:131483 [2] NCCL INFO Channel 05/0 : 2[2] -> 1[1] via P2P/direct pointer/read
ts51-master-0:129635:131482 [1] NCCL INFO Channel 01/0 : 1[1] -> 0[0] via P2P/direct pointer/read
ts51-master-0:129635:131483 [2] NCCL INFO Channel 06/0 : 2[2] -> 1[1] via P2P/direct pointer/read
ts51-master-0:129635:131482 [1] NCCL INFO Channel 02/0 : 1[1] -> 0[0] via P2P/direct pointer/read
ts51-master-0:129635:131483 [2] NCCL INFO Channel 07/0 : 2[2] -> 1[1] via P2P/direct pointer/read
ts51-master-0:129635:131482 [1] NCCL INFO Channel 03/0 : 1[1] -> 0[0] via P2P/direct pointer/read
ts51-master-0:129635:131483 [2] NCCL INFO Channel 08/0 : 2[2] -> 1[1] via P2P/direct pointer/read
ts51-master-0:129635:131482 [1] NCCL INFO Channel 04/0 : 1[1] -> 0[0] via P2P/direct pointer/read
ts51-master-0:129635:131483 [2] NCCL INFO Channel 09/0 : 2[2] -> 1[1] via P2P/direct pointer/read
ts51-master-0:129635:131482 [1] NCCL INFO Channel 05/0 : 1[1] -> 0[0] via P2P/direct pointer/read
ts51-master-0:129635:131483 [2] NCCL INFO Channel 10/0 : 2[2] -> 1[1] via P2P/direct pointer/read
ts51-master-0:129635:131482 [1] NCCL INFO Channel 06/0 : 1[1] -> 0[0] via P2P/direct pointer/read
ts51-master-0:129635:131483 [2] NCCL INFO Channel 11/0 : 2[2] -> 1[1] via P2P/direct pointer/read
ts51-master-0:129635:131482 [1] NCCL INFO Channel 07/0 : 1[1] -> 0[0] via P2P/direct pointer/read
ts51-master-0:129635:131483 [2] NCCL INFO Channel 12/0 : 2[2] -> 1[1] via P2P/direct pointer/read
ts51-master-0:129635:131482 [1] NCCL INFO Channel 08/0 : 1[1] -> 0[0] via P2P/direct pointer/read
ts51-master-0:129635:131483 [2] NCCL INFO Channel 13/0 : 2[2] -> 1[1] via P2P/direct pointer/read
ts51-master-0:129635:131483 [2] NCCL INFO Channel 14/0 : 2[2] -> 1[1] via P2P/direct pointer/read
ts51-master-0:129635:131482 [1] NCCL INFO Channel 09/0 : 1[1] -> 0[0] via P2P/direct pointer/read
ts51-master-0:129635:131483 [2] NCCL INFO Channel 15/0 : 2[2] -> 1[1] via P2P/direct pointer/read
ts51-master-0:129635:131482 [1] NCCL INFO Channel 10/0 : 1[1] -> 0[0] via P2P/direct pointer/read
ts51-master-0:129635:131483 [2] NCCL INFO Channel 16/0 : 2[2] -> 1[1] via P2P/direct pointer/read
ts51-master-0:129635:131482 [1] NCCL INFO Channel 11/0 : 1[1] -> 0[0] via P2P/direct pointer/read
ts51-master-0:129635:131483 [2] NCCL INFO Channel 17/0 : 2[2] -> 1[1] via P2P/direct pointer/read
ts51-master-0:129635:131482 [1] NCCL INFO Channel 12/0 : 1[1] -> 0[0] via P2P/direct pointer/read
ts51-master-0:129635:131483 [2] NCCL INFO Channel 18/0 : 2[2] -> 1[1] via P2P/direct pointer/read
ts51-master-0:129635:131482 [1] NCCL INFO Channel 13/0 : 1[1] -> 0[0] via P2P/direct pointer/read
ts51-master-0:129635:131483 [2] NCCL INFO Channel 19/0 : 2[2] -> 1[1] via P2P/direct pointer/read
ts51-master-0:129635:131482 [1] NCCL INFO Channel 14/0 : 1[1] -> 0[0] via P2P/direct pointer/read
ts51-master-0:129635:131483 [2] NCCL INFO Channel 20/0 : 2[2] -> 1[1] via P2P/direct pointer/read
ts51-master-0:129635:131482 [1] NCCL INFO Channel 15/0 : 1[1] -> 0[0] via P2P/direct pointer/read
ts51-master-0:129635:131483 [2] NCCL INFO Channel 21/0 : 2[2] -> 1[1] via P2P/direct pointer/read
ts51-master-0:129635:131482 [1] NCCL INFO Channel 16/0 : 1[1] -> 0[0] via P2P/direct pointer/read
ts51-master-0:129635:131483 [2] NCCL INFO Channel 22/0 : 2[2] -> 1[1] via P2P/direct pointer/read
ts51-master-0:129635:131482 [1] NCCL INFO Channel 17/0 : 1[1] -> 0[0] via P2P/direct pointer/read
ts51-master-0:129635:131483 [2] NCCL INFO Channel 23/0 : 2[2] -> 1[1] via P2P/direct pointer/read
ts51-master-0:129635:131482 [1] NCCL INFO Channel 18/0 : 1[1] -> 0[0] via P2P/direct pointer/read
ts51-master-0:129635:131482 [1] NCCL INFO Channel 19/0 : 1[1] -> 0[0] via P2P/direct pointer/read
ts51-master-0:129635:131482 [1] NCCL INFO Channel 20/0 : 1[1] -> 0[0] via P2P/direct pointer/read
ts51-master-0:129635:131482 [1] NCCL INFO Channel 21/0 : 1[1] -> 0[0] via P2P/direct pointer/read
ts51-master-0:129635:131482 [1] NCCL INFO Channel 22/0 : 1[1] -> 0[0] via P2P/direct pointer/read
ts51-master-0:129635:131482 [1] NCCL INFO Channel 23/0 : 1[1] -> 0[0] via P2P/direct pointer/read
ts51-master-0:129635:131484 [3] NCCL INFO Connected all trees
ts51-master-0:129635:131484 [3] NCCL INFO threadThresholds 8/8/64 | 32/8/64 | 512 | 512
ts51-master-0:129635:131484 [3] NCCL INFO 24 coll channels, 0 collnet channels, 0 nvls channels, 32 p2p channels, 32 p2p channels per peer
ts51-master-0:129635:131481 [0] NCCL INFO Connected all trees
ts51-master-0:129635:131482 [1] NCCL INFO Connected all trees
ts51-master-0:129635:131483 [2] NCCL INFO Connected all trees
ts51-master-0:129635:131482 [1] NCCL INFO threadThresholds 8/8/64 | 32/8/64 | 512 | 512
ts51-master-0:129635:131482 [1] NCCL INFO 24 coll channels, 0 collnet channels, 0 nvls channels, 32 p2p channels, 32 p2p channels per peer
ts51-master-0:129635:131483 [2] NCCL INFO threadThresholds 8/8/64 | 32/8/64 | 512 | 512
ts51-master-0:129635:131483 [2] NCCL INFO 24 coll channels, 0 collnet channels, 0 nvls channels, 32 p2p channels, 32 p2p channels per peer
ts51-master-0:129635:131481 [0] NCCL INFO threadThresholds 8/8/64 | 32/8/64 | 512 | 512
ts51-master-0:129635:131481 [0] NCCL INFO 24 coll channels, 0 collnet channels, 0 nvls channels, 32 p2p channels, 32 p2p channels per peer
ts51-master-0:129635:131481 [0] NCCL INFO comm 0x14393240 rank 0 nranks 4 cudaDev 0 nvmlDev 0 busId 61000 commId 0x10ff1370f082d4db - Init COMPLETE
ts51-master-0:129635:131483 [2] NCCL INFO comm 0x1439e7a0 rank 2 nranks 4 cudaDev 2 nvmlDev 2 busId 65000 commId 0x10ff1370f082d4db - Init COMPLETE
ts51-master-0:129635:131482 [1] NCCL INFO comm 0x14399a90 rank 1 nranks 4 cudaDev 1 nvmlDev 1 busId 63000 commId 0x10ff1370f082d4db - Init COMPLETE
ts51-master-0:129635:131484 [3] NCCL INFO comm 0x143a34b0 rank 3 nranks 4 cudaDev 3 nvmlDev 3 busId 67000 commId 0x10ff1370f082d4db - Init COMPLETE
	iters: 100, epoch: 1 | loss: 0.4860780
	speed: 1.1417s/iter; left time: 12914.0759s
	iters: 200, epoch: 1 | loss: 0.3489403
	speed: 1.1037s/iter; left time: 12373.2118s
	iters: 300, epoch: 1 | loss: 0.4465220
	speed: 1.0447s/iter; left time: 11607.7178s
	iters: 400, epoch: 1 | loss: 0.4075732
	speed: 1.0558s/iter; left time: 11625.2743s
	iters: 500, epoch: 1 | loss: 0.3366632
	speed: 1.0757s/iter; left time: 11736.6549s
	iters: 600, epoch: 1 | loss: 0.3932576
	speed: 1.1459s/iter; left time: 12388.3618s
	iters: 700, epoch: 1 | loss: 0.4308599
	speed: 1.1459s/iter; left time: 12273.6968s
	iters: 800, epoch: 1 | loss: 0.3222212
	speed: 1.1463s/iter; left time: 12163.6889s
	iters: 900, epoch: 1 | loss: 0.3449549
	speed: 1.1282s/iter; left time: 11858.5300s
	iters: 1000, epoch: 1 | loss: 0.3324482
	speed: 1.0946s/iter; left time: 11395.5980s
	iters: 1100, epoch: 1 | loss: 0.3798250
	speed: 1.1453s/iter; left time: 11809.4737s
Epoch: 1 cost time: 1269.9152998924255
ts51-master-0:129635:159338 [0] NCCL INFO Using non-device net plugin version 0
ts51-master-0:129635:159339 [1] NCCL INFO Using non-device net plugin version 0
ts51-master-0:129635:159338 [0] NCCL INFO Using network Socket
ts51-master-0:129635:159339 [1] NCCL INFO Using network Socket
ts51-master-0:129635:159340 [2] NCCL INFO Using non-device net plugin version 0
ts51-master-0:129635:159340 [2] NCCL INFO Using network Socket
ts51-master-0:129635:159339 [1] NCCL INFO comm 0x15c5f460 rank 1 nranks 3 cudaDev 1 nvmlDev 1 busId 63000 commId 0xab1a0047bd6348d9 - Init START
ts51-master-0:129635:159338 [0] NCCL INFO comm 0x122536e0 rank 0 nranks 3 cudaDev 0 nvmlDev 0 busId 61000 commId 0xab1a0047bd6348d9 - Init START
ts51-master-0:129635:159340 [2] NCCL INFO comm 0x15c627d0 rank 2 nranks 3 cudaDev 2 nvmlDev 2 busId 65000 commId 0xab1a0047bd6348d9 - Init START
ts51-master-0:129635:159338 [0] NCCL INFO Setting affinity for GPU 0 to 03ffffff,ffffffff
ts51-master-0:129635:159338 [0] NCCL INFO NVLS multicast support is not available on dev 0
ts51-master-0:129635:159340 [2] NCCL INFO Setting affinity for GPU 2 to 03ffffff,ffffffff
ts51-master-0:129635:159340 [2] NCCL INFO NVLS multicast support is not available on dev 2
ts51-master-0:129635:159339 [1] NCCL INFO Setting affinity for GPU 1 to 03ffffff,ffffffff
ts51-master-0:129635:159339 [1] NCCL INFO NVLS multicast support is not available on dev 1
ts51-master-0:129635:159338 [0] NCCL INFO comm 0x122536e0 rank 0 nRanks 3 nNodes 1 localRanks 3 localRank 0 MNNVL 0
ts51-master-0:129635:159339 [1] NCCL INFO comm 0x15c5f460 rank 1 nRanks 3 nNodes 1 localRanks 3 localRank 1 MNNVL 0
ts51-master-0:129635:159340 [2] NCCL INFO comm 0x15c627d0 rank 2 nRanks 3 nNodes 1 localRanks 3 localRank 2 MNNVL 0
ts51-master-0:129635:159338 [0] NCCL INFO Channel 00/24 :    0   1   2
ts51-master-0:129635:159339 [1] NCCL INFO Trees [0] 2/-1/-1->1->0 [1] 2/-1/-1->1->0 [2] 2/-1/-1->1->0 [3] 2/-1/-1->1->0 [4] 2/-1/-1->1->0 [5] 2/-1/-1->1->0 [6] 2/-1/-1->1->0 [7] 2/-1/-1->1->0 [8] 2/-1/-1->1->0 [9] 2/-1/-1->1->0 [10] 2/-1/-1->1->0 [11] 2/-1/-1->1->0 [12] 2/-1/-1->1->0 [13] 2/-1/-1->1->0 [14] 2/-1/-1->1->0 [15] 2/-1/-1->1->0 [16] 2/-1/-1->1->0 [17] 2/-1/-1->1->0 [18] 2/-1/-1->1->0 [19] 2/-1/-1->1->0 [20] 2/-1/-1->1->0 [21] 2/-1/-1->1->0 [22] 2/-1/-1->1->0 [23] 2/-1/-1->1->0
ts51-master-0:129635:159339 [1] NCCL INFO P2P Chunksize set to 524288
ts51-master-0:129635:159338 [0] NCCL INFO Channel 01/24 :    0   1   2
ts51-master-0:129635:159338 [0] NCCL INFO Channel 02/24 :    0   1   2
ts51-master-0:129635:159338 [0] NCCL INFO Channel 03/24 :    0   1   2
ts51-master-0:129635:159338 [0] NCCL INFO Channel 04/24 :    0   1   2
ts51-master-0:129635:159338 [0] NCCL INFO Channel 05/24 :    0   1   2
ts51-master-0:129635:159338 [0] NCCL INFO Channel 06/24 :    0   1   2
ts51-master-0:129635:159338 [0] NCCL INFO Channel 07/24 :    0   1   2
ts51-master-0:129635:159338 [0] NCCL INFO Channel 08/24 :    0   1   2
ts51-master-0:129635:159338 [0] NCCL INFO Channel 09/24 :    0   1   2
ts51-master-0:129635:159338 [0] NCCL INFO Channel 10/24 :    0   1   2
ts51-master-0:129635:159338 [0] NCCL INFO Channel 11/24 :    0   1   2
ts51-master-0:129635:159338 [0] NCCL INFO Channel 12/24 :    0   1   2
ts51-master-0:129635:159338 [0] NCCL INFO Channel 13/24 :    0   1   2
ts51-master-0:129635:159338 [0] NCCL INFO Channel 14/24 :    0   1   2
ts51-master-0:129635:159338 [0] NCCL INFO Channel 15/24 :    0   1   2
ts51-master-0:129635:159338 [0] NCCL INFO Channel 16/24 :    0   1   2
ts51-master-0:129635:159338 [0] NCCL INFO Channel 17/24 :    0   1   2
ts51-master-0:129635:159338 [0] NCCL INFO Channel 18/24 :    0   1   2
ts51-master-0:129635:159338 [0] NCCL INFO Channel 19/24 :    0   1   2
ts51-master-0:129635:159338 [0] NCCL INFO Channel 20/24 :    0   1   2
ts51-master-0:129635:159338 [0] NCCL INFO Channel 21/24 :    0   1   2
ts51-master-0:129635:159338 [0] NCCL INFO Channel 22/24 :    0   1   2
ts51-master-0:129635:159338 [0] NCCL INFO Channel 23/24 :    0   1   2
ts51-master-0:129635:159340 [2] NCCL INFO Trees [0] -1/-1/-1->2->1 [1] -1/-1/-1->2->1 [2] -1/-1/-1->2->1 [3] -1/-1/-1->2->1 [4] -1/-1/-1->2->1 [5] -1/-1/-1->2->1 [6] -1/-1/-1->2->1 [7] -1/-1/-1->2->1 [8] -1/-1/-1->2->1 [9] -1/-1/-1->2->1 [10] -1/-1/-1->2->1 [11] -1/-1/-1->2->1 [12] -1/-1/-1->2->1 [13] -1/-1/-1->2->1 [14] -1/-1/-1->2->1 [15] -1/-1/-1->2->1 [16] -1/-1/-1->2->1 [17] -1/-1/-1->2->1 [18] -1/-1/-1->2->1 [19] -1/-1/-1->2->1 [20] -1/-1/-1->2->1 [21] -1/-1/-1->2->1 [22] -1/-1/-1->2->1 [23] -1/-1/-1->2->1
ts51-master-0:129635:159340 [2] NCCL INFO P2P Chunksize set to 524288
ts51-master-0:129635:159338 [0] NCCL INFO Trees [0] 1/-1/-1->0->-1 [1] 1/-1/-1->0->-1 [2] 1/-1/-1->0->-1 [3] 1/-1/-1->0->-1 [4] 1/-1/-1->0->-1 [5] 1/-1/-1->0->-1 [6] 1/-1/-1->0->-1 [7] 1/-1/-1->0->-1 [8] 1/-1/-1->0->-1 [9] 1/-1/-1->0->-1 [10] 1/-1/-1->0->-1 [11] 1/-1/-1->0->-1 [12] 1/-1/-1->0->-1 [13] 1/-1/-1->0->-1 [14] 1/-1/-1->0->-1 [15] 1/-1/-1->0->-1 [16] 1/-1/-1->0->-1 [17] 1/-1/-1->0->-1 [18] 1/-1/-1->0->-1 [19] 1/-1/-1->0->-1 [20] 1/-1/-1->0->-1 [21] 1/-1/-1->0->-1 [22] 1/-1/-1->0->-1 [23] 1/-1/-1->0->-1
ts51-master-0:129635:159338 [0] NCCL INFO P2P Chunksize set to 524288
ts51-master-0:129635:159339 [1] NCCL INFO Channel 00/0 : 1[1] -> 2[2] via P2P/direct pointer/read
ts51-master-0:129635:159340 [2] NCCL INFO Channel 00/0 : 2[2] -> 0[0] via P2P/direct pointer/read
ts51-master-0:129635:159339 [1] NCCL INFO Channel 01/0 : 1[1] -> 2[2] via P2P/direct pointer/read
ts51-master-0:129635:159340 [2] NCCL INFO Channel 01/0 : 2[2] -> 0[0] via P2P/direct pointer/read
ts51-master-0:129635:159339 [1] NCCL INFO Channel 02/0 : 1[1] -> 2[2] via P2P/direct pointer/read
ts51-master-0:129635:159340 [2] NCCL INFO Channel 02/0 : 2[2] -> 0[0] via P2P/direct pointer/read
ts51-master-0:129635:159339 [1] NCCL INFO Channel 03/0 : 1[1] -> 2[2] via P2P/direct pointer/read
ts51-master-0:129635:159340 [2] NCCL INFO Channel 03/0 : 2[2] -> 0[0] via P2P/direct pointer/read
ts51-master-0:129635:159339 [1] NCCL INFO Channel 04/0 : 1[1] -> 2[2] via P2P/direct pointer/read
ts51-master-0:129635:159340 [2] NCCL INFO Channel 04/0 : 2[2] -> 0[0] via P2P/direct pointer/read
ts51-master-0:129635:159339 [1] NCCL INFO Channel 05/0 : 1[1] -> 2[2] via P2P/direct pointer/read
ts51-master-0:129635:159340 [2] NCCL INFO Channel 05/0 : 2[2] -> 0[0] via P2P/direct pointer/read
ts51-master-0:129635:159339 [1] NCCL INFO Channel 06/0 : 1[1] -> 2[2] via P2P/direct pointer/read
ts51-master-0:129635:159340 [2] NCCL INFO Channel 06/0 : 2[2] -> 0[0] via P2P/direct pointer/read
ts51-master-0:129635:159339 [1] NCCL INFO Channel 07/0 : 1[1] -> 2[2] via P2P/direct pointer/read
ts51-master-0:129635:159340 [2] NCCL INFO Channel 07/0 : 2[2] -> 0[0] via P2P/direct pointer/read
ts51-master-0:129635:159339 [1] NCCL INFO Channel 08/0 : 1[1] -> 2[2] via P2P/direct pointer/read
ts51-master-0:129635:159340 [2] NCCL INFO Channel 08/0 : 2[2] -> 0[0] via P2P/direct pointer/read
ts51-master-0:129635:159339 [1] NCCL INFO Channel 09/0 : 1[1] -> 2[2] via P2P/direct pointer/read
ts51-master-0:129635:159340 [2] NCCL INFO Channel 09/0 : 2[2] -> 0[0] via P2P/direct pointer/read
ts51-master-0:129635:159339 [1] NCCL INFO Channel 10/0 : 1[1] -> 2[2] via P2P/direct pointer/read
ts51-master-0:129635:159340 [2] NCCL INFO Channel 10/0 : 2[2] -> 0[0] via P2P/direct pointer/read
ts51-master-0:129635:159339 [1] NCCL INFO Channel 11/0 : 1[1] -> 2[2] via P2P/direct pointer/read
ts51-master-0:129635:159340 [2] NCCL INFO Channel 11/0 : 2[2] -> 0[0] via P2P/direct pointer/read
ts51-master-0:129635:159339 [1] NCCL INFO Channel 12/0 : 1[1] -> 2[2] via P2P/direct pointer/read
ts51-master-0:129635:159340 [2] NCCL INFO Channel 12/0 : 2[2] -> 0[0] via P2P/direct pointer/read
ts51-master-0:129635:159339 [1] NCCL INFO Channel 13/0 : 1[1] -> 2[2] via P2P/direct pointer/read
ts51-master-0:129635:159340 [2] NCCL INFO Channel 13/0 : 2[2] -> 0[0] via P2P/direct pointer/read
ts51-master-0:129635:159339 [1] NCCL INFO Channel 14/0 : 1[1] -> 2[2] via P2P/direct pointer/read
ts51-master-0:129635:159340 [2] NCCL INFO Channel 14/0 : 2[2] -> 0[0] via P2P/direct pointer/read
ts51-master-0:129635:159339 [1] NCCL INFO Channel 15/0 : 1[1] -> 2[2] via P2P/direct pointer/read
ts51-master-0:129635:159340 [2] NCCL INFO Channel 15/0 : 2[2] -> 0[0] via P2P/direct pointer/read
ts51-master-0:129635:159339 [1] NCCL INFO Channel 16/0 : 1[1] -> 2[2] via P2P/direct pointer/read
ts51-master-0:129635:159340 [2] NCCL INFO Channel 16/0 : 2[2] -> 0[0] via P2P/direct pointer/read
ts51-master-0:129635:159339 [1] NCCL INFO Channel 17/0 : 1[1] -> 2[2] via P2P/direct pointer/read
ts51-master-0:129635:159340 [2] NCCL INFO Channel 17/0 : 2[2] -> 0[0] via P2P/direct pointer/read
ts51-master-0:129635:159339 [1] NCCL INFO Channel 18/0 : 1[1] -> 2[2] via P2P/direct pointer/read
ts51-master-0:129635:159340 [2] NCCL INFO Channel 18/0 : 2[2] -> 0[0] via P2P/direct pointer/read
ts51-master-0:129635:159339 [1] NCCL INFO Channel 19/0 : 1[1] -> 2[2] via P2P/direct pointer/read
ts51-master-0:129635:159340 [2] NCCL INFO Channel 19/0 : 2[2] -> 0[0] via P2P/direct pointer/read
ts51-master-0:129635:159339 [1] NCCL INFO Channel 20/0 : 1[1] -> 2[2] via P2P/direct pointer/read
ts51-master-0:129635:159340 [2] NCCL INFO Channel 20/0 : 2[2] -> 0[0] via P2P/direct pointer/read
ts51-master-0:129635:159339 [1] NCCL INFO Channel 21/0 : 1[1] -> 2[2] via P2P/direct pointer/read
ts51-master-0:129635:159340 [2] NCCL INFO Channel 21/0 : 2[2] -> 0[0] via P2P/direct pointer/read
ts51-master-0:129635:159339 [1] NCCL INFO Channel 22/0 : 1[1] -> 2[2] via P2P/direct pointer/read
ts51-master-0:129635:159340 [2] NCCL INFO Channel 22/0 : 2[2] -> 0[0] via P2P/direct pointer/read
ts51-master-0:129635:159339 [1] NCCL INFO Channel 23/0 : 1[1] -> 2[2] via P2P/direct pointer/read
ts51-master-0:129635:159340 [2] NCCL INFO Channel 23/0 : 2[2] -> 0[0] via P2P/direct pointer/read
ts51-master-0:129635:159338 [0] NCCL INFO Channel 00/0 : 0[0] -> 1[1] via P2P/direct pointer/read
ts51-master-0:129635:159338 [0] NCCL INFO Channel 01/0 : 0[0] -> 1[1] via P2P/direct pointer/read
ts51-master-0:129635:159338 [0] NCCL INFO Channel 02/0 : 0[0] -> 1[1] via P2P/direct pointer/read
ts51-master-0:129635:159338 [0] NCCL INFO Channel 03/0 : 0[0] -> 1[1] via P2P/direct pointer/read
ts51-master-0:129635:159338 [0] NCCL INFO Channel 04/0 : 0[0] -> 1[1] via P2P/direct pointer/read
ts51-master-0:129635:159338 [0] NCCL INFO Channel 05/0 : 0[0] -> 1[1] via P2P/direct pointer/read
ts51-master-0:129635:159338 [0] NCCL INFO Channel 06/0 : 0[0] -> 1[1] via P2P/direct pointer/read
ts51-master-0:129635:159338 [0] NCCL INFO Channel 07/0 : 0[0] -> 1[1] via P2P/direct pointer/read
ts51-master-0:129635:159338 [0] NCCL INFO Channel 08/0 : 0[0] -> 1[1] via P2P/direct pointer/read
ts51-master-0:129635:159338 [0] NCCL INFO Channel 09/0 : 0[0] -> 1[1] via P2P/direct pointer/read
ts51-master-0:129635:159338 [0] NCCL INFO Channel 10/0 : 0[0] -> 1[1] via P2P/direct pointer/read
ts51-master-0:129635:159338 [0] NCCL INFO Channel 11/0 : 0[0] -> 1[1] via P2P/direct pointer/read
ts51-master-0:129635:159338 [0] NCCL INFO Channel 12/0 : 0[0] -> 1[1] via P2P/direct pointer/read
ts51-master-0:129635:159338 [0] NCCL INFO Channel 13/0 : 0[0] -> 1[1] via P2P/direct pointer/read
ts51-master-0:129635:159338 [0] NCCL INFO Channel 14/0 : 0[0] -> 1[1] via P2P/direct pointer/read
ts51-master-0:129635:159338 [0] NCCL INFO Channel 15/0 : 0[0] -> 1[1] via P2P/direct pointer/read
ts51-master-0:129635:159338 [0] NCCL INFO Channel 16/0 : 0[0] -> 1[1] via P2P/direct pointer/read
ts51-master-0:129635:159338 [0] NCCL INFO Channel 17/0 : 0[0] -> 1[1] via P2P/direct pointer/read
ts51-master-0:129635:159338 [0] NCCL INFO Channel 18/0 : 0[0] -> 1[1] via P2P/direct pointer/read
ts51-master-0:129635:159338 [0] NCCL INFO Channel 19/0 : 0[0] -> 1[1] via P2P/direct pointer/read
ts51-master-0:129635:159338 [0] NCCL INFO Channel 20/0 : 0[0] -> 1[1] via P2P/direct pointer/read
ts51-master-0:129635:159338 [0] NCCL INFO Channel 21/0 : 0[0] -> 1[1] via P2P/direct pointer/read
ts51-master-0:129635:159338 [0] NCCL INFO Channel 22/0 : 0[0] -> 1[1] via P2P/direct pointer/read
ts51-master-0:129635:159338 [0] NCCL INFO Channel 23/0 : 0[0] -> 1[1] via P2P/direct pointer/read
ts51-master-0:129635:159340 [2] NCCL INFO Connected all rings
ts51-master-0:129635:159340 [2] NCCL INFO Channel 00/0 : 2[2] -> 1[1] via P2P/direct pointer/read
ts51-master-0:129635:159338 [0] NCCL INFO Connected all rings
ts51-master-0:129635:159339 [1] NCCL INFO Connected all rings
ts51-master-0:129635:159340 [2] NCCL INFO Channel 01/0 : 2[2] -> 1[1] via P2P/direct pointer/read
ts51-master-0:129635:159340 [2] NCCL INFO Channel 02/0 : 2[2] -> 1[1] via P2P/direct pointer/read
ts51-master-0:129635:159340 [2] NCCL INFO Channel 03/0 : 2[2] -> 1[1] via P2P/direct pointer/read
ts51-master-0:129635:159340 [2] NCCL INFO Channel 04/0 : 2[2] -> 1[1] via P2P/direct pointer/read
ts51-master-0:129635:159340 [2] NCCL INFO Channel 05/0 : 2[2] -> 1[1] via P2P/direct pointer/read
ts51-master-0:129635:159340 [2] NCCL INFO Channel 06/0 : 2[2] -> 1[1] via P2P/direct pointer/read
ts51-master-0:129635:159340 [2] NCCL INFO Channel 07/0 : 2[2] -> 1[1] via P2P/direct pointer/read
ts51-master-0:129635:159340 [2] NCCL INFO Channel 08/0 : 2[2] -> 1[1] via P2P/direct pointer/read
ts51-master-0:129635:159340 [2] NCCL INFO Channel 09/0 : 2[2] -> 1[1] via P2P/direct pointer/read
ts51-master-0:129635:159340 [2] NCCL INFO Channel 10/0 : 2[2] -> 1[1] via P2P/direct pointer/read
ts51-master-0:129635:159340 [2] NCCL INFO Channel 11/0 : 2[2] -> 1[1] via P2P/direct pointer/read
ts51-master-0:129635:159340 [2] NCCL INFO Channel 12/0 : 2[2] -> 1[1] via P2P/direct pointer/read
ts51-master-0:129635:159340 [2] NCCL INFO Channel 13/0 : 2[2] -> 1[1] via P2P/direct pointer/read
ts51-master-0:129635:159340 [2] NCCL INFO Channel 14/0 : 2[2] -> 1[1] via P2P/direct pointer/read
ts51-master-0:129635:159340 [2] NCCL INFO Channel 15/0 : 2[2] -> 1[1] via P2P/direct pointer/read
ts51-master-0:129635:159340 [2] NCCL INFO Channel 16/0 : 2[2] -> 1[1] via P2P/direct pointer/read
ts51-master-0:129635:159339 [1] NCCL INFO Channel 00/0 : 1[1] -> 0[0] via P2P/direct pointer/read
ts51-master-0:129635:159339 [1] NCCL INFO Channel 01/0 : 1[1] -> 0[0] via P2P/direct pointer/read
ts51-master-0:129635:159339 [1] NCCL INFO Channel 02/0 : 1[1] -> 0[0] via P2P/direct pointer/read
ts51-master-0:129635:159339 [1] NCCL INFO Channel 03/0 : 1[1] -> 0[0] via P2P/direct pointer/read
ts51-master-0:129635:159339 [1] NCCL INFO Channel 04/0 : 1[1] -> 0[0] via P2P/direct pointer/read
ts51-master-0:129635:159339 [1] NCCL INFO Channel 05/0 : 1[1] -> 0[0] via P2P/direct pointer/read
ts51-master-0:129635:159339 [1] NCCL INFO Channel 06/0 : 1[1] -> 0[0] via P2P/direct pointer/read
ts51-master-0:129635:159339 [1] NCCL INFO Channel 07/0 : 1[1] -> 0[0] via P2P/direct pointer/read
ts51-master-0:129635:159339 [1] NCCL INFO Channel 08/0 : 1[1] -> 0[0] via P2P/direct pointer/read
ts51-master-0:129635:159339 [1] NCCL INFO Channel 09/0 : 1[1] -> 0[0] via P2P/direct pointer/read
ts51-master-0:129635:159339 [1] NCCL INFO Channel 10/0 : 1[1] -> 0[0] via P2P/direct pointer/read
ts51-master-0:129635:159339 [1] NCCL INFO Channel 11/0 : 1[1] -> 0[0] via P2P/direct pointer/read
ts51-master-0:129635:159339 [1] NCCL INFO Channel 12/0 : 1[1] -> 0[0] via P2P/direct pointer/read
ts51-master-0:129635:159339 [1] NCCL INFO Channel 13/0 : 1[1] -> 0[0] via P2P/direct pointer/read
ts51-master-0:129635:159339 [1] NCCL INFO Channel 14/0 : 1[1] -> 0[0] via P2P/direct pointer/read
ts51-master-0:129635:159339 [1] NCCL INFO Channel 15/0 : 1[1] -> 0[0] via P2P/direct pointer/read
ts51-master-0:129635:159339 [1] NCCL INFO Channel 16/0 : 1[1] -> 0[0] via P2P/direct pointer/read
ts51-master-0:129635:159339 [1] NCCL INFO Channel 17/0 : 1[1] -> 0[0] via P2P/direct pointer/read
ts51-master-0:129635:159339 [1] NCCL INFO Channel 18/0 : 1[1] -> 0[0] via P2P/direct pointer/read
ts51-master-0:129635:159339 [1] NCCL INFO Channel 19/0 : 1[1] -> 0[0] via P2P/direct pointer/read
ts51-master-0:129635:159339 [1] NCCL INFO Channel 20/0 : 1[1] -> 0[0] via P2P/direct pointer/read
ts51-master-0:129635:159339 [1] NCCL INFO Channel 21/0 : 1[1] -> 0[0] via P2P/direct pointer/read
ts51-master-0:129635:159339 [1] NCCL INFO Channel 22/0 : 1[1] -> 0[0] via P2P/direct pointer/read
ts51-master-0:129635:159339 [1] NCCL INFO Channel 23/0 : 1[1] -> 0[0] via P2P/direct pointer/read
ts51-master-0:129635:159340 [2] NCCL INFO Channel 17/0 : 2[2] -> 1[1] via P2P/direct pointer/read
ts51-master-0:129635:159340 [2] NCCL INFO Channel 18/0 : 2[2] -> 1[1] via P2P/direct pointer/read
ts51-master-0:129635:159340 [2] NCCL INFO Channel 19/0 : 2[2] -> 1[1] via P2P/direct pointer/read
ts51-master-0:129635:159340 [2] NCCL INFO Channel 20/0 : 2[2] -> 1[1] via P2P/direct pointer/read
ts51-master-0:129635:159340 [2] NCCL INFO Channel 21/0 : 2[2] -> 1[1] via P2P/direct pointer/read
ts51-master-0:129635:159340 [2] NCCL INFO Channel 22/0 : 2[2] -> 1[1] via P2P/direct pointer/read
ts51-master-0:129635:159340 [2] NCCL INFO Channel 23/0 : 2[2] -> 1[1] via P2P/direct pointer/read
ts51-master-0:129635:159338 [0] NCCL INFO Connected all trees
ts51-master-0:129635:159340 [2] NCCL INFO Connected all trees
ts51-master-0:129635:159340 [2] NCCL INFO threadThresholds 8/8/64 | 24/8/64 | 512 | 512
ts51-master-0:129635:159340 [2] NCCL INFO 24 coll channels, 0 collnet channels, 0 nvls channels, 32 p2p channels, 32 p2p channels per peer
ts51-master-0:129635:159338 [0] NCCL INFO threadThresholds 8/8/64 | 24/8/64 | 512 | 512
ts51-master-0:129635:159338 [0] NCCL INFO 24 coll channels, 0 collnet channels, 0 nvls channels, 32 p2p channels, 32 p2p channels per peer
ts51-master-0:129635:159339 [1] NCCL INFO Connected all trees
ts51-master-0:129635:159339 [1] NCCL INFO threadThresholds 8/8/64 | 24/8/64 | 512 | 512
ts51-master-0:129635:159339 [1] NCCL INFO 24 coll channels, 0 collnet channels, 0 nvls channels, 32 p2p channels, 32 p2p channels per peer
ts51-master-0:129635:159338 [0] NCCL INFO comm 0x122536e0 rank 0 nranks 3 cudaDev 0 nvmlDev 0 busId 61000 commId 0xab1a0047bd6348d9 - Init COMPLETE
ts51-master-0:129635:159339 [1] NCCL INFO comm 0x15c5f460 rank 1 nranks 3 cudaDev 1 nvmlDev 1 busId 63000 commId 0xab1a0047bd6348d9 - Init COMPLETE
ts51-master-0:129635:159340 [2] NCCL INFO comm 0x15c627d0 rank 2 nranks 3 cudaDev 2 nvmlDev 2 busId 65000 commId 0xab1a0047bd6348d9 - Init COMPLETE
Epoch: 1, Steps: 1141 | Train Loss: 0.4037102 Vali Loss: 0.2265660 Test Loss: 0.3099844
Validation loss decreased (inf --> 0.226566).  Saving model ...
Updating learning rate to 0.001
	iters: 100, epoch: 2 | loss: 0.2936252
	speed: 3.0951s/iter; left time: 31476.8364s
	iters: 200, epoch: 2 | loss: 0.3489338
	speed: 1.1248s/iter; left time: 11326.6661s
	iters: 300, epoch: 2 | loss: 0.3964013
	speed: 1.1455s/iter; left time: 11420.8222s
	iters: 400, epoch: 2 | loss: 0.3533950
	speed: 1.0507s/iter; left time: 10370.3146s
	iters: 500, epoch: 2 | loss: 0.3802803
	speed: 1.0459s/iter; left time: 10218.2379s
	iters: 600, epoch: 2 | loss: 0.3970976
	speed: 1.0221s/iter; left time: 9883.7763s
	iters: 700, epoch: 2 | loss: 0.3858348
	speed: 1.1474s/iter; left time: 10980.6947s
	iters: 800, epoch: 2 | loss: 0.3220929
	speed: 1.1469s/iter; left time: 10861.5320s
	iters: 900, epoch: 2 | loss: 0.3479049
	speed: 1.1453s/iter; left time: 10731.1778s
	iters: 1000, epoch: 2 | loss: 0.3766264
	speed: 1.1055s/iter; left time: 10247.8931s
	iters: 1100, epoch: 2 | loss: 0.3727208
	speed: 1.1184s/iter; left time: 10255.7728s
Epoch: 2 cost time: 1261.3349113464355
Epoch: 2, Steps: 1141 | Train Loss: 0.3567986 Vali Loss: 0.1995443 Test Loss: 0.2831824
Validation loss decreased (0.226566 --> 0.199544).  Saving model ...
Updating learning rate to 0.0005
	iters: 100, epoch: 3 | loss: 0.3173308
	speed: 3.1566s/iter; left time: 28500.6388s
