Using GPU
Args in experiment:
[1mBasic Config[0m
  Task Name:          AGPT_loss           Is Training:        1                   
  Model ID:           solar_96_96         Model:              AGPT_PT             

[1mData Loader[0m
  Data:               Solar               Root Path:          ./dataset/Solar/    
  Data Path:          solar_AL.txt        Features:           M                   
  Target:             OT                  Freq:               h                   
  Checkpoints:        ./checkpoints/      

[1mModel Parameters[0m
  Num Kernels:        6                   
  Enc In:             137                 Dec In:             137                 
  C Out:              137                 d model:            512                 
  n heads:            8                   e layers:           3                   
  d layers:           1                   d FF:               2048                
  Moving Avg:         25                  Factor:             3                   
  Distil:             1                   Dropout:            0.1                 
  Embed:              timeF               Activation:         gelu                

[1mRun Parameters[0m
  Num Workers:        10                  Itr:                1                   
  Train Epochs:       10                  Batch Size:         32                  
  Patience:           3                   Learning Rate:      0.001               
  Des:                Exp                 Loss:               MSE                 
  Lradj:              type1               Use Amp:            0                   

[1mGPU[0m
  Use GPU:            1                   GPU:                0                   
  Use Multi GPU:      1                   Devices:            0,1,2,3             

[1mDe-stationary Projector Params[0m
  P Hidden Dims:      128, 128            P Hidden Layers:    2                   

Use GPU: cuda:0
>>>>>>>start training : AGPT_loss_solar_96_96_AGPT_PT_2048_fixedFalse_0.001_0.001>>>>>>>>>>>>>>>>>>>>>>>>>>
train 36601
val 5161
test 10417
ts55-master-0:40:40 [0] NCCL INFO cudaDriverVersion 12020
ts55-master-0:40:40 [0] NCCL INFO Bootstrap : Using eth0:10.211.67.41<0>
ts55-master-0:40:40 [0] NCCL INFO NET/Plugin : dlerror=libnccl-net.so: cannot open shared object file: No such file or directory No plugin found (libnccl-net.so), using internal implementation
NCCL version 2.20.5+cuda12.4
ts55-master-0:40:3591 [2] NCCL INFO NCCL_IB_DISABLE set by environment to 0.
ts55-master-0:40:3591 [2] NCCL INFO NET/IB : No device found.
ts55-master-0:40:3591 [2] NCCL INFO NET/Socket : Using [0]eth0:10.211.67.41<0>
ts55-master-0:40:3591 [2] NCCL INFO Using non-device net plugin version 0
ts55-master-0:40:3591 [2] NCCL INFO Using network Socket
ts55-master-0:40:3589 [0] NCCL INFO Using non-device net plugin version 0
ts55-master-0:40:3589 [0] NCCL INFO Using network Socket
ts55-master-0:40:3590 [1] NCCL INFO Using non-device net plugin version 0
ts55-master-0:40:3590 [1] NCCL INFO Using network Socket
ts55-master-0:40:3592 [3] NCCL INFO Using non-device net plugin version 0
ts55-master-0:40:3592 [3] NCCL INFO Using network Socket
ts55-master-0:40:3591 [2] NCCL INFO comm 0x9f8f430 rank 2 nranks 4 cudaDev 2 nvmlDev 2 busId 65000 commId 0x505fe8fb323ecaae - Init START
ts55-master-0:40:3592 [3] NCCL INFO comm 0x9f94140 rank 3 nranks 4 cudaDev 3 nvmlDev 3 busId 67000 commId 0x505fe8fb323ecaae - Init START
ts55-master-0:40:3589 [0] NCCL INFO comm 0x9f83ed0 rank 0 nranks 4 cudaDev 0 nvmlDev 0 busId 61000 commId 0x505fe8fb323ecaae - Init START
ts55-master-0:40:3590 [1] NCCL INFO comm 0x9f8a720 rank 1 nranks 4 cudaDev 1 nvmlDev 1 busId 63000 commId 0x505fe8fb323ecaae - Init START
ts55-master-0:40:3592 [3] NCCL INFO Setting affinity for GPU 3 to 03ffffff,ffffffff
ts55-master-0:40:3592 [3] NCCL INFO NVLS multicast support is not available on dev 3
ts55-master-0:40:3589 [0] NCCL INFO Setting affinity for GPU 0 to 03ffffff,ffffffff
ts55-master-0:40:3589 [0] NCCL INFO NVLS multicast support is not available on dev 0
ts55-master-0:40:3590 [1] NCCL INFO Setting affinity for GPU 1 to 03ffffff,ffffffff
ts55-master-0:40:3590 [1] NCCL INFO NVLS multicast support is not available on dev 1
ts55-master-0:40:3591 [2] NCCL INFO Setting affinity for GPU 2 to 03ffffff,ffffffff
ts55-master-0:40:3591 [2] NCCL INFO NVLS multicast support is not available on dev 2
ts55-master-0:40:3590 [1] NCCL INFO comm 0x9f8a720 rank 1 nRanks 4 nNodes 1 localRanks 4 localRank 1 MNNVL 0
ts55-master-0:40:3591 [2] NCCL INFO comm 0x9f8f430 rank 2 nRanks 4 nNodes 1 localRanks 4 localRank 2 MNNVL 0
ts55-master-0:40:3589 [0] NCCL INFO comm 0x9f83ed0 rank 0 nRanks 4 nNodes 1 localRanks 4 localRank 0 MNNVL 0
ts55-master-0:40:3592 [3] NCCL INFO comm 0x9f94140 rank 3 nRanks 4 nNodes 1 localRanks 4 localRank 3 MNNVL 0
ts55-master-0:40:3589 [0] NCCL INFO Channel 00/24 :    0   1   2   3
ts55-master-0:40:3589 [0] NCCL INFO Channel 01/24 :    0   1   2   3
ts55-master-0:40:3589 [0] NCCL INFO Channel 02/24 :    0   1   2   3
ts55-master-0:40:3589 [0] NCCL INFO Channel 03/24 :    0   1   2   3
ts55-master-0:40:3592 [3] NCCL INFO Trees [0] -1/-1/-1->3->2 [1] -1/-1/-1->3->2 [2] -1/-1/-1->3->2 [3] -1/-1/-1->3->2 [4] -1/-1/-1->3->2 [5] -1/-1/-1->3->2 [6] -1/-1/-1->3->2 [7] -1/-1/-1->3->2 [8] -1/-1/-1->3->2 [9] -1/-1/-1->3->2 [10] -1/-1/-1->3->2 [11] -1/-1/-1->3->2 [12] -1/-1/-1->3->2 [13] -1/-1/-1->3->2 [14] -1/-1/-1->3->2 [15] -1/-1/-1->3->2 [16] -1/-1/-1->3->2 [17] -1/-1/-1->3->2 [18] -1/-1/-1->3->2 [19] -1/-1/-1->3->2 [20] -1/-1/-1->3->2 [21] -1/-1/-1->3->2 [22] -1/-1/-1->3->2 [23] -1/-1/-1->3->2
ts55-master-0:40:3590 [1] NCCL INFO Trees [0] 2/-1/-1->1->0 [1] 2/-1/-1->1->0 [2] 2/-1/-1->1->0 [3] 2/-1/-1->1->0 [4] 2/-1/-1->1->0 [5] 2/-1/-1->1->0 [6] 2/-1/-1->1->0 [7] 2/-1/-1->1->0 [8] 2/-1/-1->1->0 [9] 2/-1/-1->1->0 [10] 2/-1/-1->1->0 [11] 2/-1/-1->1->0 [12] 2/-1/-1->1->0 [13] 2/-1/-1->1->0 [14] 2/-1/-1->1->0 [15] 2/-1/-1->1->0 [16] 2/-1/-1->1->0 [17] 2/-1/-1->1->0 [18] 2/-1/-1->1->0 [19] 2/-1/-1->1->0 [20] 2/-1/-1->1->0 [21] 2/-1/-1->1->0 [22] 2/-1/-1->1->0 [23] 2/-1/-1->1->0
ts55-master-0:40:3592 [3] NCCL INFO P2P Chunksize set to 524288
ts55-master-0:40:3591 [2] NCCL INFO Trees [0] 3/-1/-1->2->1 [1] 3/-1/-1->2->1 [2] 3/-1/-1->2->1 [3] 3/-1/-1->2->1 [4] 3/-1/-1->2->1 [5] 3/-1/-1->2->1 [6] 3/-1/-1->2->1 [7] 3/-1/-1->2->1 [8] 3/-1/-1->2->1 [9] 3/-1/-1->2->1 [10] 3/-1/-1->2->1 [11] 3/-1/-1->2->1 [12] 3/-1/-1->2->1 [13] 3/-1/-1->2->1 [14] 3/-1/-1->2->1 [15] 3/-1/-1->2->1 [16] 3/-1/-1->2->1 [17] 3/-1/-1->2->1 [18] 3/-1/-1->2->1 [19] 3/-1/-1->2->1 [20] 3/-1/-1->2->1 [21] 3/-1/-1->2->1 [22] 3/-1/-1->2->1 [23] 3/-1/-1->2->1
ts55-master-0:40:3591 [2] NCCL INFO P2P Chunksize set to 524288
ts55-master-0:40:3589 [0] NCCL INFO Channel 04/24 :    0   1   2   3
ts55-master-0:40:3590 [1] NCCL INFO P2P Chunksize set to 524288
ts55-master-0:40:3589 [0] NCCL INFO Channel 05/24 :    0   1   2   3
ts55-master-0:40:3589 [0] NCCL INFO Channel 06/24 :    0   1   2   3
ts55-master-0:40:3589 [0] NCCL INFO Channel 07/24 :    0   1   2   3
ts55-master-0:40:3589 [0] NCCL INFO Channel 08/24 :    0   1   2   3
ts55-master-0:40:3589 [0] NCCL INFO Channel 09/24 :    0   1   2   3
ts55-master-0:40:3589 [0] NCCL INFO Channel 10/24 :    0   1   2   3
ts55-master-0:40:3589 [0] NCCL INFO Channel 11/24 :    0   1   2   3
ts55-master-0:40:3589 [0] NCCL INFO Channel 12/24 :    0   1   2   3
ts55-master-0:40:3589 [0] NCCL INFO Channel 13/24 :    0   1   2   3
ts55-master-0:40:3589 [0] NCCL INFO Channel 14/24 :    0   1   2   3
ts55-master-0:40:3589 [0] NCCL INFO Channel 15/24 :    0   1   2   3
ts55-master-0:40:3589 [0] NCCL INFO Channel 16/24 :    0   1   2   3
ts55-master-0:40:3589 [0] NCCL INFO Channel 17/24 :    0   1   2   3
ts55-master-0:40:3589 [0] NCCL INFO Channel 18/24 :    0   1   2   3
ts55-master-0:40:3589 [0] NCCL INFO Channel 19/24 :    0   1   2   3
ts55-master-0:40:3589 [0] NCCL INFO Channel 20/24 :    0   1   2   3
ts55-master-0:40:3589 [0] NCCL INFO Channel 21/24 :    0   1   2   3
ts55-master-0:40:3589 [0] NCCL INFO Channel 22/24 :    0   1   2   3
ts55-master-0:40:3589 [0] NCCL INFO Channel 23/24 :    0   1   2   3
ts55-master-0:40:3589 [0] NCCL INFO Trees [0] 1/-1/-1->0->-1 [1] 1/-1/-1->0->-1 [2] 1/-1/-1->0->-1 [3] 1/-1/-1->0->-1 [4] 1/-1/-1->0->-1 [5] 1/-1/-1->0->-1 [6] 1/-1/-1->0->-1 [7] 1/-1/-1->0->-1 [8] 1/-1/-1->0->-1 [9] 1/-1/-1->0->-1 [10] 1/-1/-1->0->-1 [11] 1/-1/-1->0->-1 [12] 1/-1/-1->0->-1 [13] 1/-1/-1->0->-1 [14] 1/-1/-1->0->-1 [15] 1/-1/-1->0->-1 [16] 1/-1/-1->0->-1 [17] 1/-1/-1->0->-1 [18] 1/-1/-1->0->-1 [19] 1/-1/-1->0->-1 [20] 1/-1/-1->0->-1 [21] 1/-1/-1->0->-1 [22] 1/-1/-1->0->-1 [23] 1/-1/-1->0->-1
ts55-master-0:40:3589 [0] NCCL INFO P2P Chunksize set to 524288
ts55-master-0:40:3590 [1] NCCL INFO Channel 00/0 : 1[1] -> 2[2] via P2P/direct pointer/read
ts55-master-0:40:3591 [2] NCCL INFO Channel 00/0 : 2[2] -> 3[3] via P2P/direct pointer/read
ts55-master-0:40:3592 [3] NCCL INFO Channel 00/0 : 3[3] -> 0[0] via P2P/direct pointer/read
ts55-master-0:40:3590 [1] NCCL INFO Channel 01/0 : 1[1] -> 2[2] via P2P/direct pointer/read
ts55-master-0:40:3591 [2] NCCL INFO Channel 01/0 : 2[2] -> 3[3] via P2P/direct pointer/read
ts55-master-0:40:3592 [3] NCCL INFO Channel 01/0 : 3[3] -> 0[0] via P2P/direct pointer/read
ts55-master-0:40:3590 [1] NCCL INFO Channel 02/0 : 1[1] -> 2[2] via P2P/direct pointer/read
ts55-master-0:40:3591 [2] NCCL INFO Channel 02/0 : 2[2] -> 3[3] via P2P/direct pointer/read
ts55-master-0:40:3592 [3] NCCL INFO Channel 02/0 : 3[3] -> 0[0] via P2P/direct pointer/read
ts55-master-0:40:3590 [1] NCCL INFO Channel 03/0 : 1[1] -> 2[2] via P2P/direct pointer/read
ts55-master-0:40:3591 [2] NCCL INFO Channel 03/0 : 2[2] -> 3[3] via P2P/direct pointer/read
ts55-master-0:40:3592 [3] NCCL INFO Channel 03/0 : 3[3] -> 0[0] via P2P/direct pointer/read
ts55-master-0:40:3590 [1] NCCL INFO Channel 04/0 : 1[1] -> 2[2] via P2P/direct pointer/read
ts55-master-0:40:3591 [2] NCCL INFO Channel 04/0 : 2[2] -> 3[3] via P2P/direct pointer/read
ts55-master-0:40:3592 [3] NCCL INFO Channel 04/0 : 3[3] -> 0[0] via P2P/direct pointer/read
ts55-master-0:40:3590 [1] NCCL INFO Channel 05/0 : 1[1] -> 2[2] via P2P/direct pointer/read
ts55-master-0:40:3591 [2] NCCL INFO Channel 05/0 : 2[2] -> 3[3] via P2P/direct pointer/read
ts55-master-0:40:3592 [3] NCCL INFO Channel 05/0 : 3[3] -> 0[0] via P2P/direct pointer/read
ts55-master-0:40:3590 [1] NCCL INFO Channel 06/0 : 1[1] -> 2[2] via P2P/direct pointer/read
ts55-master-0:40:3591 [2] NCCL INFO Channel 06/0 : 2[2] -> 3[3] via P2P/direct pointer/read
ts55-master-0:40:3592 [3] NCCL INFO Channel 06/0 : 3[3] -> 0[0] via P2P/direct pointer/read
ts55-master-0:40:3590 [1] NCCL INFO Channel 07/0 : 1[1] -> 2[2] via P2P/direct pointer/read
ts55-master-0:40:3591 [2] NCCL INFO Channel 07/0 : 2[2] -> 3[3] via P2P/direct pointer/read
ts55-master-0:40:3592 [3] NCCL INFO Channel 07/0 : 3[3] -> 0[0] via P2P/direct pointer/read
ts55-master-0:40:3590 [1] NCCL INFO Channel 08/0 : 1[1] -> 2[2] via P2P/direct pointer/read
ts55-master-0:40:3591 [2] NCCL INFO Channel 08/0 : 2[2] -> 3[3] via P2P/direct pointer/read
ts55-master-0:40:3592 [3] NCCL INFO Channel 08/0 : 3[3] -> 0[0] via P2P/direct pointer/read
ts55-master-0:40:3591 [2] NCCL INFO Channel 09/0 : 2[2] -> 3[3] via P2P/direct pointer/read
ts55-master-0:40:3590 [1] NCCL INFO Channel 09/0 : 1[1] -> 2[2] via P2P/direct pointer/read
ts55-master-0:40:3592 [3] NCCL INFO Channel 09/0 : 3[3] -> 0[0] via P2P/direct pointer/read
ts55-master-0:40:3590 [1] NCCL INFO Channel 10/0 : 1[1] -> 2[2] via P2P/direct pointer/read
ts55-master-0:40:3591 [2] NCCL INFO Channel 10/0 : 2[2] -> 3[3] via P2P/direct pointer/read
ts55-master-0:40:3592 [3] NCCL INFO Channel 10/0 : 3[3] -> 0[0] via P2P/direct pointer/read
ts55-master-0:40:3591 [2] NCCL INFO Channel 11/0 : 2[2] -> 3[3] via P2P/direct pointer/read
ts55-master-0:40:3590 [1] NCCL INFO Channel 11/0 : 1[1] -> 2[2] via P2P/direct pointer/read
ts55-master-0:40:3592 [3] NCCL INFO Channel 11/0 : 3[3] -> 0[0] via P2P/direct pointer/read
ts55-master-0:40:3591 [2] NCCL INFO Channel 12/0 : 2[2] -> 3[3] via P2P/direct pointer/read
ts55-master-0:40:3590 [1] NCCL INFO Channel 12/0 : 1[1] -> 2[2] via P2P/direct pointer/read
ts55-master-0:40:3592 [3] NCCL INFO Channel 12/0 : 3[3] -> 0[0] via P2P/direct pointer/read
ts55-master-0:40:3591 [2] NCCL INFO Channel 13/0 : 2[2] -> 3[3] via P2P/direct pointer/read
ts55-master-0:40:3590 [1] NCCL INFO Channel 13/0 : 1[1] -> 2[2] via P2P/direct pointer/read
ts55-master-0:40:3592 [3] NCCL INFO Channel 13/0 : 3[3] -> 0[0] via P2P/direct pointer/read
ts55-master-0:40:3591 [2] NCCL INFO Channel 14/0 : 2[2] -> 3[3] via P2P/direct pointer/read
ts55-master-0:40:3590 [1] NCCL INFO Channel 14/0 : 1[1] -> 2[2] via P2P/direct pointer/read
ts55-master-0:40:3592 [3] NCCL INFO Channel 14/0 : 3[3] -> 0[0] via P2P/direct pointer/read
ts55-master-0:40:3591 [2] NCCL INFO Channel 15/0 : 2[2] -> 3[3] via P2P/direct pointer/read
ts55-master-0:40:3590 [1] NCCL INFO Channel 15/0 : 1[1] -> 2[2] via P2P/direct pointer/read
ts55-master-0:40:3592 [3] NCCL INFO Channel 15/0 : 3[3] -> 0[0] via P2P/direct pointer/read
ts55-master-0:40:3591 [2] NCCL INFO Channel 16/0 : 2[2] -> 3[3] via P2P/direct pointer/read
ts55-master-0:40:3590 [1] NCCL INFO Channel 16/0 : 1[1] -> 2[2] via P2P/direct pointer/read
ts55-master-0:40:3592 [3] NCCL INFO Channel 16/0 : 3[3] -> 0[0] via P2P/direct pointer/read
ts55-master-0:40:3591 [2] NCCL INFO Channel 17/0 : 2[2] -> 3[3] via P2P/direct pointer/read
ts55-master-0:40:3590 [1] NCCL INFO Channel 17/0 : 1[1] -> 2[2] via P2P/direct pointer/read
ts55-master-0:40:3592 [3] NCCL INFO Channel 17/0 : 3[3] -> 0[0] via P2P/direct pointer/read
ts55-master-0:40:3591 [2] NCCL INFO Channel 18/0 : 2[2] -> 3[3] via P2P/direct pointer/read
ts55-master-0:40:3590 [1] NCCL INFO Channel 18/0 : 1[1] -> 2[2] via P2P/direct pointer/read
ts55-master-0:40:3592 [3] NCCL INFO Channel 18/0 : 3[3] -> 0[0] via P2P/direct pointer/read
ts55-master-0:40:3591 [2] NCCL INFO Channel 19/0 : 2[2] -> 3[3] via P2P/direct pointer/read
ts55-master-0:40:3590 [1] NCCL INFO Channel 19/0 : 1[1] -> 2[2] via P2P/direct pointer/read
ts55-master-0:40:3592 [3] NCCL INFO Channel 19/0 : 3[3] -> 0[0] via P2P/direct pointer/read
ts55-master-0:40:3591 [2] NCCL INFO Channel 20/0 : 2[2] -> 3[3] via P2P/direct pointer/read
ts55-master-0:40:3590 [1] NCCL INFO Channel 20/0 : 1[1] -> 2[2] via P2P/direct pointer/read
ts55-master-0:40:3592 [3] NCCL INFO Channel 20/0 : 3[3] -> 0[0] via P2P/direct pointer/read
ts55-master-0:40:3591 [2] NCCL INFO Channel 21/0 : 2[2] -> 3[3] via P2P/direct pointer/read
ts55-master-0:40:3590 [1] NCCL INFO Channel 21/0 : 1[1] -> 2[2] via P2P/direct pointer/read
ts55-master-0:40:3592 [3] NCCL INFO Channel 21/0 : 3[3] -> 0[0] via P2P/direct pointer/read
ts55-master-0:40:3591 [2] NCCL INFO Channel 22/0 : 2[2] -> 3[3] via P2P/direct pointer/read
ts55-master-0:40:3590 [1] NCCL INFO Channel 22/0 : 1[1] -> 2[2] via P2P/direct pointer/read
ts55-master-0:40:3592 [3] NCCL INFO Channel 22/0 : 3[3] -> 0[0] via P2P/direct pointer/read
ts55-master-0:40:3591 [2] NCCL INFO Channel 23/0 : 2[2] -> 3[3] via P2P/direct pointer/read
ts55-master-0:40:3590 [1] NCCL INFO Channel 23/0 : 1[1] -> 2[2] via P2P/direct pointer/read
ts55-master-0:40:3592 [3] NCCL INFO Channel 23/0 : 3[3] -> 0[0] via P2P/direct pointer/read
ts55-master-0:40:3589 [0] NCCL INFO Channel 00/0 : 0[0] -> 1[1] via P2P/direct pointer/read
ts55-master-0:40:3589 [0] NCCL INFO Channel 01/0 : 0[0] -> 1[1] via P2P/direct pointer/read
ts55-master-0:40:3589 [0] NCCL INFO Channel 02/0 : 0[0] -> 1[1] via P2P/direct pointer/read
ts55-master-0:40:3589 [0] NCCL INFO Channel 03/0 : 0[0] -> 1[1] via P2P/direct pointer/read
ts55-master-0:40:3589 [0] NCCL INFO Channel 04/0 : 0[0] -> 1[1] via P2P/direct pointer/read
ts55-master-0:40:3589 [0] NCCL INFO Channel 05/0 : 0[0] -> 1[1] via P2P/direct pointer/read
ts55-master-0:40:3589 [0] NCCL INFO Channel 06/0 : 0[0] -> 1[1] via P2P/direct pointer/read
ts55-master-0:40:3589 [0] NCCL INFO Channel 07/0 : 0[0] -> 1[1] via P2P/direct pointer/read
ts55-master-0:40:3589 [0] NCCL INFO Channel 08/0 : 0[0] -> 1[1] via P2P/direct pointer/read
ts55-master-0:40:3589 [0] NCCL INFO Channel 09/0 : 0[0] -> 1[1] via P2P/direct pointer/read
ts55-master-0:40:3589 [0] NCCL INFO Channel 10/0 : 0[0] -> 1[1] via P2P/direct pointer/read
ts55-master-0:40:3589 [0] NCCL INFO Channel 11/0 : 0[0] -> 1[1] via P2P/direct pointer/read
ts55-master-0:40:3589 [0] NCCL INFO Channel 12/0 : 0[0] -> 1[1] via P2P/direct pointer/read
ts55-master-0:40:3589 [0] NCCL INFO Channel 13/0 : 0[0] -> 1[1] via P2P/direct pointer/read
ts55-master-0:40:3589 [0] NCCL INFO Channel 14/0 : 0[0] -> 1[1] via P2P/direct pointer/read
ts55-master-0:40:3589 [0] NCCL INFO Channel 15/0 : 0[0] -> 1[1] via P2P/direct pointer/read
ts55-master-0:40:3589 [0] NCCL INFO Channel 16/0 : 0[0] -> 1[1] via P2P/direct pointer/read
ts55-master-0:40:3589 [0] NCCL INFO Channel 17/0 : 0[0] -> 1[1] via P2P/direct pointer/read
ts55-master-0:40:3589 [0] NCCL INFO Channel 18/0 : 0[0] -> 1[1] via P2P/direct pointer/read
ts55-master-0:40:3589 [0] NCCL INFO Channel 19/0 : 0[0] -> 1[1] via P2P/direct pointer/read
ts55-master-0:40:3589 [0] NCCL INFO Channel 20/0 : 0[0] -> 1[1] via P2P/direct pointer/read
ts55-master-0:40:3589 [0] NCCL INFO Channel 21/0 : 0[0] -> 1[1] via P2P/direct pointer/read
ts55-master-0:40:3589 [0] NCCL INFO Channel 22/0 : 0[0] -> 1[1] via P2P/direct pointer/read
ts55-master-0:40:3589 [0] NCCL INFO Channel 23/0 : 0[0] -> 1[1] via P2P/direct pointer/read
ts55-master-0:40:3592 [3] NCCL INFO Connected all rings
ts55-master-0:40:3592 [3] NCCL INFO Channel 00/0 : 3[3] -> 2[2] via P2P/direct pointer/read
ts55-master-0:40:3591 [2] NCCL INFO Connected all rings
ts55-master-0:40:3592 [3] NCCL INFO Channel 01/0 : 3[3] -> 2[2] via P2P/direct pointer/read
ts55-master-0:40:3589 [0] NCCL INFO Connected all rings
ts55-master-0:40:3590 [1] NCCL INFO Connected all rings
ts55-master-0:40:3592 [3] NCCL INFO Channel 02/0 : 3[3] -> 2[2] via P2P/direct pointer/read
ts55-master-0:40:3592 [3] NCCL INFO Channel 03/0 : 3[3] -> 2[2] via P2P/direct pointer/read
ts55-master-0:40:3592 [3] NCCL INFO Channel 04/0 : 3[3] -> 2[2] via P2P/direct pointer/read
ts55-master-0:40:3592 [3] NCCL INFO Channel 05/0 : 3[3] -> 2[2] via P2P/direct pointer/read
ts55-master-0:40:3592 [3] NCCL INFO Channel 06/0 : 3[3] -> 2[2] via P2P/direct pointer/read
ts55-master-0:40:3592 [3] NCCL INFO Channel 07/0 : 3[3] -> 2[2] via P2P/direct pointer/read
ts55-master-0:40:3592 [3] NCCL INFO Channel 08/0 : 3[3] -> 2[2] via P2P/direct pointer/read
ts55-master-0:40:3592 [3] NCCL INFO Channel 09/0 : 3[3] -> 2[2] via P2P/direct pointer/read
ts55-master-0:40:3592 [3] NCCL INFO Channel 10/0 : 3[3] -> 2[2] via P2P/direct pointer/read
ts55-master-0:40:3592 [3] NCCL INFO Channel 11/0 : 3[3] -> 2[2] via P2P/direct pointer/read
ts55-master-0:40:3592 [3] NCCL INFO Channel 12/0 : 3[3] -> 2[2] via P2P/direct pointer/read
ts55-master-0:40:3592 [3] NCCL INFO Channel 13/0 : 3[3] -> 2[2] via P2P/direct pointer/read
ts55-master-0:40:3592 [3] NCCL INFO Channel 14/0 : 3[3] -> 2[2] via P2P/direct pointer/read
ts55-master-0:40:3592 [3] NCCL INFO Channel 15/0 : 3[3] -> 2[2] via P2P/direct pointer/read
ts55-master-0:40:3592 [3] NCCL INFO Channel 16/0 : 3[3] -> 2[2] via P2P/direct pointer/read
ts55-master-0:40:3592 [3] NCCL INFO Channel 17/0 : 3[3] -> 2[2] via P2P/direct pointer/read
ts55-master-0:40:3592 [3] NCCL INFO Channel 18/0 : 3[3] -> 2[2] via P2P/direct pointer/read
ts55-master-0:40:3592 [3] NCCL INFO Channel 19/0 : 3[3] -> 2[2] via P2P/direct pointer/read
ts55-master-0:40:3592 [3] NCCL INFO Channel 20/0 : 3[3] -> 2[2] via P2P/direct pointer/read
ts55-master-0:40:3592 [3] NCCL INFO Channel 21/0 : 3[3] -> 2[2] via P2P/direct pointer/read
ts55-master-0:40:3592 [3] NCCL INFO Channel 22/0 : 3[3] -> 2[2] via P2P/direct pointer/read
ts55-master-0:40:3592 [3] NCCL INFO Channel 23/0 : 3[3] -> 2[2] via P2P/direct pointer/read
ts55-master-0:40:3590 [1] NCCL INFO Channel 00/0 : 1[1] -> 0[0] via P2P/direct pointer/read
ts55-master-0:40:3591 [2] NCCL INFO Channel 00/0 : 2[2] -> 1[1] via P2P/direct pointer/read
ts55-master-0:40:3590 [1] NCCL INFO Channel 01/0 : 1[1] -> 0[0] via P2P/direct pointer/read
ts55-master-0:40:3591 [2] NCCL INFO Channel 01/0 : 2[2] -> 1[1] via P2P/direct pointer/read
ts55-master-0:40:3590 [1] NCCL INFO Channel 02/0 : 1[1] -> 0[0] via P2P/direct pointer/read
ts55-master-0:40:3591 [2] NCCL INFO Channel 02/0 : 2[2] -> 1[1] via P2P/direct pointer/read
ts55-master-0:40:3590 [1] NCCL INFO Channel 03/0 : 1[1] -> 0[0] via P2P/direct pointer/read
ts55-master-0:40:3591 [2] NCCL INFO Channel 03/0 : 2[2] -> 1[1] via P2P/direct pointer/read
ts55-master-0:40:3590 [1] NCCL INFO Channel 04/0 : 1[1] -> 0[0] via P2P/direct pointer/read
ts55-master-0:40:3591 [2] NCCL INFO Channel 04/0 : 2[2] -> 1[1] via P2P/direct pointer/read
ts55-master-0:40:3590 [1] NCCL INFO Channel 05/0 : 1[1] -> 0[0] via P2P/direct pointer/read
ts55-master-0:40:3591 [2] NCCL INFO Channel 05/0 : 2[2] -> 1[1] via P2P/direct pointer/read
ts55-master-0:40:3590 [1] NCCL INFO Channel 06/0 : 1[1] -> 0[0] via P2P/direct pointer/read
ts55-master-0:40:3591 [2] NCCL INFO Channel 06/0 : 2[2] -> 1[1] via P2P/direct pointer/read
ts55-master-0:40:3590 [1] NCCL INFO Channel 07/0 : 1[1] -> 0[0] via P2P/direct pointer/read
ts55-master-0:40:3591 [2] NCCL INFO Channel 07/0 : 2[2] -> 1[1] via P2P/direct pointer/read
ts55-master-0:40:3590 [1] NCCL INFO Channel 08/0 : 1[1] -> 0[0] via P2P/direct pointer/read
ts55-master-0:40:3591 [2] NCCL INFO Channel 08/0 : 2[2] -> 1[1] via P2P/direct pointer/read
ts55-master-0:40:3590 [1] NCCL INFO Channel 09/0 : 1[1] -> 0[0] via P2P/direct pointer/read
ts55-master-0:40:3590 [1] NCCL INFO Channel 10/0 : 1[1] -> 0[0] via P2P/direct pointer/read
ts55-master-0:40:3590 [1] NCCL INFO Channel 11/0 : 1[1] -> 0[0] via P2P/direct pointer/read
ts55-master-0:40:3590 [1] NCCL INFO Channel 12/0 : 1[1] -> 0[0] via P2P/direct pointer/read
ts55-master-0:40:3590 [1] NCCL INFO Channel 13/0 : 1[1] -> 0[0] via P2P/direct pointer/read
ts55-master-0:40:3590 [1] NCCL INFO Channel 14/0 : 1[1] -> 0[0] via P2P/direct pointer/read
ts55-master-0:40:3590 [1] NCCL INFO Channel 15/0 : 1[1] -> 0[0] via P2P/direct pointer/read
ts55-master-0:40:3590 [1] NCCL INFO Channel 16/0 : 1[1] -> 0[0] via P2P/direct pointer/read
ts55-master-0:40:3590 [1] NCCL INFO Channel 17/0 : 1[1] -> 0[0] via P2P/direct pointer/read
ts55-master-0:40:3590 [1] NCCL INFO Channel 18/0 : 1[1] -> 0[0] via P2P/direct pointer/read
ts55-master-0:40:3590 [1] NCCL INFO Channel 19/0 : 1[1] -> 0[0] via P2P/direct pointer/read
ts55-master-0:40:3590 [1] NCCL INFO Channel 20/0 : 1[1] -> 0[0] via P2P/direct pointer/read
ts55-master-0:40:3590 [1] NCCL INFO Channel 21/0 : 1[1] -> 0[0] via P2P/direct pointer/read
ts55-master-0:40:3590 [1] NCCL INFO Channel 22/0 : 1[1] -> 0[0] via P2P/direct pointer/read
ts55-master-0:40:3591 [2] NCCL INFO Channel 09/0 : 2[2] -> 1[1] via P2P/direct pointer/read
ts55-master-0:40:3590 [1] NCCL INFO Channel 23/0 : 1[1] -> 0[0] via P2P/direct pointer/read
ts55-master-0:40:3591 [2] NCCL INFO Channel 10/0 : 2[2] -> 1[1] via P2P/direct pointer/read
ts55-master-0:40:3591 [2] NCCL INFO Channel 11/0 : 2[2] -> 1[1] via P2P/direct pointer/read
ts55-master-0:40:3591 [2] NCCL INFO Channel 12/0 : 2[2] -> 1[1] via P2P/direct pointer/read
ts55-master-0:40:3591 [2] NCCL INFO Channel 13/0 : 2[2] -> 1[1] via P2P/direct pointer/read
ts55-master-0:40:3591 [2] NCCL INFO Channel 14/0 : 2[2] -> 1[1] via P2P/direct pointer/read
ts55-master-0:40:3591 [2] NCCL INFO Channel 15/0 : 2[2] -> 1[1] via P2P/direct pointer/read
ts55-master-0:40:3591 [2] NCCL INFO Channel 16/0 : 2[2] -> 1[1] via P2P/direct pointer/read
ts55-master-0:40:3591 [2] NCCL INFO Channel 17/0 : 2[2] -> 1[1] via P2P/direct pointer/read
ts55-master-0:40:3591 [2] NCCL INFO Channel 18/0 : 2[2] -> 1[1] via P2P/direct pointer/read
ts55-master-0:40:3591 [2] NCCL INFO Channel 19/0 : 2[2] -> 1[1] via P2P/direct pointer/read
ts55-master-0:40:3591 [2] NCCL INFO Channel 20/0 : 2[2] -> 1[1] via P2P/direct pointer/read
ts55-master-0:40:3591 [2] NCCL INFO Channel 21/0 : 2[2] -> 1[1] via P2P/direct pointer/read
ts55-master-0:40:3591 [2] NCCL INFO Channel 22/0 : 2[2] -> 1[1] via P2P/direct pointer/read
ts55-master-0:40:3591 [2] NCCL INFO Channel 23/0 : 2[2] -> 1[1] via P2P/direct pointer/read
ts55-master-0:40:3589 [0] NCCL INFO Connected all trees
ts55-master-0:40:3589 [0] NCCL INFO threadThresholds 8/8/64 | 32/8/64 | 512 | 512
ts55-master-0:40:3589 [0] NCCL INFO 24 coll channels, 0 collnet channels, 0 nvls channels, 32 p2p channels, 32 p2p channels per peer
ts55-master-0:40:3590 [1] NCCL INFO Connected all trees
ts55-master-0:40:3590 [1] NCCL INFO threadThresholds 8/8/64 | 32/8/64 | 512 | 512
ts55-master-0:40:3590 [1] NCCL INFO 24 coll channels, 0 collnet channels, 0 nvls channels, 32 p2p channels, 32 p2p channels per peer
ts55-master-0:40:3592 [3] NCCL INFO Connected all trees
ts55-master-0:40:3591 [2] NCCL INFO Connected all trees
ts55-master-0:40:3592 [3] NCCL INFO threadThresholds 8/8/64 | 32/8/64 | 512 | 512
ts55-master-0:40:3592 [3] NCCL INFO 24 coll channels, 0 collnet channels, 0 nvls channels, 32 p2p channels, 32 p2p channels per peer
ts55-master-0:40:3591 [2] NCCL INFO threadThresholds 8/8/64 | 32/8/64 | 512 | 512
ts55-master-0:40:3591 [2] NCCL INFO 24 coll channels, 0 collnet channels, 0 nvls channels, 32 p2p channels, 32 p2p channels per peer
ts55-master-0:40:3590 [1] NCCL INFO comm 0x9f8a720 rank 1 nranks 4 cudaDev 1 nvmlDev 1 busId 63000 commId 0x505fe8fb323ecaae - Init COMPLETE
ts55-master-0:40:3589 [0] NCCL INFO comm 0x9f83ed0 rank 0 nranks 4 cudaDev 0 nvmlDev 0 busId 61000 commId 0x505fe8fb323ecaae - Init COMPLETE
ts55-master-0:40:3592 [3] NCCL INFO comm 0x9f94140 rank 3 nranks 4 cudaDev 3 nvmlDev 3 busId 67000 commId 0x505fe8fb323ecaae - Init COMPLETE
ts55-master-0:40:3591 [2] NCCL INFO comm 0x9f8f430 rank 2 nranks 4 cudaDev 2 nvmlDev 2 busId 65000 commId 0x505fe8fb323ecaae - Init COMPLETE
	iters: 100, epoch: 1 | loss: 0.5898403
	speed: 3.2137s/iter; left time: 36446.8976s
	iters: 200, epoch: 1 | loss: 0.3694304
	speed: 3.1640s/iter; left time: 35566.1574s
	iters: 300, epoch: 1 | loss: 0.3218215
	speed: 3.1672s/iter; left time: 35285.7661s
	iters: 400, epoch: 1 | loss: 0.4641590
	speed: 3.0846s/iter; left time: 34057.0835s
	iters: 500, epoch: 1 | loss: 0.3481530
	speed: 3.1631s/iter; left time: 34607.8918s
	iters: 600, epoch: 1 | loss: 0.3308499
	speed: 3.1668s/iter; left time: 34331.6191s
	iters: 700, epoch: 1 | loss: 0.3098584
	speed: 3.1638s/iter; left time: 33982.1662s
	iters: 800, epoch: 1 | loss: 0.3487740
	speed: 3.1200s/iter; left time: 33199.6623s
	iters: 900, epoch: 1 | loss: 0.3156017
	speed: 3.1439s/iter; left time: 33139.5014s
	iters: 1000, epoch: 1 | loss: 0.3059149
	speed: 3.0538s/iter; left time: 31885.2355s
	iters: 1100, epoch: 1 | loss: 0.3124040
	speed: 3.1348s/iter; left time: 32416.8749s
Epoch: 1 cost time: 3592.3050944805145
ts55-master-0:40:39779 [0] NCCL INFO Using non-device net plugin version 0
ts55-master-0:40:39779 [0] NCCL INFO Using network Socket
ts55-master-0:40:39781 [2] NCCL INFO Using non-device net plugin version 0
ts55-master-0:40:39780 [1] NCCL INFO Using non-device net plugin version 0
ts55-master-0:40:39781 [2] NCCL INFO Using network Socket
ts55-master-0:40:39780 [1] NCCL INFO Using network Socket
ts55-master-0:40:39780 [1] NCCL INFO comm 0x146c3550 rank 1 nranks 3 cudaDev 1 nvmlDev 1 busId 63000 commId 0x2842218a7f212338 - Init START
ts55-master-0:40:39779 [0] NCCL INFO comm 0x146bd4e0 rank 0 nranks 3 cudaDev 0 nvmlDev 0 busId 61000 commId 0x2842218a7f212338 - Init START
ts55-master-0:40:39781 [2] NCCL INFO comm 0x146c68c0 rank 2 nranks 3 cudaDev 2 nvmlDev 2 busId 65000 commId 0x2842218a7f212338 - Init START
ts55-master-0:40:39781 [2] NCCL INFO Setting affinity for GPU 2 to 03ffffff,ffffffff
ts55-master-0:40:39781 [2] NCCL INFO NVLS multicast support is not available on dev 2
ts55-master-0:40:39780 [1] NCCL INFO Setting affinity for GPU 1 to 03ffffff,ffffffff
ts55-master-0:40:39780 [1] NCCL INFO NVLS multicast support is not available on dev 1
ts55-master-0:40:39779 [0] NCCL INFO Setting affinity for GPU 0 to 03ffffff,ffffffff
ts55-master-0:40:39779 [0] NCCL INFO NVLS multicast support is not available on dev 0
ts55-master-0:40:39779 [0] NCCL INFO comm 0x146bd4e0 rank 0 nRanks 3 nNodes 1 localRanks 3 localRank 0 MNNVL 0
ts55-master-0:40:39780 [1] NCCL INFO comm 0x146c3550 rank 1 nRanks 3 nNodes 1 localRanks 3 localRank 1 MNNVL 0
ts55-master-0:40:39781 [2] NCCL INFO comm 0x146c68c0 rank 2 nRanks 3 nNodes 1 localRanks 3 localRank 2 MNNVL 0
ts55-master-0:40:39779 [0] NCCL INFO Channel 00/24 :    0   1   2
ts55-master-0:40:39779 [0] NCCL INFO Channel 01/24 :    0   1   2
ts55-master-0:40:39779 [0] NCCL INFO Channel 02/24 :    0   1   2
ts55-master-0:40:39779 [0] NCCL INFO Channel 03/24 :    0   1   2
ts55-master-0:40:39779 [0] NCCL INFO Channel 04/24 :    0   1   2
ts55-master-0:40:39779 [0] NCCL INFO Channel 05/24 :    0   1   2
ts55-master-0:40:39779 [0] NCCL INFO Channel 06/24 :    0   1   2
ts55-master-0:40:39779 [0] NCCL INFO Channel 07/24 :    0   1   2
ts55-master-0:40:39779 [0] NCCL INFO Channel 08/24 :    0   1   2
ts55-master-0:40:39779 [0] NCCL INFO Channel 09/24 :    0   1   2
ts55-master-0:40:39779 [0] NCCL INFO Channel 10/24 :    0   1   2
ts55-master-0:40:39779 [0] NCCL INFO Channel 11/24 :    0   1   2
ts55-master-0:40:39779 [0] NCCL INFO Channel 12/24 :    0   1   2
ts55-master-0:40:39779 [0] NCCL INFO Channel 13/24 :    0   1   2
ts55-master-0:40:39779 [0] NCCL INFO Channel 14/24 :    0   1   2
ts55-master-0:40:39779 [0] NCCL INFO Channel 15/24 :    0   1   2
ts55-master-0:40:39779 [0] NCCL INFO Channel 16/24 :    0   1   2
ts55-master-0:40:39779 [0] NCCL INFO Channel 17/24 :    0   1   2
ts55-master-0:40:39779 [0] NCCL INFO Channel 18/24 :    0   1   2
ts55-master-0:40:39779 [0] NCCL INFO Channel 19/24 :    0   1   2
ts55-master-0:40:39779 [0] NCCL INFO Channel 20/24 :    0   1   2
ts55-master-0:40:39779 [0] NCCL INFO Channel 21/24 :    0   1   2
ts55-master-0:40:39779 [0] NCCL INFO Channel 22/24 :    0   1   2
ts55-master-0:40:39779 [0] NCCL INFO Channel 23/24 :    0   1   2
ts55-master-0:40:39781 [2] NCCL INFO Trees [0] -1/-1/-1->2->1 [1] -1/-1/-1->2->1 [2] -1/-1/-1->2->1 [3] -1/-1/-1->2->1 [4] -1/-1/-1->2->1 [5] -1/-1/-1->2->1 [6] -1/-1/-1->2->1 [7] -1/-1/-1->2->1 [8] -1/-1/-1->2->1 [9] -1/-1/-1->2->1 [10] -1/-1/-1->2->1 [11] -1/-1/-1->2->1 [12] -1/-1/-1->2->1 [13] -1/-1/-1->2->1 [14] -1/-1/-1->2->1 [15] -1/-1/-1->2->1 [16] -1/-1/-1->2->1 [17] -1/-1/-1->2->1 [18] -1/-1/-1->2->1 [19] -1/-1/-1->2->1 [20] -1/-1/-1->2->1 [21] -1/-1/-1->2->1 [22] -1/-1/-1->2->1 [23] -1/-1/-1->2->1
ts55-master-0:40:39780 [1] NCCL INFO Trees [0] 2/-1/-1->1->0 [1] 2/-1/-1->1->0 [2] 2/-1/-1->1->0 [3] 2/-1/-1->1->0 [4] 2/-1/-1->1->0 [5] 2/-1/-1->1->0 [6] 2/-1/-1->1->0 [7] 2/-1/-1->1->0 [8] 2/-1/-1->1->0 [9] 2/-1/-1->1->0 [10] 2/-1/-1->1->0 [11] 2/-1/-1->1->0 [12] 2/-1/-1->1->0 [13] 2/-1/-1->1->0 [14] 2/-1/-1->1->0 [15] 2/-1/-1->1->0 [16] 2/-1/-1->1->0 [17] 2/-1/-1->1->0 [18] 2/-1/-1->1->0 [19] 2/-1/-1->1->0 [20] 2/-1/-1->1->0 [21] 2/-1/-1->1->0 [22] 2/-1/-1->1->0 [23] 2/-1/-1->1->0
ts55-master-0:40:39780 [1] NCCL INFO P2P Chunksize set to 524288
ts55-master-0:40:39779 [0] NCCL INFO Trees [0] 1/-1/-1->0->-1 [1] 1/-1/-1->0->-1 [2] 1/-1/-1->0->-1 [3] 1/-1/-1->0->-1 [4] 1/-1/-1->0->-1 [5] 1/-1/-1->0->-1 [6] 1/-1/-1->0->-1 [7] 1/-1/-1->0->-1 [8] 1/-1/-1->0->-1 [9] 1/-1/-1->0->-1 [10] 1/-1/-1->0->-1 [11] 1/-1/-1->0->-1 [12] 1/-1/-1->0->-1 [13] 1/-1/-1->0->-1 [14] 1/-1/-1->0->-1 [15] 1/-1/-1->0->-1 [16] 1/-1/-1->0->-1 [17] 1/-1/-1->0->-1 [18] 1/-1/-1->0->-1 [19] 1/-1/-1->0->-1 [20] 1/-1/-1->0->-1 [21] 1/-1/-1->0->-1 [22] 1/-1/-1->0->-1 [23] 1/-1/-1->0->-1
ts55-master-0:40:39779 [0] NCCL INFO P2P Chunksize set to 524288
ts55-master-0:40:39781 [2] NCCL INFO P2P Chunksize set to 524288
ts55-master-0:40:39780 [1] NCCL INFO Channel 00/0 : 1[1] -> 2[2] via P2P/direct pointer/read
ts55-master-0:40:39781 [2] NCCL INFO Channel 00/0 : 2[2] -> 0[0] via P2P/direct pointer/read
ts55-master-0:40:39780 [1] NCCL INFO Channel 01/0 : 1[1] -> 2[2] via P2P/direct pointer/read
ts55-master-0:40:39781 [2] NCCL INFO Channel 01/0 : 2[2] -> 0[0] via P2P/direct pointer/read
ts55-master-0:40:39780 [1] NCCL INFO Channel 02/0 : 1[1] -> 2[2] via P2P/direct pointer/read
ts55-master-0:40:39781 [2] NCCL INFO Channel 02/0 : 2[2] -> 0[0] via P2P/direct pointer/read
ts55-master-0:40:39780 [1] NCCL INFO Channel 03/0 : 1[1] -> 2[2] via P2P/direct pointer/read
ts55-master-0:40:39781 [2] NCCL INFO Channel 03/0 : 2[2] -> 0[0] via P2P/direct pointer/read
ts55-master-0:40:39780 [1] NCCL INFO Channel 04/0 : 1[1] -> 2[2] via P2P/direct pointer/read
ts55-master-0:40:39781 [2] NCCL INFO Channel 04/0 : 2[2] -> 0[0] via P2P/direct pointer/read
ts55-master-0:40:39780 [1] NCCL INFO Channel 05/0 : 1[1] -> 2[2] via P2P/direct pointer/read
ts55-master-0:40:39781 [2] NCCL INFO Channel 05/0 : 2[2] -> 0[0] via P2P/direct pointer/read
ts55-master-0:40:39780 [1] NCCL INFO Channel 06/0 : 1[1] -> 2[2] via P2P/direct pointer/read
ts55-master-0:40:39781 [2] NCCL INFO Channel 06/0 : 2[2] -> 0[0] via P2P/direct pointer/read
ts55-master-0:40:39780 [1] NCCL INFO Channel 07/0 : 1[1] -> 2[2] via P2P/direct pointer/read
ts55-master-0:40:39781 [2] NCCL INFO Channel 07/0 : 2[2] -> 0[0] via P2P/direct pointer/read
ts55-master-0:40:39780 [1] NCCL INFO Channel 08/0 : 1[1] -> 2[2] via P2P/direct pointer/read
ts55-master-0:40:39781 [2] NCCL INFO Channel 08/0 : 2[2] -> 0[0] via P2P/direct pointer/read
ts55-master-0:40:39780 [1] NCCL INFO Channel 09/0 : 1[1] -> 2[2] via P2P/direct pointer/read
ts55-master-0:40:39781 [2] NCCL INFO Channel 09/0 : 2[2] -> 0[0] via P2P/direct pointer/read
ts55-master-0:40:39780 [1] NCCL INFO Channel 10/0 : 1[1] -> 2[2] via P2P/direct pointer/read
ts55-master-0:40:39781 [2] NCCL INFO Channel 10/0 : 2[2] -> 0[0] via P2P/direct pointer/read
ts55-master-0:40:39780 [1] NCCL INFO Channel 11/0 : 1[1] -> 2[2] via P2P/direct pointer/read
ts55-master-0:40:39781 [2] NCCL INFO Channel 11/0 : 2[2] -> 0[0] via P2P/direct pointer/read
ts55-master-0:40:39780 [1] NCCL INFO Channel 12/0 : 1[1] -> 2[2] via P2P/direct pointer/read
ts55-master-0:40:39781 [2] NCCL INFO Channel 12/0 : 2[2] -> 0[0] via P2P/direct pointer/read
ts55-master-0:40:39780 [1] NCCL INFO Channel 13/0 : 1[1] -> 2[2] via P2P/direct pointer/read
ts55-master-0:40:39781 [2] NCCL INFO Channel 13/0 : 2[2] -> 0[0] via P2P/direct pointer/read
ts55-master-0:40:39780 [1] NCCL INFO Channel 14/0 : 1[1] -> 2[2] via P2P/direct pointer/read
ts55-master-0:40:39781 [2] NCCL INFO Channel 14/0 : 2[2] -> 0[0] via P2P/direct pointer/read
ts55-master-0:40:39780 [1] NCCL INFO Channel 15/0 : 1[1] -> 2[2] via P2P/direct pointer/read
ts55-master-0:40:39781 [2] NCCL INFO Channel 15/0 : 2[2] -> 0[0] via P2P/direct pointer/read
ts55-master-0:40:39780 [1] NCCL INFO Channel 16/0 : 1[1] -> 2[2] via P2P/direct pointer/read
ts55-master-0:40:39781 [2] NCCL INFO Channel 16/0 : 2[2] -> 0[0] via P2P/direct pointer/read
ts55-master-0:40:39780 [1] NCCL INFO Channel 17/0 : 1[1] -> 2[2] via P2P/direct pointer/read
ts55-master-0:40:39781 [2] NCCL INFO Channel 17/0 : 2[2] -> 0[0] via P2P/direct pointer/read
ts55-master-0:40:39780 [1] NCCL INFO Channel 18/0 : 1[1] -> 2[2] via P2P/direct pointer/read
ts55-master-0:40:39781 [2] NCCL INFO Channel 18/0 : 2[2] -> 0[0] via P2P/direct pointer/read
ts55-master-0:40:39780 [1] NCCL INFO Channel 19/0 : 1[1] -> 2[2] via P2P/direct pointer/read
ts55-master-0:40:39781 [2] NCCL INFO Channel 19/0 : 2[2] -> 0[0] via P2P/direct pointer/read
ts55-master-0:40:39780 [1] NCCL INFO Channel 20/0 : 1[1] -> 2[2] via P2P/direct pointer/read
ts55-master-0:40:39781 [2] NCCL INFO Channel 20/0 : 2[2] -> 0[0] via P2P/direct pointer/read
ts55-master-0:40:39780 [1] NCCL INFO Channel 21/0 : 1[1] -> 2[2] via P2P/direct pointer/read
ts55-master-0:40:39781 [2] NCCL INFO Channel 21/0 : 2[2] -> 0[0] via P2P/direct pointer/read
ts55-master-0:40:39780 [1] NCCL INFO Channel 22/0 : 1[1] -> 2[2] via P2P/direct pointer/read
ts55-master-0:40:39781 [2] NCCL INFO Channel 22/0 : 2[2] -> 0[0] via P2P/direct pointer/read
ts55-master-0:40:39780 [1] NCCL INFO Channel 23/0 : 1[1] -> 2[2] via P2P/direct pointer/read
ts55-master-0:40:39781 [2] NCCL INFO Channel 23/0 : 2[2] -> 0[0] via P2P/direct pointer/read
ts55-master-0:40:39779 [0] NCCL INFO Channel 00/0 : 0[0] -> 1[1] via P2P/direct pointer/read
ts55-master-0:40:39779 [0] NCCL INFO Channel 01/0 : 0[0] -> 1[1] via P2P/direct pointer/read
ts55-master-0:40:39779 [0] NCCL INFO Channel 02/0 : 0[0] -> 1[1] via P2P/direct pointer/read
ts55-master-0:40:39779 [0] NCCL INFO Channel 03/0 : 0[0] -> 1[1] via P2P/direct pointer/read
ts55-master-0:40:39779 [0] NCCL INFO Channel 04/0 : 0[0] -> 1[1] via P2P/direct pointer/read
ts55-master-0:40:39779 [0] NCCL INFO Channel 05/0 : 0[0] -> 1[1] via P2P/direct pointer/read
ts55-master-0:40:39779 [0] NCCL INFO Channel 06/0 : 0[0] -> 1[1] via P2P/direct pointer/read
ts55-master-0:40:39779 [0] NCCL INFO Channel 07/0 : 0[0] -> 1[1] via P2P/direct pointer/read
ts55-master-0:40:39779 [0] NCCL INFO Channel 08/0 : 0[0] -> 1[1] via P2P/direct pointer/read
ts55-master-0:40:39779 [0] NCCL INFO Channel 09/0 : 0[0] -> 1[1] via P2P/direct pointer/read
ts55-master-0:40:39779 [0] NCCL INFO Channel 10/0 : 0[0] -> 1[1] via P2P/direct pointer/read
ts55-master-0:40:39779 [0] NCCL INFO Channel 11/0 : 0[0] -> 1[1] via P2P/direct pointer/read
ts55-master-0:40:39779 [0] NCCL INFO Channel 12/0 : 0[0] -> 1[1] via P2P/direct pointer/read
ts55-master-0:40:39779 [0] NCCL INFO Channel 13/0 : 0[0] -> 1[1] via P2P/direct pointer/read
ts55-master-0:40:39779 [0] NCCL INFO Channel 14/0 : 0[0] -> 1[1] via P2P/direct pointer/read
ts55-master-0:40:39779 [0] NCCL INFO Channel 15/0 : 0[0] -> 1[1] via P2P/direct pointer/read
ts55-master-0:40:39779 [0] NCCL INFO Channel 16/0 : 0[0] -> 1[1] via P2P/direct pointer/read
ts55-master-0:40:39779 [0] NCCL INFO Channel 17/0 : 0[0] -> 1[1] via P2P/direct pointer/read
ts55-master-0:40:39779 [0] NCCL INFO Channel 18/0 : 0[0] -> 1[1] via P2P/direct pointer/read
ts55-master-0:40:39779 [0] NCCL INFO Channel 19/0 : 0[0] -> 1[1] via P2P/direct pointer/read
ts55-master-0:40:39779 [0] NCCL INFO Channel 20/0 : 0[0] -> 1[1] via P2P/direct pointer/read
ts55-master-0:40:39779 [0] NCCL INFO Channel 21/0 : 0[0] -> 1[1] via P2P/direct pointer/read
ts55-master-0:40:39779 [0] NCCL INFO Channel 22/0 : 0[0] -> 1[1] via P2P/direct pointer/read
ts55-master-0:40:39779 [0] NCCL INFO Channel 23/0 : 0[0] -> 1[1] via P2P/direct pointer/read
ts55-master-0:40:39779 [0] NCCL INFO Connected all rings
ts55-master-0:40:39780 [1] NCCL INFO Connected all rings
ts55-master-0:40:39781 [2] NCCL INFO Connected all rings
ts55-master-0:40:39781 [2] NCCL INFO Channel 00/0 : 2[2] -> 1[1] via P2P/direct pointer/read
ts55-master-0:40:39781 [2] NCCL INFO Channel 01/0 : 2[2] -> 1[1] via P2P/direct pointer/read
ts55-master-0:40:39781 [2] NCCL INFO Channel 02/0 : 2[2] -> 1[1] via P2P/direct pointer/read
ts55-master-0:40:39781 [2] NCCL INFO Channel 03/0 : 2[2] -> 1[1] via P2P/direct pointer/read
ts55-master-0:40:39781 [2] NCCL INFO Channel 04/0 : 2[2] -> 1[1] via P2P/direct pointer/read
ts55-master-0:40:39781 [2] NCCL INFO Channel 05/0 : 2[2] -> 1[1] via P2P/direct pointer/read
ts55-master-0:40:39781 [2] NCCL INFO Channel 06/0 : 2[2] -> 1[1] via P2P/direct pointer/read
ts55-master-0:40:39781 [2] NCCL INFO Channel 07/0 : 2[2] -> 1[1] via P2P/direct pointer/read
ts55-master-0:40:39781 [2] NCCL INFO Channel 08/0 : 2[2] -> 1[1] via P2P/direct pointer/read
ts55-master-0:40:39781 [2] NCCL INFO Channel 09/0 : 2[2] -> 1[1] via P2P/direct pointer/read
ts55-master-0:40:39781 [2] NCCL INFO Channel 10/0 : 2[2] -> 1[1] via P2P/direct pointer/read
ts55-master-0:40:39781 [2] NCCL INFO Channel 11/0 : 2[2] -> 1[1] via P2P/direct pointer/read
ts55-master-0:40:39781 [2] NCCL INFO Channel 12/0 : 2[2] -> 1[1] via P2P/direct pointer/read
ts55-master-0:40:39781 [2] NCCL INFO Channel 13/0 : 2[2] -> 1[1] via P2P/direct pointer/read
ts55-master-0:40:39781 [2] NCCL INFO Channel 14/0 : 2[2] -> 1[1] via P2P/direct pointer/read
ts55-master-0:40:39781 [2] NCCL INFO Channel 15/0 : 2[2] -> 1[1] via P2P/direct pointer/read
ts55-master-0:40:39781 [2] NCCL INFO Channel 16/0 : 2[2] -> 1[1] via P2P/direct pointer/read
ts55-master-0:40:39781 [2] NCCL INFO Channel 17/0 : 2[2] -> 1[1] via P2P/direct pointer/read
ts55-master-0:40:39781 [2] NCCL INFO Channel 18/0 : 2[2] -> 1[1] via P2P/direct pointer/read
ts55-master-0:40:39781 [2] NCCL INFO Channel 19/0 : 2[2] -> 1[1] via P2P/direct pointer/read
ts55-master-0:40:39781 [2] NCCL INFO Channel 20/0 : 2[2] -> 1[1] via P2P/direct pointer/read
ts55-master-0:40:39781 [2] NCCL INFO Channel 21/0 : 2[2] -> 1[1] via P2P/direct pointer/read
ts55-master-0:40:39781 [2] NCCL INFO Channel 22/0 : 2[2] -> 1[1] via P2P/direct pointer/read
ts55-master-0:40:39780 [1] NCCL INFO Channel 00/0 : 1[1] -> 0[0] via P2P/direct pointer/read
ts55-master-0:40:39781 [2] NCCL INFO Channel 23/0 : 2[2] -> 1[1] via P2P/direct pointer/read
ts55-master-0:40:39780 [1] NCCL INFO Channel 01/0 : 1[1] -> 0[0] via P2P/direct pointer/read
ts55-master-0:40:39780 [1] NCCL INFO Channel 02/0 : 1[1] -> 0[0] via P2P/direct pointer/read
ts55-master-0:40:39780 [1] NCCL INFO Channel 03/0 : 1[1] -> 0[0] via P2P/direct pointer/read
ts55-master-0:40:39780 [1] NCCL INFO Channel 04/0 : 1[1] -> 0[0] via P2P/direct pointer/read
ts55-master-0:40:39780 [1] NCCL INFO Channel 05/0 : 1[1] -> 0[0] via P2P/direct pointer/read
ts55-master-0:40:39780 [1] NCCL INFO Channel 06/0 : 1[1] -> 0[0] via P2P/direct pointer/read
ts55-master-0:40:39780 [1] NCCL INFO Channel 07/0 : 1[1] -> 0[0] via P2P/direct pointer/read
ts55-master-0:40:39780 [1] NCCL INFO Channel 08/0 : 1[1] -> 0[0] via P2P/direct pointer/read
ts55-master-0:40:39780 [1] NCCL INFO Channel 09/0 : 1[1] -> 0[0] via P2P/direct pointer/read
ts55-master-0:40:39780 [1] NCCL INFO Channel 10/0 : 1[1] -> 0[0] via P2P/direct pointer/read
ts55-master-0:40:39780 [1] NCCL INFO Channel 11/0 : 1[1] -> 0[0] via P2P/direct pointer/read
ts55-master-0:40:39780 [1] NCCL INFO Channel 12/0 : 1[1] -> 0[0] via P2P/direct pointer/read
ts55-master-0:40:39780 [1] NCCL INFO Channel 13/0 : 1[1] -> 0[0] via P2P/direct pointer/read
ts55-master-0:40:39780 [1] NCCL INFO Channel 14/0 : 1[1] -> 0[0] via P2P/direct pointer/read
ts55-master-0:40:39780 [1] NCCL INFO Channel 15/0 : 1[1] -> 0[0] via P2P/direct pointer/read
ts55-master-0:40:39780 [1] NCCL INFO Channel 16/0 : 1[1] -> 0[0] via P2P/direct pointer/read
ts55-master-0:40:39780 [1] NCCL INFO Channel 17/0 : 1[1] -> 0[0] via P2P/direct pointer/read
ts55-master-0:40:39780 [1] NCCL INFO Channel 18/0 : 1[1] -> 0[0] via P2P/direct pointer/read
ts55-master-0:40:39780 [1] NCCL INFO Channel 19/0 : 1[1] -> 0[0] via P2P/direct pointer/read
ts55-master-0:40:39780 [1] NCCL INFO Channel 20/0 : 1[1] -> 0[0] via P2P/direct pointer/read
ts55-master-0:40:39780 [1] NCCL INFO Channel 21/0 : 1[1] -> 0[0] via P2P/direct pointer/read
ts55-master-0:40:39780 [1] NCCL INFO Channel 22/0 : 1[1] -> 0[0] via P2P/direct pointer/read
ts55-master-0:40:39780 [1] NCCL INFO Channel 23/0 : 1[1] -> 0[0] via P2P/direct pointer/read
ts55-master-0:40:39779 [0] NCCL INFO Connected all trees
ts55-master-0:40:39781 [2] NCCL INFO Connected all trees
ts55-master-0:40:39780 [1] NCCL INFO Connected all trees
ts55-master-0:40:39781 [2] NCCL INFO threadThresholds 8/8/64 | 24/8/64 | 512 | 512
ts55-master-0:40:39781 [2] NCCL INFO 24 coll channels, 0 collnet channels, 0 nvls channels, 32 p2p channels, 32 p2p channels per peer
ts55-master-0:40:39780 [1] NCCL INFO threadThresholds 8/8/64 | 24/8/64 | 512 | 512
ts55-master-0:40:39780 [1] NCCL INFO 24 coll channels, 0 collnet channels, 0 nvls channels, 32 p2p channels, 32 p2p channels per peer
ts55-master-0:40:39779 [0] NCCL INFO threadThresholds 8/8/64 | 24/8/64 | 512 | 512
ts55-master-0:40:39779 [0] NCCL INFO 24 coll channels, 0 collnet channels, 0 nvls channels, 32 p2p channels, 32 p2p channels per peer
ts55-master-0:40:39780 [1] NCCL INFO comm 0x146c3550 rank 1 nranks 3 cudaDev 1 nvmlDev 1 busId 63000 commId 0x2842218a7f212338 - Init COMPLETE
ts55-master-0:40:39781 [2] NCCL INFO comm 0x146c68c0 rank 2 nranks 3 cudaDev 2 nvmlDev 2 busId 65000 commId 0x2842218a7f212338 - Init COMPLETE
ts55-master-0:40:39779 [0] NCCL INFO comm 0x146bd4e0 rank 0 nranks 3 cudaDev 0 nvmlDev 0 busId 61000 commId 0x2842218a7f212338 - Init COMPLETE
Epoch: 1, Steps: 1144 | Train Loss: 0.3828656 Vali Loss: 0.2078365 Test Loss: 0.2564189
Validation loss decreased (inf --> 0.207836).  Saving model ...
Updating learning rate to 0.001
	iters: 100, epoch: 2 | loss: 0.3321384
	speed: 8.1544s/iter; left time: 83150.7327s
	iters: 200, epoch: 2 | loss: 0.2846372
	speed: 3.1647s/iter; left time: 31954.4483s
	iters: 300, epoch: 2 | loss: 0.3288357
	speed: 3.1656s/iter; left time: 31646.1318s
	iters: 400, epoch: 2 | loss: 0.3107881
	speed: 3.0993s/iter; left time: 30673.8462s
	iters: 500, epoch: 2 | loss: 0.3730808
	speed: 3.1670s/iter; left time: 31027.4573s
	iters: 600, epoch: 2 | loss: 0.3228754
	speed: 3.1648s/iter; left time: 30689.1627s
	iters: 700, epoch: 2 | loss: 0.3412273
	speed: 3.0920s/iter; left time: 29674.3005s
	iters: 800, epoch: 2 | loss: 0.3200017
	speed: 3.0422s/iter; left time: 28892.2273s
	iters: 900, epoch: 2 | loss: 0.2995554
	speed: 3.1619s/iter; left time: 29712.1469s
	iters: 1000, epoch: 2 | loss: 0.3254586
	speed: 3.1664s/iter; left time: 29438.1931s
	iters: 1100, epoch: 2 | loss: 0.2788468
	speed: 3.1405s/iter; left time: 28883.2664s
Epoch: 2 cost time: 3585.1836433410645
Epoch: 2, Steps: 1144 | Train Loss: 0.3363906 Vali Loss: 0.1855820 Test Loss: 0.2419143
Validation loss decreased (0.207836 --> 0.185582).  Saving model ...
Updating learning rate to 0.0005
	iters: 100, epoch: 3 | loss: 0.3692033
	speed: 8.0765s/iter; left time: 73116.3683s
	iters: 200, epoch: 3 | loss: 0.2594046
	speed: 3.1686s/iter; left time: 28368.6105s
	iters: 300, epoch: 3 | loss: 0.3077298
	speed: 3.1706s/iter; left time: 28068.9727s
	iters: 400, epoch: 3 | loss: 0.2921634
	speed: 3.1138s/iter; left time: 27254.7376s
	iters: 500, epoch: 3 | loss: 0.2911820
	speed: 3.0332s/iter; left time: 26246.1490s
	iters: 600, epoch: 3 | loss: 0.3846588
	speed: 3.1715s/iter; left time: 27125.7846s
	iters: 700, epoch: 3 | loss: 0.3729547
	speed: 3.1711s/iter; left time: 26804.9442s
	iters: 800, epoch: 3 | loss: 0.2855788
	speed: 3.1662s/iter; left time: 26447.5440s
	iters: 900, epoch: 3 | loss: 0.3976080
	speed: 3.1059s/iter; left time: 25632.9998s
	iters: 1000, epoch: 3 | loss: 0.3161615
	speed: 3.1737s/iter; left time: 25875.4535s
	iters: 1100, epoch: 3 | loss: 0.2994212
	speed: 3.1463s/iter; left time: 25337.4468s
Epoch: 3 cost time: 3591.6553285121918
Epoch: 3, Steps: 1144 | Train Loss: 0.3231411 Vali Loss: 0.1887660 Test Loss: 0.2262839
EarlyStopping counter: 1 out of 3
Updating learning rate to 0.00025
	iters: 100, epoch: 4 | loss: 0.3084046
	speed: 8.1878s/iter; left time: 64757.6451s
	iters: 200, epoch: 4 | loss: 0.3619674
	speed: 3.0733s/iter; left time: 23999.0484s
	iters: 300, epoch: 4 | loss: 0.2468533
	speed: 3.1315s/iter; left time: 24140.7758s
	iters: 400, epoch: 4 | loss: 0.3677220
	speed: 3.1558s/iter; left time: 24012.2673s
	iters: 500, epoch: 4 | loss: 0.3445218
	speed: 3.1153s/iter; left time: 23393.1006s
	iters: 600, epoch: 4 | loss: 0.2972830
	speed: 3.1700s/iter; left time: 23486.6481s
	iters: 700, epoch: 4 | loss: 0.3571030
	speed: 3.1703s/iter; left time: 23171.7030s
	iters: 800, epoch: 4 | loss: 0.3200985
	speed: 3.1694s/iter; left time: 22848.5176s
	iters: 900, epoch: 4 | loss: 0.3459187
	speed: 3.0991s/iter; left time: 22031.8481s
	iters: 1000, epoch: 4 | loss: 0.3302192
	speed: 3.1698s/iter; left time: 22217.1213s
	iters: 1100, epoch: 4 | loss: 0.3950674
	speed: 3.1392s/iter; left time: 21688.4872s
Epoch: 4 cost time: 3586.1123893260956
Epoch: 4, Steps: 1144 | Train Loss: 0.3157306 Vali Loss: 0.1762169 Test Loss: 0.2237687
Validation loss decreased (0.185582 --> 0.176217).  Saving model ...
Updating learning rate to 0.000125
	iters: 100, epoch: 5 | loss: 0.2626905
	speed: 7.8116s/iter; left time: 52845.5204s
	iters: 200, epoch: 5 | loss: 0.3245915
	speed: 3.0774s/iter; left time: 20510.7679s
	iters: 300, epoch: 5 | loss: 0.3149602
	speed: 3.1712s/iter; left time: 20818.7152s
	iters: 400, epoch: 5 | loss: 0.2523663
	speed: 3.1701s/iter; left time: 20494.9385s
	iters: 500, epoch: 5 | loss: 0.3646294
	speed: 3.1074s/iter; left time: 19778.6816s
	iters: 600, epoch: 5 | loss: 0.3321049
	speed: 3.1715s/iter; left time: 19869.7076s
	iters: 700, epoch: 5 | loss: 0.3533218
	speed: 3.1707s/iter; left time: 19547.2911s
	iters: 800, epoch: 5 | loss: 0.3540628
	speed: 3.1720s/iter; left time: 19238.2500s
	iters: 900, epoch: 5 | loss: 0.3519411
	speed: 3.0774s/iter; left time: 18356.4618s
	iters: 1000, epoch: 5 | loss: 0.3700314
	speed: 2.9547s/iter; left time: 17329.4553s
	iters: 1100, epoch: 5 | loss: 0.3077372
	speed: 3.1654s/iter; left time: 18248.5768s
Epoch: 5 cost time: 3560.2735755443573
Epoch: 5, Steps: 1144 | Train Loss: 0.3111996 Vali Loss: 0.1776276 Test Loss: 0.2173774
EarlyStopping counter: 1 out of 3
Updating learning rate to 6.25e-05
	iters: 100, epoch: 6 | loss: 0.2838167
	speed: 9.1138s/iter; left time: 51228.7742s
	iters: 200, epoch: 6 | loss: 0.2414876
	speed: 3.1541s/iter; left time: 17413.8933s
	iters: 300, epoch: 6 | loss: 0.3718500
	speed: 3.1767s/iter; left time: 17221.0868s
	iters: 400, epoch: 6 | loss: 0.2703794
	speed: 3.1770s/iter; left time: 16904.7748s
	iters: 500, epoch: 6 | loss: 0.3338868
	speed: 3.1659s/iter; left time: 16529.1111s
	iters: 600, epoch: 6 | loss: 0.3487532
	speed: 3.1688s/iter; left time: 16227.2640s
	iters: 700, epoch: 6 | loss: 0.3165829
	speed: 3.1182s/iter; left time: 15656.6466s
