Using GPU
Args in experiment:
[1mBasic Config[0m
  Task Name:          AGPT_loss           Is Training:        1                   
  Model ID:           traffic_96_96       Model:              AGPT_PT             

[1mData Loader[0m
  Data:               custom              Root Path:          ./dataset/traffic/  
  Data Path:          traffic.csv         Features:           M                   
  Target:             OT                  Freq:               h                   
  Checkpoints:        ./checkpoints/      

[1mModel Parameters[0m
  Num Kernels:        6                   
  Enc In:             862                 Dec In:             862                 
  C Out:              862                 d model:            512                 
  n heads:            8                   e layers:           2                   
  d layers:           1                   d FF:               512                 
  Moving Avg:         25                  Factor:             3                   
  Distil:             1                   Dropout:            0.1                 
  Embed:              timeF               Activation:         gelu                

[1mRun Parameters[0m
  Num Workers:        10                  Itr:                1                   
  Train Epochs:       10                  Batch Size:         4                   
  Patience:           3                   Learning Rate:      0.0001              
  Des:                Exp                 Loss:               MSE                 
  Lradj:              type1               Use Amp:            0                   

[1mGPU[0m
  Use GPU:            1                   GPU:                0                   
  Use Multi GPU:      1                   Devices:            0,1,2,3             

[1mDe-stationary Projector Params[0m
  P Hidden Dims:      128, 128            P Hidden Layers:    2                   

Use GPU: cuda:0
>>>>>>>start training : AGPT_loss_traffic_96_96_AGPT_PT_512_fixedFalse_0.0001_0.001>>>>>>>>>>>>>>>>>>>>>>>>>>
train 12089
val 1661
test 3413
ts55-master-0:36:36 [0] NCCL INFO cudaDriverVersion 12020
ts55-master-0:36:36 [0] NCCL INFO Bootstrap : Using eth0:10.211.67.41<0>
ts55-master-0:36:36 [0] NCCL INFO NET/Plugin : dlerror=libnccl-net.so: cannot open shared object file: No such file or directory No plugin found (libnccl-net.so), using internal implementation
NCCL version 2.20.5+cuda12.4
ts55-master-0:36:2816 [3] NCCL INFO NCCL_IB_DISABLE set by environment to 0.
ts55-master-0:36:2816 [3] NCCL INFO NET/IB : No device found.
ts55-master-0:36:2816 [3] NCCL INFO NET/Socket : Using [0]eth0:10.211.67.41<0>
ts55-master-0:36:2816 [3] NCCL INFO Using non-device net plugin version 0
ts55-master-0:36:2816 [3] NCCL INFO Using network Socket
ts55-master-0:36:2814 [1] NCCL INFO Using non-device net plugin version 0
ts55-master-0:36:2814 [1] NCCL INFO Using network Socket
ts55-master-0:36:2815 [2] NCCL INFO Using non-device net plugin version 0
ts55-master-0:36:2815 [2] NCCL INFO Using network Socket
ts55-master-0:36:2813 [0] NCCL INFO Using non-device net plugin version 0
ts55-master-0:36:2813 [0] NCCL INFO Using network Socket
ts55-master-0:36:2813 [0] NCCL INFO comm 0x12fbeab0 rank 0 nranks 4 cudaDev 0 nvmlDev 0 busId 61000 commId 0x7d6517a3f32e130 - Init START
ts55-master-0:36:2816 [3] NCCL INFO comm 0x12fcef60 rank 3 nranks 4 cudaDev 3 nvmlDev 3 busId 67000 commId 0x7d6517a3f32e130 - Init START
ts55-master-0:36:2814 [1] NCCL INFO comm 0x12fc5540 rank 1 nranks 4 cudaDev 1 nvmlDev 1 busId 63000 commId 0x7d6517a3f32e130 - Init START
ts55-master-0:36:2815 [2] NCCL INFO comm 0x12fca250 rank 2 nranks 4 cudaDev 2 nvmlDev 2 busId 65000 commId 0x7d6517a3f32e130 - Init START
ts55-master-0:36:2814 [1] NCCL INFO Setting affinity for GPU 1 to 03ffffff,ffffffff
ts55-master-0:36:2814 [1] NCCL INFO NVLS multicast support is not available on dev 1
ts55-master-0:36:2815 [2] NCCL INFO Setting affinity for GPU 2 to 03ffffff,ffffffff
ts55-master-0:36:2815 [2] NCCL INFO NVLS multicast support is not available on dev 2
ts55-master-0:36:2813 [0] NCCL INFO Setting affinity for GPU 0 to 03ffffff,ffffffff
ts55-master-0:36:2813 [0] NCCL INFO NVLS multicast support is not available on dev 0
ts55-master-0:36:2816 [3] NCCL INFO Setting affinity for GPU 3 to 03ffffff,ffffffff
ts55-master-0:36:2816 [3] NCCL INFO NVLS multicast support is not available on dev 3
ts55-master-0:36:2816 [3] NCCL INFO comm 0x12fcef60 rank 3 nRanks 4 nNodes 1 localRanks 4 localRank 3 MNNVL 0
ts55-master-0:36:2815 [2] NCCL INFO comm 0x12fca250 rank 2 nRanks 4 nNodes 1 localRanks 4 localRank 2 MNNVL 0
ts55-master-0:36:2813 [0] NCCL INFO comm 0x12fbeab0 rank 0 nRanks 4 nNodes 1 localRanks 4 localRank 0 MNNVL 0
ts55-master-0:36:2814 [1] NCCL INFO comm 0x12fc5540 rank 1 nRanks 4 nNodes 1 localRanks 4 localRank 1 MNNVL 0
ts55-master-0:36:2813 [0] NCCL INFO Channel 00/24 :    0   1   2   3
ts55-master-0:36:2815 [2] NCCL INFO Trees [0] 3/-1/-1->2->1 [1] 3/-1/-1->2->1 [2] 3/-1/-1->2->1 [3] 3/-1/-1->2->1 [4] 3/-1/-1->2->1 [5] 3/-1/-1->2->1 [6] 3/-1/-1->2->1 [7] 3/-1/-1->2->1 [8] 3/-1/-1->2->1 [9] 3/-1/-1->2->1 [10] 3/-1/-1->2->1 [11] 3/-1/-1->2->1 [12] 3/-1/-1->2->1 [13] 3/-1/-1->2->1 [14] 3/-1/-1->2->1 [15] 3/-1/-1->2->1 [16] 3/-1/-1->2->1 [17] 3/-1/-1->2->1 [18] 3/-1/-1->2->1 [19] 3/-1/-1->2->1 [20] 3/-1/-1->2->1 [21] 3/-1/-1->2->1 [22] 3/-1/-1->2->1 [23] 3/-1/-1->2->1
ts55-master-0:36:2813 [0] NCCL INFO Channel 01/24 :    0   1   2   3
ts55-master-0:36:2813 [0] NCCL INFO Channel 02/24 :    0   1   2   3
ts55-master-0:36:2815 [2] NCCL INFO P2P Chunksize set to 524288
ts55-master-0:36:2814 [1] NCCL INFO Trees [0] 2/-1/-1->1->0 [1] 2/-1/-1->1->0 [2] 2/-1/-1->1->0 [3] 2/-1/-1->1->0 [4] 2/-1/-1->1->0 [5] 2/-1/-1->1->0 [6] 2/-1/-1->1->0 [7] 2/-1/-1->1->0 [8] 2/-1/-1->1->0 [9] 2/-1/-1->1->0 [10] 2/-1/-1->1->0 [11] 2/-1/-1->1->0 [12] 2/-1/-1->1->0 [13] 2/-1/-1->1->0 [14] 2/-1/-1->1->0 [15] 2/-1/-1->1->0 [16] 2/-1/-1->1->0 [17] 2/-1/-1->1->0 [18] 2/-1/-1->1->0 [19] 2/-1/-1->1->0 [20] 2/-1/-1->1->0 [21] 2/-1/-1->1->0 [22] 2/-1/-1->1->0 [23] 2/-1/-1->1->0
ts55-master-0:36:2816 [3] NCCL INFO Trees [0] -1/-1/-1->3->2 [1] -1/-1/-1->3->2 [2] -1/-1/-1->3->2 [3] -1/-1/-1->3->2 [4] -1/-1/-1->3->2 [5] -1/-1/-1->3->2 [6] -1/-1/-1->3->2 [7] -1/-1/-1->3->2 [8] -1/-1/-1->3->2 [9] -1/-1/-1->3->2 [10] -1/-1/-1->3->2 [11] -1/-1/-1->3->2 [12] -1/-1/-1->3->2 [13] -1/-1/-1->3->2 [14] -1/-1/-1->3->2 [15] -1/-1/-1->3->2 [16] -1/-1/-1->3->2 [17] -1/-1/-1->3->2 [18] -1/-1/-1->3->2 [19] -1/-1/-1->3->2 [20] -1/-1/-1->3->2 [21] -1/-1/-1->3->2 [22] -1/-1/-1->3->2 [23] -1/-1/-1->3->2
ts55-master-0:36:2813 [0] NCCL INFO Channel 03/24 :    0   1   2   3
ts55-master-0:36:2813 [0] NCCL INFO Channel 04/24 :    0   1   2   3
ts55-master-0:36:2813 [0] NCCL INFO Channel 05/24 :    0   1   2   3
ts55-master-0:36:2813 [0] NCCL INFO Channel 06/24 :    0   1   2   3
ts55-master-0:36:2813 [0] NCCL INFO Channel 07/24 :    0   1   2   3
ts55-master-0:36:2813 [0] NCCL INFO Channel 08/24 :    0   1   2   3
ts55-master-0:36:2813 [0] NCCL INFO Channel 09/24 :    0   1   2   3
ts55-master-0:36:2813 [0] NCCL INFO Channel 10/24 :    0   1   2   3
ts55-master-0:36:2813 [0] NCCL INFO Channel 11/24 :    0   1   2   3
ts55-master-0:36:2813 [0] NCCL INFO Channel 12/24 :    0   1   2   3
ts55-master-0:36:2813 [0] NCCL INFO Channel 13/24 :    0   1   2   3
ts55-master-0:36:2813 [0] NCCL INFO Channel 14/24 :    0   1   2   3
ts55-master-0:36:2813 [0] NCCL INFO Channel 15/24 :    0   1   2   3
ts55-master-0:36:2813 [0] NCCL INFO Channel 16/24 :    0   1   2   3
ts55-master-0:36:2813 [0] NCCL INFO Channel 17/24 :    0   1   2   3
ts55-master-0:36:2813 [0] NCCL INFO Channel 18/24 :    0   1   2   3
ts55-master-0:36:2813 [0] NCCL INFO Channel 19/24 :    0   1   2   3
ts55-master-0:36:2813 [0] NCCL INFO Channel 20/24 :    0   1   2   3
ts55-master-0:36:2814 [1] NCCL INFO P2P Chunksize set to 524288
ts55-master-0:36:2813 [0] NCCL INFO Channel 21/24 :    0   1   2   3
ts55-master-0:36:2813 [0] NCCL INFO Channel 22/24 :    0   1   2   3
ts55-master-0:36:2813 [0] NCCL INFO Channel 23/24 :    0   1   2   3
ts55-master-0:36:2816 [3] NCCL INFO P2P Chunksize set to 524288
ts55-master-0:36:2813 [0] NCCL INFO Trees [0] 1/-1/-1->0->-1 [1] 1/-1/-1->0->-1 [2] 1/-1/-1->0->-1 [3] 1/-1/-1->0->-1 [4] 1/-1/-1->0->-1 [5] 1/-1/-1->0->-1 [6] 1/-1/-1->0->-1 [7] 1/-1/-1->0->-1 [8] 1/-1/-1->0->-1 [9] 1/-1/-1->0->-1 [10] 1/-1/-1->0->-1 [11] 1/-1/-1->0->-1 [12] 1/-1/-1->0->-1 [13] 1/-1/-1->0->-1 [14] 1/-1/-1->0->-1 [15] 1/-1/-1->0->-1 [16] 1/-1/-1->0->-1 [17] 1/-1/-1->0->-1 [18] 1/-1/-1->0->-1 [19] 1/-1/-1->0->-1 [20] 1/-1/-1->0->-1 [21] 1/-1/-1->0->-1 [22] 1/-1/-1->0->-1 [23] 1/-1/-1->0->-1
ts55-master-0:36:2813 [0] NCCL INFO P2P Chunksize set to 524288
ts55-master-0:36:2815 [2] NCCL INFO Channel 00/0 : 2[2] -> 3[3] via P2P/direct pointer/read
ts55-master-0:36:2815 [2] NCCL INFO Channel 01/0 : 2[2] -> 3[3] via P2P/direct pointer/read
ts55-master-0:36:2815 [2] NCCL INFO Channel 02/0 : 2[2] -> 3[3] via P2P/direct pointer/read
ts55-master-0:36:2815 [2] NCCL INFO Channel 03/0 : 2[2] -> 3[3] via P2P/direct pointer/read
ts55-master-0:36:2815 [2] NCCL INFO Channel 04/0 : 2[2] -> 3[3] via P2P/direct pointer/read
ts55-master-0:36:2815 [2] NCCL INFO Channel 05/0 : 2[2] -> 3[3] via P2P/direct pointer/read
ts55-master-0:36:2815 [2] NCCL INFO Channel 06/0 : 2[2] -> 3[3] via P2P/direct pointer/read
ts55-master-0:36:2815 [2] NCCL INFO Channel 07/0 : 2[2] -> 3[3] via P2P/direct pointer/read
ts55-master-0:36:2815 [2] NCCL INFO Channel 08/0 : 2[2] -> 3[3] via P2P/direct pointer/read
ts55-master-0:36:2814 [1] NCCL INFO Channel 00/0 : 1[1] -> 2[2] via P2P/direct pointer/read
ts55-master-0:36:2815 [2] NCCL INFO Channel 09/0 : 2[2] -> 3[3] via P2P/direct pointer/read
ts55-master-0:36:2814 [1] NCCL INFO Channel 01/0 : 1[1] -> 2[2] via P2P/direct pointer/read
ts55-master-0:36:2816 [3] NCCL INFO Channel 00/0 : 3[3] -> 0[0] via P2P/direct pointer/read
ts55-master-0:36:2815 [2] NCCL INFO Channel 10/0 : 2[2] -> 3[3] via P2P/direct pointer/read
ts55-master-0:36:2814 [1] NCCL INFO Channel 02/0 : 1[1] -> 2[2] via P2P/direct pointer/read
ts55-master-0:36:2816 [3] NCCL INFO Channel 01/0 : 3[3] -> 0[0] via P2P/direct pointer/read
ts55-master-0:36:2814 [1] NCCL INFO Channel 03/0 : 1[1] -> 2[2] via P2P/direct pointer/read
ts55-master-0:36:2815 [2] NCCL INFO Channel 11/0 : 2[2] -> 3[3] via P2P/direct pointer/read
ts55-master-0:36:2816 [3] NCCL INFO Channel 02/0 : 3[3] -> 0[0] via P2P/direct pointer/read
ts55-master-0:36:2815 [2] NCCL INFO Channel 12/0 : 2[2] -> 3[3] via P2P/direct pointer/read
ts55-master-0:36:2814 [1] NCCL INFO Channel 04/0 : 1[1] -> 2[2] via P2P/direct pointer/read
ts55-master-0:36:2816 [3] NCCL INFO Channel 03/0 : 3[3] -> 0[0] via P2P/direct pointer/read
ts55-master-0:36:2815 [2] NCCL INFO Channel 13/0 : 2[2] -> 3[3] via P2P/direct pointer/read
ts55-master-0:36:2814 [1] NCCL INFO Channel 05/0 : 1[1] -> 2[2] via P2P/direct pointer/read
ts55-master-0:36:2815 [2] NCCL INFO Channel 14/0 : 2[2] -> 3[3] via P2P/direct pointer/read
ts55-master-0:36:2816 [3] NCCL INFO Channel 04/0 : 3[3] -> 0[0] via P2P/direct pointer/read
ts55-master-0:36:2814 [1] NCCL INFO Channel 06/0 : 1[1] -> 2[2] via P2P/direct pointer/read
ts55-master-0:36:2815 [2] NCCL INFO Channel 15/0 : 2[2] -> 3[3] via P2P/direct pointer/read
ts55-master-0:36:2816 [3] NCCL INFO Channel 05/0 : 3[3] -> 0[0] via P2P/direct pointer/read
ts55-master-0:36:2814 [1] NCCL INFO Channel 07/0 : 1[1] -> 2[2] via P2P/direct pointer/read
ts55-master-0:36:2816 [3] NCCL INFO Channel 06/0 : 3[3] -> 0[0] via P2P/direct pointer/read
ts55-master-0:36:2815 [2] NCCL INFO Channel 16/0 : 2[2] -> 3[3] via P2P/direct pointer/read
ts55-master-0:36:2814 [1] NCCL INFO Channel 08/0 : 1[1] -> 2[2] via P2P/direct pointer/read
ts55-master-0:36:2816 [3] NCCL INFO Channel 07/0 : 3[3] -> 0[0] via P2P/direct pointer/read
ts55-master-0:36:2815 [2] NCCL INFO Channel 17/0 : 2[2] -> 3[3] via P2P/direct pointer/read
ts55-master-0:36:2814 [1] NCCL INFO Channel 09/0 : 1[1] -> 2[2] via P2P/direct pointer/read
ts55-master-0:36:2816 [3] NCCL INFO Channel 08/0 : 3[3] -> 0[0] via P2P/direct pointer/read
ts55-master-0:36:2815 [2] NCCL INFO Channel 18/0 : 2[2] -> 3[3] via P2P/direct pointer/read
ts55-master-0:36:2814 [1] NCCL INFO Channel 10/0 : 1[1] -> 2[2] via P2P/direct pointer/read
ts55-master-0:36:2815 [2] NCCL INFO Channel 19/0 : 2[2] -> 3[3] via P2P/direct pointer/read
ts55-master-0:36:2816 [3] NCCL INFO Channel 09/0 : 3[3] -> 0[0] via P2P/direct pointer/read
ts55-master-0:36:2814 [1] NCCL INFO Channel 11/0 : 1[1] -> 2[2] via P2P/direct pointer/read
ts55-master-0:36:2816 [3] NCCL INFO Channel 10/0 : 3[3] -> 0[0] via P2P/direct pointer/read
ts55-master-0:36:2815 [2] NCCL INFO Channel 20/0 : 2[2] -> 3[3] via P2P/direct pointer/read
ts55-master-0:36:2814 [1] NCCL INFO Channel 12/0 : 1[1] -> 2[2] via P2P/direct pointer/read
ts55-master-0:36:2815 [2] NCCL INFO Channel 21/0 : 2[2] -> 3[3] via P2P/direct pointer/read
ts55-master-0:36:2816 [3] NCCL INFO Channel 11/0 : 3[3] -> 0[0] via P2P/direct pointer/read
ts55-master-0:36:2814 [1] NCCL INFO Channel 13/0 : 1[1] -> 2[2] via P2P/direct pointer/read
ts55-master-0:36:2815 [2] NCCL INFO Channel 22/0 : 2[2] -> 3[3] via P2P/direct pointer/read
ts55-master-0:36:2814 [1] NCCL INFO Channel 14/0 : 1[1] -> 2[2] via P2P/direct pointer/read
ts55-master-0:36:2816 [3] NCCL INFO Channel 12/0 : 3[3] -> 0[0] via P2P/direct pointer/read
ts55-master-0:36:2815 [2] NCCL INFO Channel 23/0 : 2[2] -> 3[3] via P2P/direct pointer/read
ts55-master-0:36:2814 [1] NCCL INFO Channel 15/0 : 1[1] -> 2[2] via P2P/direct pointer/read
ts55-master-0:36:2816 [3] NCCL INFO Channel 13/0 : 3[3] -> 0[0] via P2P/direct pointer/read
ts55-master-0:36:2814 [1] NCCL INFO Channel 16/0 : 1[1] -> 2[2] via P2P/direct pointer/read
ts55-master-0:36:2816 [3] NCCL INFO Channel 14/0 : 3[3] -> 0[0] via P2P/direct pointer/read
ts55-master-0:36:2814 [1] NCCL INFO Channel 17/0 : 1[1] -> 2[2] via P2P/direct pointer/read
ts55-master-0:36:2816 [3] NCCL INFO Channel 15/0 : 3[3] -> 0[0] via P2P/direct pointer/read
ts55-master-0:36:2814 [1] NCCL INFO Channel 18/0 : 1[1] -> 2[2] via P2P/direct pointer/read
ts55-master-0:36:2816 [3] NCCL INFO Channel 16/0 : 3[3] -> 0[0] via P2P/direct pointer/read
ts55-master-0:36:2814 [1] NCCL INFO Channel 19/0 : 1[1] -> 2[2] via P2P/direct pointer/read
ts55-master-0:36:2816 [3] NCCL INFO Channel 17/0 : 3[3] -> 0[0] via P2P/direct pointer/read
ts55-master-0:36:2814 [1] NCCL INFO Channel 20/0 : 1[1] -> 2[2] via P2P/direct pointer/read
ts55-master-0:36:2816 [3] NCCL INFO Channel 18/0 : 3[3] -> 0[0] via P2P/direct pointer/read
ts55-master-0:36:2814 [1] NCCL INFO Channel 21/0 : 1[1] -> 2[2] via P2P/direct pointer/read
ts55-master-0:36:2816 [3] NCCL INFO Channel 19/0 : 3[3] -> 0[0] via P2P/direct pointer/read
ts55-master-0:36:2814 [1] NCCL INFO Channel 22/0 : 1[1] -> 2[2] via P2P/direct pointer/read
ts55-master-0:36:2816 [3] NCCL INFO Channel 20/0 : 3[3] -> 0[0] via P2P/direct pointer/read
ts55-master-0:36:2814 [1] NCCL INFO Channel 23/0 : 1[1] -> 2[2] via P2P/direct pointer/read
ts55-master-0:36:2816 [3] NCCL INFO Channel 21/0 : 3[3] -> 0[0] via P2P/direct pointer/read
ts55-master-0:36:2816 [3] NCCL INFO Channel 22/0 : 3[3] -> 0[0] via P2P/direct pointer/read
ts55-master-0:36:2816 [3] NCCL INFO Channel 23/0 : 3[3] -> 0[0] via P2P/direct pointer/read
ts55-master-0:36:2813 [0] NCCL INFO Channel 00/0 : 0[0] -> 1[1] via P2P/direct pointer/read
ts55-master-0:36:2813 [0] NCCL INFO Channel 01/0 : 0[0] -> 1[1] via P2P/direct pointer/read
ts55-master-0:36:2813 [0] NCCL INFO Channel 02/0 : 0[0] -> 1[1] via P2P/direct pointer/read
ts55-master-0:36:2813 [0] NCCL INFO Channel 03/0 : 0[0] -> 1[1] via P2P/direct pointer/read
ts55-master-0:36:2813 [0] NCCL INFO Channel 04/0 : 0[0] -> 1[1] via P2P/direct pointer/read
ts55-master-0:36:2813 [0] NCCL INFO Channel 05/0 : 0[0] -> 1[1] via P2P/direct pointer/read
ts55-master-0:36:2813 [0] NCCL INFO Channel 06/0 : 0[0] -> 1[1] via P2P/direct pointer/read
ts55-master-0:36:2813 [0] NCCL INFO Channel 07/0 : 0[0] -> 1[1] via P2P/direct pointer/read
ts55-master-0:36:2813 [0] NCCL INFO Channel 08/0 : 0[0] -> 1[1] via P2P/direct pointer/read
ts55-master-0:36:2813 [0] NCCL INFO Channel 09/0 : 0[0] -> 1[1] via P2P/direct pointer/read
ts55-master-0:36:2813 [0] NCCL INFO Channel 10/0 : 0[0] -> 1[1] via P2P/direct pointer/read
ts55-master-0:36:2813 [0] NCCL INFO Channel 11/0 : 0[0] -> 1[1] via P2P/direct pointer/read
ts55-master-0:36:2813 [0] NCCL INFO Channel 12/0 : 0[0] -> 1[1] via P2P/direct pointer/read
ts55-master-0:36:2813 [0] NCCL INFO Channel 13/0 : 0[0] -> 1[1] via P2P/direct pointer/read
ts55-master-0:36:2813 [0] NCCL INFO Channel 14/0 : 0[0] -> 1[1] via P2P/direct pointer/read
ts55-master-0:36:2813 [0] NCCL INFO Channel 15/0 : 0[0] -> 1[1] via P2P/direct pointer/read
ts55-master-0:36:2813 [0] NCCL INFO Channel 16/0 : 0[0] -> 1[1] via P2P/direct pointer/read
ts55-master-0:36:2813 [0] NCCL INFO Channel 17/0 : 0[0] -> 1[1] via P2P/direct pointer/read
ts55-master-0:36:2813 [0] NCCL INFO Channel 18/0 : 0[0] -> 1[1] via P2P/direct pointer/read
ts55-master-0:36:2813 [0] NCCL INFO Channel 19/0 : 0[0] -> 1[1] via P2P/direct pointer/read
ts55-master-0:36:2813 [0] NCCL INFO Channel 20/0 : 0[0] -> 1[1] via P2P/direct pointer/read
ts55-master-0:36:2813 [0] NCCL INFO Channel 21/0 : 0[0] -> 1[1] via P2P/direct pointer/read
ts55-master-0:36:2813 [0] NCCL INFO Channel 22/0 : 0[0] -> 1[1] via P2P/direct pointer/read
ts55-master-0:36:2813 [0] NCCL INFO Channel 23/0 : 0[0] -> 1[1] via P2P/direct pointer/read
ts55-master-0:36:2814 [1] NCCL INFO Connected all rings
ts55-master-0:36:2813 [0] NCCL INFO Connected all rings
ts55-master-0:36:2816 [3] NCCL INFO Connected all rings
ts55-master-0:36:2815 [2] NCCL INFO Connected all rings
ts55-master-0:36:2816 [3] NCCL INFO Channel 00/0 : 3[3] -> 2[2] via P2P/direct pointer/read
ts55-master-0:36:2816 [3] NCCL INFO Channel 01/0 : 3[3] -> 2[2] via P2P/direct pointer/read
ts55-master-0:36:2816 [3] NCCL INFO Channel 02/0 : 3[3] -> 2[2] via P2P/direct pointer/read
ts55-master-0:36:2816 [3] NCCL INFO Channel 03/0 : 3[3] -> 2[2] via P2P/direct pointer/read
ts55-master-0:36:2816 [3] NCCL INFO Channel 04/0 : 3[3] -> 2[2] via P2P/direct pointer/read
ts55-master-0:36:2816 [3] NCCL INFO Channel 05/0 : 3[3] -> 2[2] via P2P/direct pointer/read
ts55-master-0:36:2816 [3] NCCL INFO Channel 06/0 : 3[3] -> 2[2] via P2P/direct pointer/read
ts55-master-0:36:2816 [3] NCCL INFO Channel 07/0 : 3[3] -> 2[2] via P2P/direct pointer/read
ts55-master-0:36:2816 [3] NCCL INFO Channel 08/0 : 3[3] -> 2[2] via P2P/direct pointer/read
ts55-master-0:36:2816 [3] NCCL INFO Channel 09/0 : 3[3] -> 2[2] via P2P/direct pointer/read
ts55-master-0:36:2816 [3] NCCL INFO Channel 10/0 : 3[3] -> 2[2] via P2P/direct pointer/read
ts55-master-0:36:2816 [3] NCCL INFO Channel 11/0 : 3[3] -> 2[2] via P2P/direct pointer/read
ts55-master-0:36:2816 [3] NCCL INFO Channel 12/0 : 3[3] -> 2[2] via P2P/direct pointer/read
ts55-master-0:36:2816 [3] NCCL INFO Channel 13/0 : 3[3] -> 2[2] via P2P/direct pointer/read
ts55-master-0:36:2816 [3] NCCL INFO Channel 14/0 : 3[3] -> 2[2] via P2P/direct pointer/read
ts55-master-0:36:2816 [3] NCCL INFO Channel 15/0 : 3[3] -> 2[2] via P2P/direct pointer/read
ts55-master-0:36:2816 [3] NCCL INFO Channel 16/0 : 3[3] -> 2[2] via P2P/direct pointer/read
ts55-master-0:36:2816 [3] NCCL INFO Channel 17/0 : 3[3] -> 2[2] via P2P/direct pointer/read
ts55-master-0:36:2816 [3] NCCL INFO Channel 18/0 : 3[3] -> 2[2] via P2P/direct pointer/read
ts55-master-0:36:2816 [3] NCCL INFO Channel 19/0 : 3[3] -> 2[2] via P2P/direct pointer/read
ts55-master-0:36:2816 [3] NCCL INFO Channel 20/0 : 3[3] -> 2[2] via P2P/direct pointer/read
ts55-master-0:36:2816 [3] NCCL INFO Channel 21/0 : 3[3] -> 2[2] via P2P/direct pointer/read
ts55-master-0:36:2814 [1] NCCL INFO Channel 00/0 : 1[1] -> 0[0] via P2P/direct pointer/read
ts55-master-0:36:2816 [3] NCCL INFO Channel 22/0 : 3[3] -> 2[2] via P2P/direct pointer/read
ts55-master-0:36:2814 [1] NCCL INFO Channel 01/0 : 1[1] -> 0[0] via P2P/direct pointer/read
ts55-master-0:36:2815 [2] NCCL INFO Channel 00/0 : 2[2] -> 1[1] via P2P/direct pointer/read
ts55-master-0:36:2816 [3] NCCL INFO Channel 23/0 : 3[3] -> 2[2] via P2P/direct pointer/read
ts55-master-0:36:2814 [1] NCCL INFO Channel 02/0 : 1[1] -> 0[0] via P2P/direct pointer/read
ts55-master-0:36:2815 [2] NCCL INFO Channel 01/0 : 2[2] -> 1[1] via P2P/direct pointer/read
ts55-master-0:36:2814 [1] NCCL INFO Channel 03/0 : 1[1] -> 0[0] via P2P/direct pointer/read
ts55-master-0:36:2815 [2] NCCL INFO Channel 02/0 : 2[2] -> 1[1] via P2P/direct pointer/read
ts55-master-0:36:2814 [1] NCCL INFO Channel 04/0 : 1[1] -> 0[0] via P2P/direct pointer/read
ts55-master-0:36:2815 [2] NCCL INFO Channel 03/0 : 2[2] -> 1[1] via P2P/direct pointer/read
ts55-master-0:36:2814 [1] NCCL INFO Channel 05/0 : 1[1] -> 0[0] via P2P/direct pointer/read
ts55-master-0:36:2815 [2] NCCL INFO Channel 04/0 : 2[2] -> 1[1] via P2P/direct pointer/read
ts55-master-0:36:2814 [1] NCCL INFO Channel 06/0 : 1[1] -> 0[0] via P2P/direct pointer/read
ts55-master-0:36:2815 [2] NCCL INFO Channel 05/0 : 2[2] -> 1[1] via P2P/direct pointer/read
ts55-master-0:36:2814 [1] NCCL INFO Channel 07/0 : 1[1] -> 0[0] via P2P/direct pointer/read
ts55-master-0:36:2815 [2] NCCL INFO Channel 06/0 : 2[2] -> 1[1] via P2P/direct pointer/read
ts55-master-0:36:2814 [1] NCCL INFO Channel 08/0 : 1[1] -> 0[0] via P2P/direct pointer/read
ts55-master-0:36:2815 [2] NCCL INFO Channel 07/0 : 2[2] -> 1[1] via P2P/direct pointer/read
ts55-master-0:36:2814 [1] NCCL INFO Channel 09/0 : 1[1] -> 0[0] via P2P/direct pointer/read
ts55-master-0:36:2815 [2] NCCL INFO Channel 08/0 : 2[2] -> 1[1] via P2P/direct pointer/read
ts55-master-0:36:2814 [1] NCCL INFO Channel 10/0 : 1[1] -> 0[0] via P2P/direct pointer/read
ts55-master-0:36:2815 [2] NCCL INFO Channel 09/0 : 2[2] -> 1[1] via P2P/direct pointer/read
ts55-master-0:36:2814 [1] NCCL INFO Channel 11/0 : 1[1] -> 0[0] via P2P/direct pointer/read
ts55-master-0:36:2815 [2] NCCL INFO Channel 10/0 : 2[2] -> 1[1] via P2P/direct pointer/read
ts55-master-0:36:2814 [1] NCCL INFO Channel 12/0 : 1[1] -> 0[0] via P2P/direct pointer/read
ts55-master-0:36:2815 [2] NCCL INFO Channel 11/0 : 2[2] -> 1[1] via P2P/direct pointer/read
ts55-master-0:36:2814 [1] NCCL INFO Channel 13/0 : 1[1] -> 0[0] via P2P/direct pointer/read
ts55-master-0:36:2815 [2] NCCL INFO Channel 12/0 : 2[2] -> 1[1] via P2P/direct pointer/read
ts55-master-0:36:2814 [1] NCCL INFO Channel 14/0 : 1[1] -> 0[0] via P2P/direct pointer/read
ts55-master-0:36:2815 [2] NCCL INFO Channel 13/0 : 2[2] -> 1[1] via P2P/direct pointer/read
ts55-master-0:36:2814 [1] NCCL INFO Channel 15/0 : 1[1] -> 0[0] via P2P/direct pointer/read
ts55-master-0:36:2815 [2] NCCL INFO Channel 14/0 : 2[2] -> 1[1] via P2P/direct pointer/read
ts55-master-0:36:2814 [1] NCCL INFO Channel 16/0 : 1[1] -> 0[0] via P2P/direct pointer/read
ts55-master-0:36:2815 [2] NCCL INFO Channel 15/0 : 2[2] -> 1[1] via P2P/direct pointer/read
ts55-master-0:36:2814 [1] NCCL INFO Channel 17/0 : 1[1] -> 0[0] via P2P/direct pointer/read
ts55-master-0:36:2815 [2] NCCL INFO Channel 16/0 : 2[2] -> 1[1] via P2P/direct pointer/read
ts55-master-0:36:2814 [1] NCCL INFO Channel 18/0 : 1[1] -> 0[0] via P2P/direct pointer/read
ts55-master-0:36:2815 [2] NCCL INFO Channel 17/0 : 2[2] -> 1[1] via P2P/direct pointer/read
ts55-master-0:36:2814 [1] NCCL INFO Channel 19/0 : 1[1] -> 0[0] via P2P/direct pointer/read
ts55-master-0:36:2815 [2] NCCL INFO Channel 18/0 : 2[2] -> 1[1] via P2P/direct pointer/read
ts55-master-0:36:2814 [1] NCCL INFO Channel 20/0 : 1[1] -> 0[0] via P2P/direct pointer/read
ts55-master-0:36:2815 [2] NCCL INFO Channel 19/0 : 2[2] -> 1[1] via P2P/direct pointer/read
ts55-master-0:36:2814 [1] NCCL INFO Channel 21/0 : 1[1] -> 0[0] via P2P/direct pointer/read
ts55-master-0:36:2815 [2] NCCL INFO Channel 20/0 : 2[2] -> 1[1] via P2P/direct pointer/read
ts55-master-0:36:2814 [1] NCCL INFO Channel 22/0 : 1[1] -> 0[0] via P2P/direct pointer/read
ts55-master-0:36:2815 [2] NCCL INFO Channel 21/0 : 2[2] -> 1[1] via P2P/direct pointer/read
ts55-master-0:36:2814 [1] NCCL INFO Channel 23/0 : 1[1] -> 0[0] via P2P/direct pointer/read
ts55-master-0:36:2815 [2] NCCL INFO Channel 22/0 : 2[2] -> 1[1] via P2P/direct pointer/read
ts55-master-0:36:2815 [2] NCCL INFO Channel 23/0 : 2[2] -> 1[1] via P2P/direct pointer/read
ts55-master-0:36:2816 [3] NCCL INFO Connected all trees
ts55-master-0:36:2816 [3] NCCL INFO threadThresholds 8/8/64 | 32/8/64 | 512 | 512
ts55-master-0:36:2816 [3] NCCL INFO 24 coll channels, 0 collnet channels, 0 nvls channels, 32 p2p channels, 32 p2p channels per peer
ts55-master-0:36:2813 [0] NCCL INFO Connected all trees
ts55-master-0:36:2815 [2] NCCL INFO Connected all trees
ts55-master-0:36:2814 [1] NCCL INFO Connected all trees
ts55-master-0:36:2815 [2] NCCL INFO threadThresholds 8/8/64 | 32/8/64 | 512 | 512
ts55-master-0:36:2815 [2] NCCL INFO 24 coll channels, 0 collnet channels, 0 nvls channels, 32 p2p channels, 32 p2p channels per peer
ts55-master-0:36:2814 [1] NCCL INFO threadThresholds 8/8/64 | 32/8/64 | 512 | 512
ts55-master-0:36:2814 [1] NCCL INFO 24 coll channels, 0 collnet channels, 0 nvls channels, 32 p2p channels, 32 p2p channels per peer
ts55-master-0:36:2813 [0] NCCL INFO threadThresholds 8/8/64 | 32/8/64 | 512 | 512
ts55-master-0:36:2813 [0] NCCL INFO 24 coll channels, 0 collnet channels, 0 nvls channels, 32 p2p channels, 32 p2p channels per peer
ts55-master-0:36:2813 [0] NCCL INFO comm 0x12fbeab0 rank 0 nranks 4 cudaDev 0 nvmlDev 0 busId 61000 commId 0x7d6517a3f32e130 - Init COMPLETE
ts55-master-0:36:2815 [2] NCCL INFO comm 0x12fca250 rank 2 nranks 4 cudaDev 2 nvmlDev 2 busId 65000 commId 0x7d6517a3f32e130 - Init COMPLETE
ts55-master-0:36:2814 [1] NCCL INFO comm 0x12fc5540 rank 1 nranks 4 cudaDev 1 nvmlDev 1 busId 63000 commId 0x7d6517a3f32e130 - Init COMPLETE
ts55-master-0:36:2816 [3] NCCL INFO comm 0x12fcef60 rank 3 nranks 4 cudaDev 3 nvmlDev 3 busId 67000 commId 0x7d6517a3f32e130 - Init COMPLETE
	iters: 100, epoch: 1 | loss: 0.5765336
	speed: 1.1455s/iter; left time: 34514.6118s
	iters: 200, epoch: 1 | loss: 0.7145590
	speed: 1.1397s/iter; left time: 34227.2714s
	iters: 300, epoch: 1 | loss: 0.4563379
	speed: 1.1388s/iter; left time: 34086.1636s
	iters: 400, epoch: 1 | loss: 0.4937880
	speed: 1.1391s/iter; left time: 33980.2863s
	iters: 500, epoch: 1 | loss: 0.4609461
	speed: 1.1405s/iter; left time: 33907.9538s
	iters: 600, epoch: 1 | loss: 0.4356991
	speed: 1.1408s/iter; left time: 33804.2848s
	iters: 700, epoch: 1 | loss: 0.4565715
	speed: 1.1400s/iter; left time: 33665.5583s
	iters: 800, epoch: 1 | loss: 0.3770278
	speed: 1.1400s/iter; left time: 33552.6971s
	iters: 900, epoch: 1 | loss: 0.3612850
	speed: 1.1408s/iter; left time: 33461.0962s
	iters: 1000, epoch: 1 | loss: 0.3773935
	speed: 1.1223s/iter; left time: 32804.6571s
	iters: 1100, epoch: 1 | loss: 0.4369520
	speed: 1.0950s/iter; left time: 31898.7280s
	iters: 1200, epoch: 1 | loss: 0.3885909
	speed: 1.1262s/iter; left time: 32694.0539s
	iters: 1300, epoch: 1 | loss: 0.3993155
	speed: 1.1414s/iter; left time: 33021.3013s
	iters: 1400, epoch: 1 | loss: 0.3904007
	speed: 1.1400s/iter; left time: 32868.3727s
	iters: 1500, epoch: 1 | loss: 0.4377995
	speed: 1.1414s/iter; left time: 32793.4666s
	iters: 1600, epoch: 1 | loss: 0.3594099
	speed: 1.1413s/iter; left time: 32677.8700s
	iters: 1700, epoch: 1 | loss: 0.3803347
	speed: 1.1406s/iter; left time: 32541.5185s
	iters: 1800, epoch: 1 | loss: 0.2885532
	speed: 1.1402s/iter; left time: 32417.3785s
	iters: 1900, epoch: 1 | loss: 0.3925741
	speed: 1.1398s/iter; left time: 32290.4501s
	iters: 2000, epoch: 1 | loss: 0.4124037
	speed: 1.1414s/iter; left time: 32223.5698s
	iters: 2100, epoch: 1 | loss: 0.3796080
	speed: 1.1410s/iter; left time: 32098.7910s
	iters: 2200, epoch: 1 | loss: 0.3837311
	speed: 1.1081s/iter; left time: 31061.4272s
	iters: 2300, epoch: 1 | loss: 0.3242406
	speed: 1.1039s/iter; left time: 30833.1165s
	iters: 2400, epoch: 1 | loss: 0.4063579
	speed: 1.1403s/iter; left time: 31735.4056s
	iters: 2500, epoch: 1 | loss: 0.4189859
	speed: 1.1405s/iter; left time: 31628.3086s
	iters: 2600, epoch: 1 | loss: 0.3210551
	speed: 1.1121s/iter; left time: 30728.4922s
	iters: 2700, epoch: 1 | loss: 0.4339424
	speed: 1.0978s/iter; left time: 30222.3003s
	iters: 2800, epoch: 1 | loss: 0.3403224
	speed: 1.1042s/iter; left time: 30289.1581s
	iters: 2900, epoch: 1 | loss: 0.3570470
	speed: 1.1338s/iter; left time: 30987.3944s
	iters: 3000, epoch: 1 | loss: 0.3017361
	speed: 1.1411s/iter; left time: 31073.3548s
ts55-master-0:36:32805 [0] NCCL INFO Using non-device net plugin version 0
ts55-master-0:36:32805 [0] NCCL INFO Using network Socket
ts55-master-0:36:32805 [0] NCCL INFO comm 0x1303f470 rank 0 nranks 1 cudaDev 0 nvmlDev 0 busId 61000 commId 0x5a8e1af2f8050d42 - Init START
ts55-master-0:36:32805 [0] NCCL INFO Setting affinity for GPU 0 to 03ffffff,ffffffff
ts55-master-0:36:32805 [0] NCCL INFO comm 0x1303f470 rank 0 nRanks 1 nNodes 1 localRanks 1 localRank 0 MNNVL 0
ts55-master-0:36:32805 [0] NCCL INFO Channel 00/32 :    0
ts55-master-0:36:32805 [0] NCCL INFO Channel 01/32 :    0
ts55-master-0:36:32805 [0] NCCL INFO Channel 02/32 :    0
ts55-master-0:36:32805 [0] NCCL INFO Channel 03/32 :    0
ts55-master-0:36:32805 [0] NCCL INFO Channel 04/32 :    0
ts55-master-0:36:32805 [0] NCCL INFO Channel 05/32 :    0
ts55-master-0:36:32805 [0] NCCL INFO Channel 06/32 :    0
ts55-master-0:36:32805 [0] NCCL INFO Channel 07/32 :    0
ts55-master-0:36:32805 [0] NCCL INFO Channel 08/32 :    0
ts55-master-0:36:32805 [0] NCCL INFO Channel 09/32 :    0
ts55-master-0:36:32805 [0] NCCL INFO Channel 10/32 :    0
ts55-master-0:36:32805 [0] NCCL INFO Channel 11/32 :    0
ts55-master-0:36:32805 [0] NCCL INFO Channel 12/32 :    0
ts55-master-0:36:32805 [0] NCCL INFO Channel 13/32 :    0
ts55-master-0:36:32805 [0] NCCL INFO Channel 14/32 :    0
ts55-master-0:36:32805 [0] NCCL INFO Channel 15/32 :    0
ts55-master-0:36:32805 [0] NCCL INFO Channel 16/32 :    0
ts55-master-0:36:32805 [0] NCCL INFO Channel 17/32 :    0
ts55-master-0:36:32805 [0] NCCL INFO Channel 18/32 :    0
ts55-master-0:36:32805 [0] NCCL INFO Channel 19/32 :    0
ts55-master-0:36:32805 [0] NCCL INFO Channel 20/32 :    0
ts55-master-0:36:32805 [0] NCCL INFO Channel 21/32 :    0
ts55-master-0:36:32805 [0] NCCL INFO Channel 22/32 :    0
ts55-master-0:36:32805 [0] NCCL INFO Channel 23/32 :    0
ts55-master-0:36:32805 [0] NCCL INFO Channel 24/32 :    0
ts55-master-0:36:32805 [0] NCCL INFO Channel 25/32 :    0
ts55-master-0:36:32805 [0] NCCL INFO Channel 26/32 :    0
ts55-master-0:36:32805 [0] NCCL INFO Channel 27/32 :    0
ts55-master-0:36:32805 [0] NCCL INFO Channel 28/32 :    0
ts55-master-0:36:32805 [0] NCCL INFO Channel 29/32 :    0
ts55-master-0:36:32805 [0] NCCL INFO Channel 30/32 :    0
ts55-master-0:36:32805 [0] NCCL INFO Channel 31/32 :    0
ts55-master-0:36:32805 [0] NCCL INFO Trees [0] -1/-1/-1->0->-1 [1] -1/-1/-1->0->-1 [2] -1/-1/-1->0->-1 [3] -1/-1/-1->0->-1 [4] -1/-1/-1->0->-1 [5] -1/-1/-1->0->-1 [6] -1/-1/-1->0->-1 [7] -1/-1/-1->0->-1 [8] -1/-1/-1->0->-1 [9] -1/-1/-1->0->-1 [10] -1/-1/-1->0->-1 [11] -1/-1/-1->0->-1 [12] -1/-1/-1->0->-1 [13] -1/-1/-1->0->-1 [14] -1/-1/-1->0->-1 [15] -1/-1/-1->0->-1 [16] -1/-1/-1->0->-1 [17] -1/-1/-1->0->-1 [18] -1/-1/-1->0->-1 [19] -1/-1/-1->0->-1 [20] -1/-1/-1->0->-1 [21] -1/-1/-1->0->-1 [22] -1/-1/-1->0->-1 [23] -1/-1/-1->0->-1 [24] -1/-1/-1->0->-1 [25] -1/-1/-1->0->-1 [26] -1/-1/-1->0->-1 [27] -1/-1/-1->0->-1 [28] -1/-1/-1->0->-1 [29] -1/-1/-1->0->-1 [30] -1/-1/-1->0->-1 [31] -1/-1/-1->0->-1
ts55-master-0:36:32805 [0] NCCL INFO P2P Chunksize set to 131072
ts55-master-0:36:32805 [0] NCCL INFO Connected all rings
ts55-master-0:36:32805 [0] NCCL INFO Connected all trees
ts55-master-0:36:32805 [0] NCCL INFO 32 coll channels, 0 collnet channels, 0 nvls channels, 32 p2p channels, 32 p2p channels per peer
ts55-master-0:36:32805 [0] NCCL INFO comm 0x1303f470 rank 0 nranks 1 cudaDev 0 nvmlDev 0 busId 61000 commId 0x5a8e1af2f8050d42 - Init COMPLETE
Epoch: 1 cost time: 3422.614734888077
Epoch: 1, Steps: 3023 | Train Loss: 0.4246045 Vali Loss: 0.5252497 Test Loss: 0.5980472
Validation loss decreased (inf --> 0.525250).  Saving model ...
Updating learning rate to 0.0001
	iters: 100, epoch: 2 | loss: 0.3781811
	speed: 6.6150s/iter; left time: 179319.8948s
	iters: 200, epoch: 2 | loss: 0.3922673
	speed: 1.1399s/iter; left time: 30787.4906s
	iters: 300, epoch: 2 | loss: 0.4316652
	speed: 1.1403s/iter; left time: 30682.6621s
	iters: 400, epoch: 2 | loss: 0.4072593
	speed: 1.1407s/iter; left time: 30579.7726s
	iters: 500, epoch: 2 | loss: 0.4579692
	speed: 1.1403s/iter; left time: 30454.3993s
	iters: 600, epoch: 2 | loss: 0.4229569
	speed: 1.1395s/iter; left time: 30319.9787s
	iters: 700, epoch: 2 | loss: 0.3924097
	speed: 1.1400s/iter; left time: 30218.2476s
	iters: 800, epoch: 2 | loss: 0.3162572
	speed: 1.1397s/iter; left time: 30096.0289s
	iters: 900, epoch: 2 | loss: 0.3271454
	speed: 1.1402s/iter; left time: 29997.0993s
	iters: 1000, epoch: 2 | loss: 0.4037035
	speed: 1.1120s/iter; left time: 29143.0370s
	iters: 1100, epoch: 2 | loss: 0.4873534
	speed: 1.1004s/iter; left time: 28729.6516s
	iters: 1200, epoch: 2 | loss: 0.3696195
	speed: 1.1404s/iter; left time: 29659.5244s
	iters: 1300, epoch: 2 | loss: 0.3809354
	speed: 1.1397s/iter; left time: 29527.4369s
	iters: 1400, epoch: 2 | loss: 0.4797457
	speed: 1.1397s/iter; left time: 29414.2703s
	iters: 1500, epoch: 2 | loss: 0.4511409
	speed: 1.1406s/iter; left time: 29322.8090s
	iters: 1600, epoch: 2 | loss: 0.3698668
	speed: 1.1398s/iter; left time: 29187.2562s
	iters: 1700, epoch: 2 | loss: 0.4263877
	speed: 1.1396s/iter; left time: 29069.1895s
	iters: 1800, epoch: 2 | loss: 0.4043321
	speed: 1.1399s/iter; left time: 28963.7169s
	iters: 1900, epoch: 2 | loss: 0.3086509
	speed: 1.0999s/iter; left time: 27836.5674s
	iters: 2000, epoch: 2 | loss: 0.3578087
	speed: 1.0964s/iter; left time: 27636.8913s
	iters: 2100, epoch: 2 | loss: 0.3717741
	speed: 1.0958s/iter; left time: 27512.3460s
	iters: 2200, epoch: 2 | loss: 0.3473568
	speed: 1.0951s/iter; left time: 27385.3573s
	iters: 2300, epoch: 2 | loss: 0.2879210
	speed: 1.1167s/iter; left time: 27814.5776s
	iters: 2400, epoch: 2 | loss: 0.3584732
	speed: 1.1396s/iter; left time: 28270.6284s
	iters: 2500, epoch: 2 | loss: 0.3621459
	speed: 1.1399s/iter; left time: 28164.9217s
	iters: 2600, epoch: 2 | loss: 0.4259809
	speed: 1.1399s/iter; left time: 28051.4290s
	iters: 2700, epoch: 2 | loss: 0.3072068
	speed: 1.1395s/iter; left time: 27926.6013s
	iters: 2800, epoch: 2 | loss: 0.4380708
	speed: 1.1409s/iter; left time: 27846.3770s
	iters: 2900, epoch: 2 | loss: 0.3412700
	speed: 1.1409s/iter; left time: 27732.8452s
	iters: 3000, epoch: 2 | loss: 0.4617016
	speed: 1.1400s/iter; left time: 27598.0544s
Epoch: 2 cost time: 3419.2866961956024
Epoch: 2, Steps: 3023 | Train Loss: 0.3676868 Vali Loss: 0.5909505 Test Loss: 0.6851911
EarlyStopping counter: 1 out of 3
Updating learning rate to 5e-05
	iters: 100, epoch: 3 | loss: 0.2846944
	speed: 6.5955s/iter; left time: 158853.3548s
	iters: 200, epoch: 3 | loss: 0.3121199
	speed: 1.1421s/iter; left time: 27393.4827s
	iters: 300, epoch: 3 | loss: 0.3372805
	speed: 1.1438s/iter; left time: 27318.9078s
	iters: 400, epoch: 3 | loss: 0.4528081
	speed: 1.1432s/iter; left time: 27191.9233s
	iters: 500, epoch: 3 | loss: 0.3465382
	speed: 1.1430s/iter; left time: 27071.2225s
	iters: 600, epoch: 3 | loss: 0.3144193
	speed: 1.1427s/iter; left time: 26950.8943s
	iters: 700, epoch: 3 | loss: 0.4209225
	speed: 1.1422s/iter; left time: 26824.4589s
	iters: 800, epoch: 3 | loss: 0.3555665
	speed: 1.1420s/iter; left time: 26704.5321s
	iters: 900, epoch: 3 | loss: 0.3292274
	speed: 1.1422s/iter; left time: 26596.4347s
	iters: 1000, epoch: 3 | loss: 0.2851519
	speed: 1.1420s/iter; left time: 26477.6269s
	iters: 1100, epoch: 3 | loss: 0.3496760
	speed: 1.1200s/iter; left time: 25854.0737s
	iters: 1200, epoch: 3 | loss: 0.4510624
	speed: 1.0594s/iter; left time: 24349.1837s
	iters: 1300, epoch: 3 | loss: 0.5473194
	speed: 1.0930s/iter; left time: 25014.0776s
	iters: 1400, epoch: 3 | loss: 0.4454330
	speed: 1.1104s/iter; left time: 25299.5449s
	iters: 1500, epoch: 3 | loss: 0.3425866
	speed: 1.1421s/iter; left time: 25907.9977s
	iters: 1600, epoch: 3 | loss: 0.3627173
	speed: 1.1427s/iter; left time: 25807.0756s
	iters: 1700, epoch: 3 | loss: 0.3406176
	speed: 1.1426s/iter; left time: 25690.9322s
	iters: 1800, epoch: 3 | loss: 0.3810903
	speed: 1.1425s/iter; left time: 25574.3107s
	iters: 1900, epoch: 3 | loss: 0.2619686
	speed: 1.1424s/iter; left time: 25457.8357s
	iters: 2000, epoch: 3 | loss: 0.2987351
	speed: 1.1426s/iter; left time: 25348.7065s
	iters: 2100, epoch: 3 | loss: 0.3408350
	speed: 1.1422s/iter; left time: 25226.0108s
	iters: 2200, epoch: 3 | loss: 0.3599665
	speed: 1.1428s/iter; left time: 25125.1656s
	iters: 2300, epoch: 3 | loss: 0.4471769
	speed: 1.1179s/iter; left time: 24466.2356s
	iters: 2400, epoch: 3 | loss: 0.3009843
	speed: 1.1046s/iter; left time: 24064.0242s
	iters: 2500, epoch: 3 | loss: 0.3052065
	speed: 1.1396s/iter; left time: 24712.6746s
	iters: 2600, epoch: 3 | loss: 0.3108074
	speed: 1.1427s/iter; left time: 24665.7576s
	iters: 2700, epoch: 3 | loss: 0.2801114
	speed: 1.1436s/iter; left time: 24570.0516s
	iters: 2800, epoch: 3 | loss: 0.3413130
	speed: 1.1416s/iter; left time: 24412.7619s
	iters: 2900, epoch: 3 | loss: 0.2916672
	speed: 1.1417s/iter; left time: 24300.4935s
	iters: 3000, epoch: 3 | loss: 0.3471903
	speed: 1.1419s/iter; left time: 24191.6270s
Epoch: 3 cost time: 3424.966272830963
Epoch: 3, Steps: 3023 | Train Loss: 0.3500251 Vali Loss: 0.5578737 Test Loss: 0.6416643
EarlyStopping counter: 2 out of 3
Updating learning rate to 2.5e-05
	iters: 100, epoch: 4 | loss: 0.3770565
	speed: 6.6165s/iter; left time: 139356.8612s
	iters: 200, epoch: 4 | loss: 0.3449114
	speed: 1.1430s/iter; left time: 23959.6141s
	iters: 300, epoch: 4 | loss: 0.3264357
	speed: 1.1423s/iter; left time: 23830.7769s
	iters: 400, epoch: 4 | loss: 0.2785112
	speed: 1.1390s/iter; left time: 23647.0670s
	iters: 500, epoch: 4 | loss: 0.4161780
	speed: 1.0988s/iter; left time: 22702.8878s
	iters: 600, epoch: 4 | loss: 0.2973690
	speed: 1.1002s/iter; left time: 22621.6741s
	iters: 700, epoch: 4 | loss: 0.3172615
	speed: 1.1095s/iter; left time: 22702.2104s
	iters: 800, epoch: 4 | loss: 0.3983155
	speed: 1.1425s/iter; left time: 23263.0957s
	iters: 900, epoch: 4 | loss: 0.4075273
	speed: 1.1427s/iter; left time: 23153.0543s
	iters: 1000, epoch: 4 | loss: 0.3623261
	speed: 1.1424s/iter; left time: 23032.0723s
	iters: 1100, epoch: 4 | loss: 0.3171624
	speed: 1.1431s/iter; left time: 22932.5496s
	iters: 1200, epoch: 4 | loss: 0.3502883
	speed: 1.1062s/iter; left time: 22082.2329s
	iters: 1300, epoch: 4 | loss: 0.3192745
	speed: 1.1152s/iter; left time: 22150.6360s
	iters: 1400, epoch: 4 | loss: 0.3811663
	speed: 1.1425s/iter; left time: 22577.8384s
	iters: 1500, epoch: 4 | loss: 0.3344744
	speed: 1.1427s/iter; left time: 22466.9618s
	iters: 1600, epoch: 4 | loss: 0.3056135
	speed: 1.1427s/iter; left time: 22353.8724s
	iters: 1700, epoch: 4 | loss: 0.3279317
	speed: 1.1426s/iter; left time: 22237.3904s
	iters: 1800, epoch: 4 | loss: 0.3238920
	speed: 1.1436s/iter; left time: 22142.8348s
	iters: 1900, epoch: 4 | loss: 0.2897693
	speed: 1.1422s/iter; left time: 22001.4471s
	iters: 2000, epoch: 4 | loss: 0.3808045
	speed: 1.1430s/iter; left time: 21902.4595s
	iters: 2100, epoch: 4 | loss: 0.3657188
	speed: 1.1429s/iter; left time: 21786.7289s
	iters: 2200, epoch: 4 | loss: 0.3667312
	speed: 1.1427s/iter; left time: 21668.1216s
	iters: 2300, epoch: 4 | loss: 0.3965183
	speed: 1.1434s/iter; left time: 21567.3337s
	iters: 2400, epoch: 4 | loss: 0.2829110
	speed: 1.1041s/iter; left time: 20714.4529s
	iters: 2500, epoch: 4 | loss: 0.3794293
	speed: 1.1168s/iter; left time: 20842.4899s
	iters: 2600, epoch: 4 | loss: 0.3838346
	speed: 1.1444s/iter; left time: 21242.4170s
	iters: 2700, epoch: 4 | loss: 0.3205111
	speed: 1.1429s/iter; left time: 21100.9597s
	iters: 2800, epoch: 4 | loss: 0.3222758
	speed: 1.1422s/iter; left time: 20972.9164s
	iters: 2900, epoch: 4 | loss: 0.3044173
	speed: 1.1418s/iter; left time: 20851.9117s
	iters: 3000, epoch: 4 | loss: 0.3004384
	speed: 1.1440s/iter; left time: 20778.0056s
Epoch: 4 cost time: 3425.021087408066
Epoch: 4, Steps: 3023 | Train Loss: 0.3423559 Vali Loss: 0.5507957 Test Loss: 0.6394588
EarlyStopping counter: 3 out of 3
Early stopping
>>>>>>>testing : AGPT_loss_traffic_96_96_AGPT_PT_512_fixedFalse_0.0001_0.001<<<<<<<<<<<<<<<<<<<<<<<<<<<<<<<<<
test 3413
test shape: (3413, 96, 862) (3413, 96, 862)
test shape: (3413, 96, 862) (3413, 96, 862)
mse:0.5983507037162781, mae:0.4059348702430725
================================================================================
Model Profiling Summary
Total Params             : 3,839,843
Inference Time (s)       : 0.430689
GPU Mem Footprint (MB)   : 70.57
Peak Mem (MB)            : 302.31
================================================================================
Using GPU
Args in experiment:
[1mBasic Config[0m
  Task Name:          AGPT_loss           Is Training:        1                   
  Model ID:           traffic_96_192      Model:              AGPT_PT             

[1mData Loader[0m
  Data:               custom              Root Path:          ./dataset/traffic/  
  Data Path:          traffic.csv         Features:           M                   
  Target:             OT                  Freq:               h                   
  Checkpoints:        ./checkpoints/      

[1mModel Parameters[0m
  Num Kernels:        6                   
  Enc In:             862                 Dec In:             862                 
  C Out:              862                 d model:            512                 
  n heads:            8                   e layers:           2                   
  d layers:           1                   d FF:               512                 
  Moving Avg:         25                  Factor:             3                   
  Distil:             1                   Dropout:            0.1                 
  Embed:              timeF               Activation:         gelu                

[1mRun Parameters[0m
  Num Workers:        10                  Itr:                1                   
  Train Epochs:       10                  Batch Size:         4                   
  Patience:           3                   Learning Rate:      0.0001              
  Des:                Exp                 Loss:               MSE                 
  Lradj:              type1               Use Amp:            0                   

[1mGPU[0m
  Use GPU:            1                   GPU:                0                   
  Use Multi GPU:      1                   Devices:            0,1,2,3             

[1mDe-stationary Projector Params[0m
  P Hidden Dims:      128, 128            P Hidden Layers:    2                   

Use GPU: cuda:0
>>>>>>>start training : AGPT_loss_traffic_96_192_AGPT_PT_512_fixedFalse_0.0001_0.001>>>>>>>>>>>>>>>>>>>>>>>>>>
train 11993
val 1565
test 3317
ts55-master-0:187164:187164 [0] NCCL INFO cudaDriverVersion 12020
ts55-master-0:187164:187164 [0] NCCL INFO Bootstrap : Using eth0:10.211.67.41<0>
ts55-master-0:187164:187164 [0] NCCL INFO NET/Plugin : dlerror=libnccl-net.so: cannot open shared object file: No such file or directory No plugin found (libnccl-net.so), using internal implementation
NCCL version 2.20.5+cuda12.4
ts55-master-0:187164:188050 [0] NCCL INFO NCCL_IB_DISABLE set by environment to 0.
ts55-master-0:187164:188050 [0] NCCL INFO NET/IB : No device found.
ts55-master-0:187164:188050 [0] NCCL INFO NET/Socket : Using [0]eth0:10.211.67.41<0>
ts55-master-0:187164:188050 [0] NCCL INFO Using non-device net plugin version 0
ts55-master-0:187164:188050 [0] NCCL INFO Using network Socket
ts55-master-0:187164:188052 [2] NCCL INFO Using non-device net plugin version 0
ts55-master-0:187164:188052 [2] NCCL INFO Using network Socket
ts55-master-0:187164:188053 [3] NCCL INFO Using non-device net plugin version 0
ts55-master-0:187164:188053 [3] NCCL INFO Using network Socket
ts55-master-0:187164:188051 [1] NCCL INFO Using non-device net plugin version 0
ts55-master-0:187164:188051 [1] NCCL INFO Using network Socket
ts55-master-0:187164:188052 [2] NCCL INFO comm 0x122e31d0 rank 2 nranks 4 cudaDev 2 nvmlDev 2 busId 65000 commId 0x9b26bb51d538b9d6 - Init START
ts55-master-0:187164:188053 [3] NCCL INFO comm 0x122e7ee0 rank 3 nranks 4 cudaDev 3 nvmlDev 3 busId 67000 commId 0x9b26bb51d538b9d6 - Init START
ts55-master-0:187164:188051 [1] NCCL INFO comm 0x122de4c0 rank 1 nranks 4 cudaDev 1 nvmlDev 1 busId 63000 commId 0x9b26bb51d538b9d6 - Init START
ts55-master-0:187164:188050 [0] NCCL INFO comm 0x122d7a30 rank 0 nranks 4 cudaDev 0 nvmlDev 0 busId 61000 commId 0x9b26bb51d538b9d6 - Init START
ts55-master-0:187164:188052 [2] NCCL INFO Setting affinity for GPU 2 to 03ffffff,ffffffff
ts55-master-0:187164:188052 [2] NCCL INFO NVLS multicast support is not available on dev 2
ts55-master-0:187164:188053 [3] NCCL INFO Setting affinity for GPU 3 to 03ffffff,ffffffff
ts55-master-0:187164:188053 [3] NCCL INFO NVLS multicast support is not available on dev 3
ts55-master-0:187164:188050 [0] NCCL INFO Setting affinity for GPU 0 to 03ffffff,ffffffff
ts55-master-0:187164:188050 [0] NCCL INFO NVLS multicast support is not available on dev 0
ts55-master-0:187164:188051 [1] NCCL INFO Setting affinity for GPU 1 to 03ffffff,ffffffff
ts55-master-0:187164:188051 [1] NCCL INFO NVLS multicast support is not available on dev 1
ts55-master-0:187164:188051 [1] NCCL INFO comm 0x122de4c0 rank 1 nRanks 4 nNodes 1 localRanks 4 localRank 1 MNNVL 0
ts55-master-0:187164:188052 [2] NCCL INFO comm 0x122e31d0 rank 2 nRanks 4 nNodes 1 localRanks 4 localRank 2 MNNVL 0
ts55-master-0:187164:188051 [1] NCCL INFO Trees [0] 2/-1/-1->1->0 [1] 2/-1/-1->1->0 [2] 2/-1/-1->1->0 [3] 2/-1/-1->1->0 [4] 2/-1/-1->1->0 [5] 2/-1/-1->1->0 [6] 2/-1/-1->1->0 [7] 2/-1/-1->1->0 [8] 2/-1/-1->1->0 [9] 2/-1/-1->1->0 [10] 2/-1/-1->1->0 [11] 2/-1/-1->1->0 [12] 2/-1/-1->1->0 [13] 2/-1/-1->1->0 [14] 2/-1/-1->1->0 [15] 2/-1/-1->1->0 [16] 2/-1/-1->1->0 [17] 2/-1/-1->1->0 [18] 2/-1/-1->1->0 [19] 2/-1/-1->1->0 [20] 2/-1/-1->1->0 [21] 2/-1/-1->1->0 [22] 2/-1/-1->1->0 [23] 2/-1/-1->1->0
ts55-master-0:187164:188051 [1] NCCL INFO P2P Chunksize set to 524288
ts55-master-0:187164:188052 [2] NCCL INFO Trees [0] 3/-1/-1->2->1 [1] 3/-1/-1->2->1 [2] 3/-1/-1->2->1 [3] 3/-1/-1->2->1 [4] 3/-1/-1->2->1 [5] 3/-1/-1->2->1 [6] 3/-1/-1->2->1 [7] 3/-1/-1->2->1 [8] 3/-1/-1->2->1 [9] 3/-1/-1->2->1 [10] 3/-1/-1->2->1 [11] 3/-1/-1->2->1 [12] 3/-1/-1->2->1 [13] 3/-1/-1->2->1 [14] 3/-1/-1->2->1 [15] 3/-1/-1->2->1 [16] 3/-1/-1->2->1 [17] 3/-1/-1->2->1 [18] 3/-1/-1->2->1 [19] 3/-1/-1->2->1 [20] 3/-1/-1->2->1 [21] 3/-1/-1->2->1 [22] 3/-1/-1->2->1 [23] 3/-1/-1->2->1
ts55-master-0:187164:188052 [2] NCCL INFO P2P Chunksize set to 524288
ts55-master-0:187164:188050 [0] NCCL INFO comm 0x122d7a30 rank 0 nRanks 4 nNodes 1 localRanks 4 localRank 0 MNNVL 0
ts55-master-0:187164:188050 [0] NCCL INFO Channel 00/24 :    0   1   2   3
ts55-master-0:187164:188050 [0] NCCL INFO Channel 01/24 :    0   1   2   3
ts55-master-0:187164:188053 [3] NCCL INFO comm 0x122e7ee0 rank 3 nRanks 4 nNodes 1 localRanks 4 localRank 3 MNNVL 0
ts55-master-0:187164:188050 [0] NCCL INFO Channel 02/24 :    0   1   2   3
ts55-master-0:187164:188050 [0] NCCL INFO Channel 03/24 :    0   1   2   3
ts55-master-0:187164:188050 [0] NCCL INFO Channel 04/24 :    0   1   2   3
ts55-master-0:187164:188050 [0] NCCL INFO Channel 05/24 :    0   1   2   3
ts55-master-0:187164:188050 [0] NCCL INFO Channel 06/24 :    0   1   2   3
ts55-master-0:187164:188050 [0] NCCL INFO Channel 07/24 :    0   1   2   3
ts55-master-0:187164:188050 [0] NCCL INFO Channel 08/24 :    0   1   2   3
ts55-master-0:187164:188050 [0] NCCL INFO Channel 09/24 :    0   1   2   3
ts55-master-0:187164:188050 [0] NCCL INFO Channel 10/24 :    0   1   2   3
ts55-master-0:187164:188050 [0] NCCL INFO Channel 11/24 :    0   1   2   3
ts55-master-0:187164:188050 [0] NCCL INFO Channel 12/24 :    0   1   2   3
ts55-master-0:187164:188050 [0] NCCL INFO Channel 13/24 :    0   1   2   3
ts55-master-0:187164:188053 [3] NCCL INFO Trees [0] -1/-1/-1->3->2 [1] -1/-1/-1->3->2 [2] -1/-1/-1->3->2 [3] -1/-1/-1->3->2 [4] -1/-1/-1->3->2 [5] -1/-1/-1->3->2 [6] -1/-1/-1->3->2 [7] -1/-1/-1->3->2 [8] -1/-1/-1->3->2 [9] -1/-1/-1->3->2 [10] -1/-1/-1->3->2 [11] -1/-1/-1->3->2 [12] -1/-1/-1->3->2 [13] -1/-1/-1->3->2 [14] -1/-1/-1->3->2 [15] -1/-1/-1->3->2 [16] -1/-1/-1->3->2 [17] -1/-1/-1->3->2 [18] -1/-1/-1->3->2 [19] -1/-1/-1->3->2 [20] -1/-1/-1->3->2 [21] -1/-1/-1->3->2 [22] -1/-1/-1->3->2 [23] -1/-1/-1->3->2
ts55-master-0:187164:188050 [0] NCCL INFO Channel 14/24 :    0   1   2   3
ts55-master-0:187164:188050 [0] NCCL INFO Channel 15/24 :    0   1   2   3
ts55-master-0:187164:188050 [0] NCCL INFO Channel 16/24 :    0   1   2   3
ts55-master-0:187164:188053 [3] NCCL INFO P2P Chunksize set to 524288
ts55-master-0:187164:188050 [0] NCCL INFO Channel 17/24 :    0   1   2   3
ts55-master-0:187164:188050 [0] NCCL INFO Channel 18/24 :    0   1   2   3
ts55-master-0:187164:188050 [0] NCCL INFO Channel 19/24 :    0   1   2   3
ts55-master-0:187164:188050 [0] NCCL INFO Channel 20/24 :    0   1   2   3
ts55-master-0:187164:188050 [0] NCCL INFO Channel 21/24 :    0   1   2   3
ts55-master-0:187164:188050 [0] NCCL INFO Channel 22/24 :    0   1   2   3
ts55-master-0:187164:188050 [0] NCCL INFO Channel 23/24 :    0   1   2   3
