Using GPU
Args in experiment:
[1mBasic Config[0m
  Task Name:          AGPT_loss           Is Training:        1                   
  Model ID:           solar_96_96         Model:              AGPT_PT             

[1mData Loader[0m
  Data:               Solar               Root Path:          ./dataset/Solar/    
  Data Path:          solar_AL.txt        Features:           M                   
  Target:             OT                  Freq:               h                   
  Checkpoints:        ./checkpoints/      

[1mModel Parameters[0m
  Num Kernels:        6                   
  Enc In:             137                 Dec In:             137                 
  C Out:              137                 d model:            512                 
  n heads:            8                   e layers:           3                   
  d layers:           1                   d FF:               2048                
  Moving Avg:         25                  Factor:             3                   
  Distil:             1                   Dropout:            0.1                 
  Embed:              timeF               Activation:         gelu                

[1mRun Parameters[0m
  Num Workers:        10                  Itr:                1                   
  Train Epochs:       10                  Batch Size:         32                  
  Patience:           3                   Learning Rate:      0.001               
  Des:                Exp                 Loss:               MSE                 
  Lradj:              type1               Use Amp:            0                   

[1mGPU[0m
  Use GPU:            1                   GPU:                0                   
  Use Multi GPU:      1                   Devices:            0,1,2,3             

[1mDe-stationary Projector Params[0m
  P Hidden Dims:      128, 128            P Hidden Layers:    2                   

Use GPU: cuda:0
>>>>>>>start training : AGPT_loss_solar_96_96_AGPT_PT_2048_fixedFalse_0.001_0.001>>>>>>>>>>>>>>>>>>>>>>>>>>
train 36601
val 5161
test 10417
ts51-master-0:33:33 [0] NCCL INFO cudaDriverVersion 12020
ts51-master-0:33:33 [0] NCCL INFO Bootstrap : Using eth0:10.211.73.124<0>
ts51-master-0:33:33 [0] NCCL INFO NET/Plugin : dlerror=libnccl-net.so: cannot open shared object file: No such file or directory No plugin found (libnccl-net.so), using internal implementation
NCCL version 2.20.5+cuda12.4
ts51-master-0:33:2809 [2] NCCL INFO NCCL_IB_DISABLE set by environment to 0.
ts51-master-0:33:2809 [2] NCCL INFO NET/IB : No device found.
ts51-master-0:33:2809 [2] NCCL INFO NET/Socket : Using [0]eth0:10.211.73.124<0>
ts51-master-0:33:2809 [2] NCCL INFO Using non-device net plugin version 0
ts51-master-0:33:2809 [2] NCCL INFO Using network Socket
ts51-master-0:33:2810 [3] NCCL INFO Using non-device net plugin version 0
ts51-master-0:33:2810 [3] NCCL INFO Using network Socket
ts51-master-0:33:2807 [0] NCCL INFO Using non-device net plugin version 0
ts51-master-0:33:2807 [0] NCCL INFO Using network Socket
ts51-master-0:33:2808 [1] NCCL INFO Using non-device net plugin version 0
ts51-master-0:33:2808 [1] NCCL INFO Using network Socket
ts51-master-0:33:2810 [3] NCCL INFO comm 0xa2727c0 rank 3 nranks 4 cudaDev 3 nvmlDev 3 busId 67000 commId 0x7ae42d175ef527a1 - Init START
ts51-master-0:33:2808 [1] NCCL INFO comm 0xa268da0 rank 1 nranks 4 cudaDev 1 nvmlDev 1 busId 63000 commId 0x7ae42d175ef527a1 - Init START
ts51-master-0:33:2809 [2] NCCL INFO comm 0xa26dab0 rank 2 nranks 4 cudaDev 2 nvmlDev 2 busId 65000 commId 0x7ae42d175ef527a1 - Init START
ts51-master-0:33:2807 [0] NCCL INFO comm 0xa262550 rank 0 nranks 4 cudaDev 0 nvmlDev 0 busId 61000 commId 0x7ae42d175ef527a1 - Init START
ts51-master-0:33:2809 [2] NCCL INFO Setting affinity for GPU 2 to 03ffffff,ffffffff
ts51-master-0:33:2809 [2] NCCL INFO NVLS multicast support is not available on dev 2
ts51-master-0:33:2808 [1] NCCL INFO Setting affinity for GPU 1 to 03ffffff,ffffffff
ts51-master-0:33:2808 [1] NCCL INFO NVLS multicast support is not available on dev 1
ts51-master-0:33:2807 [0] NCCL INFO Setting affinity for GPU 0 to 03ffffff,ffffffff
ts51-master-0:33:2807 [0] NCCL INFO NVLS multicast support is not available on dev 0
ts51-master-0:33:2810 [3] NCCL INFO Setting affinity for GPU 3 to 03ffffff,ffffffff
ts51-master-0:33:2810 [3] NCCL INFO NVLS multicast support is not available on dev 3
ts51-master-0:33:2807 [0] NCCL INFO comm 0xa262550 rank 0 nRanks 4 nNodes 1 localRanks 4 localRank 0 MNNVL 0
ts51-master-0:33:2809 [2] NCCL INFO comm 0xa26dab0 rank 2 nRanks 4 nNodes 1 localRanks 4 localRank 2 MNNVL 0
ts51-master-0:33:2810 [3] NCCL INFO comm 0xa2727c0 rank 3 nRanks 4 nNodes 1 localRanks 4 localRank 3 MNNVL 0
ts51-master-0:33:2808 [1] NCCL INFO comm 0xa268da0 rank 1 nRanks 4 nNodes 1 localRanks 4 localRank 1 MNNVL 0
ts51-master-0:33:2807 [0] NCCL INFO Channel 00/24 :    0   1   2   3
ts51-master-0:33:2807 [0] NCCL INFO Channel 01/24 :    0   1   2   3
ts51-master-0:33:2807 [0] NCCL INFO Channel 02/24 :    0   1   2   3
ts51-master-0:33:2807 [0] NCCL INFO Channel 03/24 :    0   1   2   3
ts51-master-0:33:2807 [0] NCCL INFO Channel 04/24 :    0   1   2   3
ts51-master-0:33:2807 [0] NCCL INFO Channel 05/24 :    0   1   2   3
ts51-master-0:33:2808 [1] NCCL INFO Trees [0] 2/-1/-1->1->0 [1] 2/-1/-1->1->0 [2] 2/-1/-1->1->0 [3] 2/-1/-1->1->0 [4] 2/-1/-1->1->0 [5] 2/-1/-1->1->0 [6] 2/-1/-1->1->0 [7] 2/-1/-1->1->0 [8] 2/-1/-1->1->0 [9] 2/-1/-1->1->0 [10] 2/-1/-1->1->0 [11] 2/-1/-1->1->0 [12] 2/-1/-1->1->0 [13] 2/-1/-1->1->0 [14] 2/-1/-1->1->0 [15] 2/-1/-1->1->0 [16] 2/-1/-1->1->0 [17] 2/-1/-1->1->0 [18] 2/-1/-1->1->0 [19] 2/-1/-1->1->0 [20] 2/-1/-1->1->0 [21] 2/-1/-1->1->0 [22] 2/-1/-1->1->0 [23] 2/-1/-1->1->0
ts51-master-0:33:2807 [0] NCCL INFO Channel 06/24 :    0   1   2   3
ts51-master-0:33:2809 [2] NCCL INFO Trees [0] 3/-1/-1->2->1 [1] 3/-1/-1->2->1 [2] 3/-1/-1->2->1 [3] 3/-1/-1->2->1 [4] 3/-1/-1->2->1 [5] 3/-1/-1->2->1 [6] 3/-1/-1->2->1 [7] 3/-1/-1->2->1 [8] 3/-1/-1->2->1 [9] 3/-1/-1->2->1 [10] 3/-1/-1->2->1 [11] 3/-1/-1->2->1 [12] 3/-1/-1->2->1 [13] 3/-1/-1->2->1 [14] 3/-1/-1->2->1 [15] 3/-1/-1->2->1 [16] 3/-1/-1->2->1 [17] 3/-1/-1->2->1 [18] 3/-1/-1->2->1 [19] 3/-1/-1->2->1 [20] 3/-1/-1->2->1 [21] 3/-1/-1->2->1 [22] 3/-1/-1->2->1 [23] 3/-1/-1->2->1
ts51-master-0:33:2810 [3] NCCL INFO Trees [0] -1/-1/-1->3->2 [1] -1/-1/-1->3->2 [2] -1/-1/-1->3->2 [3] -1/-1/-1->3->2 [4] -1/-1/-1->3->2 [5] -1/-1/-1->3->2 [6] -1/-1/-1->3->2 [7] -1/-1/-1->3->2 [8] -1/-1/-1->3->2 [9] -1/-1/-1->3->2 [10] -1/-1/-1->3->2 [11] -1/-1/-1->3->2 [12] -1/-1/-1->3->2 [13] -1/-1/-1->3->2 [14] -1/-1/-1->3->2 [15] -1/-1/-1->3->2 [16] -1/-1/-1->3->2 [17] -1/-1/-1->3->2 [18] -1/-1/-1->3->2 [19] -1/-1/-1->3->2 [20] -1/-1/-1->3->2 [21] -1/-1/-1->3->2 [22] -1/-1/-1->3->2 [23] -1/-1/-1->3->2
ts51-master-0:33:2807 [0] NCCL INFO Channel 07/24 :    0   1   2   3
ts51-master-0:33:2807 [0] NCCL INFO Channel 08/24 :    0   1   2   3
ts51-master-0:33:2807 [0] NCCL INFO Channel 09/24 :    0   1   2   3
ts51-master-0:33:2807 [0] NCCL INFO Channel 10/24 :    0   1   2   3
ts51-master-0:33:2807 [0] NCCL INFO Channel 11/24 :    0   1   2   3
ts51-master-0:33:2807 [0] NCCL INFO Channel 12/24 :    0   1   2   3
ts51-master-0:33:2807 [0] NCCL INFO Channel 13/24 :    0   1   2   3
ts51-master-0:33:2807 [0] NCCL INFO Channel 14/24 :    0   1   2   3
ts51-master-0:33:2807 [0] NCCL INFO Channel 15/24 :    0   1   2   3
ts51-master-0:33:2810 [3] NCCL INFO P2P Chunksize set to 524288
ts51-master-0:33:2809 [2] NCCL INFO P2P Chunksize set to 524288
ts51-master-0:33:2807 [0] NCCL INFO Channel 16/24 :    0   1   2   3
ts51-master-0:33:2808 [1] NCCL INFO P2P Chunksize set to 524288
ts51-master-0:33:2807 [0] NCCL INFO Channel 17/24 :    0   1   2   3
ts51-master-0:33:2807 [0] NCCL INFO Channel 18/24 :    0   1   2   3
ts51-master-0:33:2807 [0] NCCL INFO Channel 19/24 :    0   1   2   3
ts51-master-0:33:2807 [0] NCCL INFO Channel 20/24 :    0   1   2   3
ts51-master-0:33:2807 [0] NCCL INFO Channel 21/24 :    0   1   2   3
ts51-master-0:33:2807 [0] NCCL INFO Channel 22/24 :    0   1   2   3
ts51-master-0:33:2807 [0] NCCL INFO Channel 23/24 :    0   1   2   3
ts51-master-0:33:2807 [0] NCCL INFO Trees [0] 1/-1/-1->0->-1 [1] 1/-1/-1->0->-1 [2] 1/-1/-1->0->-1 [3] 1/-1/-1->0->-1 [4] 1/-1/-1->0->-1 [5] 1/-1/-1->0->-1 [6] 1/-1/-1->0->-1 [7] 1/-1/-1->0->-1 [8] 1/-1/-1->0->-1 [9] 1/-1/-1->0->-1 [10] 1/-1/-1->0->-1 [11] 1/-1/-1->0->-1 [12] 1/-1/-1->0->-1 [13] 1/-1/-1->0->-1 [14] 1/-1/-1->0->-1 [15] 1/-1/-1->0->-1 [16] 1/-1/-1->0->-1 [17] 1/-1/-1->0->-1 [18] 1/-1/-1->0->-1 [19] 1/-1/-1->0->-1 [20] 1/-1/-1->0->-1 [21] 1/-1/-1->0->-1 [22] 1/-1/-1->0->-1 [23] 1/-1/-1->0->-1
ts51-master-0:33:2807 [0] NCCL INFO P2P Chunksize set to 524288
ts51-master-0:33:2810 [3] NCCL INFO Channel 00/0 : 3[3] -> 0[0] via P2P/direct pointer/read
ts51-master-0:33:2809 [2] NCCL INFO Channel 00/0 : 2[2] -> 3[3] via P2P/direct pointer/read
ts51-master-0:33:2810 [3] NCCL INFO Channel 01/0 : 3[3] -> 0[0] via P2P/direct pointer/read
ts51-master-0:33:2808 [1] NCCL INFO Channel 00/0 : 1[1] -> 2[2] via P2P/direct pointer/read
ts51-master-0:33:2809 [2] NCCL INFO Channel 01/0 : 2[2] -> 3[3] via P2P/direct pointer/read
ts51-master-0:33:2810 [3] NCCL INFO Channel 02/0 : 3[3] -> 0[0] via P2P/direct pointer/read
ts51-master-0:33:2808 [1] NCCL INFO Channel 01/0 : 1[1] -> 2[2] via P2P/direct pointer/read
ts51-master-0:33:2809 [2] NCCL INFO Channel 02/0 : 2[2] -> 3[3] via P2P/direct pointer/read
ts51-master-0:33:2810 [3] NCCL INFO Channel 03/0 : 3[3] -> 0[0] via P2P/direct pointer/read
ts51-master-0:33:2808 [1] NCCL INFO Channel 02/0 : 1[1] -> 2[2] via P2P/direct pointer/read
ts51-master-0:33:2809 [2] NCCL INFO Channel 03/0 : 2[2] -> 3[3] via P2P/direct pointer/read
ts51-master-0:33:2810 [3] NCCL INFO Channel 04/0 : 3[3] -> 0[0] via P2P/direct pointer/read
ts51-master-0:33:2808 [1] NCCL INFO Channel 03/0 : 1[1] -> 2[2] via P2P/direct pointer/read
ts51-master-0:33:2809 [2] NCCL INFO Channel 04/0 : 2[2] -> 3[3] via P2P/direct pointer/read
ts51-master-0:33:2810 [3] NCCL INFO Channel 05/0 : 3[3] -> 0[0] via P2P/direct pointer/read
ts51-master-0:33:2808 [1] NCCL INFO Channel 04/0 : 1[1] -> 2[2] via P2P/direct pointer/read
ts51-master-0:33:2809 [2] NCCL INFO Channel 05/0 : 2[2] -> 3[3] via P2P/direct pointer/read
ts51-master-0:33:2810 [3] NCCL INFO Channel 06/0 : 3[3] -> 0[0] via P2P/direct pointer/read
ts51-master-0:33:2808 [1] NCCL INFO Channel 05/0 : 1[1] -> 2[2] via P2P/direct pointer/read
ts51-master-0:33:2809 [2] NCCL INFO Channel 06/0 : 2[2] -> 3[3] via P2P/direct pointer/read
ts51-master-0:33:2810 [3] NCCL INFO Channel 07/0 : 3[3] -> 0[0] via P2P/direct pointer/read
ts51-master-0:33:2808 [1] NCCL INFO Channel 06/0 : 1[1] -> 2[2] via P2P/direct pointer/read
ts51-master-0:33:2809 [2] NCCL INFO Channel 07/0 : 2[2] -> 3[3] via P2P/direct pointer/read
ts51-master-0:33:2810 [3] NCCL INFO Channel 08/0 : 3[3] -> 0[0] via P2P/direct pointer/read
ts51-master-0:33:2808 [1] NCCL INFO Channel 07/0 : 1[1] -> 2[2] via P2P/direct pointer/read
ts51-master-0:33:2809 [2] NCCL INFO Channel 08/0 : 2[2] -> 3[3] via P2P/direct pointer/read
ts51-master-0:33:2810 [3] NCCL INFO Channel 09/0 : 3[3] -> 0[0] via P2P/direct pointer/read
ts51-master-0:33:2808 [1] NCCL INFO Channel 08/0 : 1[1] -> 2[2] via P2P/direct pointer/read
ts51-master-0:33:2809 [2] NCCL INFO Channel 09/0 : 2[2] -> 3[3] via P2P/direct pointer/read
ts51-master-0:33:2810 [3] NCCL INFO Channel 10/0 : 3[3] -> 0[0] via P2P/direct pointer/read
ts51-master-0:33:2808 [1] NCCL INFO Channel 09/0 : 1[1] -> 2[2] via P2P/direct pointer/read
ts51-master-0:33:2809 [2] NCCL INFO Channel 10/0 : 2[2] -> 3[3] via P2P/direct pointer/read
ts51-master-0:33:2810 [3] NCCL INFO Channel 11/0 : 3[3] -> 0[0] via P2P/direct pointer/read
ts51-master-0:33:2808 [1] NCCL INFO Channel 10/0 : 1[1] -> 2[2] via P2P/direct pointer/read
ts51-master-0:33:2809 [2] NCCL INFO Channel 11/0 : 2[2] -> 3[3] via P2P/direct pointer/read
ts51-master-0:33:2810 [3] NCCL INFO Channel 12/0 : 3[3] -> 0[0] via P2P/direct pointer/read
ts51-master-0:33:2808 [1] NCCL INFO Channel 11/0 : 1[1] -> 2[2] via P2P/direct pointer/read
ts51-master-0:33:2809 [2] NCCL INFO Channel 12/0 : 2[2] -> 3[3] via P2P/direct pointer/read
ts51-master-0:33:2810 [3] NCCL INFO Channel 13/0 : 3[3] -> 0[0] via P2P/direct pointer/read
ts51-master-0:33:2808 [1] NCCL INFO Channel 12/0 : 1[1] -> 2[2] via P2P/direct pointer/read
ts51-master-0:33:2809 [2] NCCL INFO Channel 13/0 : 2[2] -> 3[3] via P2P/direct pointer/read
ts51-master-0:33:2810 [3] NCCL INFO Channel 14/0 : 3[3] -> 0[0] via P2P/direct pointer/read
ts51-master-0:33:2808 [1] NCCL INFO Channel 13/0 : 1[1] -> 2[2] via P2P/direct pointer/read
ts51-master-0:33:2809 [2] NCCL INFO Channel 14/0 : 2[2] -> 3[3] via P2P/direct pointer/read
ts51-master-0:33:2810 [3] NCCL INFO Channel 15/0 : 3[3] -> 0[0] via P2P/direct pointer/read
ts51-master-0:33:2808 [1] NCCL INFO Channel 14/0 : 1[1] -> 2[2] via P2P/direct pointer/read
ts51-master-0:33:2809 [2] NCCL INFO Channel 15/0 : 2[2] -> 3[3] via P2P/direct pointer/read
ts51-master-0:33:2810 [3] NCCL INFO Channel 16/0 : 3[3] -> 0[0] via P2P/direct pointer/read
ts51-master-0:33:2808 [1] NCCL INFO Channel 15/0 : 1[1] -> 2[2] via P2P/direct pointer/read
ts51-master-0:33:2809 [2] NCCL INFO Channel 16/0 : 2[2] -> 3[3] via P2P/direct pointer/read
ts51-master-0:33:2810 [3] NCCL INFO Channel 17/0 : 3[3] -> 0[0] via P2P/direct pointer/read
ts51-master-0:33:2808 [1] NCCL INFO Channel 16/0 : 1[1] -> 2[2] via P2P/direct pointer/read
ts51-master-0:33:2809 [2] NCCL INFO Channel 17/0 : 2[2] -> 3[3] via P2P/direct pointer/read
ts51-master-0:33:2810 [3] NCCL INFO Channel 18/0 : 3[3] -> 0[0] via P2P/direct pointer/read
ts51-master-0:33:2808 [1] NCCL INFO Channel 17/0 : 1[1] -> 2[2] via P2P/direct pointer/read
ts51-master-0:33:2809 [2] NCCL INFO Channel 18/0 : 2[2] -> 3[3] via P2P/direct pointer/read
ts51-master-0:33:2810 [3] NCCL INFO Channel 19/0 : 3[3] -> 0[0] via P2P/direct pointer/read
ts51-master-0:33:2808 [1] NCCL INFO Channel 18/0 : 1[1] -> 2[2] via P2P/direct pointer/read
ts51-master-0:33:2809 [2] NCCL INFO Channel 19/0 : 2[2] -> 3[3] via P2P/direct pointer/read
ts51-master-0:33:2810 [3] NCCL INFO Channel 20/0 : 3[3] -> 0[0] via P2P/direct pointer/read
ts51-master-0:33:2808 [1] NCCL INFO Channel 19/0 : 1[1] -> 2[2] via P2P/direct pointer/read
ts51-master-0:33:2809 [2] NCCL INFO Channel 20/0 : 2[2] -> 3[3] via P2P/direct pointer/read
ts51-master-0:33:2810 [3] NCCL INFO Channel 21/0 : 3[3] -> 0[0] via P2P/direct pointer/read
ts51-master-0:33:2808 [1] NCCL INFO Channel 20/0 : 1[1] -> 2[2] via P2P/direct pointer/read
ts51-master-0:33:2809 [2] NCCL INFO Channel 21/0 : 2[2] -> 3[3] via P2P/direct pointer/read
ts51-master-0:33:2810 [3] NCCL INFO Channel 22/0 : 3[3] -> 0[0] via P2P/direct pointer/read
ts51-master-0:33:2808 [1] NCCL INFO Channel 21/0 : 1[1] -> 2[2] via P2P/direct pointer/read
ts51-master-0:33:2809 [2] NCCL INFO Channel 22/0 : 2[2] -> 3[3] via P2P/direct pointer/read
ts51-master-0:33:2810 [3] NCCL INFO Channel 23/0 : 3[3] -> 0[0] via P2P/direct pointer/read
ts51-master-0:33:2808 [1] NCCL INFO Channel 22/0 : 1[1] -> 2[2] via P2P/direct pointer/read
ts51-master-0:33:2809 [2] NCCL INFO Channel 23/0 : 2[2] -> 3[3] via P2P/direct pointer/read
ts51-master-0:33:2808 [1] NCCL INFO Channel 23/0 : 1[1] -> 2[2] via P2P/direct pointer/read
ts51-master-0:33:2807 [0] NCCL INFO Channel 00/0 : 0[0] -> 1[1] via P2P/direct pointer/read
ts51-master-0:33:2807 [0] NCCL INFO Channel 01/0 : 0[0] -> 1[1] via P2P/direct pointer/read
ts51-master-0:33:2807 [0] NCCL INFO Channel 02/0 : 0[0] -> 1[1] via P2P/direct pointer/read
ts51-master-0:33:2807 [0] NCCL INFO Channel 03/0 : 0[0] -> 1[1] via P2P/direct pointer/read
ts51-master-0:33:2807 [0] NCCL INFO Channel 04/0 : 0[0] -> 1[1] via P2P/direct pointer/read
ts51-master-0:33:2807 [0] NCCL INFO Channel 05/0 : 0[0] -> 1[1] via P2P/direct pointer/read
ts51-master-0:33:2807 [0] NCCL INFO Channel 06/0 : 0[0] -> 1[1] via P2P/direct pointer/read
ts51-master-0:33:2807 [0] NCCL INFO Channel 07/0 : 0[0] -> 1[1] via P2P/direct pointer/read
ts51-master-0:33:2807 [0] NCCL INFO Channel 08/0 : 0[0] -> 1[1] via P2P/direct pointer/read
ts51-master-0:33:2807 [0] NCCL INFO Channel 09/0 : 0[0] -> 1[1] via P2P/direct pointer/read
ts51-master-0:33:2807 [0] NCCL INFO Channel 10/0 : 0[0] -> 1[1] via P2P/direct pointer/read
ts51-master-0:33:2807 [0] NCCL INFO Channel 11/0 : 0[0] -> 1[1] via P2P/direct pointer/read
ts51-master-0:33:2807 [0] NCCL INFO Channel 12/0 : 0[0] -> 1[1] via P2P/direct pointer/read
ts51-master-0:33:2807 [0] NCCL INFO Channel 13/0 : 0[0] -> 1[1] via P2P/direct pointer/read
ts51-master-0:33:2807 [0] NCCL INFO Channel 14/0 : 0[0] -> 1[1] via P2P/direct pointer/read
ts51-master-0:33:2807 [0] NCCL INFO Channel 15/0 : 0[0] -> 1[1] via P2P/direct pointer/read
ts51-master-0:33:2807 [0] NCCL INFO Channel 16/0 : 0[0] -> 1[1] via P2P/direct pointer/read
ts51-master-0:33:2807 [0] NCCL INFO Channel 17/0 : 0[0] -> 1[1] via P2P/direct pointer/read
ts51-master-0:33:2807 [0] NCCL INFO Channel 18/0 : 0[0] -> 1[1] via P2P/direct pointer/read
ts51-master-0:33:2807 [0] NCCL INFO Channel 19/0 : 0[0] -> 1[1] via P2P/direct pointer/read
ts51-master-0:33:2807 [0] NCCL INFO Channel 20/0 : 0[0] -> 1[1] via P2P/direct pointer/read
ts51-master-0:33:2807 [0] NCCL INFO Channel 21/0 : 0[0] -> 1[1] via P2P/direct pointer/read
ts51-master-0:33:2807 [0] NCCL INFO Channel 22/0 : 0[0] -> 1[1] via P2P/direct pointer/read
ts51-master-0:33:2807 [0] NCCL INFO Channel 23/0 : 0[0] -> 1[1] via P2P/direct pointer/read
ts51-master-0:33:2809 [2] NCCL INFO Connected all rings
ts51-master-0:33:2808 [1] NCCL INFO Connected all rings
ts51-master-0:33:2810 [3] NCCL INFO Connected all rings
ts51-master-0:33:2807 [0] NCCL INFO Connected all rings
ts51-master-0:33:2810 [3] NCCL INFO Channel 00/0 : 3[3] -> 2[2] via P2P/direct pointer/read
ts51-master-0:33:2810 [3] NCCL INFO Channel 01/0 : 3[3] -> 2[2] via P2P/direct pointer/read
ts51-master-0:33:2810 [3] NCCL INFO Channel 02/0 : 3[3] -> 2[2] via P2P/direct pointer/read
ts51-master-0:33:2810 [3] NCCL INFO Channel 03/0 : 3[3] -> 2[2] via P2P/direct pointer/read
ts51-master-0:33:2810 [3] NCCL INFO Channel 04/0 : 3[3] -> 2[2] via P2P/direct pointer/read
ts51-master-0:33:2810 [3] NCCL INFO Channel 05/0 : 3[3] -> 2[2] via P2P/direct pointer/read
ts51-master-0:33:2810 [3] NCCL INFO Channel 06/0 : 3[3] -> 2[2] via P2P/direct pointer/read
ts51-master-0:33:2810 [3] NCCL INFO Channel 07/0 : 3[3] -> 2[2] via P2P/direct pointer/read
ts51-master-0:33:2810 [3] NCCL INFO Channel 08/0 : 3[3] -> 2[2] via P2P/direct pointer/read
ts51-master-0:33:2810 [3] NCCL INFO Channel 09/0 : 3[3] -> 2[2] via P2P/direct pointer/read
ts51-master-0:33:2810 [3] NCCL INFO Channel 10/0 : 3[3] -> 2[2] via P2P/direct pointer/read
ts51-master-0:33:2810 [3] NCCL INFO Channel 11/0 : 3[3] -> 2[2] via P2P/direct pointer/read
ts51-master-0:33:2810 [3] NCCL INFO Channel 12/0 : 3[3] -> 2[2] via P2P/direct pointer/read
ts51-master-0:33:2810 [3] NCCL INFO Channel 13/0 : 3[3] -> 2[2] via P2P/direct pointer/read
ts51-master-0:33:2810 [3] NCCL INFO Channel 14/0 : 3[3] -> 2[2] via P2P/direct pointer/read
ts51-master-0:33:2810 [3] NCCL INFO Channel 15/0 : 3[3] -> 2[2] via P2P/direct pointer/read
ts51-master-0:33:2810 [3] NCCL INFO Channel 16/0 : 3[3] -> 2[2] via P2P/direct pointer/read
ts51-master-0:33:2810 [3] NCCL INFO Channel 17/0 : 3[3] -> 2[2] via P2P/direct pointer/read
ts51-master-0:33:2810 [3] NCCL INFO Channel 18/0 : 3[3] -> 2[2] via P2P/direct pointer/read
ts51-master-0:33:2810 [3] NCCL INFO Channel 19/0 : 3[3] -> 2[2] via P2P/direct pointer/read
ts51-master-0:33:2810 [3] NCCL INFO Channel 20/0 : 3[3] -> 2[2] via P2P/direct pointer/read
ts51-master-0:33:2810 [3] NCCL INFO Channel 21/0 : 3[3] -> 2[2] via P2P/direct pointer/read
ts51-master-0:33:2810 [3] NCCL INFO Channel 22/0 : 3[3] -> 2[2] via P2P/direct pointer/read
ts51-master-0:33:2808 [1] NCCL INFO Channel 00/0 : 1[1] -> 0[0] via P2P/direct pointer/read
ts51-master-0:33:2810 [3] NCCL INFO Channel 23/0 : 3[3] -> 2[2] via P2P/direct pointer/read
ts51-master-0:33:2808 [1] NCCL INFO Channel 01/0 : 1[1] -> 0[0] via P2P/direct pointer/read
ts51-master-0:33:2809 [2] NCCL INFO Channel 00/0 : 2[2] -> 1[1] via P2P/direct pointer/read
ts51-master-0:33:2808 [1] NCCL INFO Channel 02/0 : 1[1] -> 0[0] via P2P/direct pointer/read
ts51-master-0:33:2809 [2] NCCL INFO Channel 01/0 : 2[2] -> 1[1] via P2P/direct pointer/read
ts51-master-0:33:2808 [1] NCCL INFO Channel 03/0 : 1[1] -> 0[0] via P2P/direct pointer/read
ts51-master-0:33:2809 [2] NCCL INFO Channel 02/0 : 2[2] -> 1[1] via P2P/direct pointer/read
ts51-master-0:33:2808 [1] NCCL INFO Channel 04/0 : 1[1] -> 0[0] via P2P/direct pointer/read
ts51-master-0:33:2809 [2] NCCL INFO Channel 03/0 : 2[2] -> 1[1] via P2P/direct pointer/read
ts51-master-0:33:2808 [1] NCCL INFO Channel 05/0 : 1[1] -> 0[0] via P2P/direct pointer/read
ts51-master-0:33:2809 [2] NCCL INFO Channel 04/0 : 2[2] -> 1[1] via P2P/direct pointer/read
ts51-master-0:33:2808 [1] NCCL INFO Channel 06/0 : 1[1] -> 0[0] via P2P/direct pointer/read
ts51-master-0:33:2809 [2] NCCL INFO Channel 05/0 : 2[2] -> 1[1] via P2P/direct pointer/read
ts51-master-0:33:2808 [1] NCCL INFO Channel 07/0 : 1[1] -> 0[0] via P2P/direct pointer/read
ts51-master-0:33:2809 [2] NCCL INFO Channel 06/0 : 2[2] -> 1[1] via P2P/direct pointer/read
ts51-master-0:33:2808 [1] NCCL INFO Channel 08/0 : 1[1] -> 0[0] via P2P/direct pointer/read
ts51-master-0:33:2809 [2] NCCL INFO Channel 07/0 : 2[2] -> 1[1] via P2P/direct pointer/read
ts51-master-0:33:2808 [1] NCCL INFO Channel 09/0 : 1[1] -> 0[0] via P2P/direct pointer/read
ts51-master-0:33:2809 [2] NCCL INFO Channel 08/0 : 2[2] -> 1[1] via P2P/direct pointer/read
ts51-master-0:33:2808 [1] NCCL INFO Channel 10/0 : 1[1] -> 0[0] via P2P/direct pointer/read
ts51-master-0:33:2809 [2] NCCL INFO Channel 09/0 : 2[2] -> 1[1] via P2P/direct pointer/read
ts51-master-0:33:2808 [1] NCCL INFO Channel 11/0 : 1[1] -> 0[0] via P2P/direct pointer/read
ts51-master-0:33:2809 [2] NCCL INFO Channel 10/0 : 2[2] -> 1[1] via P2P/direct pointer/read
ts51-master-0:33:2808 [1] NCCL INFO Channel 12/0 : 1[1] -> 0[0] via P2P/direct pointer/read
ts51-master-0:33:2809 [2] NCCL INFO Channel 11/0 : 2[2] -> 1[1] via P2P/direct pointer/read
ts51-master-0:33:2808 [1] NCCL INFO Channel 13/0 : 1[1] -> 0[0] via P2P/direct pointer/read
ts51-master-0:33:2809 [2] NCCL INFO Channel 12/0 : 2[2] -> 1[1] via P2P/direct pointer/read
ts51-master-0:33:2808 [1] NCCL INFO Channel 14/0 : 1[1] -> 0[0] via P2P/direct pointer/read
ts51-master-0:33:2809 [2] NCCL INFO Channel 13/0 : 2[2] -> 1[1] via P2P/direct pointer/read
ts51-master-0:33:2808 [1] NCCL INFO Channel 15/0 : 1[1] -> 0[0] via P2P/direct pointer/read
ts51-master-0:33:2809 [2] NCCL INFO Channel 14/0 : 2[2] -> 1[1] via P2P/direct pointer/read
ts51-master-0:33:2808 [1] NCCL INFO Channel 16/0 : 1[1] -> 0[0] via P2P/direct pointer/read
ts51-master-0:33:2809 [2] NCCL INFO Channel 15/0 : 2[2] -> 1[1] via P2P/direct pointer/read
ts51-master-0:33:2808 [1] NCCL INFO Channel 17/0 : 1[1] -> 0[0] via P2P/direct pointer/read
ts51-master-0:33:2809 [2] NCCL INFO Channel 16/0 : 2[2] -> 1[1] via P2P/direct pointer/read
ts51-master-0:33:2808 [1] NCCL INFO Channel 18/0 : 1[1] -> 0[0] via P2P/direct pointer/read
ts51-master-0:33:2809 [2] NCCL INFO Channel 17/0 : 2[2] -> 1[1] via P2P/direct pointer/read
ts51-master-0:33:2808 [1] NCCL INFO Channel 19/0 : 1[1] -> 0[0] via P2P/direct pointer/read
ts51-master-0:33:2809 [2] NCCL INFO Channel 18/0 : 2[2] -> 1[1] via P2P/direct pointer/read
ts51-master-0:33:2808 [1] NCCL INFO Channel 20/0 : 1[1] -> 0[0] via P2P/direct pointer/read
ts51-master-0:33:2809 [2] NCCL INFO Channel 19/0 : 2[2] -> 1[1] via P2P/direct pointer/read
ts51-master-0:33:2808 [1] NCCL INFO Channel 21/0 : 1[1] -> 0[0] via P2P/direct pointer/read
ts51-master-0:33:2809 [2] NCCL INFO Channel 20/0 : 2[2] -> 1[1] via P2P/direct pointer/read
ts51-master-0:33:2808 [1] NCCL INFO Channel 22/0 : 1[1] -> 0[0] via P2P/direct pointer/read
ts51-master-0:33:2809 [2] NCCL INFO Channel 21/0 : 2[2] -> 1[1] via P2P/direct pointer/read
ts51-master-0:33:2808 [1] NCCL INFO Channel 23/0 : 1[1] -> 0[0] via P2P/direct pointer/read
ts51-master-0:33:2809 [2] NCCL INFO Channel 22/0 : 2[2] -> 1[1] via P2P/direct pointer/read
ts51-master-0:33:2809 [2] NCCL INFO Channel 23/0 : 2[2] -> 1[1] via P2P/direct pointer/read
ts51-master-0:33:2807 [0] NCCL INFO Connected all trees
ts51-master-0:33:2807 [0] NCCL INFO threadThresholds 8/8/64 | 32/8/64 | 512 | 512
ts51-master-0:33:2807 [0] NCCL INFO 24 coll channels, 0 collnet channels, 0 nvls channels, 32 p2p channels, 32 p2p channels per peer
ts51-master-0:33:2808 [1] NCCL INFO Connected all trees
ts51-master-0:33:2808 [1] NCCL INFO threadThresholds 8/8/64 | 32/8/64 | 512 | 512
ts51-master-0:33:2808 [1] NCCL INFO 24 coll channels, 0 collnet channels, 0 nvls channels, 32 p2p channels, 32 p2p channels per peer
ts51-master-0:33:2810 [3] NCCL INFO Connected all trees
ts51-master-0:33:2810 [3] NCCL INFO threadThresholds 8/8/64 | 32/8/64 | 512 | 512
ts51-master-0:33:2810 [3] NCCL INFO 24 coll channels, 0 collnet channels, 0 nvls channels, 32 p2p channels, 32 p2p channels per peer
ts51-master-0:33:2809 [2] NCCL INFO Connected all trees
ts51-master-0:33:2809 [2] NCCL INFO threadThresholds 8/8/64 | 32/8/64 | 512 | 512
ts51-master-0:33:2809 [2] NCCL INFO 24 coll channels, 0 collnet channels, 0 nvls channels, 32 p2p channels, 32 p2p channels per peer
ts51-master-0:33:2809 [2] NCCL INFO comm 0xa26dab0 rank 2 nranks 4 cudaDev 2 nvmlDev 2 busId 65000 commId 0x7ae42d175ef527a1 - Init COMPLETE
ts51-master-0:33:2808 [1] NCCL INFO comm 0xa268da0 rank 1 nranks 4 cudaDev 1 nvmlDev 1 busId 63000 commId 0x7ae42d175ef527a1 - Init COMPLETE
ts51-master-0:33:2810 [3] NCCL INFO comm 0xa2727c0 rank 3 nranks 4 cudaDev 3 nvmlDev 3 busId 67000 commId 0x7ae42d175ef527a1 - Init COMPLETE
ts51-master-0:33:2807 [0] NCCL INFO comm 0xa262550 rank 0 nranks 4 cudaDev 0 nvmlDev 0 busId 61000 commId 0x7ae42d175ef527a1 - Init COMPLETE
	iters: 100, epoch: 1 | loss: 0.4992526
	speed: 1.1810s/iter; left time: 13394.2447s
	iters: 200, epoch: 1 | loss: 0.4172401
	speed: 1.1413s/iter; left time: 12829.8665s
	iters: 300, epoch: 1 | loss: 0.3953514
	speed: 1.1446s/iter; left time: 12751.6025s
	iters: 400, epoch: 1 | loss: 0.3522336
	speed: 1.0787s/iter; left time: 11909.6785s
	iters: 500, epoch: 1 | loss: 0.3153228
	speed: 1.1351s/iter; left time: 12419.0482s
	iters: 600, epoch: 1 | loss: 0.3046806
	speed: 1.1417s/iter; left time: 12377.3108s
	iters: 700, epoch: 1 | loss: 0.3940564
	speed: 1.1424s/iter; left time: 12270.9874s
	iters: 800, epoch: 1 | loss: 0.4378199
	speed: 1.1220s/iter; left time: 11939.1854s
	iters: 900, epoch: 1 | loss: 0.3339963
	speed: 1.0942s/iter; left time: 11533.4860s
	iters: 1000, epoch: 1 | loss: 0.3554363
	speed: 1.1439s/iter; left time: 11943.9738s
	iters: 1100, epoch: 1 | loss: 0.3353547
	speed: 1.1437s/iter; left time: 11826.6313s
Epoch: 1 cost time: 1297.282152891159
ts51-master-0:33:25447 [2] NCCL INFO Using non-device net plugin version 0
ts51-master-0:33:25447 [2] NCCL INFO Using network Socket
ts51-master-0:33:25446 [1] NCCL INFO Using non-device net plugin version 0
ts51-master-0:33:25445 [0] NCCL INFO Using non-device net plugin version 0
ts51-master-0:33:25446 [1] NCCL INFO Using network Socket
ts51-master-0:33:25445 [0] NCCL INFO Using network Socket
ts51-master-0:33:25446 [1] NCCL INFO comm 0x11cff050 rank 1 nranks 3 cudaDev 1 nvmlDev 1 busId 63000 commId 0x63c04611eac2b97a - Init START
ts51-master-0:33:25445 [0] NCCL INFO comm 0x109dd520 rank 0 nranks 3 cudaDev 0 nvmlDev 0 busId 61000 commId 0x63c04611eac2b97a - Init START
ts51-master-0:33:25447 [2] NCCL INFO comm 0x10a09480 rank 2 nranks 3 cudaDev 2 nvmlDev 2 busId 65000 commId 0x63c04611eac2b97a - Init START
ts51-master-0:33:25447 [2] NCCL INFO Setting affinity for GPU 2 to 03ffffff,ffffffff
ts51-master-0:33:25447 [2] NCCL INFO NVLS multicast support is not available on dev 2
ts51-master-0:33:25445 [0] NCCL INFO Setting affinity for GPU 0 to 03ffffff,ffffffff
ts51-master-0:33:25445 [0] NCCL INFO NVLS multicast support is not available on dev 0
ts51-master-0:33:25446 [1] NCCL INFO Setting affinity for GPU 1 to 03ffffff,ffffffff
ts51-master-0:33:25446 [1] NCCL INFO NVLS multicast support is not available on dev 1
ts51-master-0:33:25446 [1] NCCL INFO comm 0x11cff050 rank 1 nRanks 3 nNodes 1 localRanks 3 localRank 1 MNNVL 0
ts51-master-0:33:25447 [2] NCCL INFO comm 0x10a09480 rank 2 nRanks 3 nNodes 1 localRanks 3 localRank 2 MNNVL 0
ts51-master-0:33:25445 [0] NCCL INFO comm 0x109dd520 rank 0 nRanks 3 nNodes 1 localRanks 3 localRank 0 MNNVL 0
ts51-master-0:33:25446 [1] NCCL INFO Trees [0] 2/-1/-1->1->0 [1] 2/-1/-1->1->0 [2] 2/-1/-1->1->0 [3] 2/-1/-1->1->0 [4] 2/-1/-1->1->0 [5] 2/-1/-1->1->0 [6] 2/-1/-1->1->0 [7] 2/-1/-1->1->0 [8] 2/-1/-1->1->0 [9] 2/-1/-1->1->0 [10] 2/-1/-1->1->0 [11] 2/-1/-1->1->0 [12] 2/-1/-1->1->0 [13] 2/-1/-1->1->0 [14] 2/-1/-1->1->0 [15] 2/-1/-1->1->0 [16] 2/-1/-1->1->0 [17] 2/-1/-1->1->0 [18] 2/-1/-1->1->0 [19] 2/-1/-1->1->0 [20] 2/-1/-1->1->0 [21] 2/-1/-1->1->0 [22] 2/-1/-1->1->0 [23] 2/-1/-1->1->0
ts51-master-0:33:25445 [0] NCCL INFO Channel 00/24 :    0   1   2
ts51-master-0:33:25445 [0] NCCL INFO Channel 01/24 :    0   1   2
ts51-master-0:33:25445 [0] NCCL INFO Channel 02/24 :    0   1   2
ts51-master-0:33:25445 [0] NCCL INFO Channel 03/24 :    0   1   2
ts51-master-0:33:25445 [0] NCCL INFO Channel 04/24 :    0   1   2
ts51-master-0:33:25445 [0] NCCL INFO Channel 05/24 :    0   1   2
ts51-master-0:33:25447 [2] NCCL INFO Trees [0] -1/-1/-1->2->1 [1] -1/-1/-1->2->1 [2] -1/-1/-1->2->1 [3] -1/-1/-1->2->1 [4] -1/-1/-1->2->1 [5] -1/-1/-1->2->1 [6] -1/-1/-1->2->1 [7] -1/-1/-1->2->1 [8] -1/-1/-1->2->1 [9] -1/-1/-1->2->1 [10] -1/-1/-1->2->1 [11] -1/-1/-1->2->1 [12] -1/-1/-1->2->1 [13] -1/-1/-1->2->1 [14] -1/-1/-1->2->1 [15] -1/-1/-1->2->1 [16] -1/-1/-1->2->1 [17] -1/-1/-1->2->1 [18] -1/-1/-1->2->1 [19] -1/-1/-1->2->1 [20] -1/-1/-1->2->1 [21] -1/-1/-1->2->1 [22] -1/-1/-1->2->1 [23] -1/-1/-1->2->1
ts51-master-0:33:25445 [0] NCCL INFO Channel 06/24 :    0   1   2
ts51-master-0:33:25445 [0] NCCL INFO Channel 07/24 :    0   1   2
ts51-master-0:33:25445 [0] NCCL INFO Channel 08/24 :    0   1   2
ts51-master-0:33:25445 [0] NCCL INFO Channel 09/24 :    0   1   2
ts51-master-0:33:25445 [0] NCCL INFO Channel 10/24 :    0   1   2
ts51-master-0:33:25445 [0] NCCL INFO Channel 11/24 :    0   1   2
ts51-master-0:33:25445 [0] NCCL INFO Channel 12/24 :    0   1   2
ts51-master-0:33:25445 [0] NCCL INFO Channel 13/24 :    0   1   2
ts51-master-0:33:25445 [0] NCCL INFO Channel 14/24 :    0   1   2
ts51-master-0:33:25445 [0] NCCL INFO Channel 15/24 :    0   1   2
ts51-master-0:33:25445 [0] NCCL INFO Channel 16/24 :    0   1   2
ts51-master-0:33:25445 [0] NCCL INFO Channel 17/24 :    0   1   2
ts51-master-0:33:25445 [0] NCCL INFO Channel 18/24 :    0   1   2
ts51-master-0:33:25445 [0] NCCL INFO Channel 19/24 :    0   1   2
ts51-master-0:33:25445 [0] NCCL INFO Channel 20/24 :    0   1   2
ts51-master-0:33:25445 [0] NCCL INFO Channel 21/24 :    0   1   2
ts51-master-0:33:25445 [0] NCCL INFO Channel 22/24 :    0   1   2
ts51-master-0:33:25445 [0] NCCL INFO Channel 23/24 :    0   1   2
ts51-master-0:33:25447 [2] NCCL INFO P2P Chunksize set to 524288
ts51-master-0:33:25446 [1] NCCL INFO P2P Chunksize set to 524288
ts51-master-0:33:25445 [0] NCCL INFO Trees [0] 1/-1/-1->0->-1 [1] 1/-1/-1->0->-1 [2] 1/-1/-1->0->-1 [3] 1/-1/-1->0->-1 [4] 1/-1/-1->0->-1 [5] 1/-1/-1->0->-1 [6] 1/-1/-1->0->-1 [7] 1/-1/-1->0->-1 [8] 1/-1/-1->0->-1 [9] 1/-1/-1->0->-1 [10] 1/-1/-1->0->-1 [11] 1/-1/-1->0->-1 [12] 1/-1/-1->0->-1 [13] 1/-1/-1->0->-1 [14] 1/-1/-1->0->-1 [15] 1/-1/-1->0->-1 [16] 1/-1/-1->0->-1 [17] 1/-1/-1->0->-1 [18] 1/-1/-1->0->-1 [19] 1/-1/-1->0->-1 [20] 1/-1/-1->0->-1 [21] 1/-1/-1->0->-1 [22] 1/-1/-1->0->-1 [23] 1/-1/-1->0->-1
ts51-master-0:33:25445 [0] NCCL INFO P2P Chunksize set to 524288
ts51-master-0:33:25446 [1] NCCL INFO Channel 00/0 : 1[1] -> 2[2] via P2P/direct pointer/read
ts51-master-0:33:25446 [1] NCCL INFO Channel 01/0 : 1[1] -> 2[2] via P2P/direct pointer/read
ts51-master-0:33:25446 [1] NCCL INFO Channel 02/0 : 1[1] -> 2[2] via P2P/direct pointer/read
ts51-master-0:33:25446 [1] NCCL INFO Channel 03/0 : 1[1] -> 2[2] via P2P/direct pointer/read
ts51-master-0:33:25447 [2] NCCL INFO Channel 00/0 : 2[2] -> 0[0] via P2P/direct pointer/read
ts51-master-0:33:25446 [1] NCCL INFO Channel 04/0 : 1[1] -> 2[2] via P2P/direct pointer/read
ts51-master-0:33:25447 [2] NCCL INFO Channel 01/0 : 2[2] -> 0[0] via P2P/direct pointer/read
ts51-master-0:33:25446 [1] NCCL INFO Channel 05/0 : 1[1] -> 2[2] via P2P/direct pointer/read
ts51-master-0:33:25447 [2] NCCL INFO Channel 02/0 : 2[2] -> 0[0] via P2P/direct pointer/read
ts51-master-0:33:25446 [1] NCCL INFO Channel 06/0 : 1[1] -> 2[2] via P2P/direct pointer/read
ts51-master-0:33:25447 [2] NCCL INFO Channel 03/0 : 2[2] -> 0[0] via P2P/direct pointer/read
ts51-master-0:33:25446 [1] NCCL INFO Channel 07/0 : 1[1] -> 2[2] via P2P/direct pointer/read
ts51-master-0:33:25447 [2] NCCL INFO Channel 04/0 : 2[2] -> 0[0] via P2P/direct pointer/read
ts51-master-0:33:25446 [1] NCCL INFO Channel 08/0 : 1[1] -> 2[2] via P2P/direct pointer/read
ts51-master-0:33:25447 [2] NCCL INFO Channel 05/0 : 2[2] -> 0[0] via P2P/direct pointer/read
ts51-master-0:33:25446 [1] NCCL INFO Channel 09/0 : 1[1] -> 2[2] via P2P/direct pointer/read
ts51-master-0:33:25447 [2] NCCL INFO Channel 06/0 : 2[2] -> 0[0] via P2P/direct pointer/read
ts51-master-0:33:25446 [1] NCCL INFO Channel 10/0 : 1[1] -> 2[2] via P2P/direct pointer/read
ts51-master-0:33:25447 [2] NCCL INFO Channel 07/0 : 2[2] -> 0[0] via P2P/direct pointer/read
ts51-master-0:33:25446 [1] NCCL INFO Channel 11/0 : 1[1] -> 2[2] via P2P/direct pointer/read
ts51-master-0:33:25447 [2] NCCL INFO Channel 08/0 : 2[2] -> 0[0] via P2P/direct pointer/read
ts51-master-0:33:25446 [1] NCCL INFO Channel 12/0 : 1[1] -> 2[2] via P2P/direct pointer/read
ts51-master-0:33:25447 [2] NCCL INFO Channel 09/0 : 2[2] -> 0[0] via P2P/direct pointer/read
ts51-master-0:33:25446 [1] NCCL INFO Channel 13/0 : 1[1] -> 2[2] via P2P/direct pointer/read
ts51-master-0:33:25447 [2] NCCL INFO Channel 10/0 : 2[2] -> 0[0] via P2P/direct pointer/read
ts51-master-0:33:25446 [1] NCCL INFO Channel 14/0 : 1[1] -> 2[2] via P2P/direct pointer/read
ts51-master-0:33:25447 [2] NCCL INFO Channel 11/0 : 2[2] -> 0[0] via P2P/direct pointer/read
ts51-master-0:33:25446 [1] NCCL INFO Channel 15/0 : 1[1] -> 2[2] via P2P/direct pointer/read
ts51-master-0:33:25447 [2] NCCL INFO Channel 12/0 : 2[2] -> 0[0] via P2P/direct pointer/read
ts51-master-0:33:25446 [1] NCCL INFO Channel 16/0 : 1[1] -> 2[2] via P2P/direct pointer/read
ts51-master-0:33:25447 [2] NCCL INFO Channel 13/0 : 2[2] -> 0[0] via P2P/direct pointer/read
ts51-master-0:33:25446 [1] NCCL INFO Channel 17/0 : 1[1] -> 2[2] via P2P/direct pointer/read
ts51-master-0:33:25447 [2] NCCL INFO Channel 14/0 : 2[2] -> 0[0] via P2P/direct pointer/read
ts51-master-0:33:25446 [1] NCCL INFO Channel 18/0 : 1[1] -> 2[2] via P2P/direct pointer/read
ts51-master-0:33:25447 [2] NCCL INFO Channel 15/0 : 2[2] -> 0[0] via P2P/direct pointer/read
ts51-master-0:33:25446 [1] NCCL INFO Channel 19/0 : 1[1] -> 2[2] via P2P/direct pointer/read
ts51-master-0:33:25447 [2] NCCL INFO Channel 16/0 : 2[2] -> 0[0] via P2P/direct pointer/read
ts51-master-0:33:25446 [1] NCCL INFO Channel 20/0 : 1[1] -> 2[2] via P2P/direct pointer/read
ts51-master-0:33:25447 [2] NCCL INFO Channel 17/0 : 2[2] -> 0[0] via P2P/direct pointer/read
ts51-master-0:33:25446 [1] NCCL INFO Channel 21/0 : 1[1] -> 2[2] via P2P/direct pointer/read
ts51-master-0:33:25447 [2] NCCL INFO Channel 18/0 : 2[2] -> 0[0] via P2P/direct pointer/read
ts51-master-0:33:25446 [1] NCCL INFO Channel 22/0 : 1[1] -> 2[2] via P2P/direct pointer/read
ts51-master-0:33:25447 [2] NCCL INFO Channel 19/0 : 2[2] -> 0[0] via P2P/direct pointer/read
ts51-master-0:33:25446 [1] NCCL INFO Channel 23/0 : 1[1] -> 2[2] via P2P/direct pointer/read
ts51-master-0:33:25447 [2] NCCL INFO Channel 20/0 : 2[2] -> 0[0] via P2P/direct pointer/read
ts51-master-0:33:25447 [2] NCCL INFO Channel 21/0 : 2[2] -> 0[0] via P2P/direct pointer/read
ts51-master-0:33:25447 [2] NCCL INFO Channel 22/0 : 2[2] -> 0[0] via P2P/direct pointer/read
ts51-master-0:33:25447 [2] NCCL INFO Channel 23/0 : 2[2] -> 0[0] via P2P/direct pointer/read
ts51-master-0:33:25445 [0] NCCL INFO Channel 00/0 : 0[0] -> 1[1] via P2P/direct pointer/read
ts51-master-0:33:25445 [0] NCCL INFO Channel 01/0 : 0[0] -> 1[1] via P2P/direct pointer/read
ts51-master-0:33:25445 [0] NCCL INFO Channel 02/0 : 0[0] -> 1[1] via P2P/direct pointer/read
ts51-master-0:33:25445 [0] NCCL INFO Channel 03/0 : 0[0] -> 1[1] via P2P/direct pointer/read
ts51-master-0:33:25445 [0] NCCL INFO Channel 04/0 : 0[0] -> 1[1] via P2P/direct pointer/read
ts51-master-0:33:25445 [0] NCCL INFO Channel 05/0 : 0[0] -> 1[1] via P2P/direct pointer/read
ts51-master-0:33:25445 [0] NCCL INFO Channel 06/0 : 0[0] -> 1[1] via P2P/direct pointer/read
ts51-master-0:33:25445 [0] NCCL INFO Channel 07/0 : 0[0] -> 1[1] via P2P/direct pointer/read
ts51-master-0:33:25445 [0] NCCL INFO Channel 08/0 : 0[0] -> 1[1] via P2P/direct pointer/read
ts51-master-0:33:25445 [0] NCCL INFO Channel 09/0 : 0[0] -> 1[1] via P2P/direct pointer/read
ts51-master-0:33:25445 [0] NCCL INFO Channel 10/0 : 0[0] -> 1[1] via P2P/direct pointer/read
ts51-master-0:33:25445 [0] NCCL INFO Channel 11/0 : 0[0] -> 1[1] via P2P/direct pointer/read
ts51-master-0:33:25445 [0] NCCL INFO Channel 12/0 : 0[0] -> 1[1] via P2P/direct pointer/read
ts51-master-0:33:25445 [0] NCCL INFO Channel 13/0 : 0[0] -> 1[1] via P2P/direct pointer/read
ts51-master-0:33:25445 [0] NCCL INFO Channel 14/0 : 0[0] -> 1[1] via P2P/direct pointer/read
ts51-master-0:33:25445 [0] NCCL INFO Channel 15/0 : 0[0] -> 1[1] via P2P/direct pointer/read
ts51-master-0:33:25445 [0] NCCL INFO Channel 16/0 : 0[0] -> 1[1] via P2P/direct pointer/read
ts51-master-0:33:25445 [0] NCCL INFO Channel 17/0 : 0[0] -> 1[1] via P2P/direct pointer/read
ts51-master-0:33:25445 [0] NCCL INFO Channel 18/0 : 0[0] -> 1[1] via P2P/direct pointer/read
ts51-master-0:33:25445 [0] NCCL INFO Channel 19/0 : 0[0] -> 1[1] via P2P/direct pointer/read
ts51-master-0:33:25445 [0] NCCL INFO Channel 20/0 : 0[0] -> 1[1] via P2P/direct pointer/read
ts51-master-0:33:25445 [0] NCCL INFO Channel 21/0 : 0[0] -> 1[1] via P2P/direct pointer/read
ts51-master-0:33:25445 [0] NCCL INFO Channel 22/0 : 0[0] -> 1[1] via P2P/direct pointer/read
ts51-master-0:33:25445 [0] NCCL INFO Channel 23/0 : 0[0] -> 1[1] via P2P/direct pointer/read
ts51-master-0:33:25445 [0] NCCL INFO Connected all rings
ts51-master-0:33:25446 [1] NCCL INFO Connected all rings
ts51-master-0:33:25447 [2] NCCL INFO Connected all rings
ts51-master-0:33:25447 [2] NCCL INFO Channel 00/0 : 2[2] -> 1[1] via P2P/direct pointer/read
ts51-master-0:33:25447 [2] NCCL INFO Channel 01/0 : 2[2] -> 1[1] via P2P/direct pointer/read
ts51-master-0:33:25447 [2] NCCL INFO Channel 02/0 : 2[2] -> 1[1] via P2P/direct pointer/read
ts51-master-0:33:25447 [2] NCCL INFO Channel 03/0 : 2[2] -> 1[1] via P2P/direct pointer/read
ts51-master-0:33:25447 [2] NCCL INFO Channel 04/0 : 2[2] -> 1[1] via P2P/direct pointer/read
ts51-master-0:33:25447 [2] NCCL INFO Channel 05/0 : 2[2] -> 1[1] via P2P/direct pointer/read
ts51-master-0:33:25447 [2] NCCL INFO Channel 06/0 : 2[2] -> 1[1] via P2P/direct pointer/read
ts51-master-0:33:25447 [2] NCCL INFO Channel 07/0 : 2[2] -> 1[1] via P2P/direct pointer/read
ts51-master-0:33:25447 [2] NCCL INFO Channel 08/0 : 2[2] -> 1[1] via P2P/direct pointer/read
ts51-master-0:33:25447 [2] NCCL INFO Channel 09/0 : 2[2] -> 1[1] via P2P/direct pointer/read
ts51-master-0:33:25447 [2] NCCL INFO Channel 10/0 : 2[2] -> 1[1] via P2P/direct pointer/read
ts51-master-0:33:25447 [2] NCCL INFO Channel 11/0 : 2[2] -> 1[1] via P2P/direct pointer/read
ts51-master-0:33:25447 [2] NCCL INFO Channel 12/0 : 2[2] -> 1[1] via P2P/direct pointer/read
ts51-master-0:33:25447 [2] NCCL INFO Channel 13/0 : 2[2] -> 1[1] via P2P/direct pointer/read
ts51-master-0:33:25447 [2] NCCL INFO Channel 14/0 : 2[2] -> 1[1] via P2P/direct pointer/read
ts51-master-0:33:25447 [2] NCCL INFO Channel 15/0 : 2[2] -> 1[1] via P2P/direct pointer/read
ts51-master-0:33:25447 [2] NCCL INFO Channel 16/0 : 2[2] -> 1[1] via P2P/direct pointer/read
ts51-master-0:33:25447 [2] NCCL INFO Channel 17/0 : 2[2] -> 1[1] via P2P/direct pointer/read
ts51-master-0:33:25447 [2] NCCL INFO Channel 18/0 : 2[2] -> 1[1] via P2P/direct pointer/read
ts51-master-0:33:25447 [2] NCCL INFO Channel 19/0 : 2[2] -> 1[1] via P2P/direct pointer/read
ts51-master-0:33:25447 [2] NCCL INFO Channel 20/0 : 2[2] -> 1[1] via P2P/direct pointer/read
ts51-master-0:33:25447 [2] NCCL INFO Channel 21/0 : 2[2] -> 1[1] via P2P/direct pointer/read
ts51-master-0:33:25447 [2] NCCL INFO Channel 22/0 : 2[2] -> 1[1] via P2P/direct pointer/read
ts51-master-0:33:25446 [1] NCCL INFO Channel 00/0 : 1[1] -> 0[0] via P2P/direct pointer/read
ts51-master-0:33:25447 [2] NCCL INFO Channel 23/0 : 2[2] -> 1[1] via P2P/direct pointer/read
ts51-master-0:33:25446 [1] NCCL INFO Channel 01/0 : 1[1] -> 0[0] via P2P/direct pointer/read
ts51-master-0:33:25446 [1] NCCL INFO Channel 02/0 : 1[1] -> 0[0] via P2P/direct pointer/read
ts51-master-0:33:25446 [1] NCCL INFO Channel 03/0 : 1[1] -> 0[0] via P2P/direct pointer/read
ts51-master-0:33:25446 [1] NCCL INFO Channel 04/0 : 1[1] -> 0[0] via P2P/direct pointer/read
ts51-master-0:33:25446 [1] NCCL INFO Channel 05/0 : 1[1] -> 0[0] via P2P/direct pointer/read
ts51-master-0:33:25446 [1] NCCL INFO Channel 06/0 : 1[1] -> 0[0] via P2P/direct pointer/read
ts51-master-0:33:25446 [1] NCCL INFO Channel 07/0 : 1[1] -> 0[0] via P2P/direct pointer/read
ts51-master-0:33:25446 [1] NCCL INFO Channel 08/0 : 1[1] -> 0[0] via P2P/direct pointer/read
ts51-master-0:33:25446 [1] NCCL INFO Channel 09/0 : 1[1] -> 0[0] via P2P/direct pointer/read
ts51-master-0:33:25446 [1] NCCL INFO Channel 10/0 : 1[1] -> 0[0] via P2P/direct pointer/read
ts51-master-0:33:25446 [1] NCCL INFO Channel 11/0 : 1[1] -> 0[0] via P2P/direct pointer/read
ts51-master-0:33:25446 [1] NCCL INFO Channel 12/0 : 1[1] -> 0[0] via P2P/direct pointer/read
ts51-master-0:33:25446 [1] NCCL INFO Channel 13/0 : 1[1] -> 0[0] via P2P/direct pointer/read
ts51-master-0:33:25446 [1] NCCL INFO Channel 14/0 : 1[1] -> 0[0] via P2P/direct pointer/read
ts51-master-0:33:25446 [1] NCCL INFO Channel 15/0 : 1[1] -> 0[0] via P2P/direct pointer/read
ts51-master-0:33:25446 [1] NCCL INFO Channel 16/0 : 1[1] -> 0[0] via P2P/direct pointer/read
ts51-master-0:33:25446 [1] NCCL INFO Channel 17/0 : 1[1] -> 0[0] via P2P/direct pointer/read
ts51-master-0:33:25446 [1] NCCL INFO Channel 18/0 : 1[1] -> 0[0] via P2P/direct pointer/read
ts51-master-0:33:25446 [1] NCCL INFO Channel 19/0 : 1[1] -> 0[0] via P2P/direct pointer/read
ts51-master-0:33:25446 [1] NCCL INFO Channel 20/0 : 1[1] -> 0[0] via P2P/direct pointer/read
ts51-master-0:33:25446 [1] NCCL INFO Channel 21/0 : 1[1] -> 0[0] via P2P/direct pointer/read
ts51-master-0:33:25446 [1] NCCL INFO Channel 22/0 : 1[1] -> 0[0] via P2P/direct pointer/read
ts51-master-0:33:25446 [1] NCCL INFO Channel 23/0 : 1[1] -> 0[0] via P2P/direct pointer/read
ts51-master-0:33:25445 [0] NCCL INFO Connected all trees
ts51-master-0:33:25447 [2] NCCL INFO Connected all trees
ts51-master-0:33:25446 [1] NCCL INFO Connected all trees
ts51-master-0:33:25445 [0] NCCL INFO threadThresholds 8/8/64 | 24/8/64 | 512 | 512
ts51-master-0:33:25445 [0] NCCL INFO 24 coll channels, 0 collnet channels, 0 nvls channels, 32 p2p channels, 32 p2p channels per peer
ts51-master-0:33:25446 [1] NCCL INFO threadThresholds 8/8/64 | 24/8/64 | 512 | 512
ts51-master-0:33:25446 [1] NCCL INFO 24 coll channels, 0 collnet channels, 0 nvls channels, 32 p2p channels, 32 p2p channels per peer
ts51-master-0:33:25447 [2] NCCL INFO threadThresholds 8/8/64 | 24/8/64 | 512 | 512
ts51-master-0:33:25447 [2] NCCL INFO 24 coll channels, 0 collnet channels, 0 nvls channels, 32 p2p channels, 32 p2p channels per peer
ts51-master-0:33:25445 [0] NCCL INFO comm 0x109dd520 rank 0 nranks 3 cudaDev 0 nvmlDev 0 busId 61000 commId 0x63c04611eac2b97a - Init COMPLETE
ts51-master-0:33:25446 [1] NCCL INFO comm 0x11cff050 rank 1 nranks 3 cudaDev 1 nvmlDev 1 busId 63000 commId 0x63c04611eac2b97a - Init COMPLETE
ts51-master-0:33:25447 [2] NCCL INFO comm 0x10a09480 rank 2 nranks 3 cudaDev 2 nvmlDev 2 busId 65000 commId 0x63c04611eac2b97a - Init COMPLETE
Epoch: 1, Steps: 1144 | Train Loss: 0.3792993 Vali Loss: 0.2055444 Test Loss: 0.2700269
Validation loss decreased (inf --> 0.205544).  Saving model ...
Updating learning rate to 0.001
	iters: 100, epoch: 2 | loss: 0.2953363
	speed: 2.9395s/iter; left time: 29974.1700s
	iters: 200, epoch: 2 | loss: 0.3750030
	speed: 1.1222s/iter; left time: 11331.0231s
	iters: 300, epoch: 2 | loss: 0.2948113
	speed: 1.1437s/iter; left time: 11433.5974s
	iters: 400, epoch: 2 | loss: 0.2947744
	speed: 1.1192s/iter; left time: 11076.9603s
	iters: 500, epoch: 2 | loss: 0.3090427
	speed: 1.0941s/iter; left time: 10719.1958s
	iters: 600, epoch: 2 | loss: 0.3341379
	speed: 1.1436s/iter; left time: 11089.2614s
	iters: 700, epoch: 2 | loss: 0.4278713
	speed: 1.1425s/iter; left time: 10964.3992s
	iters: 800, epoch: 2 | loss: 1.5541096
	speed: 1.1447s/iter; left time: 10870.9388s
	iters: 900, epoch: 2 | loss: 1.3320652
	speed: 1.0653s/iter; left time: 10010.3738s
	iters: 1000, epoch: 2 | loss: 1.1634758
	speed: 1.1400s/iter; left time: 10598.2783s
	iters: 1100, epoch: 2 | loss: 0.7375873
	speed: 1.1425s/iter; left time: 10507.9590s
Epoch: 2 cost time: 1280.6191561222076
Epoch: 2, Steps: 1144 | Train Loss: 0.6488614 Vali Loss: 1.3122296 Test Loss: 1.2455082
EarlyStopping counter: 1 out of 3
Updating learning rate to 0.0005
	iters: 100, epoch: 3 | loss: 0.6567394
	speed: 3.0734s/iter; left time: 27823.5621s
	iters: 200, epoch: 3 | loss: 0.5827588
	speed: 1.0332s/iter; left time: 9250.4234s
	iters: 300, epoch: 3 | loss: 0.5386483
	speed: 1.0779s/iter; left time: 9542.7857s
	iters: 400, epoch: 3 | loss: 0.4040526
	speed: 1.1425s/iter; left time: 10000.7070s
	iters: 500, epoch: 3 | loss: 0.5411878
	speed: 1.0687s/iter; left time: 9247.4749s
	iters: 600, epoch: 3 | loss: 0.4206239
	speed: 1.1399s/iter; left time: 9749.2137s
	iters: 700, epoch: 3 | loss: 0.3775955
	speed: 1.1405s/iter; left time: 9640.6067s
	iters: 800, epoch: 3 | loss: 0.4358417
	speed: 1.1424s/iter; left time: 9542.7952s
	iters: 900, epoch: 3 | loss: 0.4424481
	speed: 1.1093s/iter; left time: 9155.4085s
	iters: 1000, epoch: 3 | loss: 0.5087470
	speed: 1.0992s/iter; left time: 8961.3852s
	iters: 1100, epoch: 3 | loss: 0.4866196
	speed: 1.1392s/iter; left time: 9174.1511s
Epoch: 3 cost time: 1260.6977875232697
Epoch: 3, Steps: 1144 | Train Loss: 0.4806771 Vali Loss: 0.3836116 Test Loss: 0.4252448
EarlyStopping counter: 2 out of 3
Updating learning rate to 0.00025
	iters: 100, epoch: 4 | loss: 0.3297289
	speed: 3.1636s/iter; left time: 25020.6371s
	iters: 200, epoch: 4 | loss: 0.4261524
	speed: 1.1105s/iter; left time: 8671.5947s
	iters: 300, epoch: 4 | loss: 0.3157606
	speed: 1.0298s/iter; left time: 7938.6627s
	iters: 400, epoch: 4 | loss: 0.3751521
	speed: 1.0384s/iter; left time: 7901.2775s
	iters: 500, epoch: 4 | loss: 0.3998249
	speed: 1.0952s/iter; left time: 8224.0384s
	iters: 600, epoch: 4 | loss: 0.3452892
	speed: 1.0112s/iter; left time: 7492.1648s
	iters: 700, epoch: 4 | loss: 0.3965778
	speed: 1.1493s/iter; left time: 8399.9570s
	iters: 800, epoch: 4 | loss: 0.4463518
	speed: 1.1481s/iter; left time: 8276.3658s
	iters: 900, epoch: 4 | loss: 0.4214269
	speed: 1.1493s/iter; left time: 8170.3599s
	iters: 1000, epoch: 4 | loss: 0.4200791
	speed: 1.1281s/iter; left time: 7906.9081s
	iters: 1100, epoch: 4 | loss: 0.3964288
	speed: 1.0994s/iter; left time: 7595.4711s
Epoch: 4 cost time: 1253.7041947841644
Epoch: 4, Steps: 1144 | Train Loss: 0.3744457 Vali Loss: 0.2485659 Test Loss: 0.2848457
EarlyStopping counter: 3 out of 3
Early stopping
>>>>>>>testing : AGPT_loss_solar_96_96_AGPT_PT_2048_fixedFalse_0.001_0.001<<<<<<<<<<<<<<<<<<<<<<<<<<<<<<<<<
test 10417
test shape: (10417, 96, 137) (10417, 96, 137)
test shape: (10417, 96, 137) (10417, 96, 137)
mse:0.2702004909515381, mae:0.30423998832702637
================================================================================
Model Profiling Summary
Total Params             : 10,134,883
Inference Time (s)       : 0.294605
GPU Mem Footprint (MB)   : 111.51
Peak Mem (MB)            : 587.73
================================================================================
Using GPU
Args in experiment:
[1mBasic Config[0m
  Task Name:          AGPT_loss           Is Training:        1                   
  Model ID:           solar_96_192        Model:              AGPT_PT             

[1mData Loader[0m
  Data:               Solar               Root Path:          ./dataset/Solar/    
  Data Path:          solar_AL.txt        Features:           M                   
  Target:             OT                  Freq:               h                   
  Checkpoints:        ./checkpoints/      

[1mModel Parameters[0m
  Num Kernels:        6                   
  Enc In:             137                 Dec In:             137                 
  C Out:              137                 d model:            512                 
  n heads:            8                   e layers:           3                   
  d layers:           1                   d FF:               2048                
  Moving Avg:         25                  Factor:             3                   
  Distil:             1                   Dropout:            0.1                 
  Embed:              timeF               Activation:         gelu                

[1mRun Parameters[0m
