Using GPU
Args in experiment:
[1mBasic Config[0m
  Task Name:          AGPT_loss           Is Training:        1                   
  Model ID:           ECL_96_96           Model:              AGPT_PT             

[1mData Loader[0m
  Data:               custom              Root Path:          ./dataset/electricity/
  Data Path:          electricity.csv     Features:           M                   
  Target:             OT                  Freq:               h                   
  Checkpoints:        ./checkpoints/      

[1mModel Parameters[0m
  Num Kernels:        6                   
  Enc In:             321                 Dec In:             321                 
  C Out:              321                 d model:            512                 
  n heads:            8                   e layers:           2                   
  d layers:           1                   d FF:               2048                
  Moving Avg:         25                  Factor:             3                   
  Distil:             1                   Dropout:            0.1                 
  Embed:              timeF               Activation:         gelu                

[1mRun Parameters[0m
  Num Workers:        10                  Itr:                1                   
  Train Epochs:       10                  Batch Size:         16                  
  Patience:           3                   Learning Rate:      0.0001              
  Des:                Exp                 Loss:               MSE                 
  Lradj:              type1               Use Amp:            0                   

[1mGPU[0m
  Use GPU:            1                   GPU:                0                   
  Use Multi GPU:      1                   Devices:            0,1,2,3             

[1mDe-stationary Projector Params[0m
  P Hidden Dims:      128, 128            P Hidden Layers:    2                   

Use GPU: cuda:0
>>>>>>>start training : AGPT_loss_ECL_96_96_AGPT_PT_2048_fixedFalse_0.0001_0.001>>>>>>>>>>>>>>>>>>>>>>>>>>
train 18221
val 2537
test 5165
ts49-master-0:24:24 [0] NCCL INFO cudaDriverVersion 12020
ts49-master-0:24:24 [0] NCCL INFO Bootstrap : Using eth0:10.211.82.25<0>
ts49-master-0:24:24 [0] NCCL INFO NET/Plugin : dlerror=libnccl-net.so: cannot open shared object file: No such file or directory No plugin found (libnccl-net.so), using internal implementation
NCCL version 2.20.5+cuda12.4
ts49-master-0:24:927 [0] NCCL INFO NCCL_IB_DISABLE set by environment to 0.
ts49-master-0:24:927 [0] NCCL INFO NET/IB : No device found.
ts49-master-0:24:927 [0] NCCL INFO NET/Socket : Using [0]eth0:10.211.82.25<0>
ts49-master-0:24:927 [0] NCCL INFO Using non-device net plugin version 0
ts49-master-0:24:927 [0] NCCL INFO Using network Socket
ts49-master-0:24:929 [2] NCCL INFO Using non-device net plugin version 0
ts49-master-0:24:929 [2] NCCL INFO Using network Socket
ts49-master-0:24:930 [3] NCCL INFO Using non-device net plugin version 0
ts49-master-0:24:930 [3] NCCL INFO Using network Socket
ts49-master-0:24:928 [1] NCCL INFO Using non-device net plugin version 0
ts49-master-0:24:928 [1] NCCL INFO Using network Socket
ts49-master-0:24:928 [1] NCCL INFO comm 0xe4bfc70 rank 1 nranks 4 cudaDev 1 nvmlDev 1 busId a3000 commId 0xcbbba5595a6e996b - Init START
ts49-master-0:24:927 [0] NCCL INFO comm 0xe4b91e0 rank 0 nranks 4 cudaDev 0 nvmlDev 0 busId a1000 commId 0xcbbba5595a6e996b - Init START
ts49-master-0:24:930 [3] NCCL INFO comm 0xe4c9690 rank 3 nranks 4 cudaDev 3 nvmlDev 3 busId a7000 commId 0xcbbba5595a6e996b - Init START
ts49-master-0:24:929 [2] NCCL INFO comm 0xe4c4980 rank 2 nranks 4 cudaDev 2 nvmlDev 2 busId a5000 commId 0xcbbba5595a6e996b - Init START
ts49-master-0:24:928 [1] NCCL INFO Setting affinity for GPU 1 to 0fffff,ffffffff,fc000000,00000000
ts49-master-0:24:928 [1] NCCL INFO NVLS multicast support is not available on dev 1
ts49-master-0:24:927 [0] NCCL INFO Setting affinity for GPU 0 to 0fffff,ffffffff,fc000000,00000000
ts49-master-0:24:927 [0] NCCL INFO NVLS multicast support is not available on dev 0
ts49-master-0:24:930 [3] NCCL INFO Setting affinity for GPU 3 to 0fffff,ffffffff,fc000000,00000000
ts49-master-0:24:930 [3] NCCL INFO NVLS multicast support is not available on dev 3
ts49-master-0:24:929 [2] NCCL INFO Setting affinity for GPU 2 to 0fffff,ffffffff,fc000000,00000000
ts49-master-0:24:929 [2] NCCL INFO NVLS multicast support is not available on dev 2
ts49-master-0:24:929 [2] NCCL INFO comm 0xe4c4980 rank 2 nRanks 4 nNodes 1 localRanks 4 localRank 2 MNNVL 0
ts49-master-0:24:927 [0] NCCL INFO comm 0xe4b91e0 rank 0 nRanks 4 nNodes 1 localRanks 4 localRank 0 MNNVL 0
ts49-master-0:24:928 [1] NCCL INFO comm 0xe4bfc70 rank 1 nRanks 4 nNodes 1 localRanks 4 localRank 1 MNNVL 0
ts49-master-0:24:930 [3] NCCL INFO comm 0xe4c9690 rank 3 nRanks 4 nNodes 1 localRanks 4 localRank 3 MNNVL 0
ts49-master-0:24:927 [0] NCCL INFO Channel 00/24 :    0   1   2   3
ts49-master-0:24:927 [0] NCCL INFO Channel 01/24 :    0   1   2   3
ts49-master-0:24:927 [0] NCCL INFO Channel 02/24 :    0   1   2   3
ts49-master-0:24:927 [0] NCCL INFO Channel 03/24 :    0   1   2   3
ts49-master-0:24:927 [0] NCCL INFO Channel 04/24 :    0   1   2   3
ts49-master-0:24:927 [0] NCCL INFO Channel 05/24 :    0   1   2   3
ts49-master-0:24:927 [0] NCCL INFO Channel 06/24 :    0   1   2   3
ts49-master-0:24:927 [0] NCCL INFO Channel 07/24 :    0   1   2   3
ts49-master-0:24:927 [0] NCCL INFO Channel 08/24 :    0   1   2   3
ts49-master-0:24:927 [0] NCCL INFO Channel 09/24 :    0   1   2   3
ts49-master-0:24:927 [0] NCCL INFO Channel 10/24 :    0   1   2   3
ts49-master-0:24:927 [0] NCCL INFO Channel 11/24 :    0   1   2   3
ts49-master-0:24:927 [0] NCCL INFO Channel 12/24 :    0   1   2   3
ts49-master-0:24:927 [0] NCCL INFO Channel 13/24 :    0   1   2   3
ts49-master-0:24:927 [0] NCCL INFO Channel 14/24 :    0   1   2   3
ts49-master-0:24:927 [0] NCCL INFO Channel 15/24 :    0   1   2   3
ts49-master-0:24:927 [0] NCCL INFO Channel 16/24 :    0   1   2   3
ts49-master-0:24:927 [0] NCCL INFO Channel 17/24 :    0   1   2   3
ts49-master-0:24:927 [0] NCCL INFO Channel 18/24 :    0   1   2   3
ts49-master-0:24:927 [0] NCCL INFO Channel 19/24 :    0   1   2   3
ts49-master-0:24:927 [0] NCCL INFO Channel 20/24 :    0   1   2   3
ts49-master-0:24:927 [0] NCCL INFO Channel 21/24 :    0   1   2   3
ts49-master-0:24:927 [0] NCCL INFO Channel 22/24 :    0   1   2   3
ts49-master-0:24:927 [0] NCCL INFO Channel 23/24 :    0   1   2   3
ts49-master-0:24:928 [1] NCCL INFO Trees [0] 2/-1/-1->1->0 [1] 2/-1/-1->1->0 [2] 2/-1/-1->1->0 [3] 2/-1/-1->1->0 [4] 2/-1/-1->1->0 [5] 2/-1/-1->1->0 [6] 2/-1/-1->1->0 [7] 2/-1/-1->1->0 [8] 2/-1/-1->1->0 [9] 2/-1/-1->1->0 [10] 2/-1/-1->1->0 [11] 2/-1/-1->1->0 [12] 2/-1/-1->1->0 [13] 2/-1/-1->1->0 [14] 2/-1/-1->1->0 [15] 2/-1/-1->1->0 [16] 2/-1/-1->1->0 [17] 2/-1/-1->1->0 [18] 2/-1/-1->1->0 [19] 2/-1/-1->1->0 [20] 2/-1/-1->1->0 [21] 2/-1/-1->1->0 [22] 2/-1/-1->1->0 [23] 2/-1/-1->1->0
ts49-master-0:24:929 [2] NCCL INFO Trees [0] 3/-1/-1->2->1 [1] 3/-1/-1->2->1 [2] 3/-1/-1->2->1 [3] 3/-1/-1->2->1 [4] 3/-1/-1->2->1 [5] 3/-1/-1->2->1 [6] 3/-1/-1->2->1 [7] 3/-1/-1->2->1 [8] 3/-1/-1->2->1 [9] 3/-1/-1->2->1 [10] 3/-1/-1->2->1 [11] 3/-1/-1->2->1 [12] 3/-1/-1->2->1 [13] 3/-1/-1->2->1 [14] 3/-1/-1->2->1 [15] 3/-1/-1->2->1 [16] 3/-1/-1->2->1 [17] 3/-1/-1->2->1 [18] 3/-1/-1->2->1 [19] 3/-1/-1->2->1 [20] 3/-1/-1->2->1 [21] 3/-1/-1->2->1 [22] 3/-1/-1->2->1 [23] 3/-1/-1->2->1
ts49-master-0:24:928 [1] NCCL INFO P2P Chunksize set to 524288
ts49-master-0:24:927 [0] NCCL INFO Trees [0] 1/-1/-1->0->-1 [1] 1/-1/-1->0->-1 [2] 1/-1/-1->0->-1 [3] 1/-1/-1->0->-1 [4] 1/-1/-1->0->-1 [5] 1/-1/-1->0->-1 [6] 1/-1/-1->0->-1 [7] 1/-1/-1->0->-1 [8] 1/-1/-1->0->-1 [9] 1/-1/-1->0->-1 [10] 1/-1/-1->0->-1 [11] 1/-1/-1->0->-1 [12] 1/-1/-1->0->-1 [13] 1/-1/-1->0->-1 [14] 1/-1/-1->0->-1 [15] 1/-1/-1->0->-1 [16] 1/-1/-1->0->-1 [17] 1/-1/-1->0->-1 [18] 1/-1/-1->0->-1 [19] 1/-1/-1->0->-1 [20] 1/-1/-1->0->-1 [21] 1/-1/-1->0->-1 [22] 1/-1/-1->0->-1 [23] 1/-1/-1->0->-1
ts49-master-0:24:927 [0] NCCL INFO P2P Chunksize set to 524288
ts49-master-0:24:930 [3] NCCL INFO Trees [0] -1/-1/-1->3->2 [1] -1/-1/-1->3->2 [2] -1/-1/-1->3->2 [3] -1/-1/-1->3->2 [4] -1/-1/-1->3->2 [5] -1/-1/-1->3->2 [6] -1/-1/-1->3->2 [7] -1/-1/-1->3->2 [8] -1/-1/-1->3->2 [9] -1/-1/-1->3->2 [10] -1/-1/-1->3->2 [11] -1/-1/-1->3->2 [12] -1/-1/-1->3->2 [13] -1/-1/-1->3->2 [14] -1/-1/-1->3->2 [15] -1/-1/-1->3->2 [16] -1/-1/-1->3->2 [17] -1/-1/-1->3->2 [18] -1/-1/-1->3->2 [19] -1/-1/-1->3->2 [20] -1/-1/-1->3->2 [21] -1/-1/-1->3->2 [22] -1/-1/-1->3->2 [23] -1/-1/-1->3->2
ts49-master-0:24:929 [2] NCCL INFO P2P Chunksize set to 524288
ts49-master-0:24:930 [3] NCCL INFO P2P Chunksize set to 524288
ts49-master-0:24:930 [3] NCCL INFO Channel 00/0 : 3[3] -> 0[0] via P2P/direct pointer/read
ts49-master-0:24:930 [3] NCCL INFO Channel 01/0 : 3[3] -> 0[0] via P2P/direct pointer/read
ts49-master-0:24:930 [3] NCCL INFO Channel 02/0 : 3[3] -> 0[0] via P2P/direct pointer/read
ts49-master-0:24:930 [3] NCCL INFO Channel 03/0 : 3[3] -> 0[0] via P2P/direct pointer/read
ts49-master-0:24:927 [0] NCCL INFO Channel 00/0 : 0[0] -> 1[1] via P2P/direct pointer/read
ts49-master-0:24:930 [3] NCCL INFO Channel 04/0 : 3[3] -> 0[0] via P2P/direct pointer/read
ts49-master-0:24:929 [2] NCCL INFO Channel 00/0 : 2[2] -> 3[3] via P2P/direct pointer/read
ts49-master-0:24:927 [0] NCCL INFO Channel 01/0 : 0[0] -> 1[1] via P2P/direct pointer/read
ts49-master-0:24:930 [3] NCCL INFO Channel 05/0 : 3[3] -> 0[0] via P2P/direct pointer/read
ts49-master-0:24:929 [2] NCCL INFO Channel 01/0 : 2[2] -> 3[3] via P2P/direct pointer/read
ts49-master-0:24:927 [0] NCCL INFO Channel 02/0 : 0[0] -> 1[1] via P2P/direct pointer/read
ts49-master-0:24:930 [3] NCCL INFO Channel 06/0 : 3[3] -> 0[0] via P2P/direct pointer/read
ts49-master-0:24:929 [2] NCCL INFO Channel 02/0 : 2[2] -> 3[3] via P2P/direct pointer/read
ts49-master-0:24:927 [0] NCCL INFO Channel 03/0 : 0[0] -> 1[1] via P2P/direct pointer/read
ts49-master-0:24:930 [3] NCCL INFO Channel 07/0 : 3[3] -> 0[0] via P2P/direct pointer/read
ts49-master-0:24:929 [2] NCCL INFO Channel 03/0 : 2[2] -> 3[3] via P2P/direct pointer/read
ts49-master-0:24:927 [0] NCCL INFO Channel 04/0 : 0[0] -> 1[1] via P2P/direct pointer/read
ts49-master-0:24:930 [3] NCCL INFO Channel 08/0 : 3[3] -> 0[0] via P2P/direct pointer/read
ts49-master-0:24:929 [2] NCCL INFO Channel 04/0 : 2[2] -> 3[3] via P2P/direct pointer/read
ts49-master-0:24:928 [1] NCCL INFO Channel 00/0 : 1[1] -> 2[2] via P2P/direct pointer/read
ts49-master-0:24:927 [0] NCCL INFO Channel 05/0 : 0[0] -> 1[1] via P2P/direct pointer/read
ts49-master-0:24:930 [3] NCCL INFO Channel 09/0 : 3[3] -> 0[0] via P2P/direct pointer/read
ts49-master-0:24:929 [2] NCCL INFO Channel 05/0 : 2[2] -> 3[3] via P2P/direct pointer/read
ts49-master-0:24:928 [1] NCCL INFO Channel 01/0 : 1[1] -> 2[2] via P2P/direct pointer/read
ts49-master-0:24:930 [3] NCCL INFO Channel 10/0 : 3[3] -> 0[0] via P2P/direct pointer/read
ts49-master-0:24:927 [0] NCCL INFO Channel 06/0 : 0[0] -> 1[1] via P2P/direct pointer/read
ts49-master-0:24:929 [2] NCCL INFO Channel 06/0 : 2[2] -> 3[3] via P2P/direct pointer/read
ts49-master-0:24:928 [1] NCCL INFO Channel 02/0 : 1[1] -> 2[2] via P2P/direct pointer/read
ts49-master-0:24:927 [0] NCCL INFO Channel 07/0 : 0[0] -> 1[1] via P2P/direct pointer/read
ts49-master-0:24:930 [3] NCCL INFO Channel 11/0 : 3[3] -> 0[0] via P2P/direct pointer/read
ts49-master-0:24:929 [2] NCCL INFO Channel 07/0 : 2[2] -> 3[3] via P2P/direct pointer/read
ts49-master-0:24:928 [1] NCCL INFO Channel 03/0 : 1[1] -> 2[2] via P2P/direct pointer/read
ts49-master-0:24:927 [0] NCCL INFO Channel 08/0 : 0[0] -> 1[1] via P2P/direct pointer/read
ts49-master-0:24:930 [3] NCCL INFO Channel 12/0 : 3[3] -> 0[0] via P2P/direct pointer/read
ts49-master-0:24:929 [2] NCCL INFO Channel 08/0 : 2[2] -> 3[3] via P2P/direct pointer/read
ts49-master-0:24:928 [1] NCCL INFO Channel 04/0 : 1[1] -> 2[2] via P2P/direct pointer/read
ts49-master-0:24:927 [0] NCCL INFO Channel 09/0 : 0[0] -> 1[1] via P2P/direct pointer/read
ts49-master-0:24:930 [3] NCCL INFO Channel 13/0 : 3[3] -> 0[0] via P2P/direct pointer/read
ts49-master-0:24:929 [2] NCCL INFO Channel 09/0 : 2[2] -> 3[3] via P2P/direct pointer/read
ts49-master-0:24:928 [1] NCCL INFO Channel 05/0 : 1[1] -> 2[2] via P2P/direct pointer/read
ts49-master-0:24:930 [3] NCCL INFO Channel 14/0 : 3[3] -> 0[0] via P2P/direct pointer/read
ts49-master-0:24:927 [0] NCCL INFO Channel 10/0 : 0[0] -> 1[1] via P2P/direct pointer/read
ts49-master-0:24:929 [2] NCCL INFO Channel 10/0 : 2[2] -> 3[3] via P2P/direct pointer/read
ts49-master-0:24:928 [1] NCCL INFO Channel 06/0 : 1[1] -> 2[2] via P2P/direct pointer/read
ts49-master-0:24:927 [0] NCCL INFO Channel 11/0 : 0[0] -> 1[1] via P2P/direct pointer/read
ts49-master-0:24:930 [3] NCCL INFO Channel 15/0 : 3[3] -> 0[0] via P2P/direct pointer/read
ts49-master-0:24:929 [2] NCCL INFO Channel 11/0 : 2[2] -> 3[3] via P2P/direct pointer/read
ts49-master-0:24:928 [1] NCCL INFO Channel 07/0 : 1[1] -> 2[2] via P2P/direct pointer/read
ts49-master-0:24:930 [3] NCCL INFO Channel 16/0 : 3[3] -> 0[0] via P2P/direct pointer/read
ts49-master-0:24:927 [0] NCCL INFO Channel 12/0 : 0[0] -> 1[1] via P2P/direct pointer/read
ts49-master-0:24:929 [2] NCCL INFO Channel 12/0 : 2[2] -> 3[3] via P2P/direct pointer/read
ts49-master-0:24:928 [1] NCCL INFO Channel 08/0 : 1[1] -> 2[2] via P2P/direct pointer/read
ts49-master-0:24:927 [0] NCCL INFO Channel 13/0 : 0[0] -> 1[1] via P2P/direct pointer/read
ts49-master-0:24:930 [3] NCCL INFO Channel 17/0 : 3[3] -> 0[0] via P2P/direct pointer/read
ts49-master-0:24:929 [2] NCCL INFO Channel 13/0 : 2[2] -> 3[3] via P2P/direct pointer/read
ts49-master-0:24:928 [1] NCCL INFO Channel 09/0 : 1[1] -> 2[2] via P2P/direct pointer/read
ts49-master-0:24:927 [0] NCCL INFO Channel 14/0 : 0[0] -> 1[1] via P2P/direct pointer/read
ts49-master-0:24:930 [3] NCCL INFO Channel 18/0 : 3[3] -> 0[0] via P2P/direct pointer/read
ts49-master-0:24:928 [1] NCCL INFO Channel 10/0 : 1[1] -> 2[2] via P2P/direct pointer/read
ts49-master-0:24:929 [2] NCCL INFO Channel 14/0 : 2[2] -> 3[3] via P2P/direct pointer/read
ts49-master-0:24:927 [0] NCCL INFO Channel 15/0 : 0[0] -> 1[1] via P2P/direct pointer/read
ts49-master-0:24:930 [3] NCCL INFO Channel 19/0 : 3[3] -> 0[0] via P2P/direct pointer/read
ts49-master-0:24:929 [2] NCCL INFO Channel 15/0 : 2[2] -> 3[3] via P2P/direct pointer/read
ts49-master-0:24:928 [1] NCCL INFO Channel 11/0 : 1[1] -> 2[2] via P2P/direct pointer/read
ts49-master-0:24:927 [0] NCCL INFO Channel 16/0 : 0[0] -> 1[1] via P2P/direct pointer/read
ts49-master-0:24:930 [3] NCCL INFO Channel 20/0 : 3[3] -> 0[0] via P2P/direct pointer/read
ts49-master-0:24:929 [2] NCCL INFO Channel 16/0 : 2[2] -> 3[3] via P2P/direct pointer/read
ts49-master-0:24:928 [1] NCCL INFO Channel 12/0 : 1[1] -> 2[2] via P2P/direct pointer/read
ts49-master-0:24:927 [0] NCCL INFO Channel 17/0 : 0[0] -> 1[1] via P2P/direct pointer/read
ts49-master-0:24:930 [3] NCCL INFO Channel 21/0 : 3[3] -> 0[0] via P2P/direct pointer/read
ts49-master-0:24:929 [2] NCCL INFO Channel 17/0 : 2[2] -> 3[3] via P2P/direct pointer/read
ts49-master-0:24:927 [0] NCCL INFO Channel 18/0 : 0[0] -> 1[1] via P2P/direct pointer/read
ts49-master-0:24:928 [1] NCCL INFO Channel 13/0 : 1[1] -> 2[2] via P2P/direct pointer/read
ts49-master-0:24:930 [3] NCCL INFO Channel 22/0 : 3[3] -> 0[0] via P2P/direct pointer/read
ts49-master-0:24:929 [2] NCCL INFO Channel 18/0 : 2[2] -> 3[3] via P2P/direct pointer/read
ts49-master-0:24:927 [0] NCCL INFO Channel 19/0 : 0[0] -> 1[1] via P2P/direct pointer/read
ts49-master-0:24:928 [1] NCCL INFO Channel 14/0 : 1[1] -> 2[2] via P2P/direct pointer/read
ts49-master-0:24:930 [3] NCCL INFO Channel 23/0 : 3[3] -> 0[0] via P2P/direct pointer/read
ts49-master-0:24:927 [0] NCCL INFO Channel 20/0 : 0[0] -> 1[1] via P2P/direct pointer/read
ts49-master-0:24:929 [2] NCCL INFO Channel 19/0 : 2[2] -> 3[3] via P2P/direct pointer/read
ts49-master-0:24:928 [1] NCCL INFO Channel 15/0 : 1[1] -> 2[2] via P2P/direct pointer/read
ts49-master-0:24:927 [0] NCCL INFO Channel 21/0 : 0[0] -> 1[1] via P2P/direct pointer/read
ts49-master-0:24:929 [2] NCCL INFO Channel 20/0 : 2[2] -> 3[3] via P2P/direct pointer/read
ts49-master-0:24:928 [1] NCCL INFO Channel 16/0 : 1[1] -> 2[2] via P2P/direct pointer/read
ts49-master-0:24:927 [0] NCCL INFO Channel 22/0 : 0[0] -> 1[1] via P2P/direct pointer/read
ts49-master-0:24:929 [2] NCCL INFO Channel 21/0 : 2[2] -> 3[3] via P2P/direct pointer/read
ts49-master-0:24:928 [1] NCCL INFO Channel 17/0 : 1[1] -> 2[2] via P2P/direct pointer/read
ts49-master-0:24:927 [0] NCCL INFO Channel 23/0 : 0[0] -> 1[1] via P2P/direct pointer/read
ts49-master-0:24:929 [2] NCCL INFO Channel 22/0 : 2[2] -> 3[3] via P2P/direct pointer/read
ts49-master-0:24:928 [1] NCCL INFO Channel 18/0 : 1[1] -> 2[2] via P2P/direct pointer/read
ts49-master-0:24:929 [2] NCCL INFO Channel 23/0 : 2[2] -> 3[3] via P2P/direct pointer/read
ts49-master-0:24:928 [1] NCCL INFO Channel 19/0 : 1[1] -> 2[2] via P2P/direct pointer/read
ts49-master-0:24:928 [1] NCCL INFO Channel 20/0 : 1[1] -> 2[2] via P2P/direct pointer/read
ts49-master-0:24:928 [1] NCCL INFO Channel 21/0 : 1[1] -> 2[2] via P2P/direct pointer/read
ts49-master-0:24:928 [1] NCCL INFO Channel 22/0 : 1[1] -> 2[2] via P2P/direct pointer/read
ts49-master-0:24:928 [1] NCCL INFO Channel 23/0 : 1[1] -> 2[2] via P2P/direct pointer/read
ts49-master-0:24:929 [2] NCCL INFO Connected all rings
ts49-master-0:24:928 [1] NCCL INFO Connected all rings
ts49-master-0:24:930 [3] NCCL INFO Connected all rings
ts49-master-0:24:927 [0] NCCL INFO Connected all rings
ts49-master-0:24:930 [3] NCCL INFO Channel 00/0 : 3[3] -> 2[2] via P2P/direct pointer/read
ts49-master-0:24:930 [3] NCCL INFO Channel 01/0 : 3[3] -> 2[2] via P2P/direct pointer/read
ts49-master-0:24:930 [3] NCCL INFO Channel 02/0 : 3[3] -> 2[2] via P2P/direct pointer/read
ts49-master-0:24:930 [3] NCCL INFO Channel 03/0 : 3[3] -> 2[2] via P2P/direct pointer/read
ts49-master-0:24:930 [3] NCCL INFO Channel 04/0 : 3[3] -> 2[2] via P2P/direct pointer/read
ts49-master-0:24:930 [3] NCCL INFO Channel 05/0 : 3[3] -> 2[2] via P2P/direct pointer/read
ts49-master-0:24:930 [3] NCCL INFO Channel 06/0 : 3[3] -> 2[2] via P2P/direct pointer/read
ts49-master-0:24:930 [3] NCCL INFO Channel 07/0 : 3[3] -> 2[2] via P2P/direct pointer/read
ts49-master-0:24:930 [3] NCCL INFO Channel 08/0 : 3[3] -> 2[2] via P2P/direct pointer/read
ts49-master-0:24:930 [3] NCCL INFO Channel 09/0 : 3[3] -> 2[2] via P2P/direct pointer/read
ts49-master-0:24:930 [3] NCCL INFO Channel 10/0 : 3[3] -> 2[2] via P2P/direct pointer/read
ts49-master-0:24:930 [3] NCCL INFO Channel 11/0 : 3[3] -> 2[2] via P2P/direct pointer/read
ts49-master-0:24:930 [3] NCCL INFO Channel 12/0 : 3[3] -> 2[2] via P2P/direct pointer/read
ts49-master-0:24:930 [3] NCCL INFO Channel 13/0 : 3[3] -> 2[2] via P2P/direct pointer/read
ts49-master-0:24:930 [3] NCCL INFO Channel 14/0 : 3[3] -> 2[2] via P2P/direct pointer/read
ts49-master-0:24:930 [3] NCCL INFO Channel 15/0 : 3[3] -> 2[2] via P2P/direct pointer/read
ts49-master-0:24:930 [3] NCCL INFO Channel 16/0 : 3[3] -> 2[2] via P2P/direct pointer/read
ts49-master-0:24:930 [3] NCCL INFO Channel 17/0 : 3[3] -> 2[2] via P2P/direct pointer/read
ts49-master-0:24:930 [3] NCCL INFO Channel 18/0 : 3[3] -> 2[2] via P2P/direct pointer/read
ts49-master-0:24:930 [3] NCCL INFO Channel 19/0 : 3[3] -> 2[2] via P2P/direct pointer/read
ts49-master-0:24:930 [3] NCCL INFO Channel 20/0 : 3[3] -> 2[2] via P2P/direct pointer/read
ts49-master-0:24:930 [3] NCCL INFO Channel 21/0 : 3[3] -> 2[2] via P2P/direct pointer/read
ts49-master-0:24:930 [3] NCCL INFO Channel 22/0 : 3[3] -> 2[2] via P2P/direct pointer/read
ts49-master-0:24:929 [2] NCCL INFO Channel 00/0 : 2[2] -> 1[1] via P2P/direct pointer/read
ts49-master-0:24:930 [3] NCCL INFO Channel 23/0 : 3[3] -> 2[2] via P2P/direct pointer/read
ts49-master-0:24:929 [2] NCCL INFO Channel 01/0 : 2[2] -> 1[1] via P2P/direct pointer/read
ts49-master-0:24:928 [1] NCCL INFO Channel 00/0 : 1[1] -> 0[0] via P2P/direct pointer/read
ts49-master-0:24:929 [2] NCCL INFO Channel 02/0 : 2[2] -> 1[1] via P2P/direct pointer/read
ts49-master-0:24:928 [1] NCCL INFO Channel 01/0 : 1[1] -> 0[0] via P2P/direct pointer/read
ts49-master-0:24:929 [2] NCCL INFO Channel 03/0 : 2[2] -> 1[1] via P2P/direct pointer/read
ts49-master-0:24:928 [1] NCCL INFO Channel 02/0 : 1[1] -> 0[0] via P2P/direct pointer/read
ts49-master-0:24:929 [2] NCCL INFO Channel 04/0 : 2[2] -> 1[1] via P2P/direct pointer/read
ts49-master-0:24:928 [1] NCCL INFO Channel 03/0 : 1[1] -> 0[0] via P2P/direct pointer/read
ts49-master-0:24:929 [2] NCCL INFO Channel 05/0 : 2[2] -> 1[1] via P2P/direct pointer/read
ts49-master-0:24:928 [1] NCCL INFO Channel 04/0 : 1[1] -> 0[0] via P2P/direct pointer/read
ts49-master-0:24:929 [2] NCCL INFO Channel 06/0 : 2[2] -> 1[1] via P2P/direct pointer/read
ts49-master-0:24:928 [1] NCCL INFO Channel 05/0 : 1[1] -> 0[0] via P2P/direct pointer/read
ts49-master-0:24:929 [2] NCCL INFO Channel 07/0 : 2[2] -> 1[1] via P2P/direct pointer/read
ts49-master-0:24:928 [1] NCCL INFO Channel 06/0 : 1[1] -> 0[0] via P2P/direct pointer/read
ts49-master-0:24:929 [2] NCCL INFO Channel 08/0 : 2[2] -> 1[1] via P2P/direct pointer/read
ts49-master-0:24:928 [1] NCCL INFO Channel 07/0 : 1[1] -> 0[0] via P2P/direct pointer/read
ts49-master-0:24:929 [2] NCCL INFO Channel 09/0 : 2[2] -> 1[1] via P2P/direct pointer/read
ts49-master-0:24:928 [1] NCCL INFO Channel 08/0 : 1[1] -> 0[0] via P2P/direct pointer/read
ts49-master-0:24:929 [2] NCCL INFO Channel 10/0 : 2[2] -> 1[1] via P2P/direct pointer/read
ts49-master-0:24:928 [1] NCCL INFO Channel 09/0 : 1[1] -> 0[0] via P2P/direct pointer/read
ts49-master-0:24:929 [2] NCCL INFO Channel 11/0 : 2[2] -> 1[1] via P2P/direct pointer/read
ts49-master-0:24:928 [1] NCCL INFO Channel 10/0 : 1[1] -> 0[0] via P2P/direct pointer/read
ts49-master-0:24:929 [2] NCCL INFO Channel 12/0 : 2[2] -> 1[1] via P2P/direct pointer/read
ts49-master-0:24:928 [1] NCCL INFO Channel 11/0 : 1[1] -> 0[0] via P2P/direct pointer/read
ts49-master-0:24:929 [2] NCCL INFO Channel 13/0 : 2[2] -> 1[1] via P2P/direct pointer/read
ts49-master-0:24:928 [1] NCCL INFO Channel 12/0 : 1[1] -> 0[0] via P2P/direct pointer/read
ts49-master-0:24:929 [2] NCCL INFO Channel 14/0 : 2[2] -> 1[1] via P2P/direct pointer/read
ts49-master-0:24:928 [1] NCCL INFO Channel 13/0 : 1[1] -> 0[0] via P2P/direct pointer/read
ts49-master-0:24:929 [2] NCCL INFO Channel 15/0 : 2[2] -> 1[1] via P2P/direct pointer/read
ts49-master-0:24:928 [1] NCCL INFO Channel 14/0 : 1[1] -> 0[0] via P2P/direct pointer/read
ts49-master-0:24:929 [2] NCCL INFO Channel 16/0 : 2[2] -> 1[1] via P2P/direct pointer/read
ts49-master-0:24:928 [1] NCCL INFO Channel 15/0 : 1[1] -> 0[0] via P2P/direct pointer/read
ts49-master-0:24:929 [2] NCCL INFO Channel 17/0 : 2[2] -> 1[1] via P2P/direct pointer/read
ts49-master-0:24:928 [1] NCCL INFO Channel 16/0 : 1[1] -> 0[0] via P2P/direct pointer/read
ts49-master-0:24:929 [2] NCCL INFO Channel 18/0 : 2[2] -> 1[1] via P2P/direct pointer/read
ts49-master-0:24:928 [1] NCCL INFO Channel 17/0 : 1[1] -> 0[0] via P2P/direct pointer/read
ts49-master-0:24:929 [2] NCCL INFO Channel 19/0 : 2[2] -> 1[1] via P2P/direct pointer/read
ts49-master-0:24:928 [1] NCCL INFO Channel 18/0 : 1[1] -> 0[0] via P2P/direct pointer/read
ts49-master-0:24:929 [2] NCCL INFO Channel 20/0 : 2[2] -> 1[1] via P2P/direct pointer/read
ts49-master-0:24:928 [1] NCCL INFO Channel 19/0 : 1[1] -> 0[0] via P2P/direct pointer/read
ts49-master-0:24:929 [2] NCCL INFO Channel 21/0 : 2[2] -> 1[1] via P2P/direct pointer/read
ts49-master-0:24:928 [1] NCCL INFO Channel 20/0 : 1[1] -> 0[0] via P2P/direct pointer/read
ts49-master-0:24:928 [1] NCCL INFO Channel 21/0 : 1[1] -> 0[0] via P2P/direct pointer/read
ts49-master-0:24:928 [1] NCCL INFO Channel 22/0 : 1[1] -> 0[0] via P2P/direct pointer/read
ts49-master-0:24:928 [1] NCCL INFO Channel 23/0 : 1[1] -> 0[0] via P2P/direct pointer/read
ts49-master-0:24:929 [2] NCCL INFO Channel 22/0 : 2[2] -> 1[1] via P2P/direct pointer/read
ts49-master-0:24:929 [2] NCCL INFO Channel 23/0 : 2[2] -> 1[1] via P2P/direct pointer/read
ts49-master-0:24:930 [3] NCCL INFO Connected all trees
ts49-master-0:24:930 [3] NCCL INFO threadThresholds 8/8/64 | 32/8/64 | 512 | 512
ts49-master-0:24:930 [3] NCCL INFO 24 coll channels, 0 collnet channels, 0 nvls channels, 32 p2p channels, 32 p2p channels per peer
ts49-master-0:24:927 [0] NCCL INFO Connected all trees
ts49-master-0:24:929 [2] NCCL INFO Connected all trees
ts49-master-0:24:928 [1] NCCL INFO Connected all trees
ts49-master-0:24:929 [2] NCCL INFO threadThresholds 8/8/64 | 32/8/64 | 512 | 512
ts49-master-0:24:929 [2] NCCL INFO 24 coll channels, 0 collnet channels, 0 nvls channels, 32 p2p channels, 32 p2p channels per peer
ts49-master-0:24:928 [1] NCCL INFO threadThresholds 8/8/64 | 32/8/64 | 512 | 512
ts49-master-0:24:927 [0] NCCL INFO threadThresholds 8/8/64 | 32/8/64 | 512 | 512
ts49-master-0:24:927 [0] NCCL INFO 24 coll channels, 0 collnet channels, 0 nvls channels, 32 p2p channels, 32 p2p channels per peer
ts49-master-0:24:928 [1] NCCL INFO 24 coll channels, 0 collnet channels, 0 nvls channels, 32 p2p channels, 32 p2p channels per peer
ts49-master-0:24:930 [3] NCCL INFO comm 0xe4c9690 rank 3 nranks 4 cudaDev 3 nvmlDev 3 busId a7000 commId 0xcbbba5595a6e996b - Init COMPLETE
ts49-master-0:24:929 [2] NCCL INFO comm 0xe4c4980 rank 2 nranks 4 cudaDev 2 nvmlDev 2 busId a5000 commId 0xcbbba5595a6e996b - Init COMPLETE
ts49-master-0:24:928 [1] NCCL INFO comm 0xe4bfc70 rank 1 nranks 4 cudaDev 1 nvmlDev 1 busId a3000 commId 0xcbbba5595a6e996b - Init COMPLETE
ts49-master-0:24:927 [0] NCCL INFO comm 0xe4b91e0 rank 0 nranks 4 cudaDev 0 nvmlDev 0 busId a1000 commId 0xcbbba5595a6e996b - Init COMPLETE
	iters: 100, epoch: 1 | loss: 0.2918287
	speed: 0.3623s/iter; left time: 4090.3259s
	iters: 200, epoch: 1 | loss: 0.2792377
	speed: 0.3334s/iter; left time: 3731.5433s
	iters: 300, epoch: 1 | loss: 0.2754697
	speed: 0.3311s/iter; left time: 3672.6144s
	iters: 400, epoch: 1 | loss: 0.2980345
	speed: 0.3326s/iter; left time: 3655.9432s
	iters: 500, epoch: 1 | loss: 0.2571501
	speed: 0.3310s/iter; left time: 3605.2862s
	iters: 600, epoch: 1 | loss: 0.2569847
	speed: 0.3324s/iter; left time: 3586.4843s
	iters: 700, epoch: 1 | loss: 0.2842598
	speed: 0.3311s/iter; left time: 3539.6954s
	iters: 800, epoch: 1 | loss: 0.2380192
	speed: 0.3323s/iter; left time: 3519.8829s
	iters: 900, epoch: 1 | loss: 0.2659433
	speed: 0.3315s/iter; left time: 3477.4474s
	iters: 1000, epoch: 1 | loss: 0.2690220
	speed: 0.3321s/iter; left time: 3450.5717s
	iters: 1100, epoch: 1 | loss: 0.2852161
	speed: 0.3311s/iter; left time: 3406.9340s
Epoch: 1 cost time: 381.0751004219055
ts49-master-0:24:8397 [1] NCCL INFO Using non-device net plugin version 0
ts49-master-0:24:8397 [1] NCCL INFO Using network Socket
ts49-master-0:24:8396 [0] NCCL INFO Using non-device net plugin version 0
ts49-master-0:24:8396 [0] NCCL INFO Using network Socket
ts49-master-0:24:8398 [2] NCCL INFO Using non-device net plugin version 0
ts49-master-0:24:8398 [2] NCCL INFO Using network Socket
ts49-master-0:24:8397 [1] NCCL INFO comm 0xe536d70 rank 1 nranks 3 cudaDev 1 nvmlDev 1 busId a3000 commId 0xbc0c8521962c6054 - Init START
ts49-master-0:24:8398 [2] NCCL INFO comm 0xe53a0e0 rank 2 nranks 3 cudaDev 2 nvmlDev 2 busId a5000 commId 0xbc0c8521962c6054 - Init START
ts49-master-0:24:8396 [0] NCCL INFO comm 0x11891940 rank 0 nranks 3 cudaDev 0 nvmlDev 0 busId a1000 commId 0xbc0c8521962c6054 - Init START
ts49-master-0:24:8397 [1] NCCL INFO Setting affinity for GPU 1 to 0fffff,ffffffff,fc000000,00000000
ts49-master-0:24:8397 [1] NCCL INFO NVLS multicast support is not available on dev 1
ts49-master-0:24:8398 [2] NCCL INFO Setting affinity for GPU 2 to 0fffff,ffffffff,fc000000,00000000
ts49-master-0:24:8398 [2] NCCL INFO NVLS multicast support is not available on dev 2
ts49-master-0:24:8396 [0] NCCL INFO Setting affinity for GPU 0 to 0fffff,ffffffff,fc000000,00000000
ts49-master-0:24:8396 [0] NCCL INFO NVLS multicast support is not available on dev 0
ts49-master-0:24:8398 [2] NCCL INFO comm 0xe53a0e0 rank 2 nRanks 3 nNodes 1 localRanks 3 localRank 2 MNNVL 0
ts49-master-0:24:8397 [1] NCCL INFO comm 0xe536d70 rank 1 nRanks 3 nNodes 1 localRanks 3 localRank 1 MNNVL 0
ts49-master-0:24:8396 [0] NCCL INFO comm 0x11891940 rank 0 nRanks 3 nNodes 1 localRanks 3 localRank 0 MNNVL 0
ts49-master-0:24:8398 [2] NCCL INFO Trees [0] -1/-1/-1->2->1 [1] -1/-1/-1->2->1 [2] -1/-1/-1->2->1 [3] -1/-1/-1->2->1 [4] -1/-1/-1->2->1 [5] -1/-1/-1->2->1 [6] -1/-1/-1->2->1 [7] -1/-1/-1->2->1 [8] -1/-1/-1->2->1 [9] -1/-1/-1->2->1 [10] -1/-1/-1->2->1 [11] -1/-1/-1->2->1 [12] -1/-1/-1->2->1 [13] -1/-1/-1->2->1 [14] -1/-1/-1->2->1 [15] -1/-1/-1->2->1 [16] -1/-1/-1->2->1 [17] -1/-1/-1->2->1 [18] -1/-1/-1->2->1 [19] -1/-1/-1->2->1 [20] -1/-1/-1->2->1 [21] -1/-1/-1->2->1 [22] -1/-1/-1->2->1 [23] -1/-1/-1->2->1
ts49-master-0:24:8398 [2] NCCL INFO P2P Chunksize set to 524288
ts49-master-0:24:8397 [1] NCCL INFO Trees [0] 2/-1/-1->1->0 [1] 2/-1/-1->1->0 [2] 2/-1/-1->1->0 [3] 2/-1/-1->1->0 [4] 2/-1/-1->1->0 [5] 2/-1/-1->1->0 [6] 2/-1/-1->1->0 [7] 2/-1/-1->1->0 [8] 2/-1/-1->1->0 [9] 2/-1/-1->1->0 [10] 2/-1/-1->1->0 [11] 2/-1/-1->1->0 [12] 2/-1/-1->1->0 [13] 2/-1/-1->1->0 [14] 2/-1/-1->1->0 [15] 2/-1/-1->1->0 [16] 2/-1/-1->1->0 [17] 2/-1/-1->1->0 [18] 2/-1/-1->1->0 [19] 2/-1/-1->1->0 [20] 2/-1/-1->1->0 [21] 2/-1/-1->1->0 [22] 2/-1/-1->1->0 [23] 2/-1/-1->1->0
ts49-master-0:24:8397 [1] NCCL INFO P2P Chunksize set to 524288
ts49-master-0:24:8396 [0] NCCL INFO Channel 00/24 :    0   1   2
ts49-master-0:24:8396 [0] NCCL INFO Channel 01/24 :    0   1   2
ts49-master-0:24:8396 [0] NCCL INFO Channel 02/24 :    0   1   2
ts49-master-0:24:8396 [0] NCCL INFO Channel 03/24 :    0   1   2
ts49-master-0:24:8396 [0] NCCL INFO Channel 04/24 :    0   1   2
ts49-master-0:24:8396 [0] NCCL INFO Channel 05/24 :    0   1   2
ts49-master-0:24:8396 [0] NCCL INFO Channel 06/24 :    0   1   2
ts49-master-0:24:8396 [0] NCCL INFO Channel 07/24 :    0   1   2
ts49-master-0:24:8396 [0] NCCL INFO Channel 08/24 :    0   1   2
ts49-master-0:24:8396 [0] NCCL INFO Channel 09/24 :    0   1   2
ts49-master-0:24:8396 [0] NCCL INFO Channel 10/24 :    0   1   2
ts49-master-0:24:8396 [0] NCCL INFO Channel 11/24 :    0   1   2
ts49-master-0:24:8396 [0] NCCL INFO Channel 12/24 :    0   1   2
ts49-master-0:24:8396 [0] NCCL INFO Channel 13/24 :    0   1   2
ts49-master-0:24:8396 [0] NCCL INFO Channel 14/24 :    0   1   2
ts49-master-0:24:8396 [0] NCCL INFO Channel 15/24 :    0   1   2
ts49-master-0:24:8396 [0] NCCL INFO Channel 16/24 :    0   1   2
ts49-master-0:24:8396 [0] NCCL INFO Channel 17/24 :    0   1   2
ts49-master-0:24:8396 [0] NCCL INFO Channel 18/24 :    0   1   2
ts49-master-0:24:8396 [0] NCCL INFO Channel 19/24 :    0   1   2
ts49-master-0:24:8396 [0] NCCL INFO Channel 20/24 :    0   1   2
ts49-master-0:24:8396 [0] NCCL INFO Channel 21/24 :    0   1   2
ts49-master-0:24:8396 [0] NCCL INFO Channel 22/24 :    0   1   2
ts49-master-0:24:8396 [0] NCCL INFO Channel 23/24 :    0   1   2
ts49-master-0:24:8396 [0] NCCL INFO Trees [0] 1/-1/-1->0->-1 [1] 1/-1/-1->0->-1 [2] 1/-1/-1->0->-1 [3] 1/-1/-1->0->-1 [4] 1/-1/-1->0->-1 [5] 1/-1/-1->0->-1 [6] 1/-1/-1->0->-1 [7] 1/-1/-1->0->-1 [8] 1/-1/-1->0->-1 [9] 1/-1/-1->0->-1 [10] 1/-1/-1->0->-1 [11] 1/-1/-1->0->-1 [12] 1/-1/-1->0->-1 [13] 1/-1/-1->0->-1 [14] 1/-1/-1->0->-1 [15] 1/-1/-1->0->-1 [16] 1/-1/-1->0->-1 [17] 1/-1/-1->0->-1 [18] 1/-1/-1->0->-1 [19] 1/-1/-1->0->-1 [20] 1/-1/-1->0->-1 [21] 1/-1/-1->0->-1 [22] 1/-1/-1->0->-1 [23] 1/-1/-1->0->-1
ts49-master-0:24:8396 [0] NCCL INFO P2P Chunksize set to 524288
ts49-master-0:24:8397 [1] NCCL INFO Channel 00/0 : 1[1] -> 2[2] via P2P/direct pointer/read
ts49-master-0:24:8397 [1] NCCL INFO Channel 01/0 : 1[1] -> 2[2] via P2P/direct pointer/read
ts49-master-0:24:8397 [1] NCCL INFO Channel 02/0 : 1[1] -> 2[2] via P2P/direct pointer/read
ts49-master-0:24:8398 [2] NCCL INFO Channel 00/0 : 2[2] -> 0[0] via P2P/direct pointer/read
ts49-master-0:24:8397 [1] NCCL INFO Channel 03/0 : 1[1] -> 2[2] via P2P/direct pointer/read
ts49-master-0:24:8396 [0] NCCL INFO Channel 00/0 : 0[0] -> 1[1] via P2P/direct pointer/read
ts49-master-0:24:8398 [2] NCCL INFO Channel 01/0 : 2[2] -> 0[0] via P2P/direct pointer/read
ts49-master-0:24:8397 [1] NCCL INFO Channel 04/0 : 1[1] -> 2[2] via P2P/direct pointer/read
ts49-master-0:24:8396 [0] NCCL INFO Channel 01/0 : 0[0] -> 1[1] via P2P/direct pointer/read
ts49-master-0:24:8397 [1] NCCL INFO Channel 05/0 : 1[1] -> 2[2] via P2P/direct pointer/read
ts49-master-0:24:8398 [2] NCCL INFO Channel 02/0 : 2[2] -> 0[0] via P2P/direct pointer/read
ts49-master-0:24:8396 [0] NCCL INFO Channel 02/0 : 0[0] -> 1[1] via P2P/direct pointer/read
ts49-master-0:24:8397 [1] NCCL INFO Channel 06/0 : 1[1] -> 2[2] via P2P/direct pointer/read
ts49-master-0:24:8398 [2] NCCL INFO Channel 03/0 : 2[2] -> 0[0] via P2P/direct pointer/read
ts49-master-0:24:8396 [0] NCCL INFO Channel 03/0 : 0[0] -> 1[1] via P2P/direct pointer/read
ts49-master-0:24:8397 [1] NCCL INFO Channel 07/0 : 1[1] -> 2[2] via P2P/direct pointer/read
ts49-master-0:24:8398 [2] NCCL INFO Channel 04/0 : 2[2] -> 0[0] via P2P/direct pointer/read
ts49-master-0:24:8396 [0] NCCL INFO Channel 04/0 : 0[0] -> 1[1] via P2P/direct pointer/read
ts49-master-0:24:8397 [1] NCCL INFO Channel 08/0 : 1[1] -> 2[2] via P2P/direct pointer/read
ts49-master-0:24:8398 [2] NCCL INFO Channel 05/0 : 2[2] -> 0[0] via P2P/direct pointer/read
ts49-master-0:24:8396 [0] NCCL INFO Channel 05/0 : 0[0] -> 1[1] via P2P/direct pointer/read
ts49-master-0:24:8397 [1] NCCL INFO Channel 09/0 : 1[1] -> 2[2] via P2P/direct pointer/read
ts49-master-0:24:8398 [2] NCCL INFO Channel 06/0 : 2[2] -> 0[0] via P2P/direct pointer/read
ts49-master-0:24:8396 [0] NCCL INFO Channel 06/0 : 0[0] -> 1[1] via P2P/direct pointer/read
ts49-master-0:24:8397 [1] NCCL INFO Channel 10/0 : 1[1] -> 2[2] via P2P/direct pointer/read
ts49-master-0:24:8398 [2] NCCL INFO Channel 07/0 : 2[2] -> 0[0] via P2P/direct pointer/read
ts49-master-0:24:8396 [0] NCCL INFO Channel 07/0 : 0[0] -> 1[1] via P2P/direct pointer/read
ts49-master-0:24:8397 [1] NCCL INFO Channel 11/0 : 1[1] -> 2[2] via P2P/direct pointer/read
ts49-master-0:24:8398 [2] NCCL INFO Channel 08/0 : 2[2] -> 0[0] via P2P/direct pointer/read
ts49-master-0:24:8396 [0] NCCL INFO Channel 08/0 : 0[0] -> 1[1] via P2P/direct pointer/read
ts49-master-0:24:8397 [1] NCCL INFO Channel 12/0 : 1[1] -> 2[2] via P2P/direct pointer/read
ts49-master-0:24:8398 [2] NCCL INFO Channel 09/0 : 2[2] -> 0[0] via P2P/direct pointer/read
ts49-master-0:24:8396 [0] NCCL INFO Channel 09/0 : 0[0] -> 1[1] via P2P/direct pointer/read
ts49-master-0:24:8397 [1] NCCL INFO Channel 13/0 : 1[1] -> 2[2] via P2P/direct pointer/read
ts49-master-0:24:8398 [2] NCCL INFO Channel 10/0 : 2[2] -> 0[0] via P2P/direct pointer/read
ts49-master-0:24:8396 [0] NCCL INFO Channel 10/0 : 0[0] -> 1[1] via P2P/direct pointer/read
ts49-master-0:24:8397 [1] NCCL INFO Channel 14/0 : 1[1] -> 2[2] via P2P/direct pointer/read
ts49-master-0:24:8398 [2] NCCL INFO Channel 11/0 : 2[2] -> 0[0] via P2P/direct pointer/read
ts49-master-0:24:8396 [0] NCCL INFO Channel 11/0 : 0[0] -> 1[1] via P2P/direct pointer/read
ts49-master-0:24:8397 [1] NCCL INFO Channel 15/0 : 1[1] -> 2[2] via P2P/direct pointer/read
ts49-master-0:24:8398 [2] NCCL INFO Channel 12/0 : 2[2] -> 0[0] via P2P/direct pointer/read
ts49-master-0:24:8396 [0] NCCL INFO Channel 12/0 : 0[0] -> 1[1] via P2P/direct pointer/read
ts49-master-0:24:8397 [1] NCCL INFO Channel 16/0 : 1[1] -> 2[2] via P2P/direct pointer/read
ts49-master-0:24:8398 [2] NCCL INFO Channel 13/0 : 2[2] -> 0[0] via P2P/direct pointer/read
ts49-master-0:24:8396 [0] NCCL INFO Channel 13/0 : 0[0] -> 1[1] via P2P/direct pointer/read
ts49-master-0:24:8397 [1] NCCL INFO Channel 17/0 : 1[1] -> 2[2] via P2P/direct pointer/read
ts49-master-0:24:8398 [2] NCCL INFO Channel 14/0 : 2[2] -> 0[0] via P2P/direct pointer/read
ts49-master-0:24:8396 [0] NCCL INFO Channel 14/0 : 0[0] -> 1[1] via P2P/direct pointer/read
ts49-master-0:24:8397 [1] NCCL INFO Channel 18/0 : 1[1] -> 2[2] via P2P/direct pointer/read
ts49-master-0:24:8398 [2] NCCL INFO Channel 15/0 : 2[2] -> 0[0] via P2P/direct pointer/read
ts49-master-0:24:8396 [0] NCCL INFO Channel 15/0 : 0[0] -> 1[1] via P2P/direct pointer/read
ts49-master-0:24:8397 [1] NCCL INFO Channel 19/0 : 1[1] -> 2[2] via P2P/direct pointer/read
ts49-master-0:24:8398 [2] NCCL INFO Channel 16/0 : 2[2] -> 0[0] via P2P/direct pointer/read
ts49-master-0:24:8396 [0] NCCL INFO Channel 16/0 : 0[0] -> 1[1] via P2P/direct pointer/read
ts49-master-0:24:8397 [1] NCCL INFO Channel 20/0 : 1[1] -> 2[2] via P2P/direct pointer/read
ts49-master-0:24:8398 [2] NCCL INFO Channel 17/0 : 2[2] -> 0[0] via P2P/direct pointer/read
ts49-master-0:24:8396 [0] NCCL INFO Channel 17/0 : 0[0] -> 1[1] via P2P/direct pointer/read
ts49-master-0:24:8397 [1] NCCL INFO Channel 21/0 : 1[1] -> 2[2] via P2P/direct pointer/read
ts49-master-0:24:8398 [2] NCCL INFO Channel 18/0 : 2[2] -> 0[0] via P2P/direct pointer/read
ts49-master-0:24:8396 [0] NCCL INFO Channel 18/0 : 0[0] -> 1[1] via P2P/direct pointer/read
ts49-master-0:24:8397 [1] NCCL INFO Channel 22/0 : 1[1] -> 2[2] via P2P/direct pointer/read
ts49-master-0:24:8398 [2] NCCL INFO Channel 19/0 : 2[2] -> 0[0] via P2P/direct pointer/read
ts49-master-0:24:8396 [0] NCCL INFO Channel 19/0 : 0[0] -> 1[1] via P2P/direct pointer/read
ts49-master-0:24:8397 [1] NCCL INFO Channel 23/0 : 1[1] -> 2[2] via P2P/direct pointer/read
ts49-master-0:24:8398 [2] NCCL INFO Channel 20/0 : 2[2] -> 0[0] via P2P/direct pointer/read
ts49-master-0:24:8396 [0] NCCL INFO Channel 20/0 : 0[0] -> 1[1] via P2P/direct pointer/read
ts49-master-0:24:8398 [2] NCCL INFO Channel 21/0 : 2[2] -> 0[0] via P2P/direct pointer/read
ts49-master-0:24:8396 [0] NCCL INFO Channel 21/0 : 0[0] -> 1[1] via P2P/direct pointer/read
ts49-master-0:24:8398 [2] NCCL INFO Channel 22/0 : 2[2] -> 0[0] via P2P/direct pointer/read
ts49-master-0:24:8396 [0] NCCL INFO Channel 22/0 : 0[0] -> 1[1] via P2P/direct pointer/read
ts49-master-0:24:8398 [2] NCCL INFO Channel 23/0 : 2[2] -> 0[0] via P2P/direct pointer/read
ts49-master-0:24:8396 [0] NCCL INFO Channel 23/0 : 0[0] -> 1[1] via P2P/direct pointer/read
ts49-master-0:24:8397 [1] NCCL INFO Connected all rings
ts49-master-0:24:8398 [2] NCCL INFO Connected all rings
ts49-master-0:24:8396 [0] NCCL INFO Connected all rings
ts49-master-0:24:8398 [2] NCCL INFO Channel 00/0 : 2[2] -> 1[1] via P2P/direct pointer/read
ts49-master-0:24:8398 [2] NCCL INFO Channel 01/0 : 2[2] -> 1[1] via P2P/direct pointer/read
ts49-master-0:24:8398 [2] NCCL INFO Channel 02/0 : 2[2] -> 1[1] via P2P/direct pointer/read
ts49-master-0:24:8398 [2] NCCL INFO Channel 03/0 : 2[2] -> 1[1] via P2P/direct pointer/read
ts49-master-0:24:8398 [2] NCCL INFO Channel 04/0 : 2[2] -> 1[1] via P2P/direct pointer/read
ts49-master-0:24:8398 [2] NCCL INFO Channel 05/0 : 2[2] -> 1[1] via P2P/direct pointer/read
ts49-master-0:24:8398 [2] NCCL INFO Channel 06/0 : 2[2] -> 1[1] via P2P/direct pointer/read
ts49-master-0:24:8398 [2] NCCL INFO Channel 07/0 : 2[2] -> 1[1] via P2P/direct pointer/read
ts49-master-0:24:8398 [2] NCCL INFO Channel 08/0 : 2[2] -> 1[1] via P2P/direct pointer/read
ts49-master-0:24:8398 [2] NCCL INFO Channel 09/0 : 2[2] -> 1[1] via P2P/direct pointer/read
ts49-master-0:24:8398 [2] NCCL INFO Channel 10/0 : 2[2] -> 1[1] via P2P/direct pointer/read
ts49-master-0:24:8398 [2] NCCL INFO Channel 11/0 : 2[2] -> 1[1] via P2P/direct pointer/read
ts49-master-0:24:8398 [2] NCCL INFO Channel 12/0 : 2[2] -> 1[1] via P2P/direct pointer/read
ts49-master-0:24:8398 [2] NCCL INFO Channel 13/0 : 2[2] -> 1[1] via P2P/direct pointer/read
ts49-master-0:24:8398 [2] NCCL INFO Channel 14/0 : 2[2] -> 1[1] via P2P/direct pointer/read
ts49-master-0:24:8398 [2] NCCL INFO Channel 15/0 : 2[2] -> 1[1] via P2P/direct pointer/read
ts49-master-0:24:8398 [2] NCCL INFO Channel 16/0 : 2[2] -> 1[1] via P2P/direct pointer/read
ts49-master-0:24:8398 [2] NCCL INFO Channel 17/0 : 2[2] -> 1[1] via P2P/direct pointer/read
ts49-master-0:24:8398 [2] NCCL INFO Channel 18/0 : 2[2] -> 1[1] via P2P/direct pointer/read
ts49-master-0:24:8398 [2] NCCL INFO Channel 19/0 : 2[2] -> 1[1] via P2P/direct pointer/read
ts49-master-0:24:8398 [2] NCCL INFO Channel 20/0 : 2[2] -> 1[1] via P2P/direct pointer/read
ts49-master-0:24:8398 [2] NCCL INFO Channel 21/0 : 2[2] -> 1[1] via P2P/direct pointer/read
ts49-master-0:24:8398 [2] NCCL INFO Channel 22/0 : 2[2] -> 1[1] via P2P/direct pointer/read
ts49-master-0:24:8397 [1] NCCL INFO Channel 00/0 : 1[1] -> 0[0] via P2P/direct pointer/read
ts49-master-0:24:8398 [2] NCCL INFO Channel 23/0 : 2[2] -> 1[1] via P2P/direct pointer/read
ts49-master-0:24:8397 [1] NCCL INFO Channel 01/0 : 1[1] -> 0[0] via P2P/direct pointer/read
ts49-master-0:24:8397 [1] NCCL INFO Channel 02/0 : 1[1] -> 0[0] via P2P/direct pointer/read
ts49-master-0:24:8397 [1] NCCL INFO Channel 03/0 : 1[1] -> 0[0] via P2P/direct pointer/read
ts49-master-0:24:8397 [1] NCCL INFO Channel 04/0 : 1[1] -> 0[0] via P2P/direct pointer/read
ts49-master-0:24:8397 [1] NCCL INFO Channel 05/0 : 1[1] -> 0[0] via P2P/direct pointer/read
ts49-master-0:24:8397 [1] NCCL INFO Channel 06/0 : 1[1] -> 0[0] via P2P/direct pointer/read
ts49-master-0:24:8397 [1] NCCL INFO Channel 07/0 : 1[1] -> 0[0] via P2P/direct pointer/read
ts49-master-0:24:8397 [1] NCCL INFO Channel 08/0 : 1[1] -> 0[0] via P2P/direct pointer/read
ts49-master-0:24:8397 [1] NCCL INFO Channel 09/0 : 1[1] -> 0[0] via P2P/direct pointer/read
ts49-master-0:24:8397 [1] NCCL INFO Channel 10/0 : 1[1] -> 0[0] via P2P/direct pointer/read
ts49-master-0:24:8397 [1] NCCL INFO Channel 11/0 : 1[1] -> 0[0] via P2P/direct pointer/read
ts49-master-0:24:8397 [1] NCCL INFO Channel 12/0 : 1[1] -> 0[0] via P2P/direct pointer/read
ts49-master-0:24:8397 [1] NCCL INFO Channel 13/0 : 1[1] -> 0[0] via P2P/direct pointer/read
ts49-master-0:24:8397 [1] NCCL INFO Channel 14/0 : 1[1] -> 0[0] via P2P/direct pointer/read
ts49-master-0:24:8397 [1] NCCL INFO Channel 15/0 : 1[1] -> 0[0] via P2P/direct pointer/read
ts49-master-0:24:8397 [1] NCCL INFO Channel 16/0 : 1[1] -> 0[0] via P2P/direct pointer/read
ts49-master-0:24:8397 [1] NCCL INFO Channel 17/0 : 1[1] -> 0[0] via P2P/direct pointer/read
ts49-master-0:24:8397 [1] NCCL INFO Channel 18/0 : 1[1] -> 0[0] via P2P/direct pointer/read
ts49-master-0:24:8397 [1] NCCL INFO Channel 19/0 : 1[1] -> 0[0] via P2P/direct pointer/read
ts49-master-0:24:8397 [1] NCCL INFO Channel 20/0 : 1[1] -> 0[0] via P2P/direct pointer/read
ts49-master-0:24:8397 [1] NCCL INFO Channel 21/0 : 1[1] -> 0[0] via P2P/direct pointer/read
ts49-master-0:24:8397 [1] NCCL INFO Channel 22/0 : 1[1] -> 0[0] via P2P/direct pointer/read
ts49-master-0:24:8397 [1] NCCL INFO Channel 23/0 : 1[1] -> 0[0] via P2P/direct pointer/read
ts49-master-0:24:8396 [0] NCCL INFO Connected all trees
ts49-master-0:24:8398 [2] NCCL INFO Connected all trees
ts49-master-0:24:8397 [1] NCCL INFO Connected all trees
ts49-master-0:24:8398 [2] NCCL INFO threadThresholds 8/8/64 | 24/8/64 | 512 | 512
ts49-master-0:24:8398 [2] NCCL INFO 24 coll channels, 0 collnet channels, 0 nvls channels, 32 p2p channels, 32 p2p channels per peer
ts49-master-0:24:8397 [1] NCCL INFO threadThresholds 8/8/64 | 24/8/64 | 512 | 512
ts49-master-0:24:8397 [1] NCCL INFO 24 coll channels, 0 collnet channels, 0 nvls channels, 32 p2p channels, 32 p2p channels per peer
ts49-master-0:24:8396 [0] NCCL INFO threadThresholds 8/8/64 | 24/8/64 | 512 | 512
ts49-master-0:24:8396 [0] NCCL INFO 24 coll channels, 0 collnet channels, 0 nvls channels, 32 p2p channels, 32 p2p channels per peer
ts49-master-0:24:8397 [1] NCCL INFO comm 0xe536d70 rank 1 nranks 3 cudaDev 1 nvmlDev 1 busId a3000 commId 0xbc0c8521962c6054 - Init COMPLETE
ts49-master-0:24:8396 [0] NCCL INFO comm 0x11891940 rank 0 nranks 3 cudaDev 0 nvmlDev 0 busId a1000 commId 0xbc0c8521962c6054 - Init COMPLETE
ts49-master-0:24:8398 [2] NCCL INFO comm 0xe53a0e0 rank 2 nranks 3 cudaDev 2 nvmlDev 2 busId a5000 commId 0xbc0c8521962c6054 - Init COMPLETE
Epoch: 1, Steps: 1139 | Train Loss: 0.2845619 Vali Loss: 0.1731433 Test Loss: 0.1966121
Validation loss decreased (inf --> 0.173143).  Saving model ...
Updating learning rate to 0.0001
	iters: 100, epoch: 2 | loss: 0.2710330
	speed: 1.0302s/iter; left time: 10459.0904s
	iters: 200, epoch: 2 | loss: 0.2527081
	speed: 0.3331s/iter; left time: 3348.1922s
	iters: 300, epoch: 2 | loss: 0.2766062
	speed: 0.3316s/iter; left time: 3300.1111s
	iters: 400, epoch: 2 | loss: 0.2910274
	speed: 0.3325s/iter; left time: 3275.9660s
	iters: 500, epoch: 2 | loss: 0.2536536
	speed: 0.3315s/iter; left time: 3233.2224s
	iters: 600, epoch: 2 | loss: 0.2439723
	speed: 0.3317s/iter; left time: 3201.2617s
	iters: 700, epoch: 2 | loss: 0.2527824
	speed: 0.3325s/iter; left time: 3175.8287s
	iters: 800, epoch: 2 | loss: 0.2577378
	speed: 0.3315s/iter; left time: 3133.5478s
	iters: 900, epoch: 2 | loss: 0.2630848
	speed: 0.3331s/iter; left time: 3115.0346s
	iters: 1000, epoch: 2 | loss: 0.2554151
	speed: 0.3317s/iter; left time: 3068.8935s
	iters: 1100, epoch: 2 | loss: 0.2555934
	speed: 0.3329s/iter; left time: 3046.8844s
Epoch: 2 cost time: 378.712956905365
Epoch: 2, Steps: 1139 | Train Loss: 0.2617550 Vali Loss: 0.1764046 Test Loss: 0.1986195
EarlyStopping counter: 1 out of 3
Updating learning rate to 5e-05
	iters: 100, epoch: 3 | loss: 0.2255292
	speed: 1.0448s/iter; left time: 9417.1565s
	iters: 200, epoch: 3 | loss: 0.2708670
	speed: 0.3318s/iter; left time: 2957.2838s
	iters: 300, epoch: 3 | loss: 0.2524989
	speed: 0.3331s/iter; left time: 2935.6460s
	iters: 400, epoch: 3 | loss: 0.2818328
	speed: 0.3318s/iter; left time: 2891.1675s
	iters: 500, epoch: 3 | loss: 0.2366527
	speed: 0.3332s/iter; left time: 2869.6312s
	iters: 600, epoch: 3 | loss: 0.2555001
	speed: 0.3325s/iter; left time: 2830.2736s
	iters: 700, epoch: 3 | loss: 0.2530754
	speed: 0.3329s/iter; left time: 2800.5118s
	iters: 800, epoch: 3 | loss: 0.2737122
	speed: 0.3317s/iter; left time: 2757.5950s
	iters: 900, epoch: 3 | loss: 0.2552675
	speed: 0.3327s/iter; left time: 2732.1632s
	iters: 1000, epoch: 3 | loss: 0.2433869
	speed: 0.3317s/iter; left time: 2691.2751s
	iters: 1100, epoch: 3 | loss: 0.2593576
	speed: 0.3324s/iter; left time: 2663.1901s
Epoch: 3 cost time: 379.1787588596344
Epoch: 3, Steps: 1139 | Train Loss: 0.2556065 Vali Loss: 0.1639336 Test Loss: 0.1849794
Validation loss decreased (0.173143 --> 0.163934).  Saving model ...
Updating learning rate to 2.5e-05
	iters: 100, epoch: 4 | loss: 0.2601187
	speed: 1.0484s/iter; left time: 8255.2939s
	iters: 200, epoch: 4 | loss: 0.2527726
	speed: 0.3322s/iter; left time: 2582.6945s
	iters: 300, epoch: 4 | loss: 0.2347999
	speed: 0.3319s/iter; left time: 2546.7079s
	iters: 400, epoch: 4 | loss: 0.2019251
	speed: 0.3331s/iter; left time: 2522.8756s
	iters: 500, epoch: 4 | loss: 0.2608238
	speed: 0.3318s/iter; left time: 2479.7873s
	iters: 600, epoch: 4 | loss: 0.2466996
	speed: 0.3319s/iter; left time: 2447.6477s
	iters: 700, epoch: 4 | loss: 0.2314369
	speed: 0.3316s/iter; left time: 2411.8067s
	iters: 800, epoch: 4 | loss: 0.2686910
	speed: 0.3327s/iter; left time: 2386.7015s
	iters: 900, epoch: 4 | loss: 0.2308959
	speed: 0.3317s/iter; left time: 2346.2763s
	iters: 1000, epoch: 4 | loss: 0.2674726
	speed: 0.3321s/iter; left time: 2315.7559s
	iters: 1100, epoch: 4 | loss: 0.2506155
	speed: 0.3320s/iter; left time: 2281.8905s
Epoch: 4 cost time: 378.9066114425659
Epoch: 4, Steps: 1139 | Train Loss: 0.2529964 Vali Loss: 0.1613741 Test Loss: 0.1818607
Validation loss decreased (0.163934 --> 0.161374).  Saving model ...
Updating learning rate to 1.25e-05
	iters: 100, epoch: 5 | loss: 0.2631024
	speed: 1.0441s/iter; left time: 7031.7812s
	iters: 200, epoch: 5 | loss: 0.2356879
	speed: 0.3319s/iter; left time: 2202.2880s
	iters: 300, epoch: 5 | loss: 0.2137132
	speed: 0.3334s/iter; left time: 2178.7099s
	iters: 400, epoch: 5 | loss: 0.2414847
	speed: 0.3317s/iter; left time: 2134.2850s
	iters: 500, epoch: 5 | loss: 0.2465763
	speed: 0.3322s/iter; left time: 2104.6400s
	iters: 600, epoch: 5 | loss: 0.2533603
	speed: 0.3321s/iter; left time: 2070.8658s
	iters: 700, epoch: 5 | loss: 0.2807261
	speed: 0.3328s/iter; left time: 2041.6482s
	iters: 800, epoch: 5 | loss: 0.2250591
	speed: 0.3316s/iter; left time: 2001.3461s
	iters: 900, epoch: 5 | loss: 0.2358687
	speed: 0.3315s/iter; left time: 1967.4002s
	iters: 1000, epoch: 5 | loss: 0.2850800
	speed: 0.3321s/iter; left time: 1937.7572s
	iters: 1100, epoch: 5 | loss: 0.2750228
	speed: 0.3318s/iter; left time: 1903.1493s
Epoch: 5 cost time: 378.5796616077423
Epoch: 5, Steps: 1139 | Train Loss: 0.2516272 Vali Loss: 0.1606197 Test Loss: 0.1815227
Validation loss decreased (0.161374 --> 0.160620).  Saving model ...
Updating learning rate to 6.25e-06
	iters: 100, epoch: 6 | loss: 0.2465576
	speed: 1.0418s/iter; left time: 5829.7232s
	iters: 200, epoch: 6 | loss: 0.2495045
	speed: 0.3337s/iter; left time: 1833.9939s
	iters: 300, epoch: 6 | loss: 0.2740892
	speed: 0.3333s/iter; left time: 1798.7323s
	iters: 400, epoch: 6 | loss: 0.2775334
	speed: 0.3315s/iter; left time: 1755.7473s
	iters: 500, epoch: 6 | loss: 0.2672762
	speed: 0.3333s/iter; left time: 1731.5942s
	iters: 600, epoch: 6 | loss: 0.2588277
	speed: 0.3329s/iter; left time: 1696.5164s
	iters: 700, epoch: 6 | loss: 0.2407673
	speed: 0.3319s/iter; left time: 1657.9548s
	iters: 800, epoch: 6 | loss: 0.2585260
	speed: 0.3328s/iter; left time: 1629.3810s
	iters: 900, epoch: 6 | loss: 0.2194142
	speed: 0.3329s/iter; left time: 1596.5169s
	iters: 1000, epoch: 6 | loss: 0.2610179
	speed: 0.3336s/iter; left time: 1566.3759s
	iters: 1100, epoch: 6 | loss: 0.3124827
	speed: 0.3330s/iter; left time: 1530.3999s
Epoch: 6 cost time: 379.56051993370056
